(;GM[1]FF[4]AP[Drago:4.23]SZ[19]CA[UTF-8]AW[jb][kb][ie][je][jd][kd][hc][hd][gd][fd][ed][dd][dc][db][qp][qq]
[qr][pq][oq][op][np][qn][rn][ro][ql][nr][lq][kq][jp][iq]AB[cc][cd][ce][de][fe][ff][he][hf][eb][ec][fc][gc][hb][ib][ic][id]
[rp][rq][rr][rs][pp][qo][po][oo][no][mn][lo][lp][mq][nq][lr][bc]
(;W[ea];B[fa]
(;W[da];B[gb])
(;W[gb];B[da];W[ca];B[ga];W[ea];B[fb];W[ia];B[cb];W[da];B[ba]
;W[ja];B[ee]))
(;W[fa]
(;B[ea];W[gb];B[ha];W[da])
(;B[gb];W[ea];B[cb];W[jc];B[ee];W[ia];B[ge];W[da]
(;B[ca];W[ha])
(;B[ga];W[ja];B[ca])))
(;W[ia];B[gb];W[fa];B[ea];W[jc];B[cb];W[da];B[ee])
(;W[gb]
(;B[ga];W[ea];B[fb]
(;W[ia];B[ee];W[jc];B[ge];W[ja];B[cb])
(;W[da]
(;B[ee];W[fa];B[gb];W[jc])
(;B[fa];W[ia];B[ee];W[ja]
(;B[ge];W[ha])
(;B[ha];W[jc]))))
(;B[sp];W[sr])
(;B[mp]
(;W[mr];B[or];W[os];B[qs];W[pr];B[ps];W[or];B[ms])
(;W[qs];B[mr]
(;W[sp];B[or];W[sq];B[ps])
(;W[or];B[ns];W[sp];B[os];W[sq];B[ps]))
(;W[or]
(;B[mr]
(;W[sp];B[ps]
(;W[sq])
(;W[qs];B[ns]))
(;W[ps];B[ns];W[sp]
(;B[qs];W[sq];B[ms];W[sr])
(;B[ms];W[sq])))
(;B[ps];W[mr])))
(;B[mr];W[or]
(;B[mp];W[ps])
(;B[ps];W[mp]))
(;B[or]
(;W[mp];B[mr])
(;W[mr];B[mp];W[os];B[qs];W[pr];B[ps])
(;W[qs]
(;B[ps])
(;B[mr]))
(;W[os]
(;B[mr];W[pr];B[qs]
(;W[ps];B[mp];W[ms];B[ls];W[sp])
(;W[mp];B[ps]))
(;B[ps];W[pr];B[qs]
(;W[mp];B[mr];W[kr];B[mo])
(;W[mr];B[mp];W[or];B[ms]))))))
(;GM[1]FF[4]AP[Drago:4.23]CA[UTF-8]SZ[19]AB[om][nl][mm][ln][lo][lp][lq][kr][nq][nr][or][pr][qr][op][pp][po]AW[rr][rq][qq][pq][oq][mr][mq][mp][np][oo][nn][nm][ro]
(;B[on]
(;W[qs])
(;W[no];B[lr];W[ms];B[ls];W[pn];B[pm];W[qn];B[mn];W[qo]))
(;B[mo];W[no];B[lr];W[ms];B[ls];W[pn])
(;B[ms];W[ls];B[ns]
(;W[lr];B[mo];W[no];B[on];W[pn];B[ks])
(;W[no];B[lr];W[pn])))
(;GM[1]FF[4]AP[Drago:4.23]CA[UTF-8]SZ[19]AW[ss][sq][rr][qr][qq][pr][sn][rn][qn][po][oo][op][oq][dc][ec][fc]
[ea][eb][ed][gc][hb][ib][jc][hd][he][hf][de][bd][be][ce][cf][bg]
[dg][dh]AB[ps][or][nr][mq][pq][pp][qp][rp][rq][ro][cb][db][cc][cd][dd][gb]
[hc][ic][id][jd][fd][gd][ge][ee][ef][eg][df][cg][ga][bc][jb]
(;W[da];B[ca];W[ba];B[fa])
(;W[ac];B[ab];W[ba];B[da];W[bb];B[ad];W[ae];B[fb])
(;W[gf];B[fe]
(;W[fh];B[da];W[eh];B[fb])
(;W[eh]
(;B[da];W[fg])
(;B[fg]
(;W[gh];B[da])
(;W[fh];B[gg];W[hg];B[gh]))))
(;W[fe]
(;B[ff];W[gf];B[fe];W[eh];B[fg];W[gh];B[da];W[fh])
(;B[gf];W[gg];B[ff];W[eh];B[da];W[fg])
(;B[qs];W[qo];B[os];W[so])
(;B[sp]
(;W[sr];B[qs])
(;W[qo];B[sr];W[so];B[rs];W[sq]))
(;B[rs]
(;W[sr];B[sp])
(;W[qs];B[sp]
(;W[os];B[sr];W[qo];B[rs])
(;W[qo];B[sr];W[os];B[rs])))))
(;GM[1]FF[4]AP[Drago:4.23]CA[UTF-8]SZ[19]AB[ec][eb][fb][fa][dd][cd][bd][ad][cc][rp][pq][pp][po][oo][nn][mn]
[ln][kn][jo][jp][jq][jr][kr][or][nr]AW[bb][bc][ca][da][ea][db][dc][fc][fd][ed][qq][qr][pr][oq][op][mq]
[no][mo][lo][ko][kp][kq][lr][jn][in][ho][hq][hr][hc]
(;B[cb];W[ba])
(;B[ac]
(;W[ab];B[cb])
(;W[gb];B[cb]))
(;B[rq];W[mr];B[rr];W[nq])
(;B[nq];W[np];B[lp];W[mr];B[lq];W[mp])
(;B[ls];W[mr];B[ms];W[nq])
(;B[mr]
(;W[ls]
(;B[nq];W[np]
(;B[lp];W[lq];B[ks];W[os])
(;B[lq];W[lp];B[ks];W[os]))
(;B[ks];W[lq];B[nq];W[np];B[ms];W[os])
(;B[lq]
(;W[os];B[nq])
(;W[nq];B[ks];W[lp];B[ms];W[lq];B[np])
(;W[lp]
(;B[nq];W[np];B[ks];W[os])
(;B[ms];W[os];B[ks];W[lq];B[nq];W[np];B[mp]))))
(;W[ms]
(;B[nq];W[np];B[lq];W[lp];B[ks];W[os])
(;B[ns];W[ls];B[lq];W[lp];B[ks];W[lq];B[nq];W[np]))
(;W[nq];B[ls];W[lq];B[mp]))
(;B[ba]
(;W[aa];B[cb];W[ba];B[ac])
(;W[cb];B[ac];W[aa];B[ab])))
(;GM[1]FF[4]AP[Drago:4.23]CA[UTF-8]SZ[19]AB[rr][qr][qq][rp][sq][no][oo][po][pp][mp][lp][lq][jq][iq]AW[qp][qo][ro][qm][om][mn][mo][pq][pr][np][nq][kr])
(;GM[1]FF[4]AP[Drago:4.23]CA[UTF-8]SZ[19]AB[ed][fd][gd][hd][de][ce][be][cc][np][nq][or][oo][on][pn][qn][qo]
[ql]AW[cb][dc][dd][ee][fe][ge][df][cf][qp][op][pp][po][mp][mq][mr][no]
[cg];B[cd])
(;GM[1]FF[4]AP[Drago:4.23]CA[UTF-8]SZ[19]AB[cb][db][eb][ec][ib][ic][hd][fd][fe][ff][ef][rr][rp][qp][po][oo]
[no][mp][mq][nq]AW[bb][bc][cc][dc][fb][fc][hb][hc][ed][ee][qo][qn][pm][mo][mn][np]
[op][pp][qr][or][ce];B[ga])
(;GM[1]FF[4]AP[Drago:4.23]CA[UTF-8]SZ[19]AB[ic][ib][ie][hf][ge][gd][ed][dd][dc][bd][ce][df][ef][ff]AW[id][fc][fd][fe][ee][de][cf][cg][gf][gg][fh];B[eh])
(;GM[1]FF[4]AP[Drago:4.23]CA[UTF-8]SZ[19]AW[eb][fb][gb][hc][hd][he][gf][ef][cf][cd][dc][rq][rp][ro][qo][qm]
[pp][pq][oq][nq]AB[cb][db][hb][ib][ec][ed][fd][gd][gc][rr][qr][pr][qq][qs][qp][po]
[oo][op][lp][ic];W[bb])
(;GM[1]FF[4]AP[Drago:4.23]CA[UTF-8]SZ[19]AB[cb][cc][bc][cd][dc][hc][gc][fc][fd][ed][ee][ge][gf][fg][eg][dg]AW[ec][db][eb][fb][id][hd][gd][dd][de][df][cf][ef][ff][fe][ib];B[bf])
(;GM[1]FF[4]AP[Drago:4.23]CA[UTF-8]SZ[19]AB[eb][fb][ic][ed][ee][dc][cc][bc][cd][ce]AW[ab][bb][cb][db][ec][fc][jc][jd][fg][cg][cf][df][de][dd][ig])
(;GM[1]FF[4]AP[Drago:4.23]CA[UTF-8]SZ[19]AB[gb][hb][hc][hd][gd][fe][ee][dd][cd][dg][hg][ie][je][ke]AW[bc][cc][db][fb][fc][fd][gc][he][ge][gf][ff][cg][id][jd][kd][ld]
[jb];B[fh])
(;GM[1]FF[4]AP[Drago:4.23]CA[UTF-8]SZ[19]AB[bb][dc][ec][fc][gc][dd][dh][eh][cg][cf][ce][rs][os][nr][ns][ms]
[lr][lq][jq][sq][rq][qq][pq][qp][qo][po][oo][np][mp][mn][ln]AW[ic][hc][gd][fd][ed][de][df][dg][ch][bh][cd][bd][lp][lo][ko][mr]
[mq][nq][oq][op][pp][or][pr][qr][rr][sr][jd];B[be])
(;GM[1]FF[4]AP[Drago:4.23]CA[UTF-8]SZ[19]AW[db][fc][ec][ed][dd][ce][fe][ge][hf]AB[cb][cc][cd][bc][dc][de][ee][fd][gd][he][cf];W[ie])
(;GM[1]FF[4]AP[Drago:4.23]CA[UTF-8]SZ[19]AW[de][ce][be][ef][eg][hg][ie][id][kd][fb][ec][ed][fd][rr][rq][qq]
[nr][mq][np][op][pp]AB[db][dc][dd][bf][cf][df][fh][hh][hd][gd][ee][fe][hb][qr][pq][oq]
[qp][rp][qn][dh];W[ge])
(;GM[1]FF[4]AP[Drago:4.23]CA[UTF-8]SZ[19]AB[ab][be][bd][bc][cd][dd][ec][fc][gc][fe][id][ib]AW[ba][bb][cc][dc][ed][ee][de][ce][bf][cg];B[cb])
(;GM[1]FF[4]AP[Drago:4.23]CA[UTF-8]SZ[19]AB[mp][np][op][pp][oq][or][lq][mr][lr][kr][jq][jr]AW[pr][pq][os][ns][nr][nq][mq][lp][kp][jp][ip][kq][iq][ir][js])
(;GM[1]FF[4]AP[Drago:4.23]CA[UTF-8]SZ[19]AB[fc][gb][ed][dd][cd][bd][db][dc]AW[cb][cc][da][eb][ec][ha][hb][hc][fd][gd];B[fa])
(;GM[1]FF[4]AP[Drago:4.23]CA[UTF-8]SZ[19]AB[bb][cb][db][ea][ec][ed][dd][de][be][cf][df][qr][rr][rq][rp][qp]
[po][oo][op][oq][or]AW[ab][fb][eb][fc][fd][dc][cc][bc][cd][ce][bf][qo][ro][rn][qm][pn]
[nn][ln][ko][jq][pp][pq][pr][qq][nr][os][ps][gb];B[ad])
(;GM[1]FF[4]AP[Drago:4.23]CA[UTF-8]SZ[19]AW[fd][fc][fb][fa][ec][ee][de][ce]AB[he][gd][fe][ff][gb][hb][dc][dd][ed][eb];W[cc])
(;GM[1]FF[4]AP[Drago:4.23]CA[UTF-8]SZ[19]AB[ic][fc][ec][ed][dd][bc][bd][ce][df][bf]AW[dc][cc][cd][de][ee][fe][fd][gd][gc][bb];B[eb])
(;GM[1]FF[4]AP[Drago:4.23]CA[UTF-8]SZ[19]AB[cb][cc][bc][cd][dd][gb][gc][gd][ge][fe][ee][rr][rq][rp][qp][qn]
[oo][nn][mp][mo][lo][ko][jp][ip][kq][nq][nr][or][pr]AW[db][dc][ed][fd][fb][fc][de][ce][bd][jq][jr][hq][kp][lp][lq][mq]
[ms][np][op][pp][pq][qq][qr][qs][be];B[ab])
(;GM[1]FF[4]AP[Drago:4.23]CA[UTF-8]SZ[19]AB[bd][cd][dd][dc][db][fd][fe][ee][ef][eg][bf][cf][df][sq][rq][qq]
[qr][qp][op][pp][nq][mq][mp][lp][kq]AW[cb][bc][ad][ae][be][ce][de][ed][ec][fc][gd][dg][rp][sp][rn][qo]
[po][oo][no][np][oq][nr][pr][hc];B[bb])
(;GM[1]FF[4]AP[Drago:4.23]CA[UTF-8]SZ[19]AB[oo][no][mo][pp][pq][pr][lp][kp][kq]AW[rr][rp][qo][po][pn][ln][lo][mp][np][op][or][lq])
(;GM[1]FF[4]AP[Drago:4.23]CA[UTF-8]SZ[19]AB[bc][bd][be][cg][dh][fg][gg][gf][hf][id][ib][hc][fb][cb][dc][ec]
[ed][ee][fe][jd]AW[bb][if][ie][fc][fd][gd][ge][he][ff][ef][df][de][dd][cd][cc][ig])
(;GM[1]FF[4]AP[Drago:4.23]CA[UTF-8]SZ[19]AW[cc][cd][db][de][ee][fe][gd][gc][id][ic]AB[dc][dd][fc][fd][ce][be][df][ff][gf][ge][eb];W[fb])
(;GM[1]FF[4]AP[Drago:4.23]CA[UTF-8]SZ[19]AB[rs][qp][rp][sp][sq][pq][pr][nq][nr][mp][mo][no][on][pn][pm][qm]
[rl]AW[sr][ss][qs][qr][qq][rq][rn][qo][po][pp][op][np][mq][mr][lp][kq])
(;GM[1]FF[4]AP[Drago:4.23]CA[UTF-8]SZ[19]AB[db][dc][cd][bd][hc][hd][ge][ee][de]AW[cb][cc][dd][ed][ec][gc][gd][ic][he][ie][ce][bf][cg][jc];B[eb])
(;GM[1]FF[4]AP[Drago:4.23]CA[UTF-8]SZ[19]AB[qr][pq][pp][op][nq][mq][mr][ms][ls][kr][kq][ko][no][nn]AW[oo][po][qo][qp][oq][or][np][mp][lp][lq][lr])
(;GM[1]FF[4]AP[Drago:4.23]CA[UTF-8]SZ[19]AW[ab][bc][cc][cd][ce][de][ee][ef][fd][gc][fc][ec][eb][qq][pr][or]
[oq][nq][np][mp][kp][jq][kq][lq][ir][hr][hd]AB[bb][cb][db][dc][dd][ed][fe][ff][fg][eg][df][cf][be][rr][qr][ro]
[po][pp][pq][no][mo][lo][ko][lp][mq][mr][jp][ip][iq][gd];W[bf])
(;GM[1]FF[4]AP[Drago:4.23]CA[UTF-8]SZ[19]AB[bc][bd][be][ce][dd][ec][ed][fd][gd][hd][ic][ib][hb][cb]AW[kb][kd][jd][id][he][ge][fe][ee][de][hc][gc][gb][cd][cc][dc])
(;GM[1]FF[4]AP[Drago:4.23]CA[UTF-8]SZ[19]AB[db][gb][gc][hd][gd][fd][ed][dd][cd][cc][be][bf][cg][eg][gg][hf]
[ig][ie][je][jd][kc]AW[cb][bb][bc][bd][eb][dc][ec][fc][he][ge][fe][ee][de][ce][kb][jc]
[ic][id][lc])
(;GM[1]FF[4]AP[Drago:4.23]CA[UTF-8]SZ[19]AB[ha][hb][ic][gc][gd][ge][fe][ed][dd][cd][bd][bc][ac][ab][be][bf]
[ir][jq][jp][jo][kn][mn][no][np][pq][qq][or][nr][ns][ms][ls][lr]
[lq][mq]AW[bb][cc][eb][ec][fc][fd][fa][ga][gb][cg][cf][ce][de][ee][eg][rq]
[rp][qp][pp][op][oq][nq][mp][lp][kp][kq][kr][ks][bg];B[da])
(;GM[1]FF[4]AP[Drago:4.23]CA[UTF-8]SZ[19]AW[da][db][lb][lc][kd][jd][id][hd][gc][fc][ec][gb][dd][cd]AB[cb][cc][dc][eb][fb][fa][ga][hb][hc][jb][jc];W[bb])
(;GM[1]FF[4]AP[Drago:4.23]CA[UTF-8]SZ[19]AB[bc][ce][de][gb][gc][gd][fd][ed][ec][eb][hc][sr][rr][qr][qq][qp]
[pp][op][no][mo][lp][kp][jp][ip][iq][jr]AW[db][dc][dd][ee][fe][ge][hd][id][ic][ib][hb][ir][hr][hq][jq][kq]
[lq][kr][np][nq][pq][pr][oo][on][qo][ro][rp][rq][hf][fa];B[cb])
(;GM[1]FF[4]AP[Drago:4.23]CA[UTF-8]SZ[19]AB[db][cb][cc][cd][be][bf][cg][eg][ff][fe][gd][gc][gb][fc]AW[hb][hc][hd][he][ge][eb][dc][dd][ed][fd][ce][de];B[fa])
(;GM[1]FF[4]AP[Drago:4.23]CA[UTF-8]SZ[19]AB[oq][pq][pr][kr][jq][lq][lp][mp][np]AW[qq][qp][pp][op][mq][nq][nr][lr])
(;GM[1]FF[4]AP[Drago:4.23]CA[UTF-8]SZ[19]AB[he][hf][hg][gd][gc][gb][fb][cc][bd][dd][de][ef][ff][lp][kp][jq]
[ip][hq][mq][nq][oq][pq][pr]AW[cb][dc][ec][fc][ee][fe][ge][hd][hc][rq][rr][qp][pp][op][np][mp]
[kq][lq][mr][nr][jc];B[ea])
(;GM[1]FF[4]AP[Drago:4.23]CA[UTF-8]SZ[19]AW[cd][dd][dc][db][hb][ic][gc][fd][fe][ee]AB[bd][be][ce][de][ed][ec][eb][fb][gb];W[da])
(;GM[1]FF[4]AP[Drago:4.23]CA[UTF-8]SZ[19]AB[fc][hc][hd][gd][ge][fe][ee][ef][df][cf][eg][eh][fg][ie][je][jf]
[jg][ih][jj][ik][hk][gk][ej][dj][di][qp][qo][qn][on][mn][kn][jo]
[jp][kr][kq][lq][mq][nq][oq][pq][mr][ls][ns]AW[cc][bf][bg][cg][dg][dh][ei][fi][hi][hj][gh][gg][ff][gf][hf][if]
[he][id][ic][ib][gc][gb][fb][eb][qq][qr][pr][or][nr][rp][ro][kp]
[lp][mp][np][op][pp][jq][jr][hq][bd];B[gi])
(;GM[1]FF[4]AP[Drago:4.23]CA[UTF-8]SZ[19]AB[bc][bd][be][ce][de][ee][fd][fc][fb][gc][hb][ga][mc][hd][id][ie]
[je]AW[ib][ic][hc][jd][gd][ge][fe][eb][ec][ed][dd][cd][fg];B[jb])
(;GM[1]FF[4]AP[Drago:4.23]CA[UTF-8]SZ[19]AB[be][bf][cf][cg][dg][de][dd][dc][cb][cc][eb][fb][kc][pr][or][oq]
[jq][pp][qp][qo][ro][qm]AW[ba][bb][bc][bd][cd][ce][ae][gb][gc][fc][fe][df][rp][rq][qq][qr]
[pq][op][np][lq][ef];B[ga])
(;GM[1]FF[4]AP[Drago:4.23]CA[UTF-8]SZ[19]AB[rq][qq][pq][ro][qn][on][op][np]AW[oq][nq][pr][pp][qp][rp][sp])
(;GM[1]FF[4]AP[Drago:4.23]CA[UTF-8]SZ[19]AB[eb][fc][gc][hc][gb][ic][ed][dd][cd][bd][bf][mr][mq][lq][lp][kp]
[jo][kr][np][op][pp][qp][rp][sp][pq][qo]AW[bc][cc][dc][ec][ga][ha][hb][ib][jb][jc][hd][he][fd][fe][rq][qq]
[pr][or][nr][nq][kq][ro][rn][qn][on][mo][mp][ko][lo][jd];B[db])
(;GM[1]FF[4]AP[Drago:4.23]CA[UTF-8]SZ[19]AB[fb][fc][gd][ed][dd][cc][bc]AW[cb][da][eb][ec][dc][gc][cd][ce];B[bb])
(;GM[1]FF[4]AP[Drago:4.23]CA[UTF-8]SZ[19]AB[rs][qr][qq][qp][mr][lr][lq][kq][jq][mp][np][op][pp][gb][fc][fd]
[ed][dd][de][cc][bc][bb]AW[rr][pr][pq][oq][nq][nr][mq][jr][iq][ip][jp][kp][lp][ba][cb][dc]
[ec][eb][fb][cd][ce][cf];B[da])
(;GM[1]FF[4]AP[Drago:4.23]CA[UTF-8]SZ[19]AB[bb][db][eb][fb][cc][cd][dd][ce][be][fd][gd][gc][hc]AW[ba][cb][da][bf][bg][df][dg][de][ee][fe][ge][ed][dc][ec][fc][hd]
[id][ib])
(;GM[1]FF[4]AP[Drago:4.23]CA[UTF-8]SZ[19]AW[da][db][dc][cb][bd][af][bf][cf][de][ee][ed][eg][oq][or][os][mq]
[np][pp][qp]AB[bb][ca][cc][cd][dd][ce][be][ae][ad][ec][fb][qq][pq][pr][ps][op]
[oo][pn][ro][gc];W[ab])
(;GM[1]FF[4]AP[Drago:4.23]CA[UTF-8]SZ[19]AB[eb][fb][fc][ed][dd][cd][bd]AW[cc][db][dc][ec][fd][gd][gc][hb];B[bc])
(;GM[1]FF[4]AP[Drago:4.23]CA[UTF-8]SZ[19]AW[ca][eb][ec][fc][gc][gb][dc][cc][cd][hd][he][de][df][dg][rr][qq]
[qp][po][op][oo][on][pm][qn][gf]AB[ba][bb][cb][db][ea][bc][bd][ce][dd][ed][fd][gd][hc][ic][qo][ro]
[rp][pp][pq][oq][mq][be][jd];W[ga])
(;GM[1]FF[4]AP[Drago:4.23]CA[UTF-8]SZ[19]AB[ba][bb][bc][bd][cc][ce][de][ee][fe][gd][hd][id][je][ib][hb][gb]AW[be][bf][cg][hc][gc][fb][fc][fd][ed][dd][cd][cb][db][dc][eg];B[ea])
(;GM[1]FF[4]AP[Drago:4.23]CA[UTF-8]SZ[19]AB[cd][bd][be][de][ee][ed][ec][eb][ea][da][fc][gc][gb][rq][sq][op]
[pp][qp][oq][or][os][no][mo][lp][lq]AW[ca][db][dc][dd][cc][bc][ce][cf][df][ef][hb][hc][hd][gd][fd][rp]
[sp][rn][qo][po][oo][pr][np][nq][nr][ff];B[bb])
(;GM[1]FF[4]AP[Drago:4.23]CA[UTF-8]SZ[19]AB[ab][bb][cb][db][dc][ec][hb][ib][gc][gd][fd][oq][or][kp][jo][lo]
[mo][no][oo][po][pp]AW[ba][da][eb][fb][gb][fc][ha][ed][dd][cc][bc][be][ce][pq][qq][qp]
[rn][mr][op][np][mp][lp][ef];W[fa])
(;GM[1]FF[4]AP[Drago:4.23]CA[UTF-8]SZ[19]AB[ac][bc][cc][dc][ec][fb][gb][ga][gc][hb][ic][jb]AW[ab][bb][cb][db][eb][fc][fd][gd][hd][hc][ee][ce][be];B[ba])
(;GM[1]FF[4]AP[Drago:4.23]CA[UTF-8]SZ[19]AB[gd][gc][gb][hb][ib][jb][fe][ee][ed][ec][dc][cc][bb][ab][bd]AW[cb][db][eb][fb][fc][fd][kb][ic][jc][kc][lc][hc][hd][he][ge][ba])
(;GM[1]FF[4]AP[Drago:4.23]CA[UTF-8]SZ[19]AB[ba][bb][bc][ad][ec][fc][gc][ic][fe][ee][de][cd][ce]AW[ca][cc][dd][dc][db][eb][bd][be][bf][cf][df][ef];B[cb])
(;GM[1]FF[4]AP[Drago:4.23]CA[UTF-8]SZ[19]AB[ba][bb][bc][bd][be][cf][df][ef][fe][gd][fc][ec][gb][ea][ge]AW[da][cb][cc][dc][cd][ce][de][ee][ed][fd][gc][hc][ic][kb])
(;GM[1]FF[4]AP[Drago:4.23]CA[UTF-8]SZ[19]AB[bc][cc][bd][be][fb][gb][gc][gd][fd][ed][dd][sr][rr][rq][rp][sp]
[qq][mr][mq][mp][np][op][pp]AW[dc][db][eb][fc][cd][de][ee][fe][ge][he][hd][hc][hb][rs][qr][pq]
[oq][nq][nr][qp][qo][ro][so][pn][jq][ce];B[fa])
(;GM[1]FF[4]AP[Drago:4.23]CA[UTF-8]SZ[19]AW[db][fb][fc][fd][ed][gc][ge][bd][de][ce][cf][cg][dg][eh]AB[cb][cc][cd][dd][ec][hb][hc][hd][gd][fe][ee][ef][eg][df][gf];W[eb])
(;GM[1]FF[4]AP[Drago:4.23]CA[UTF-8]SZ[19]AW[cb][db][cc][cd][ce][dd][hd][id][ic][ib][ia][hg][ge][fe][ee][lr]
[mr][nr][or][pq][qq][rq][po][qn][fg]AB[dc][eb][fb][ed][fd][gd][hc][hb][jb][kc][ke][je][he][hf][de][df]
[cg][sr][rr][qr][pr][oq][op][mp][mq][kq][kr][jp][ig];W[gc])
(;GM[1]FF[4]AP[Drago:4.23]CA[UTF-8]SZ[19]AB[cc][da][cb][db][eb][fb][jb][kb][ic][id][he][ge][fe][ee][de][dd]AW[ba][ca][bb][bc][bd][cd][gb][hc][ib][dc][ec][ed][fd][gd][ja];B[hd])
(;GM[1]FF[4]AP[Drago:4.23]CA[UTF-8]SZ[19]AB[ac][bc][bd][cd][dd][ec][fc][gc]AW[db][dc][ed][ee][de][ce][be][ae][ad])
(;GM[1]FF[4]AP[Drago:4.23]CA[UTF-8]SZ[19]AW[ba][aa][ab][ac][bc][cb][ha][gb][gc][fd][ed][dd][dc][ff]AB[db][eb][ec][ga][hb][ib][de][cf][cc][cd][bd][ad][id];W[ea])
(;GM[1]FF[4]AP[Drago:4.23]CA[UTF-8]SZ[19]AB[bc][bd][dc][dd][de][ef][eb][fb][gb][hb][ic][jc][kc]AW[ab][bb][cb][db][cc][kb][lc][kd][jd][id][hc][gc][fc][ec][ge])
(;GM[1]FF[4]AP[Drago:4.23]CA[UTF-8]SZ[19]AW[gc][gb][hb][ib][ic][jd][je][ie][hf]AB[bb][fb][fc][gd][hd][id][hc][jc][jb][mb];W[fd])
(;GM[1]FF[4]AP[Drago:4.23]CA[UTF-8]SZ[19]AW[aa][ab][ac][ad][bd][cb][cc][cd][ce][db][ha][hb][hc][gd][ge][ff]
[ef][df][hf]AB[bc][bb][ba][eb][gb][gc][de][ee][ed][ec][fd][dg][eg][cf][be][ae]
[bg][ga];W[da])
(;GM[1]FF[4]AP[Drago:4.23]CA[UTF-8]SZ[19]AB[af][bf][be][cd][de][ee][fd][gd][gc][gb][ib][db]AW[bc][cc][dc][bd][ad][ae][fc][fb];B[fa])
(;GM[1]FF[4]AP[Drago:4.23]CA[UTF-8]SZ[19]AB[bc][bd][cd][de][df][ef][fe][fd][fb][ga][gb][gc][gd][hb]AW[cc][dd][ee][ed][ec][eb][fc][hd][hc][ic][ge][gf][ff][jc])
(;GM[1]FF[4]AP[Drago:4.23]CA[UTF-8]SZ[19]AB[dd][de][ce][cg][dg][eg][fg][fh][ec][fc][fb][gb][hb][hc][id][ie]AW[bb][db][dc][bd][cd][ic][ib][gc][hd][gd][fd][ed][ff][eh][ei][ch]
[bh][cj][kc];B[fe])
(;GM[1]FF[4]AP[Drago:4.23]CA[UTF-8]SZ[19]AB[bd][cd][dc][ec][fc]AW[cc][hc][jc][ie][gd][fd][ed][dd][df][bf])
(;GM[1]FF[4]AP[Drago:4.23]CA[UTF-8]SZ[19]AW[cb][cc][dd][ed][fc][fe][ge][hd][id][if][kf][le][mc][lb][jc][jb]
[ja]AB[kc][kd][jd][gd][gc][hc][ic][ib][ia][ec][eb][db][kb];W[fb])
(;GM[1]FF[4]AP[Drago:4.23]CA[UTF-8]SZ[19]AB[hd][id][jc][kc][lb][gc][fc][ec][fb][db][pp][pq][pn][no][np][jp]
[kr][lr][lq][mq]AW[bb][cc][dc][ed][fd][gd][hc][gb][hb][ic][nq][oq][mp][lp][ko][jo]
[gp][kq][jr][ks][bd];B[ea])
(;GM[1]FF[4]AP[Drago:4.23]CA[UTF-8]SZ[19]AB[bb][bc][bd][ce][de][ed][fe][fd][fc][gc][hc][gb][hf]AW[dd][dc][ec][hb][ia][ic][hd][ge][gf][gg][ee][ef][eg];B[da])
(;GM[1]FF[4]AP[Drago:4.23]CA[UTF-8]SZ[19]AB[cf][cb][bc][cc][dc][de][ed][ee][ef][fc][gc][hd][ic][lp][lq][lr]
[mo][mn][nn][oo][po][pp]AW[bb][ca][db][eb][ea][ec][fb][dd][cd][ce][bf][df][dg][kp][kq][kr]
[ln][lo][no][np][nq][mp][op][ch];B[be])
(;GM[1]FF[4]AP[Drago:4.23]CA[UTF-8]SZ[19]AB[bb][db][eb][dd][ed][ac][ad][bd][ce][bf][df]AW[ab][cb][fb][fc][fd][ee][de][cc][cd][bc][fe];B[ba])
(;GM[1]FF[4]AP[Drago:4.23]CA[UTF-8]SZ[19]AW[ce][de][dd][bg][ec][eb][ea][rr][qr][pr][or][qq][mq][lq][kq][iq]
[np][op][pp][po][pn][qo][qm][pl]AB[db][dc][cd][ed][fd][fc][os][pq][oq][nq][nr][mr][lr][mp][mo][qn]
[qp][rn][ro][rp][rq][gb];W[cb])
(;GM[1]FF[4]AP[Drago:4.23]CA[UTF-8]SZ[19]AW[ab][bc][bd][cd][de][cf][ef][ff][gf][hf][if][ie][hc][hd][cb][db]
[eb][fb][ea]AB[ba][bb][id][he][ge][fe][ee][dd][cc][dc][ec][fc][fa][ga][gb][ic];W[hb])
(;GM[1]FF[4]AP[Drago:4.23]CA[UTF-8]SZ[19]AB[dc][db][da][ca][gd][hd][jd][fe][ee][de][ce][cd][qo][nn][mn][oo]
[op][oq][or][pp][qq]AW[ab][ba][cb][cc][bd][dd][ed][fd][fc][lc][ld][kb][rq][rp][qp][po]
[pn][on][no][np][nq][lp][be];B[fb])
(;GM[1]FF[4]AP[Drago:4.23]CA[UTF-8]SZ[19]AW[bb][cb][cc][dc][ec][eb][fc][ed][kb][kc][jc][ic][ie][hd][gd][de]
[df][dg]AB[ab][fb][gb][gc][hc][ha][ib][jb][fd][fe][ee][dd][cd][bc][be][cg]
[ch][gf];W[ff])
(;GM[1]FF[4]AP[Drago:4.23]CA[UTF-8]SZ[19]AB[ab][bb][cb][db][dc][ed][ee][ef][qp][rp][pp][rm][qm][on][oo][lq]
[kr][mr][nq][oq][eg]AW[eb][ec][hd][ic][dd][cd][cc][bc][ac][df][bf][po][qo][rn][op][np]
[mp][mq][mn][pq][ge];B[da])
(;GM[1]FF[4]AP[Drago:4.23]CA[UTF-8]SZ[19]AB[bc][cc][dd][ed][fc][gd][ge][id][jc][kd][hf][fb]AW[ec][gc][hc][ih][gf][gg][fd][fe][ef][cf][bd][jf];B[hb])
(;GM[1]FF[4]AP[Drago:4.23]CA[UTF-8]SZ[19]AB[dc][dd][hc][ic][jd][fd][fe][ee][cf][qq][pq][pp][rp][ro][rn][nq]
[mq][lq][kq]AW[bc][ed][ec][fc][ce][de][df][dg][ef][oq][jq][jp][ko][mp][np][oo]
[po][qp][qo][qn][qm][rm][gf];B[fb])
(;GM[1]FF[4]AP[Drago:4.23]CA[UTF-8]SZ[19]AB[kc][kd][mc][fd][gd][ee][fe][ff][fg][df][dg][dh][cg][bh][bf][be]
[bd]AW[bc][cc][ec][ed][ce][de][cf][ef][eg][eh][gi][gh][hf][ie][ic][jc]
[ei];B[fb])
(;GM[1]FF[4]AP[Drago:4.23]CA[UTF-8]SZ[19]AB[bb][cb][cc][cd][dc][gb][jc][gd][fd][gf][de][ee]AW[db][fb][ec][ed][dd][hb][hc][id][ce][be][ac][cg])
(;GM[1]FF[4]AP[Drago:4.23]CA[UTF-8]SZ[19]AW[dc][ec][gc][fd][cd][bd][ad]AB[ab][bc][cc][ed][dd][bf][df];W[bb])
(;GM[1]FF[4]AP[Drago:4.23]CA[UTF-8]SZ[19]AW[rq][rp][ro][rn][pp][qp][oq][nr][ad][bd][cd][dd][ed][fe][ge][gd]
[gc][gb]AB[sm][rm][qm][qn][po][oo][op][nn][np][nq][mr][lr][pq][qq][ec][fc]
[fd][ee][de][ce][be][ae];W[cb])
(;GM[1]FF[4]AP[Drago:4.23]CA[UTF-8]SZ[19]AW[cb][cc][ka][kb][jc][jd][id][hd][ge][fe][ed][dd][df][bf][pq][qm]
[sm][rs][rr][sn][rm][qn][po][kq][or][pr][qq][op][on]AB[bb][db][dc][fc][fd][hc][ic][ib][jb][cd][rn][ro][rp][qs][sr][rq]
[sq][so][mq][nq][oq][pp][qp][mo][bd];W[ec])
