((;N[1]C[基础题：黑先最佳着手]AB[ab][bb][bd][ca][cc][cd][dd][eb][ec][fb][gb]AW[ba][bc][cb][db][dc][ed][fa][fc][fd][ga][gc][hb][hd])
(;N[2]C[基础题：黑先最佳着手]AB[bc][bd][cb][ce][cf][db][dd][df][ea][ed][ef][fb]AW[be][bf][bg][cc][cd][cg][dc][de][eb][ec][ee][fe][gc][ge])
(;N[3]C[死活题：黑先净杀]AB[bb][bh][cb][cc][cd][ce][ch][dh][ee][ef][eg]AW[ac][ae][af][ag][bc][bd][be][bg][cf][df])
(;N[4]C[手筋题：黑先最佳着手]AB[bd][be][cc][ce][da][db][dc][fa][gb][gc]AW[bb][bc][ca][cb][cd][dd][ec][ed][fb])
(;N[5]C[基础题：黑先最佳着手]AB[bb][bc][cb][cd][dd][eb][ee][fd]AW[bd][be][cc][cf][db][dc][ed][fc][gb][gc][gd][ge])
(;N[6]C[基础题：黑先最佳着手]AB[ae][bb][be][ca][cd][ce][da][db][dc]AW[ab][ad][ba][bd][cb][cc][dd][eb][ec][ed])
(;N[7]C[基础题：黑先最佳着手]AB[bd][cb][cc][ce][da][dg][eg][fb][fc][ff][ga][gd][ge]AW[db][eb][ec][ed][ee][ef][fa][fd][gc][hc][id])
(;N[8]C[基础题：黑先最佳着手]AB[bb][bc][ca][cb][dc][ec][fc][gb][gc][hc][ic]AW[cc][cd][db][dd][de][ea][eb][fb][fe][ga][hb][he][ib][jb][jc][jd])
(;N[9]C[基础题：黑先最佳着手]AB[bd][be][cc][cf][cg][eb][ec][ed][ef][fb][ff][gc][gd][ge][gf]AW[ce][df][dg][ee][eg][fc][fd][fe][fg][gb][gg][hb][hg][ic][ie])
(;N[10]C[基础题：黑先最佳着手]AB[dd][de][ef][fd][fe][gc][ge][hb][hd][ic]AW[dc][eb][ed][ee][fb][fc][ff][gb][gf][he][id])
(;N[11]C[对杀题：黑先胜]AB[bb][bc][cc][cd][db][dd][ee][ef][fa][fb][fc][fd]AW[ba][bd][be][ca][cb][ce][da][de][ea][eb][ec][ed])
(;N[12]C[基础题：黑先最佳着手]AB[bc][cb][cc][cd][dd][eb][ec][ee][fe][gb][gd][hc]AW[ac][bb][bd][be][ce][db][dc][de][dg][ed][fb][fc][fd][gc][hb])
(;N[13]C[基础题：黑先最佳着手]AB[bb][bf][cc][cf][db][df][ea][fb][fe][gc]AW[be][ca][cb][ce][dc][dd][eb][ec])
(;N[14]C[对杀题：黑先胜]AB[ab][ac][ad][ae][bc][be][cd][ce][da][dd][ec][fc][fd][hc]AW[aa][af][bb][bf][cb][cc][cf][dc][de][ed][ee])
(;N[15]C[基础题：黑先最佳着手]AB[cc][cd][dc][ec][gd][hc][hd][ib][jc]AW[ce][dd][df][ed][fb][fd][gb][gc][hb])
(;N[16]C[基础题：黑先最佳着手]AB[de][ed][ef][fb][fc][fd][fg][ge][he][if]AW[cd][ce][cf][db][dc][ee][fe][ff][gc][gd][gf][hh][id][jc])
(;N[17]C[死活题：黑先净杀]AB[bc][bd][be][bf][bg][cb][ch][db][dh][eb][eh][fb][fh][gb][gc][gd][ge][gf][gg]AW[cd][ce][dc][de][df][ec][ef][fc][fd][fe][ff])
(;N[18]C[死活题：黑先净活]AB[cb][cc][cd][dd][eb][ed][fa][fc][fd][ga][gb][gc][gd]AW[ba][bb][bc][bd][ca][ce][cf][da][db][ef][ff][ge][ha][hb][hc][hd][he])
(;N[19]C[死活题：黑先净活]AB[ac][bb][bc][ca][cb]AW[ad][bd][cc][cd][da][db][dc])
(;N[20]C[死活题：黑先净活]AB[ab][ac][ad][bd][ca][cb][cc]AW[ae][ba][be][cd][cf][da][db][dc][dd])
(;N[21]C[基础题：黑先最佳着手]AB[bb][bd][be][cb][cd][da][de][ea][ee][fb][fd]AW[bc][bf][cc][ce][cf][db][dd][eb][ec][ed][fc])
(;N[22]C[死活题：黑先净杀]AB[bb][bc][bd][be][bf][bg][bh][cb][ch][db][dh][eb][eh][fb][fg][fh][gb][gc][gd][ge][gf][gg]AW[cc][cd][ce][cf][cg][dc][dg][ec][ef][eg][fc][fd][fe][ff])
(;N[23]C[基础题：黑先最佳着手]AB[hc][hd][he][hf][ie][jd][kc][kd][ke][kf]AW[fd][ff][gc][gg][hb][hg][ib][id][ig][jc][je][jf][jg])
(;N[24]C[基础题：黑先最佳着手]AB[bc][bd][be][cf][eb][ed][ef][fb][fd][ff]AW[cd][db][dd][ea][ec][gc][gd][ge])
(;N[25]C[死活题：黑先净杀]AB[ad][ae][be][ce][da][dc][dd][de][ea][eb][ec]AW[ac][bd][ca][cb][cc][cd][db])
(;N[26]C[基础题：黑先最佳着手]AB[ed][fc][fe][gb][gf][he][ib][id]AW[fd][gc][gd][ge][hb][hc][hd][ic])
(;N[27]C[基础题：黑先最佳着手]AB[ab][ac][ad][ae][bc][be][cd][ce][da][de][eb][ec][ed][gb]AW[aa][af][ba][bb][bf][cb][cc][cf][db][dc][dd][df][ea][ee][ef])
(;N[28]C[基础题：黑先最佳着手]AB[hg][hi][ie][ih][jf][jg]AW[if][ig][ii][jh][kf][kg][kh])
(;N[29]C[基础题：黑先最佳着手]AB[cd][dd][eb][ee][fc][ff][gc][gd][gg][he][hf]AW[dc][ec][ed][fb][fd][fe][gb][ge][gf][hb][ic])
(;N[30]C[基础题：黑先最佳着手]AB[cd][dc][dd][ed][fa][fe][gb][gc][ge][hd][he][jd]AW[cb][cf][db][ec][ee][ef][fb][fc][fd][gd][hc][ic])
(;N[31]C[基础题：黑先最佳着手]AB[bb][bc][bd][cf][eb][ec][ef][fd][ff][gc][ge]AW[cb][cc][dd][ed][fb][gb][hc][hd])
(;N[32]C[基础题：黑先最佳着手]AB[be][ce][dc][dd][de][eb][fa][gb][hb][hc][hd]AW[bg][cd][dg][ea][ec][ed][fb][fc][ff][gc][gd][ge][he][ie][jb][jc])
(;N[33]C[基础题：黑先最佳着手]AB[bc][cc][cd][ce][cg][df][eb][ec][ef][fb][fe][gc][ge][hd]AW[bb][cb][db][dc][dd][ed][ee][fc][gb][hb][ic])
(;N[34]C[基础题：黑先最佳着手]AB[ff][hc][he][ib][ic][id][if]AW[ec][gc][gd][hd][jb][jc][jd][je])
(;N[35]C[基础题：黑先最佳着手]AB[ba][bc][bf][cb][cc][dd][de]AW[ac][bb][bd][cd][dc][ec])
(;N[36]C[对杀题：黑先胜]AB[bd][ca][cb][cd][dd][ea][ee][fb][fc][fd][fe]AW[ac][ad][bb][be][cc][ce][db][de][eb][ec][ed])
(;N[37]C[基础题：黑先最佳着手]AB[cc][cd][ce][df][eb][ed][ef][fc][fe][ff][gd]AW[dc][dd][de][ec][fb][gb][hc][hd][he])
(;N[38]C[基础题：黑先最佳着手]AB[be][cf][eb][ed][ef][fd][ff]AW[cd][db][dd][fc][gc][gd][ge])
(;N[39]C[死活题：黑先净活]AB[ac][ae][ag][ah][bc][bd][bf][ce]AW[ab][bb][bg][bh][bi][bj][cb][cc][cd][cg][de][df])
(;N[40]C[基础题：黑先最佳着手]AB[be][cf][de][df][dg][ec][ed][fb][fe][fg]AW[bd][cd][ce][db][dc][dd][eb][ee][ef][ff])
(;N[41]C[死活题：黑先净杀]AB[cb][db][dc][dd][ee][fe][ge][hb][he][ib][ic][id]AW[eb][fa][fc][gb][gd][hc][hd])
(;N[42]C[基础题：黑先最佳着手]AB[ac][ad][bd][cc][cd][db][de][eb][ed][fb]AW[ab][ae][bb][bc][bf][cb][ce][dc][ec][ee][fd])
(;N[43]C[基础题：黑先最佳着手]AB[ad][bd][cc][ce][dc][de][eb][ee][fe][gd]AW[bc][be][cd][dd][ec][ed][fc][fd][ge][hc])
(;N[44]C[对杀题：黑先胜]AB[ad][ba][bb][bd][cd][da][dd][ea][eb][ec]AW[ab][ac][bc][ca][cc][db][dc][ed][fb][fc][fd])
(;N[45]C[基础题：黑先最佳着手]AB[bd][ca][cc][cd][cf][ch][da][db][fa][fd][ga][gb][gc][gd]AW[ba][bb][bc][cb][dc][dd][eb][ed][ef][fb][fc][fe])
(;N[46]C[对杀题：黑先胜]AB[ac][ad][be][ca][cb][cc][ce][db][dc][de][eb][ec][ee][fb][fc][fe][ga][gb][ge][hd][he][ia][ib][ic][id]AW[ba][bb][bc][bd][cd][dd][ea][ed][fd][gc][gd][ha][hb][hc])
(;N[47]C[基础题：黑先最佳着手]AB[ba][bb][bc][ca][cd][ce][de][df][ea][eb][ef][fc][fe]AW[bd][be][bf][cb][cc][cf][da][db][dc][dd][ec][ee][fd][gc][gd])
(;N[48]C[基础题：黑先最佳着手]AB[bb][bd][ca][ce][db][df][ec][ee][fd]AW[ac][bc][cb][cc][cd][dc][dd][de][ed])
(;N[49]C[对杀题：黑先胜]AB[ac][ba][bb][bc][cc][dc][ea][ed][fc][fd][hc]AW[ad][bd][ca][cb][cd][cf][db][dd][eb][ec])
(;N[50]C[基础题：黑先最佳着手]AB[fa][ga][hb][hd][ia]AW[ea][ed][fb][gb])
(;N[51]C[基础题：黑先最佳着手]AB[ce][dc][dd][de][eb][ee][fe][gc][gf][hd][he]AW[cb][cc][cd][db][ec][ed][fc][fd][gd][ge][hc][hf][if][jd])
(;N[52]C[基础题：黑先最佳着手]AB[cd][ce][cf][dc][de][eb][ec][fd][ff]AW[bb][bc][bd][ca][cc][db][dd][ed][ee][fe][gg])
(;N[53]C[对杀题：黑先胜]AB[ab][ac][bc][ca][cd][dd][ea][eb][ec]AW[aa][bb][bd][cb][cc][dc][ed][fb][fc][fd])
(;N[54]C[基础题：黑先最佳着手]AB[ab][ad][bb][bd][cb][db][dc][de][ed]AW[ac][bc][cc][cd][cf][dd][df][ec][fb][fc][fd][fe])
(;N[55]C[基础题：黑先最佳着手]AB[bb][bc][ca][cd][ce][db][eb][ed][fb][gc][gd]AW[bd][be][cb][cc][cf][dc][ec][fc][fd][gb][hb])
(;N[56]C[死活题：黑先净杀]AB[ba][bb][be][ce][da][de][ea][ec][ed][ee][gc]AW[ab][ad][bc][bd][cb][cc][db][dc][dd])
(;N[57]C[死活题：黑先净杀]AB[bb][bc][cd][ce][de][ee][fc][fe][gb][gc][hc][ia][ib][ic]AW[cb][cc][da][dd][ea][ec][ed][fa][fb][ga][ha][hb])
(;N[58]C[基础题：黑先最佳着手]AB[bd][be][cc][cf][cg][eb][ec][ef][fb][ff][gc][gd][ge][gf]AW[ce][df][dg][ee][eg][fc][fd][fg][gb][gg][hb][hg][ic][ie])
(;N[59]C[对杀题：黑先胜]AB[ba][bc][ca][cb][cd][ce][de][eb][ed][fb][fd]AW[cc][da][db][dc][dd][ee][fa][fe][ga][gb][gd][ge])
(;N[60]C[基础题：黑先最佳着手]AB[ce][cf][db][dc][de][df][dg][eb][ee][eg][fc][fg][gb][gd][ge][gf]AW[be][bf][cd][cg][dd][dh][ec][ed][eh][fd][ff][fh][gg][gh])
(;N[61]C[基础题：黑先最佳着手]AB[ae][bd][bg][cc][cd][ce][de][dg][ef][eg][eh][ei]AW[be][bf][bi][cb][cf][cg][db][dc][df][dh][di][dj][ed][ee][ej])
(;N[62]C[基础题：黑先最佳着手]AB[cb][cd][ce][cf][db][dc][ec][ef][fd][gd]AW[bb][bc][cc][dd][df][dg][ed][eg][fb][fc])
(;N[63]C[基础题：黑先最佳着手]AB[ab][ba][bc][bd][ca][cc][da][dd][ed][fc][fd][gb][hb]AW[be][cb][cd][ce][cg][db][dc][ea][ec][fa][fb][gc][ha][hc][ib][ic])
(;N[64]C[基础题：黑先最佳着手]AB[ad][ag][bg][ca][cb][cc][cd][cg][dd][de][df][dg]AW[af][ba][bb][bc][bd][bf][ce][cf])
(;N[65]C[基础题：黑先最佳着手]AB[dd][de][ee][fb][fe][gc][ge][hc][hd]AW[bd][cd][cf][dc][eb][ed][fc][fd][gd])
(;N[66]C[死活题：黑先净杀]AB[fd][fe][ff][gc][gg][hc][hg][ic][ih][jc][jd][jh][ke][kf][kg]AW[ge][gf][hd][hf][id][ie][ig][jf][jg])
(;N[67]C[基础题：黑先最佳着手]AB[ca][cb][cc][dd][de][ea][fc]AW[bd][cd][da][db][dc][fb][gb])
(;N[68]C[基础题：黑先最佳着手]AB[ae][bb][be][ca][cd][ce][da][db][dc]AW[ab][ad][bc][bd][cb][cc][dd][ea][eb][ec][ed])
(;N[69]C[基础题：黑先最佳着手]AB[hg][hi][ie][if][ii][jb][jc][jd][jj][ke][kf][kg]AW[hc][id][ig][ih][je][jf][jg][ji][kb][kc][kd][kh])
(;N[70]C[死活题：黑先净活]AB[ba][bc][cb][cc]AW[be][ca][cd][cf][da][db][dc][dd])
(;N[71]C[基础题：黑先最佳着手]AB[de][ee][fc][fd][ff][gc][gg][hc][hd][hf][id][if][je]AW[ec][ed][fb][fe][fg][gb][gd][ge][gf][hb][hg][ic][ih][jb][jd][kd])
(;N[72]C[对杀题：黑先胜]AB[ac][bd][be][bf][cb][cc][cf][da][db][dd][eb][ec][ed][fa]AW[ba][bb][bc][ca][cd][ce][de][ee][fb][fc][fd][fe][ga][hb])
(;N[73]C[基础题：黑先最佳着手]AB[cc][cd][dc][de][eb][ec][ed][ee][fa][fb][ff][gd][ge][gf][hb][hc][hd][he]AW[ba][bc][bd][cb][ce][cf][da][db][df][ea][ef][fc][fd][fe][ga][gb][gc])
(;N[74]C[基础题：黑先最佳着手]AB[bc][bd][cb][cd][db][de][ee][fc]AW[be][cc][ce][cg][dc][dd][ec][fb][gd][gf][hc])
(;N[75]C[基础题：黑先最佳着手]AB[ca][cb][cc][cd][de][eb][ec][ed][fb][fc][gb]AW[da][db][dc][dd][ee][fa][fd][fe][ga][gc][hb][hd])
(;N[76]C[对杀题：黑先劫]AB[af][bf][cb][cf][da][dc][dd][de][df]AW[aa][ac][ae][bb][bc][be][cd][ce])
(;N[77]C[基础题：黑先最佳着手]AB[bf][cb][cf][de][df][eb][ec][ed][eg][eh][fe][fh][ge][gh][hi]AW[bd][bg][cd][cg][cj][dd][dg][ee][ef][fd][ff][fg][gc][gg][hd])
(;N[78]C[基础题：黑先最佳着手]AB[bc][bd][ce]AW[bb][be][cc][cd])
(;N[79]C[基础题：黑先最佳着手]AB[fd][fe][gc][gf][gg][hc][hd][hg][ie][jd][kb][kc][kd][ke][kf]AW[gd][ge][hf][ib][ic][id][if][ig][je][jf][jg][kg])
(;N[80]C[基础题：黑先最佳着手]AB[ce][dc][dd][de][eb][ee][fe][gb][gc][gf][gg][he]AW[cb][cc][cd][db][ec][ed][fc][gd][ge][hc][hd][hf][if][jd])
(;N[81]C[基础题：黑先最佳着手]AB[aa][ab][ac][ad][ba][bb][bd][be][ce][cf][dd][eb][ec][ed][fb][ga]AW[bc][cb][cc][cd][db][dc][de][ee][fa][fc][fd][fe][gb][hb])
(;N[82]C[死活题：黑先净杀]AB[ba][be][bg][cb][cf][cg][db][dc][dd][de]AW[ab][bb][bd][bf][cc][cd][ce])
(;N[83]C[基础题：黑先最佳着手]AB[ba][bb][cc][da][db][dc][dd][fa][fb][gc][hc][hd][he]AW[ab][bc][bd][ce][de][eb][ec][ee][fc][fd][gb])
(;N[84]C[对杀题：黑先胜]AB[cb][cc][cd][db][de][ee][fb][fc][gc]AW[bc][bd][ce][cf][dc][dd][eb][ec][fd][gd][hb][hc][hd])
(;N[85]C[对杀题：黑先胜]AB[cd][ce][dc][df][ec][ee][fc][gd][ge]AW[bc][ca][cc][cg][db][dd][dg][ed][ef][eg][fe][ff])
(;N[86]C[基础题：黑先最佳着手]AB[ab][ac][af][bb][bf][bg][cb][cc][cf][ch][dd][ed][ee][ef][eg]AW[ad][ae][ba][bc][bd][be][ca][cd][ce][db][dc][de][ec][fc])
(;N[87]C[死活题：黑先净活]AB[da][db][dc][ec][fb][fc][gc][ha][hb]AW[bb][bc][cd][dd][eb][ed][fa][fd][gd][hc][ia][ib][ic])
(;N[88]C[基础题：黑先最佳着手]AB[ba][ca][cd][ce][db][de][ed][ee][fa][fb][fc]AW[bb][bc][bd][be][cb][cf][dc][dd][ea][eb][ec])
(;N[89]C[对杀题：黑先胜]AB[ad][ba][bd][cb][cd][da][db][dd][eb][ed][fa][fc][fd]AW[ab][bb][bc][cc][dc][ec][fb][ga][gb][gc][gd])
(;N[90]C[基础题：黑先最佳着手]AB[db][dc][ea][eb][ed][fd][gd][hb][hd][ic][id]AW[ec][fa][fb][fc][gb][gc][ha][ib][jb][jc][jd])
(;N[91]C[基础题：黑先最佳着手]AB[cb][cd][de][ee][fb][fc][fe][gb][gc][gd][hb][ic][ja][jb][jc][je]AW[ea][eb][ec][ed][fd][ga][ge][ha][hc][hd][he][ia][ib])
(;N[92]C[基础题：黑先最佳着手]AB[bc][bf][bg][cb][cc][ce][cf][dg][ed][fe][ff][he]AW[bh][cg][ch][cj][db][dc][de][df][ee][ei][fc][fd][fh][hc][hg][id][jf])
(;N[93]C[基础题：黑先最佳着手]AB[ec][ed][ee][fc][ff][gf][hc][hf][ic][jd][jf]AW[dc][eb][fb][fd][fe][gc][ge][hb][hd][he][id])
(;N[94]C[基础题：黑先最佳着手]AB[aa][ae][ba][be][cb][cd][ce][db][dc][eb][fa]AW[ac][bb][bc][bd][ca][cc][dd][ea][ec][ed][fb][gb][gd])
(;N[95]C[对杀题：黑先胜]AB[ad][ba][bd][cb][cd][db][dd][ea][eb][ed][fa][fc][fd]AW[ab][bb][bc][ca][cc][dc][ec][fb][gb][gc][gd][hb])
(;N[96]C[基础题：黑先最佳着手]AB[bj][cc][ce][cf][cj][dd][dj][eb][ec][ee][ef][eg][fh][fj][gh]AW[cg][df][dg][dh][ed][eh][fc][fd][fe][ff][fg])
(;N[97]C[基础题：黑先最佳着手]AB[ab][ac][ad][bb][bd][cd][da][dd][ea][ec][fb][fc][fd][fe]AW[ae][ba][bc][be][cb][cc][ce][db][dc][de][eb][ed][ee])
(;N[98]C[死活题：黑先劫活]AB[ca][cb][db][dc][dd][de][ec][ee][fb][fd][fe]AW[ba][bb][cc][cd][ce][cg][df][ef][fa][fc][ff][gb][gc][gd][ge][gf])
(;N[99]C[基础题：黑先最佳着手]AB[bb][bc][cc][ce][cf][df][ed][ee][fc][gc][hb][hc][he]AW[bh][cb][cd][db][dc][dd][de][dh][eb][ef][eg][fb][gb])
(;N[100]C[基础题：黑先最佳着手]AB[bc][bd][be][cc][cf][cg][dd][ec][ed][eg][fd]AW[bb][cb][cd][ce][db][dc][de][df][dg][eb][fc][gc])
(;N[101]C[基础题：黑先最佳着手]AB[gf][gg][gh][hf][hi][ii][jf][ji][kf][kg][kh]AW[ge][he][hg][hh][ie][if][ih][je][jg][jh][ke])
(;N[102]C[死活题：黑先净活]AB[ae][ba][bb][bc][bd][be]AW[ac][ag][bg][ca][cb][cc][cd][ce][cf])
(;N[103]C[基础题：黑先最佳着手]AB[bc][bd][cd][dc][eb][ec][ed][fd][gb][gc]AW[bb][be][ca][cb][cc][ce][db][dd][de][ea][fa][fb][fc][gd])
(;N[104]C[基础题：黑先最佳着手]AB[fb][fc][gb][gd][ge][hb][he][ic][ie]AW[eb][ec][ed][fd][gc][hc][hd][ib][id][kb][kc][kd])
(;N[105]C[死活题：黑先净杀]AB[bb][bc][cd][db][dc][dd][df][fa][ff][gf][ib][if][ja][ka][kb][kc][kd][ke]AW[ca][cb][cc][da][eb][ec][ed][fb][fe][gd][ha][hd][ia][id][jb][jc][jd])
(;N[106]C[基础题：黑先最佳着手]AB[ca][cb][cc][da][dc][eb][ed][fd][gc][ha][hc][ib][ic]AW[ba][bb][bc][cd][dd][ea][ec][fa][fb][fc][gb][hb])
(;N[107]C[基础题：黑先最佳着手]AB[ca][cb][cc][dd][de][ee][fb][fc][ge]AW[bd][cd][da][db][dc][ea][eb][ec][ed][fd])
(;N[108]C[基础题：黑先最佳着手]AB[bd][cb][cc][cd][dd][ea][eb][ec]AW[aa][ad][ba][bb][bc][ca][da][db][dc][ed][fb][fd])
(;N[109]C[基础题：黑先最佳着手]AB[ad][bb][bc][cb][cd][ce][db][de][df][ef][fb][fd]AW[bd][be][bf][cc][cf][cg][dc][dd][ed][ee][fg][gc][gd][ge])
(;N[110]C[基础题：黑先最佳着手]AB[bc][bd][cb][ce][cf][db][df][ea][ed][ef][fb]AW[be][bf][bg][cc][cd][cg][dd][de][eb][ec][fe][gc][ge])
(;N[111]C[基础题：黑先最佳着手]AB[bc][be][cd][cg][dd][ec][ef][fc][fd][fe][hd]AW[bb][bg][cb][cc][cf][ci][dc][de][eb][ed][ee][ei][fb][gc])
(;N[112]C[手筋题：黑先最佳着手]AB[dc][eb][ee][ff][fg][gc][gd][ge]AW[bc][cb][db][dd][ec][fd][fe][gf][hf][ic][ie])
(;N[113]C[基础题：黑先最佳着手]AB[be][cd][cf][dd][eb][ed][fb][fc]AW[bc][bd][cc][dc][fd][gb][gc][gd])
(;N[114]C[基础题：黑先最佳着手]AB[dg][dh][eh][fh][gd][gg][hd][he][hf]AW[df][ee][eg][fb][fd][fg][gc][ge][gf])
(;N[115]C[基础题：黑先最佳着手]AB[bb][bd][ce][cf][df][eb][ec][ef][fc][fe][gc][ha][hb][hd][id]AW[da][db][dc][dd][de][ea][fb][gb][hc][ib][ic][jd][kd])
(;N[116]C[基础题：黑先最佳着手]AB[bb][bc][bd][cf][eb][ec][ef][fc][fe][ff][gc][ge]AW[cb][cc][dd][ed][gb][gd][hc][hd])
(;N[117]C[基础题：黑先最佳着手]AB[bg][cd][dg][ed][fa][fb][ff][gc][gd][ge][he][ie]AW[be][ce][dc][dd][de][eb][fc][gb][hb][hc])
(;N[118]C[基础题：黑先最佳着手]AB[ab][bb][cb][ce][dc][de][ec][ed]AW[ad][bc][be][bg][ca][cc][cd][db][dd][eb][fb])
(;N[119]C[基础题：黑先最佳着手]AB[bd][be][bh][cc][cf][cg][ch][dc][ec][ee]AW[bb][bc][bf][bg][cb][cd][ce][ed][fc][fd])
(;N[120]C[基础题：黑先最佳着手]AB[ac][bb][bd][ca][cd][dc][eb][ec]AW[ad][ae][ba][bc][bf][cb][cc][db][dd][de])
(;N[121]C[基础题：黑先最佳着手]AB[ab][ae][af][bb][cb][db][dd][de][ec][fc][fe]AW[ac][ad][bc][be][cc][cd][cf][dc][df][eb][ef][fb][gb])
(;N[122]C[基础题：黑先最佳着手]AB[ah][bh][ce][ch][dc][dd][de][df][dg][fc]AW[af][be][bg][cb][cc][cd][cf][cg][db][dh][eh])
(;N[123]C[死活题：黑先净活]AB[ca][cb][db][ea][eb][ga][gb][gc]AW[ba][bb][bc][cd][dd][ed][fb][gd][hc][hd][ia][ib])
(;N[124]C[基础题：黑先最佳着手]AB[bb][bc][bd][be][ce][dd][ec][ed]AW[bf][cc][cd][cf][dc][de][eb][ee][fe][gc][gd])
(;N[125]C[基础题：黑先最佳着手]AB[bc][cd][ce][cf][db][dg][ed][eg][ff][fg]AW[cb][cc][cg][ch][dc][dd][df][ec][ef][gc])
(;N[126]C[基础题：黑先最佳着手]AB[ab][ad][ae][ba][bc][be][cd][ce][da][dd][ec][fb][fc][fd][gc]AW[af][bb][bf][cb][cc][cf][db][dc][de][df][ea][eb][ed][ee])
(;N[127]C[基础题：黑先最佳着手]AB[ab][bc][cc][db][dc][ed][fa][fb][fc][fd]AW[ad][bb][bd][ca][cb][cd][da][dd][ea][eb][ec])
(;N[128]C[死活题：黑先净杀]AB[ad][bd][cc][cd][dc][ea][eb][ec]AW[ab][ac][bc][cb][da][db])
(;N[129]C[基础题：黑先最佳着手]AB[bc][bd][cb][cc][dd][ea][ec][ed][fc][gc][hb][hc]AW[be][cd][ce][cg][da][db][dc][ef][fa][fb][gb][ge][ha][ib][ic][id])
(;N[130]C[对杀题：黑先胜]AB[ab][ac][bb][bd][cd][cf][da][dc][ec][fa][fb][fc]AW[ba][bc][cb][cc][db][dd][eb][ed][fd][gb][gc])
(;N[131]C[基础题：黑先最佳着手]AB[cd][ce][dc][de][df][ec][ef][fc][gc][gf][hd][hf][id]AW[bd][cb][cc][dd][ed][ee][eg][fd][ff][fh][gd][ge][gg][hb][hc][jc])
(;N[132]C[对杀题：黑先胜]AB[db][dc][eb][ed][ee][ef][fd][gc][hc][id]AW[bd][cb][cc][ce][da][dg][ec][eg][fb][fc][ff][gd][ge])
(;N[133]C[基础题：黑先最佳着手]AB[ba][bb][cc][da][db][dc][dd][fa][fb][gc][hc][hd][he]AW[ab][bc][bd][ce][de][eb][ee][fc][fd][ga][gb][gd])
(;N[134]C[基础题：黑先最佳着手]AB[gc][gd][ge][hf][ie][kb][kc][kd][ke][kf]AW[gg][hg][ib][ic][if][ig][jc][jd][je][jg][kg])
(;N[135]C[基础题：黑先最佳着手]AB[bd][be][bf][cc][cf][ci][dg][dh][eb][eh][fg]AW[ce][cg][ch][dd][df][di][ef][eg][fd][ff][fh])
(;N[136]C[对杀题：黑先胜]AB[bc][cc][dc][ed][fa][fb][fc][fd]AW[ad][bb][bd][cd][db][dd][ea][eb][ec])
(;N[137]C[基础题：黑先最佳着手]AB[ba][bb][bc][cd][dd][ea][ec][fb][fc]AW[aa][ab][ac][ae][bd][bf][cb][cc][ce][db][eb])
(;N[138]C[基础题：黑先最佳着手]AB[dc][ec][fb][fc][gd][ge][hb][hc]AW[cc][db][dd][eb][ed][fd][gb][gc])
(;N[139]C[基础题：黑先最佳着手]AB[dd][de][df][ec][fb][fc][ff][gb][gd][hd]AW[cc][db][dc][dg][dh][di][ed][ee][ef][fd][fh][gc][hb][hc])
(;N[140]C[基础题：黑先最佳着手]AB[be][ce][cf][dd][df][ec][ed][ef][fb][fc][fg][gc][ge][gg][ic]AW[bc][cc][cd][cg][ch][db][dc][de][eb][ee][eg][eh][fe][ff][gd][he][id][je])
(;N[141]C[基础题：黑先最佳着手]AB[cb][cc][cd][ce][df][ef]AW[bd][be][cf][cg][de][dh][ec][fc][hc])
(;N[142]C[基础题：黑先最佳着手]AB[ca][cb][cc][da][eb][ec][ed][fe][gd][ha][hd][ia][id][jb][jc][jd]AW[ba][bb][bc][cd][db][dc][dd][df][ff][ga][gf][ib][if][ja][ka][kb][kc][kd][ke])
(;N[143]C[基础题：黑先最佳着手]AB[ad][bb][be][bf][cb][cf][dc][df][eb][ec][ee][fd][fe]AW[ab][af][ba][bc][bd][bg][cc][cd][ce][cg][db][dd][de][dg][ed][ef][ff])
(;N[144]C[基础题：黑先最佳着手]AB[bb][bc][cc][ce][db][dd][de][df]AW[bd][bf][cd][cf][dc][dg][dh][ec][fc][fg][gd][gf])
(;N[145]C[基础题：黑先最佳着手]AB[aa][bb][bc][cd][ce][de][ea][eb]AW[ba][bd][be][bf][cb][cc][cf][da][db][ed][fb][fd])
(;N[146]C[基础题：黑先最佳着手]AB[ba][bb][bc][cd][dd][eb][ec][fc]AW[ac][bd][be][ca][cb][cc][db][ea][fb][gc][gd][hb])
(;N[147]C[基础题：黑先最佳着手]AB[cd][db][dd][eb][gc][gd][ge]AW[be][cf][ec][ed][ef][fb][fd][ff])
(;N[148]C[基础题：黑先最佳着手]AB[ab][ac][bc][cd][ce][da][dd][df][dg][ea][ec][ed][fb]AW[af][bb][bd][be][bg][cb][cc][cf][cg][db][dc][eb][fc])
(;N[149]C[基础题：黑先最佳着手]AB[ab][ad][bb][bd][cb][cd][db][de][ed]AW[ac][bc][cc][cf][dc][dd][df][ee][fa][fb][fc][fd][fe])
(;N[150]C[基础题：黑先最佳着手]AB[cb][cc][cd][de][ee][fd][ga][gc][gd][hb][hc][jb]AW[ba][bb][bc][bd][be][ce][dc][dd][eb][ed][fa][fb][fc][gb])
(;N[151]C[死活题：黑先净活]AB[ba][bc][cb][cc]AW[ae][be][ca][cd][da][db][dc][dd])
(;N[152]C[基础题：黑先最佳着手]AB[bb][bc][cb][cd][dd][eb][ee][fd]AW[bd][be][cc][cf][db][dc][ec][ed][gb][gc][gd][ge])
(;N[153]C[基础题：黑先最佳着手]AB[bc][bd][cc][ce][db][de][ee][fa][fb][fc][fd][fe]AW[aa][ae][ba][bb][be][bf][cb][cd][cf][da][dd][ea][eb][ec][ed])
(;N[154]C[对杀题：黑先胜]AB[ab][ad][ae][ba][be][ce][da][db][dc][dd][fd]AW[af][bc][bf][ca][cb][cc][cd][cf][de][df])
(;N[155]C[死活题：黑先净杀]AB[cb][cc][cd][da][de][ea][ee][fa][fe][ge][hd][ia][ib][ic][id]AW[db][dc][eb][ed][fc][fd][gb][gd][ha][hb][hc])
(;N[156]C[基础题：黑先最佳着手]AB[cd][ce][cf][cg][ch][dc][de][ec][fc][fd][fg][ge][gf]AW[bc][cc][db][dd][df][dg][eb][ed][ee][ef][eg][ei][fe][ff][fi][gh])
(;N[157]C[基础题：黑先最佳着手]AB[ba][bb][bc][ca][cd][ce][de][df][ea][eb][ef][fc][fe]AW[bd][be][bf][cb][cc][cf][da][db][dc][dd][ec][ed][ee][gb][gc][gd])
(;N[158]C[基础题：黑先最佳着手]AB[be][bf][cf][dc][df][eb][ed][ee]AW[bb][bd][cb][cc][ce][ch][db][de][dg][ef][eg])
(;N[159]C[死活题：黑先净活]AB[he][hf][hg][id][if][ih][jd][jf][jg]AW[gd][ge][gf][gg][gh][hc][hi][ic][ii][jc][ji][kd][ke][kf][kg][kh])
(;N[160]C[基础题：黑先最佳着手]AB[ac][af][bb][bf][bg][cc][cf][dd][de]AW[ab][ae][bc][bd][be][bh][cb][cd][ce][ch][df][dg])
(;N[161]C[基础题：黑先最佳着手]AB[hf][ie][ii][je][ji][kf][kg][kh]AW[hg][ic][if][ih][jf][jg][jh][kd][ke][ki][kj])
(;N[162]C[死活题：黑先净杀]AB[ac][bc][cc][dc][ec][fa][fb]AW[ab][bb][cb][da][db])
(;N[163]C[死活题：黑先净活]AB[ac][ba][bc][cb][cc]AW[ad][bd][ca][cd][da][db][dc][dd])
(;N[164]C[基础题：黑先最佳着手]AB[bc][bd][be][cf][eb][ed][ef][fc][fd][ff]AW[cd][dc][dd][ec][fb][gc][gd][ge])
(;N[165]C[基础题：黑先最佳着手]AB[ce][dd][de][df][ec][eg][fd][ff]AW[bf][cf][dg][dh][ee][ef][fb][fc][fe][gd])
(;N[166]C[基础题：黑先最佳着手]AB[cd][de][ec][fc][gc][ge][hd][ic][id][ie]AW[ed][ef][fd][gd][hb][hc][ib][jc][jd])
(;N[167]C[基础题：黑先最佳着手]AB[bd][be][bg][ce][cg][df][ea][eb][ed][ef][fc][fd][ff]AW[cc][cd][db][dc][dd][de][ec][fb][gc][gd])
(;N[168]C[死活题：黑先净杀]AB[ac][ad][bd][cd][da][db][dc][dd]AW[ab][ba][bc][cb][cc])
(;N[169]C[基础题：黑先最佳着手]AB[bc][bd][ce][ci][dc][dd][di][ed][fc][fd][ff][fh]AW[bb][be][ca][cc][cd][cf][cg][db][df][eb][ec])
(;N[170]C[基础题：黑先最佳着手]AB[dc][ed][ee][fb][fc][gd][ge]AW[cg][dd][de][df][ec][fd][fe][gc][hc][id])
(;N[171]C[对杀题：黑先胜]AB[ba][bc][cb][db][dc][ea][ed][fc][fd][gc][hb][hd]AW[ab][bb][bd][cc][cd][da][dd][eb][ec][fb][gb])
(;N[172]C[基础题：黑先最佳着手]AB[bc][cc][db][dc][ed][fa][fb][fc][fd]AW[ad][bb][bd][cb][cd][da][dd][ea][eb][ec])
(;N[173]C[基础题：黑先最佳着手]AB[ca][cb][cc][dc][ea][eb][ga][gb][hc][hd][he]AW[bb][bc][cd][dd][ec][ed][fa][fb][gc])
(;N[174]C[基础题：黑先最佳着手]AB[ge][gf][gg][gh][hb][hc][hd][hi][ie][if][jh][kg]AW[he][hf][hg][hh][id][ig][jb][jd][jg][ke])
(;N[175]C[基础题：黑先最佳着手]AB[bg][cd][dg][ec][ed][fa][fb][ff][gc][gd][ge][he][ie]AW[be][ce][dc][dd][de][eb][fc][ga][gb][hb][hc][hd])
(;N[176]C[基础题：黑先最佳着手]AB[id][ie][if][jc][jg][jh][kc][kf][kh]AW[hc][hf][hg][ic][ig][jd][je][jf][ke])
(;N[177]C[基础题：黑先最佳着手]AB[bc][be][cf][ea][eb][ed][ef][fc][fd][ff]AW[cd][db][dd][ec][fb][gb][gc][gd][ge])
(;N[178]C[基础题：黑先最佳着手]AB[bc][be][cf][ea][eb][ed][ef][fd][ff]AW[cd][db][dd][fb][fc][gc][gd][ge])
(;N[179]C[对杀题：黑先胜]AB[ac][bb][bd][cd][dc][ec]AW[bc][bf][cb][cc][ce][dd][de])
(;N[180]C[对杀题：黑先胜]AB[ab][ad][ba][bd][ce][db][dc][dd][de]AW[ae][bb][be][bf][cb][cc][cd][cf][eb][fc][fe])
(;N[181]C[基础题：黑先最佳着手]AB[ba][bb][bc][cc][cd][db][dc][dd][ec][fc][fe][gc]AW[bd][be][ca][cb][cf][da][ea][eb][fa][fb][gb][hc][hd])
(;N[182]C[基础题：黑先最佳着手]AB[ad][ba][bb][bd][ca][cd][dd][ea][eb][ec]AW[ab][bc][cc][db][dc][ed][fa][fb][fc][fd])
(;N[183]C[基础题：黑先最佳着手]AB[cf][cg][db][df][eb][ec][ed][ee][fb][fe][fg][fh][gf][hf][hg]AW[bb][bd][cb][dc][dd][de][dg][ef][eg][eh][fc][fd][ff][gb][gd][ge][gg][hh][ic])
(;N[184]C[对杀题：黑先胜]AB[ab][ad][bb][bd][ca][cd][dd][de][eb][ec][ee][fb][gb]AW[ac][ba][bc][cc][da][db][dc][ed][fc][fd][gc][hb][hc])
(;N[185]C[死活题：黑先净活]AB[cb][cc][db][dd][de][df][eb][ed][ef][fc][fe][ff][gc]AW[bb][bc][ca][cd][ce][cf][cg][dg][eg][fb][fd][fg][gb][gd][gg][hc][hd][hf])
(;N[186]C[对杀题：黑先胜]AB[ac][ae][ba][bc][be][cc][ce][de][eb][ec][ed]AW[ad][bd][ca][cd][db][dc][dd][ea][ee][fb][fe])
(;N[187]C[基础题：黑先最佳着手]AB[ce][cf][cg][ch][dc][dd][di][ec][ee][eh][ff][ge]AW[be][cc][cd][db][de][df][dg][dh][ed][fb][fc][fe][gc][hd][he])
(;N[188]C[基础题：黑先最佳着手]AB[cd][ce][dc][de][ef][ff][gb][gd][gf]AW[bd][be][bf][cb][cc][df][dg][eb][ec][ee])
(;N[189]C[死活题：黑先净杀]AB[ab][af][bf][cd][ce][cf][da][db][dc][dd]AW[ae][ba][bc][bd][be][ca][cb][cc])
(;N[190]C[基础题：黑先最佳着手]AB[cf][cg][db][df][eb][ec][ed][ee][fb][fe][fg][fh][gf][hf][hg]AW[bb][bd][cb][dc][dd][de][dg][ef][eg][fc][fd][ff][gb][gd][ge][gg][gh][hh][ic])
(;N[191]C[对杀题：黑先胜]AB[cb][cc][cd][dd][ed][fd][ga][gc][hc][ia][ib]AW[db][dc][eb][ec][fa][fc][gb][hb][ic][jc][kb])
(;N[192]C[基础题：黑先最佳着手]AB[ba][bb][bc][bd][cb][ce][de][ed][fb][gc][gd][hb]AW[be][bf][ca][cc][cd][cf][da][db][df][ec][ef][fc][fd])
(;N[193]C[基础题：黑先最佳着手]AB[ad][bd][ca][cc][dd][de]AW[aa][ab][ac][ba][bc][cb][db][ec][fc])
(;N[194]C[基础题：黑先最佳着手]AB[ab][ac][ae][bb][be][cb][db][dc][dg][ed][ee][ef][eg]AW[ad][bc][bd][bf][cc][cd][ce][cg][ch][dd][de][df][dh])
(;N[195]C[基础题：黑先最佳着手]AB[bg][cd][dg][ec][ed][fa][fb][ff][gc][gd][ge][he][ie][jb][jc]AW[be][ce][dc][dd][de][eb][ee][fc][gb][hb][hc][hd])
(;N[196]C[基础题：黑先最佳着手]AB[bd][cd][de][df][ef]AW[cc][db][dd][ee][ff][fg])
(;N[197]C[基础题：黑先最佳着手]AB[be][cb][cf][cg][db][dc][dd][eb][ef][fc][ff][gb][gf][hc][hd][he]AW[bb][bc][cc][cd][ce][de][ec][ed][ee][fa][fb][fd][ge])
(;N[198]C[基础题：黑先最佳着手]AB[bc][bd][be][cf][cg][dc][dg][ee][ef][fd][fe]AW[cc][cd][ce][db][de][df][eb][ed][eg][ff][gc][gd][gf][he])
(;N[199]C[基础题：黑先最佳着手]AB[ae][be][cb][cf][db][dc][dd][df][ee][fe]AW[ac][bb][bd][cc][cd][ce][de][eb][ec][ed])
(;N[200]C[基础题：黑先最佳着手]AB[ba][bb][bc][cd][dc][dd][ed][fd]AW[bd][be][ca][cb][cc][ce][eb][ec][fc][gc])
(;N[201]C[基础题：黑先最佳着手]AB[bb][bc][cb][cd][dd][de][ee][fa][fb][fe][gb][gc][gd]AW[cc][db][dc][ea][eb][ec][ed][fc][fd][ge][hb][hc][hd][he])
(;N[202]C[基础题：黑先最佳着手]AB[ac][bb][bd][cb][cc][ci][dd][de][ei][fc][ff]AW[be][cd][ce][db][dc][ed][ee])
(;N[203]C[死活题：黑先净杀]AB[ba][bg][ca][cc][cd][cf][cg][dd][ed][fa][fb][fc][fd]AW[ab][bc][bd][be][bf][cb][db][dc][ea][eb][ec])
(;N[204]C[基础题：黑先最佳着手]AB[bc][bd][be][cb][cf][db][dg][ed][eh][fe][fh][gf][gg]AW[cd][ce][dc][de][df][eb][ee][ef][eg][fc][ff][fg])
(;N[205]C[对杀题：黑先胜]AB[ae][ba][bb][bc][be][ce][da][de][ea][eb][ee][fb][fc][fd]AW[ad][bd][ca][cb][cc][cd][db][dd][ec][ed][fe][ff][gb][gd])
(;N[206]C[基础题：黑先最佳着手]AB[ca][cb][dc][eb][ec][fc][gc][hc][ia][ic][jb][kb]AW[bb][bc][cc][da][db][ea][fa][fb][ga][gb][hb][ib][ja])
(;N[207]C[对杀题：黑先胜]AB[ae][af][ba][bd][bf][cd][cf][ch][da][db][dc][dd][ec]AW[ac][ad][bc][be][ca][cb][ce][de][eb][ed][ee][fb][fc])
(;N[208]C[对杀题：黑先胜]AB[ba][bc][cb][cd][cf][dd][df][eb][ec][fb][ga]AW[ab][bb][cc][da][db][dc][ed][fc][fd][gc][hb][hd])
(;N[209]C[基础题：黑先最佳着手]AB[cc][dc][eb][ed][ee][fe][gc][ge][hd][ic][id]AW[ec][fc][fd][gb][hb][hc][ib][jc][jd])
(;N[210]C[基础题：黑先最佳着手]AB[ad][bb][be][bg][cb][cc][cd][cf][df]AW[ab][bc][bd][ca][ce][db][dc][dd][de])
(;N[211]C[基础题：黑先最佳着手]AB[gb][ha][hb][hc][id][ja][jd][kc]AW[fb][fc][gd][hd][ia][ib][ic][jb][jc][kb])
(;N[212]C[基础题：黑先最佳着手]AB[fb][fc][gb][gd][ge][he][ic][ie]AW[ec][ed][fd][ff][gc][hc][hd][id][kb][kc][kd])
(;N[213]C[基础题：黑先最佳着手]AB[be][ce][df][ef][fb][fe][ff][ga][gc][gd][gf][hb][he][id][kd][ke]AW[cc][cd][dc][de][eb][ed][ee][fa][fc][fd][hc][ic][jc])
(;N[214]C[基础题：黑先最佳着手]AB[ac][ad][bd][cc][cd][db][de][eb][ed][fb]AW[ab][ae][bb][bc][be][bf][cb][dc][df][ec][ee][fd])
(;N[215]C[基础题：黑先最佳着手]AB[da][db][dc][eb][ed][ee][ef][fd][gc][hc][id]AW[bd][cb][cc][ce][dd][dg][ea][ec][eg][fb][fc][ff][gd][ge])
(;N[216]C[对杀题：黑先胜]AB[dc][eb][ed][fd][gb][gd][hb][hd][ic][id]AW[ec][fa][fb][fc][gc][hc][ib][jb][jc])
(;N[217]C[基础题：黑先最佳着手]AB[bb][bc][bd][cf][ef][ff][gc][gd][ge]AW[cc][dd][ed][fc][fd][hc][hd][ib][jd])
(;N[218]C[对杀题：黑先胜]AB[bb][bc][bf][cd][ce][cf]AW[ac][ad][af][bd][be][bg][cb][cc][cg][ec])
(;N[219]C[基础题：黑先最佳着手]AB[fc][gb]AW[fb][gc][hc])
(;N[220]C[基础题：黑先最佳着手]AB[bc][bd][cd][da][dd][ea][eb][ed][fc]AW[ab][bb][ca][cc][db][dc][fa][fb][gb][gc][gd])
(;N[221]C[基础题：黑先最佳着手]AB[bc][bd][cd][db][dc][de][eb][ee][fe][hd][hf]AW[be][cc][ce][cf][dd][df][ec][ed][fd][fg][ge])
(;N[222]C[死活题：黑先净杀]AB[ad][bd][cd][da][db][dc][dd]AW[aa][ac][bc][ca][cb][cc])
(;N[223]C[基础题：黑先最佳着手]AB[bb][cb][dc][ea][eb][ec][fd][gd][hb]AW[ab][bc][bd][cc][ce][db][dd][ed][ee][fa][fb][fc])
(;N[224]C[基础题：黑先最佳着手]AB[bd][be][cd][dc][df][ec][ee][fd]AW[cb][cc][ce][cf][dd][de][ed][fc])
(;N[225]C[基础题：黑先最佳着手]AB[ab][ad][bb][bd][cb][db][de][ed]AW[ac][bc][cc][cd][cf][dd][df][fb][fc][fd][fe])
(;N[226]C[基础题：黑先最佳着手]AB[gd][ge][hc][ib][id][ja]AW[dd][fc][fd][gc][ha][hb][ia])
(;N[227]C[基础题：黑先最佳着手]AB[db][dc][de][df][ed][fc][fe][fg][fh][ge][hg]AW[bf][cb][cc][cd][cg][dd][dg][ef][eg][fd][gb][gc][gd])
(;N[228]C[基础题：黑先最佳着手]AB[fa][fb][gb][hb][hc][ia][ib][id][ie][jd][kb][kc][kd][ke]AW[ea][eb][ec][fc][gc][gd][ha][hd][ic][ja][jb][jc])
(;N[229]C[基础题：黑先最佳着手]AB[bi][bj][di][dj][fi][fj]AW[bk][ch][ck][dh][dk][eh][ei][ek])
(;N[230]C[基础题：黑先最佳着手]AB[bg][ce][cf][ch][dc][dd][dh][eb][eg][eh][fb][fc][ff]AW[bh][bi][cg][ci][de][df][dg][dj][ec][ed][ee][ef][fj][gd][gf][gh])
(;N[231]C[基础题：黑先最佳着手]AB[bb][bd][cf][df][eb][ec][ef][fc][fe][gc][ha][hb][hd][id]AW[da][db][dc][dd][de][ea][fb][ga][gb][hc][ib][ic][jd][kd])
(;N[232]C[基础题：黑先最佳着手]AB[bj][cc][ce][cf][cj][dd][dj][eb][ec][ee][ef][eg][fh][fj][gh]AW[cg][de][df][dh][ed][eh][fc][fd][fe][ff][fg])
(;N[233]C[对杀题：黑先胜]AB[ab][af][bb][be][ce][db][dc][dd]AW[ad][ae][bc][bd][bg][cb][cd][de][dg][ee])
(;N[234]C[基础题：黑先最佳着手]AB[ba][bc][bd][cb][cd][dd][ec][fa][fc][ga][gb][gc]AW[ab][bb][be][cc][ce][da][db][dc][de][eb][ed][ee][fb])
(;N[235]C[基础题：黑先最佳着手]AB[bf][cd][cg][de][dg][ed][eg][fd][gc][gh][hb][hf][hg][hh][ic][jd][je][jf]AW[cc][dc][df][ec][ee][fc][fe][gd][gf][gg][he][ie])
(;N[236]C[基础题：黑先最佳着手]AB[dd][de][eb][ec][ee][fe][gb][gc][gd]AW[cc][cd][db][dc][ed][fb][fc][fd][ge][he][ic])
(;N[237]C[基础题：黑先最佳着手]AB[ab][bb][bd][ca][cd][dd][ea][eb][ec]AW[ac][bc][cc][db][dc][ed][ee][fa][fb][fc])
(;N[238]C[基础题：黑先最佳着手]AB[eb][fc][fd][gb][hb]AW[fa][fb][gc][hc][ib])
(;N[239]C[基础题：黑先最佳着手]AB[bd][be][cc][cf][db][dg][ee][eg]AW[cd][ce][dc][de][df][ed])
(;N[240]C[基础题：黑先最佳着手]AB[bd][cb][cc][ce][da][dg][ea][eg][fb][fc][ff][gd][ge]AW[db][dd][eb][ec][ed][ee][ef][fd][gb][gc][hc][id])
(;N[241]C[死活题：黑先净活]AB[ab][ba][bb][bc][bd][be][cc][cd]AW[ac][ae][af][bf][cb][ce][cg][db][dc][dd][de])
(;N[242]C[基础题：黑先最佳着手]AB[bc][bf][cd][de][df][ec][ed][fb][fc][gb][gf][hb][he][ic][id]AW[cb][db][dc][dd][eb][ee][ef][fd][fe][ff][gc][gd][ge][hc][hd][ib][jb][jc])
(;N[243]C[对杀题：黑先胜]AB[ab][bc][bd][cc][dc][ea][eb][fb][fc]AW[bb][be][cb][cd][cf][da][db][dd][ec][ed])
(;N[244]C[基础题：黑先最佳着手]AB[ac][ad][bc][cb][db][de][eb][ed][fc]AW[bb][bd][ca][cc][cd][ce][dc][dd][ec])
(;N[245]C[基础题：黑先最佳着手]AB[cc][cd][ce][dd][df][eb][ec][ef][fe][gc][ge][hd]AW[bb][cb][db][dc][de][ed][ee][fc][fd][gb][hb])
(;N[246]C[基础题：黑先最佳着手]AB[fb][gb][gc][hb][ib][id][jd]AW[eb][ec][fc][gd][hc][hd][ic])
(;N[247]C[死活题：黑先净活]AB[de][df][ec][ed][ef][fc][fe][gd][ge]AW[ce][cf][cg][dc][dd][dg][eb][eg][fb][fg][gb][gc][gg][hd][he][hf])
(;N[248]C[基础题：黑先最佳着手]AB[bc][bd][be][ce][db][dd][ec][ee][fb][fd]AW[cb][cc][cd][dc][eb][fc][gc][hd])
(;N[249]C[基础题：黑先最佳着手]AB[ad][bb][bd][ca][cd][da][dd][ea][eb][ec]AW[ba][bc][cc][db][dc][ed][fa][fb][fc][fd])
(;N[250]C[基础题：黑先最佳着手]AB[hh][hi][ig][ij][jf][ji][ke][kh]AW[ih][ii][jc][je][jg][jh][kd][kg])
(;N[251]C[基础题：黑先最佳着手]AB[ba][bb][cb][cc][dd][de][ea][ee][fb][fc][fd]AW[ca][da][db][dc][ec][ed][fa][fe][ga][gb][gc][gd][ge])
(;N[252]C[基础题：黑先最佳着手]AB[da][db][ec][ee][fd][gb][gc][gd][he][ie][kb][kd]AW[cb][cc][cd][cg][eb][fa][fb][fc][ga][ha][hb][hc][hd])
(;N[253]C[基础题：黑先最佳着手]AB[ba][bb][be][ce][db][de][ea][ec][ed][ee][gc]AW[ab][ad][bc][bd][ca][cc][da][dc][dd])
(;N[254]C[基础题：黑先最佳着手]AB[be][bf][cc][cd][cf][dg][ec][ef][eg][fe][ge]AW[bg][ce][cg][ci][dc][dd][de][df][ee][ei][fb][ff][fh][gc][gg])
(;N[255]C[基础题：黑先最佳着手]AB[ae][be][cb][ce][db][dd][ec][ed]AW[ac][bb][bd][cc][cd][dc][eb][fb])
(;N[256]C[基础题：黑先最佳着手]AB[cd][ce][cf][cg][ch][db][dc][dg][ed][fb][fd][fe][fi][ge][gg][gh][pm]AW[bc][bd][be][bf][cc][dd][de][df][dh][ee][ef][eg][ei][ff][fg][fh][gb][gc][id][je][jg])
(;N[257]C[基础题：黑先最佳着手]AB[cf][dd][dh][ee][ef][fg]AW[bd][cb][de][df][ec][ed][fe])
(;N[258]C[基础题：黑先最佳着手]AB[ce][dd][df][ef][fb][fe][gc][gd][ge]AW[cf][cg][de][dh][ec][ed][ee][fc][fd][ff][fg])
(;N[259]C[基础题：黑先最佳着手]AB[cb][cc][db][dd][eb][ed][fa][fd][gd][hc][hd]AW[bb][bc][cd][ce][dc][ec][fb][fc][gc][hb][ib])
(;N[260]C[基础题：黑先最佳着手]AB[cd][da][db][dd][ea][fa][gc][gd][ge]AW[bc][bd][be][cf][eb][ed][ef][fb][fd][ff][ga])
(;N[261]C[基础题：黑先最佳着手]AB[bg][ce][cg][ci][dc][de][df][ed][ee][ei][fb][ff][fh][gc][gg]AW[be][bf][cc][cd][cf][dd][dg][ec][ef][eg][fe][ge])
(;N[262]C[基础题：黑先最佳着手]AB[fe][ff][fh][ge][gg][gh][he][hh][ie][ih][jd][je][jh][ke][kf][kg]AW[eg][eh][fg][fi][gf][gi][hf][hi][if][ig][ii][jf][jg][ji][kh][ki])
(;N[263]C[死活题：黑先净活]AB[ab][ac][bc][ca][cc][da][db][dc]AW[ae][bb][be][ce][de][ea][eb][ec][ed])
(;N[264]C[基础题：黑先最佳着手]AB[ba][bb][bc][bd][be][ce][dd][eb][ec][ed]AW[ca][cb][cc][cd][db][de][ea][ee][fd][fe][ga][gb][gc])
(;N[265]C[基础题：黑先最佳着手]AB[dd][ed][fc][gd][hc][ic][id][jc]AW[bc][ce][df][ff][gb][gc][ge][hd][he][ie][je])
(;N[266]C[基础题：黑先最佳着手]AB[ba][bb][bc][cd][da][dd][ec][ed]AW[bd][be][ca][cb][cc][ce][db][dc][eb][fc][gc])
(;N[267]C[基础题：黑先最佳着手]AB[cd][ce][db][dd][ec][gc]AW[bd][be][cc][cf][de][ed])
(;N[268]C[基础题：黑先最佳着手]AB[db][ec][ed][ee][fb][ge]AW[cb][cc][ce][da][dc][fc][gb][gc][ic])
(;N[269]C[基础题：黑先最佳着手]AB[ca][cb][cc][da][eb][ec][ed][fe][gd][ha][hd][ia][id][jb][jc][jd]AW[bb][bc][cd][db][dc][dd][df][ff][gf][hb][ib][if][ja][ka][kb][kc][kd][ke])
(;N[270]C[基础题：黑先最佳着手]AB[ab][ac][ad][bd][ca][cd][da][dd][eb][ec][ed]AW[ba][bb][bc][cc][db][dc][ea][fa][fb][gc][gd])
(;N[271]C[基础题：黑先最佳着手]AB[ab][ac][bc][bf][cd][ce][da][dd][ea][ec][ed][fb]AW[ad][bb][bd][be][bg][cb][cc][cf][cg][db][dc][eb])
(;N[272]C[基础题：黑先最佳着手]AB[bb][bc][bd][cf][eb][ec][ef][fc][ff][gc][gd][ge]AW[ca][cb][cc][dd][ed][fb][gb][hc][ib])
(;N[273]C[基础题：黑先最佳着手]AB[bc][bd][ce][dc][dd][de][ed][fc][fd]AW[bb][bf][cb][cc][cd][cf][ch][db][df][eb][ec])
(;N[274]C[手筋题：黑先最佳着手]AB[ec][fb][fe][gf][gg][hc][hd][he]AW[cc][db][eb][fc][gb][gd][ge][hf][if][jc][je])
(;N[275]C[基础题：黑先最佳着手]AB[ba][bb][be][cb][ce][da][de][ea][ec][ed][ee][fb][gc]AW[ab][ad][bc][bd][cc][db][dc][dd][eb][fa])
(;N[276]C[基础题：黑先最佳着手]AB[cd][db][dd][ea][ec][fb][gc][gd][ge][ic]AW[bc][bd][be][cf][ed][ef][fa][fc][fd][ff][gb])
(;N[277]C[基础题：黑先最佳着手]AB[ab][ac][ad][bb][bd][cb][cd][dd][ec][fa][fb][fc][fd][fe]AW[ae][ba][bc][be][ca][cc][ce][db][dc][de][ea][eb][ed][ee])
(;N[278]C[死活题：黑先净杀]AB[cc][cd][db][de][df][eb][eg][eh][fb][gc][gg][gh][hd][he][hf]AW[dc][dd][ec][ee][ef][fc][fd][fg][gd][ge][gf])
(;N[279]C[基础题：黑先最佳着手]AB[ab][bc][bd][ca][cb][ce][dd][de][ee][fa][fc][fd]AW[ad][be][bf][cc][cd][cg][db][dc][ea][ec][ed][fb][hb][hc][hd])
(;N[280]C[基础题：黑先最佳着手]AB[bb][bc][cc][cd][ce][de][ec][ed][ee][fb][gb][gd][ge]AW[be][cb][cf][cg][db][dc][dd][eb][ef][fa][ff][gf][hb][hc][hd][he])
(;N[281]C[死活题：黑先净活]AB[ea][eb][ec][ed][fd][ga][gb][gc]AW[ca][cb][cc][cd][de][ee][fe][ge][ha][hb][hc][hd])
(;N[282]C[死活题：黑先净杀]AB[bc][bh][ca][cb][cc][cd][ce][cf][cg][ch]AW[ab][ac][ae][ba][bb][bd][be][bf][bg])
(;N[283]C[死活题：黑先净杀]AB[be][cd][ce][db][dc][fb]AW[ba][bc][bd][cb][cc])
(;N[284]C[基础题：黑先最佳着手]AB[ab][ae][be][cb][cc][ce][da][db][dd][de][eb][fb]AW[aa][ad][bb][bc][bd][ca][cd][dc][ec][fc][gb][gc])
(;N[285]C[对杀题：黑先胜]AB[ae][bb][bc][be][cc][cd][ce][de][eb][ec][ed][fb][fd]AW[ab][ad][af][ba][bf][cb][cf][da][db][dc][dd][df][ee][ef])
(;N[286]C[死活题：黑先净杀]AB[ab][ad][ba][bd][ca][cc][cd][dd][ed][fd][gd][hb][hc]AW[ac][bc][cb][da][db][dc][ea][eb][ec][fa][fc][gb][gc])
(;N[287]C[基础题：黑先最佳着手]AB[bb][bc][bd][cf][eb][ec][ef][fd][ff][gc][ge]AW[cb][cc][dd][ed][fe][gd][hc][hd][jd])
(;N[288]C[基础题：黑先最佳着手]AB[bc][bf][bg][cb][cc][ce][cf][de][dg][fe][ff][he]AW[bh][cg][ch][db][dc][dd][df][ec][ee][ei][fc][fd][fh][hc][hg][id][jf])
(;N[289]C[基础题：黑先最佳着手]AB[dc][de][eb][ef][fb][fd][fe][gc][ge][hc][he][id][jd]AW[ec][ed][ee][fc][ff][gb][gf][hb][hd][hf][ib][ic][ie][je])
(;N[290]C[对杀题：黑先胜]AB[bb][bc][be][cd][ce][dc][ea][ec][fc]AW[ca][cb][cc][db][dd][ed][fd][gb][gc][gd])
(;N[291]C[对杀题：黑先胜]AB[bc][be][cc][ce][db][dc][de][eb][ed][ee]AW[aa][ac][ad][bb][bd][cd][dd][ea][ec][fb][fc][fd][fe])
(;N[292]C[基础题：黑先最佳着手]AB[ab][bb][bc][bf][cd][ce][cf]AW[ac][ad][ae][af][bd][be][bg][cb][cc][cg][ec])
(;N[293]C[基础题：黑先最佳着手]AB[cd][ce][dc][eb][ec][ee]AW[bd][be][cb][cc][cf][cg][db][dd])
(;N[294]C[基础题：黑先最佳着手]AB[bd][be][bf][cb][cc][cg][dd]AW[bb][bc][cd][ce][cf][dc][ec][ef])
(;N[295]C[对杀题：黑先胜]AB[gb][hb][hc][id][ja][jd][kc][kd]AW[fb][fc][gc][hd][he][ia][ib][ic][jc])
(;N[296]C[基础题：黑先最佳着手]AB[ac][bc][cb][cc][dc][ed][ee][fa][fb][fc]AW[ab][bb][bd][ca][cd][da][db][dd][ea][eb][ec])
(;N[297]C[基础题：黑先最佳着手]AB[bf][cb][cf][db][dd][df][ec][ef][fc][gc][hc]AW[bb][bc][cc][cd][dc][ed][fd][ff][gd][gf])
(;N[298]C[对杀题：黑先胜]AB[ae][bb][be][cc][ce][da][db][dc][de][ed][ee]AW[ab][ad][ba][bd][ca][cd][dd][ea][eb][ec][fc][fd])
(;N[299]C[基础题：黑先最佳着手]AB[bb][bc][cc][cd][ce][cf][ed][fc][fd][gb][gc][hd]AW[ba][cb][db][dd][de][df][eb][ec][ee][fb][fe][ge])
(;N[300]C[基础题：黑先最佳着手]AB[bc][cb][cc][dc][ed][fa][fb][fc][fd]AW[ad][bb][bd][ca][cd][db][dd][ea][eb][ec])
(;N[301]C[基础题：黑先最佳着手]AB[eb][ec][ed][ee][ff][fg][gb][gd][ge][hd]AW[fb][fc][fd][fe][gc][gf][he][hf][id][jd][kc])
(;N[302]C[基础题：黑先最佳着手]AB[dd][de][df][ec][eg][eh][fd][ff]AW[bd][cc][cf][cg][dg][ee][ef][fb][fc][fe][gd])
(;N[303]C[基础题：黑先最佳着手]AB[cb][cd][ce][cf][db][dc][ec][ef][fd][gd]AW[bb][bc][cc][dd][df][ed][ee][eg][fb][fc])
(;N[304]C[基础题：黑先最佳着手]AB[he][if][jc][jf][kd][ke]AW[hd][ic][jd][je][jh][kf][kg])
(;N[305]C[基础题：黑先最佳着手]AB[hf][hh][ie][ii][je][ji][kf][kg][kh]AW[gg][hg][ic][if][ih][jf][jg][jh][kd][ke][ki][kj])
(;N[306]C[对杀题：黑先胜]AB[ac][ba][bb][bc][cb][cc][dc][ed][fc][fd][gb][hc]AW[ab][ad][bd][ca][cd][cf][db][dd][eb][ec][fa][fb])
(;N[307]C[基础题：黑先最佳着手]AB[ge][gf][gg][gh][gi][gj][hd][hh][id][je][ke][kf][kg][kh]AW[gc][gd][he][hf][hg][hi][hj][ie][if][ih][jc][jd][jf][jg][ji][ki])
(;N[308]C[基础题：黑先最佳着手]AB[bd][be][ce][cg][dc][dd][df][eb][fc]AW[cb][cc][cd][db][de][ed][ee][fb])
(;N[309]C[死活题：黑先净活]AB[ab][ac][bc][cb][cc]AW[ad][bd][cd][db][dc][dd][fb])
(;N[310]C[基础题：黑先最佳着手]AB[ab][bb][bf][cb][cc][da][db][df][ea][ef][fb][gc][gd][ge][hb]AW[ba][bc][bd][cd][dc][dd][eb][ec][fc][gb])
(;N[311]C[基础题：黑先最佳着手]AB[ca][db][dc][dd][de][ea][ed][fa][ga][gd][ge][gf][hb][hc]AW[bb][bd][cb][cf][dg][eb][ec][ee][eg][fb][fc][fd][fe][fg][gb][gc][ha][jb])
(;N[312]C[基础题：黑先最佳着手]AB[fd][gc][hb][ib][id][jc][jd][je]AW[hc][hd][he][hf][ig][jb][kb][kc][kd][ke][kf])
(;N[313]C[基础题：黑先最佳着手]AB[cc][db][eb][fc][fd][gc][ge][hd]AW[ec][ed][fb][fe][gb][hc])
(;N[314]C[基础题：黑先最佳着手]AB[ec][ed][ef][fc][fg][gd][gf]AW[fd][fe][ff][gc][gg][hc][id][kd])
(;N[315]C[基础题：黑先最佳着手]AB[aa][ae][bb][be][bf][ca][cb][cd][cf][dd][ea][eb][ec][ed]AW[bc][bd][cc][ce][db][dc][de][ee][fa][fb][fc][fd][fe])
(;N[316]C[死活题：黑先净杀]AB[ab][af][bf][ca][ce][da][db][dd][df][eb][ed]AW[ac][ad][ba][bc][be][cb][cc][cd])
(;N[317]C[基础题：黑先最佳着手]AB[ba][bb][bc][ca][cd][dd][ed][fa][fc][fd]AW[cb][cc][da][db][dc][ea][ec][fb][gb][gc])
(;N[318]C[基础题：黑先最佳着手]AB[hb][he][id][jb][jd][jf][ke]AW[gc][ge][hc][ib][jc][kc][kd])
(;N[319]C[基础题：黑先最佳着手]AB[ba][bb][bc][ca][cc][da][dd][de][ee][fa][fc][fd][gc]AW[bd][bf][cb][cd][cf][db][dc][ec][ed][fb][gb][gd][hb][hc][hd])
(;N[320]C[基础题：黑先最佳着手]AB[ba][bb][bc][ca][cc][da][dd][de][ee][fa][fc][gc]AW[bd][bf][cb][cd][cf][db][dc][ec][ed][gb][gd][hb][hc][hd])
(;N[321]C[基础题：黑先最佳着手]AB[cc][cd][ce][df][eb][ec][ef][fb][fe][gc][ge][hd]AW[bb][cb][dc][dd][de][ed][ee][fc][fd][gb][hb])
(;N[322]C[基础题：黑先最佳着手]AB[cb][cc][cd][db][dd][ee][fb][fe][gc][gd]AW[bb][bc][bd][be][ce][dc][de][ea][eb][ec][ed][fc][fd])
(;N[323]C[基础题：黑先最佳着手]AB[bb][bc][cc][cd][ce][cf][dc][ed][fc][gb][gc][hd]AW[cb][db][dd][de][df][eb][ee][fb][fd][fe][ge])
(;N[324]C[死活题：黑先净杀]AB[ab][af][bf][ce][db][dc][dd][df][fb]AW[ac][ad][ba][bc][be][cb][cc][cd])
(;N[325]C[对杀题：黑先胜]AB[bc][cc][db][dd][eb][ed][fd][gb][gc][gd]AW[ab][ac][bb][bd][cd][cf][dc][ec][fa][fb][fc])
(;N[326]C[基础题：黑先最佳着手]AB[bd][cd][cf][dc][eb][ec][ed][fa][fc][hb][hc]AW[cb][cc][db][dd][de][ee][fb][fd][fe][ga][gc])
(;N[327]C[基础题：黑先最佳着手]AB[ba][bb][bc][bd][cc][cd][de][ec][ee][fd][ff][gb]AW[ad][be][ca][cb][ce][cg][da][dc][dd][eb][fc][gc][gd][hb])
(;N[328]C[基础题：黑先最佳着手]AB[ab][bb][cb][cc][cd][de][ed][ee][fb][fc][ga][gd]AW[bc][bd][ce][cf][dc][dd][ea][eb][ec][fa][ha][hb][hc][jc])
(;N[329]C[对杀题：黑先胜]AB[ac][ae][bb][bd][be][ce][db][dd][de][eb][ec][ee]AW[bc][ca][cb][cc][cd][dc][ea][ed][fb][fd][gc])
(;N[330]C[死活题：黑先净杀]AB[ba][bb][be][ca][ce][de][ea][ec][ed][ee][gc]AW[ab][ad][bc][bd][cb][cc][db][dc][dd])
(;N[331]C[基础题：黑先最佳着手]AB[bg][cb][cc][cd][cf][db][eb][fc][gb][gc][hd]AW[dc][dd][de][ec][eg][fa][fb][fd][ga][gf][ib][ie][jc][jd])
(;N[332]C[基础题：黑先最佳着手]AB[db][dd][ec][fc][gb][gc][hc][ib]AW[cb][cc][dc][ea][eb][fb][ga][ha][hb][ic][jc])
(;N[333]C[对杀题：黑先胜]AB[ab][af][bb][bf][cb][cc][cf][db][dc][dd][df][ee][fe]AW[ad][ae][bc][be][ca][cd][ce][da][de][eb][ec][ed][ef][eg][gd][gf])
(;N[334]C[基础题：黑先最佳着手]AB[bf][cd][ce][cf][db][dc][ed][ef]AW[ac][bb][bd][be][cb][cc][dd][de][ee][fc][ff])
(;N[335]C[基础题：黑先最佳着手]AB[cc][cd][ce][df][dh][eg][fd][fg][ge][gf]AW[bb][cb][dc][de][ed][ee][ef][fe][ff][gg][hg])
(;N[336]C[基础题：黑先最佳着手]AB[ca][cb][da][db][dc][ea][ec][fa][fc][ga][gb][gc][gd][he][ib][ic][id][ie]AW[ba][bb][bd][cc][dd][ed][fb][fd][ge][gf][ha][hb][hc][hd])
(;N[337]C[基础题：黑先最佳着手]AB[gd][hc][hf][ic][jd][je][ke][kf][kg]AW[hd][id][if][ih][jb][jc][jf][jh][kd])
(;N[338]C[基础题：黑先最佳着手]AB[be][cb][cf][cg][db][dc][dd][eb][ef][fb][ff][gf][hc][hd][he]AW[bb][cc][cd][ce][de][ec][ed][ee][fc][gc][ge])
(;N[339]C[基础题：黑先最佳着手]AB[ab][af][bb][bf][bg][cc][cf][dd][de]AW[ac][ae][bc][bd][be][bh][cd][ce][cg][ch][df][dg])
(;N[340]C[基础题：黑先最佳着手]AB[ab][bb][cb][cc][dc][ed][fb][fd][ff][gb][gc][hb][hd]AW[ac][bc][bd][cd][db][dd][df][eb][ec][fa][fc][ha][hc][ib][ic][id])
(;N[341]C[死活题：黑先净杀]AB[ab][af][ag][bb][bh][cb][cc][ch][dc][dg][dh][ec][ed][ee][ef]AW[ac][bc][bd][be][bg][cd][cf][cg][dd][de][df])
(;N[342]C[基础题：黑先最佳着手]AB[bd][bf][cd][cf][dc][dg][eb][ec][eg][fd][ff]AW[bb][bc][ca][cc][ce][db][dd][df][ed][ee][ef][fg])
(;N[343]C[基础题：黑先最佳着手]AB[bb][cb][da][db][dc][ed][fd][gb][gc]AW[aa][ab][ad][ba][bc][bd][ca][cd][dd][ea][eb][ec])
(;N[344]C[基础题：黑先最佳着手]AB[ed][ee][fc][gb][hc][hd][hf]AW[fd][fe][fg][gc][gd][hb][ib][kc])
(;N[345]C[死活题：黑先净活]AB[de][df][ec][ed][ee][eg][fc][fg][gc][gd][ge][gf][gg]AW[cc][cd][ce][cf][cg][db][dh][eb][eh][fb][fe][fh][gb][gh][hb][hh][ic][id][ie][if][ig])
(;N[346]C[基础题：黑先最佳着手]AB[bc][be][cf][ec][ed][ee][ef][eg][fb][fc][fd][fe][ff][fg][gb]AW[cd][db][dc][dd][eb][fa][gc][gd][ge][hb])
(;N[347]C[基础题：黑先最佳着手]AB[bf][ce][de][dg][ed][fd][fg][ge]AW[bd][be][cd][db][dd][ee][eg][eh][fe])
(;N[348]C[基础题：黑先最佳着手]AB[be][bg][cb][cc][cd][cf][cg][ci][cj][db][dh][eh][fh]AW[ag][ah][bh][ce][ch][dc][dd][de][df][dg][di][ei][fc])
(;N[349]C[基础题：黑先最佳着手]AB[dc][df][ec][ee][fd][fe][gc][gf]AW[bc][be][dd][eb][ed][fb][fc][gb][gd][hd])
(;N[350]C[基础题：黑先最佳着手]AB[da][db][dc][dd][de][ea][fa][hb][hc][he]AW[bb][bd][ce][cf][df][eb][ec][ee][fb][fc][fe][ga][gc])
(;N[351]C[死活题：黑先净活]AB[ab][ba][bb][ca][cb][db][ea][fa][fb][fc]AW[bc][bd][dc][dd][eb][ed][fd][gc][gd][hb])
(;N[352]C[基础题：黑先最佳着手]AB[cf][cg][db][dd][de][dh][eb][ec][fe]AW[bf][cb][cc][cd][ce][dc][df][ed][ef])
(;N[353]C[基础题：黑先最佳着手]AB[ba][bb][bd][bf][ce][da][de][ea][eb][ec][ed]AW[bc][cb][cd][db][dc][dd][ee][fa][fb][fc][fd][fe])
(;N[354]C[死活题：黑先净杀]AB[bb][bc][bd][be][bf][cd][cg][dg][eg][fb][fc][fd][fe][ff]AW[cb][cc][ce][cf][db][dd][df][ec][ed][ee][ef])
(;N[355]C[基础题：黑先最佳着手]AB[gd][gf][he][id][jd][ke]AW[hc][hd][ie][je][kc][kd])
(;N[356]C[基础题：黑先最佳着手]AB[bb][cc][cd][cf][dd][ed][ef][fa][fb][fc][gf][hd][he]AW[ba][bc][bd][be][cb][db][dc][eb][ec][fd][gd][hb][hc])
(;N[357]C[死活题：黑先净活]AB[ba][bc][cb][cc]AW[bd][ca][cd][da][db][dc][dd])
(;N[358]C[基础题：黑先最佳着手]AB[ba][bb][bc][ca][cc][ce][da][dd][de][fc][fd][ha]AW[bd][be][bf][cb][cd][cf][db][dc][ea][ec][fa][fb][ga][gc][hb][hc])
(;N[359]C[基础题：黑先最佳着手]AB[bb][bc][bd][be][ca][ce][db][ec][fb]AW[cb][cc][cd][dc][dd][ea][eb][ee][fd][hb][hc][hd])
(;N[360]C[基础题：黑先最佳着手]AB[bf][cc][cd][cf][db][de][ec][ee][fe][gc][gd]AW[bb][bc][bd][be][ce][dd][eb][ed][fb][fc])
(;N[361]C[死活题：黑先劫杀]AB[ab][ae][be][cd][ce][da][db][dc][dd]AW[aa][ad][bb][bd][ca][cb][cc])
(;N[362]C[基础题：黑先最佳着手]AB[hd][he][ib][ic][jb][kc][kd][ke][kf]AW[fd][gc][hc][id][ie][jc][jd][jf][jh])
(;N[363]C[对杀题：黑先胜]AB[ac][bd][ca][cd][ce][db][dc][de][eb]AW[bb][bc][cb][cc][dd][ec][ed][fb][gc])
(;N[364]C[基础题：黑先最佳着手]AB[bi][ch][cj][eg][ej][fh][fj][gh][gi]AW[ci][di][dj][eh][ei][fi][gj][gk][ij])
(;N[365]C[基础题：黑先最佳着手]AB[bj][ch][ck][dg][di][dk][eh][ek][fh][fi][fj]AW[bh][bi][cf][cg][cj][df][dj][ef][ej])
(;N[366]C[对杀题：黑先胜]AB[gb][hb][hc][id][ja][jd][kc]AW[fb][fc][ga][gd][hd][ia][ib][ic][jc])
(;N[367]C[基础题：黑先最佳着手]AB[hd][ie][jb][je][kc][kd]AW[hc][he][ib][id][jc][jd])
(;N[368]C[基础题：黑先最佳着手]AB[de][ef][fb][fc][fd][ge][he][if]AW[cd][ce][cf][db][dc][ee][fe][gc][gd][id][jc])
(;N[369]C[基础题：黑先最佳着手]AB[bd][bf][cd][cf][dc][dg][eb][ec][eg][fd][fe][ff]AW[ac][bb][bc][be][ca][cc][ce][db][dd][df][ed][ee][ef])
(;N[370]C[对杀题：黑先胜]AB[ba][bc][bd][be][cb][ce][dd][de][ec][fa][fb][fc]AW[ab][bb][bf][cc][cd][cf][da][db][dc][df][eb][ed][ee][ef])
(;N[371]C[基础题：黑先最佳着手]AB[af][bd][bg][cd][ch][ci][de][df][dg]AW[ac][ae][bb][be][bh][ce][cf][cg][dc][dd])
(;N[372]C[对杀题：黑先胜]AB[ab][ac][ae][be][cb][ce][db][de][eb][ed][fc][fd]AW[ad][bb][bd][ca][cc][cd][dc][ec][fb][gb][gc])
(;N[373]C[对杀题：黑先胜]AB[cc][cd][db][dd][eb][ee][fe][gb][gd][ge]AW[bb][bc][bd][be][cb][dc][ec][ed][fb][gc][hb][hd][ic])
(;N[374]C[对杀题：黑先胜]AB[db][dd][eb][ec][ed][fe][gb][gc][gd][ge]AW[bb][bd][cb][ce][da][dc][de][ee][fa][fb][fc][fd])
(;N[375]C[基础题：黑先最佳着手]AB[cc][cd][db][de][df][ed][ef][fc][fe]AW[ce][cf][dc][dd][dg][ec][eg][ff][ge])
(;N[376]C[基础题：黑先最佳着手]AB[gb][gc][gd][gf][ha]AW[fb][fc][fd][ga][hb][hc][jb])
(;N[377]C[基础题：黑先最佳着手]AB[ab][bb][bd][ca][cd][db][dd][ea][eb][ec]AW[ac][bc][cb][cc][dc][ed][ee][fa][fb][fc])
(;N[378]C[基础题：黑先最佳着手]AB[cc][db][dd][ec][ed][ee][fb][ff][fg][gc][gg][hd][hg]AW[bb][bc][cd][ce][de][ef][eg][eh][fc][fd][fe][fh][gd][ge][gf][he][ic])
(;N[379]C[死活题：黑先净活]AB[ac][bc][bd][bf][bg][ce][cf]AW[ab][ag][bb][bh][bj][cb][cd][cg][ch][dd][de][df])
(;N[380]C[基础题：黑先最佳着手]AB[ed][fc][fe][gc][ge][hc][hf][ic][ig][jd][kd][ke]AW[fd][gd][hd][he][ib][id][ie][if][ih][jc][je][jh][kc][kf][kg])
(;N[381]C[死活题：黑先净活]AB[ac][bb][bc][ca][cb]AW[ab][ba][bd][cc][ce][da][db][dc])
(;N[382]C[基础题：黑先最佳着手]AB[dc][de][df][eg][fc][ff][fg][ge]AW[cg][dg][di][eb][ec][ee][ef][fe])
(;N[383]C[基础题：黑先最佳着手]AB[bc][bd][cd][dc][dd][eb][ec][fa][fe][gd]AW[bb][bf][cb][cc][cf][db][ea][ef][fb][ff][gb][hc][hd][he])
(;N[384]C[对杀题：黑先劫]AB[eb][ec][fb][fd][fe][ge][ha][he][ib][ic][id]AW[db][dc][ea][ed][fc][gb][gd][hb][hc][hd])
(;N[385]C[基础题：黑先最佳着手]AB[ba][bb][bc][bd][ca][ce][dd][de][eb][fa]AW[be][bf][cb][cc][cd][cf][da][db][ec][fb][gb])
(;N[386]C[基础题：黑先最佳着手]AB[eb][ee][fb][fc][fd][ga][ge][hf][hg][ib][ic][id][ie]AW[gb][gc][gd][gf][hb][hc][hd][he][if][jb][jc][jd][je][jf])
(;N[387]C[死活题：黑先净杀]AB[bb][ca][cc][cd][ce][da][de][ef][ff][gc][gd][ge][gf][ha][hb][hc]AW[db][dc][dd][eb][ed][fa][fc][fd][ga][gb])
(;N[388]C[对杀题：黑先胜]AB[ac][bb][bc][cd][dd][ec][fa][fb][fc]AW[ba][bd][be][cb][cc][ce][da][db][ea][eb])
(;N[389]C[基础题：黑先最佳着手]AB[gb][gc][ha][hd][id][jc]AW[eb][fb][fc][ga][gd][ge])
(;N[390]C[基础题：黑先最佳着手]AB[be][cf][dg][ed][eg][fe][fg][ge][gf]AW[db][dd][df][ec][ef][fc][fd][ff][ic])
(;N[391]C[基础题：黑先最佳着手]AB[ac][bc][cb][cc][db][dc][ed][ee][fa][fb][fc]AW[ab][ba][bb][bd][ca][cd][da][dd][ea][eb][ec])
(;N[392]C[基础题：黑先最佳着手]AB[cb][cd][ce][cf][db][dc][de][eb][eg][fc][fd][ff]AW[bb][bc][bd][cc][cg][dd][dg][ec][ed][ee][ef][fb][gb][hc])
(;N[393]C[基础题：黑先最佳着手]AB[ad][bc][be][cc][ce][dc][de][ec][ef][ff][gf]AW[ac][bd][bg][cb][cd][cf][ch][db][dd][dg][eb][ed][fc][gd])
(;N[394]C[基础题：黑先最佳着手]AB[bg][cd][ce][cf][dc][dg][ec][eg][fc][ff][gd][ge][hd][id][ie]AW[bd][be][cb][cc][dd][de][df][ee][ef][fe][fg][fh][he][hg][if])
(;N[395]C[死活题：黑先净杀]AB[ac][ad][bd][cd][da][db][dc]AW[ab][ba][bc][ca][cb])
(;N[396]C[基础题：黑先最佳着手]AB[be][bf][bg][cd][cg][dd][dh][eh]AW[bc][bd][cc][ce][cf][ch][ci][de][dg][dj][eb][ef])
(;N[397]C[死活题：黑先净杀]AB[bc][bd][be][bf][bg][cb][ch][db][dh][eb][eh][fb][fh][gb][gh][hc][hd][he][hf][hg]AW[dc][dd][de][df][ec][eg][fc][fd][fe][ff][fg])
(;N[398]C[基础题：黑先最佳着手]AB[ab][bc][bd][ca][cd][ce][db][dc][de][eb][ee]AW[bb][cb][cc][dd][ea][ec][ed][fb][fc][fe][gd])
(;N[399]C[对杀题：黑先胜]AB[ab][bb][bc][cd][dc][dd][fa][fb][fc][fd]AW[ad][ba][bd][be][cb][cc][ce][da][ea][eb])
(;N[400]C[基础题：黑先最佳着手]AB[ei][ej][fk][gi][gj]AW[fi][fj][gk][gl][hi][hj])
(;N[401]C[基础题：黑先最佳着手]AB[bg][cb][cc][cd][cf][db][eb][fc][gc][hd]AW[dc][dd][de][ec][eg][fb][fd][gf][hb][ie][jb][jc][jd])
(;N[402]C[死活题：黑先净活]AB[dd][de][ec][ef][fc][fd][ff][ge][gf]AW[cc][cd][ce][cf][db][dg][eb][eg][fb][fg][gc][gd][gg][he][hf][hg])
(;N[403]C[基础题：黑先最佳着手]AB[cb][cc][dd][ed][fd][hc][hd]AW[bb][bc][bd][cf][ec][ef][fc][ff][gc][ge])
(;N[404]C[基础题：黑先最佳着手]AB[bd][bf][cd][cf][dc][eb][ec][ef][fd][ff]AW[bb][bc][ca][cc][db][dd][de][df][ed][ee])
(;N[405]C[基础题：黑先最佳着手]AB[bb][bd][cc][db][eb][ee][fc][fd]AW[cd][cg][dc][dd][de][dg][ec][ed][fb][gb][gc])
(;N[406]C[基础题：黑先最佳着手]AB[ba][bb][bc][ca][cc][da][dd][de][ea][eb][ee][fa][fc][gc]AW[bd][bf][cb][cd][cf][db][dc][ec][ed][fb][gb][gd][hb][hc][hd])
(;N[407]C[死活题：黑先净杀]AB[ac][ad][bd][cd][da][dd][ea][eb][ec][ed]AW[ab][ba][bb][bc][cc][db][dc])
(;N[408]C[基础题：黑先最佳着手]AB[cf][cg][de][dh][dj][eh][ej][fj][gk]AW[bh][bi][ch][cj][dg][di][eg][ei])
(;N[409]C[基础题：黑先最佳着手]AB[if][jg][kf]AW[hg][ig][jh][kg])
(;N[410]C[基础题：黑先最佳着手]AB[ba][bb][bc][cc][dd][de][ea][ee][fe][gc][gd][ge][ha][hb]AW[bd][ca][cb][cd][cf][db][dc][df][eb][ed][fc][fd][ga][gb])
(;N[411]C[基础题：黑先最佳着手]AB[ba][bb][bc][ca][cc][cd][de][df][ed][fd][gb][gc][gd]AW[bd][be][cb][ce][cg][da][db][dc][dd][eb][ec][fb][fc][ga][hb][hc])
(;N[412]C[基础题：黑先最佳着手]AB[bd][cd][ce][df][ed][eg][fd][ff][fg][ge]AW[bc][cc][cg][db][dd][de][dg][ec][ee][ef][fe])
(;N[413]C[基础题：黑先最佳着手]AB[bb][bc][ca][cd][ce][db][eb][ed][fb][gc][gd]AW[bd][be][cb][cc][cf][dc][dd][ec][fc][gb][hb])
(;N[414]C[基础题：黑先最佳着手]AB[ab][ac][ad][bb][bd][cc][cd][dc][ec][fb][gb][hc]AW[aa][ae][ba][be][cb][ce][da][db][dd][de][eb][ed][fc][fd])
(;N[415]C[死活题：黑先净活]AB[ac][ba][bc][cc][da][db][dc]AW[ae][bb][be][cb][ce][de][ea][eb][ec][ed])
(;N[416]C[基础题：黑先最佳着手]AB[be][cc][ce][dc][dd][de][eb][fa][gb][hb][hc][hd]AW[bg][cd][db][dg][ec][ed][fb][ff][gc][gd][ge][he][ie][jb][jc])
(;N[417]C[基础题：黑先最佳着手]AB[bb][cd][ce][da][de][ea][eb][ec][ed]AW[bd][be][ca][cb][cc][db][dc][dd][ee][ef][fd])
(;N[418]C[对杀题：黑先胜]AB[be][ce][de][ed][ef][fd][ff][gb][gf][hc][hf][ie]AW[bc][bd][bf][cf][dc][dd][df][eb][ec][ee][fe][gc][ge][he])
(;N[419]C[基础题：黑先最佳着手]AB[ca][cb][cc][da][dd][ed][fd][ff][gb][gc][gd]AW[bd][cd][cf][db][dc][ea][ec][fa][fb][ga][hb][hc][hd][he])
(;N[420]C[基础题：黑先最佳着手]AB[ed][ee][fe][ga][gb][ge][ha][he][ia][ib][ic][id]AW[cc][dd][eb][ec][fb][fd][gc][gd][hb][hc][hd])
(;N[421]C[基础题：黑先最佳着手]AB[be][ce][dc][dd][df][ec][ef][fb][ff][gd]AW[de][ed][ee][fd][ge][hf])
(;N[422]C[基础题：黑先最佳着手]AB[cf][de][df][dg][ec][ed][eg][fb][fc][fg][gf]AW[bd][cd][ce][db][dc][dd][eb][ee][ef][fd][fe][ff][ge])
(;N[423]C[基础题：黑先最佳着手]AB[bc][cc][cd][ce][cg][df][eb][ec][ef][fd][fe][gc][ge][hd]AW[bb][cb][db][dc][dd][de][ed][ee][fc][gb][hb][ic])
(;N[424]C[基础题：黑先最佳着手]AB[be][ce][dd][df][ef][fe][ff][gc][gd][gf][he][id][kc][kd][ke]AW[bc][cc][cd][de][ed][ee][fb][fc][fd][hc][ic][jc])
(;N[425]C[基础题：黑先最佳着手]AB[bc][be][cf][ed][ef][fb][fc][fd][ff][ga]AW[cd][dc][dd][ea][eb][fa][gc][gd][ge][hb])
(;N[426]C[基础题：黑先最佳着手]AB[ba][bb][cc][da][db][dc][dd][fb][gb][gc][hc][hd][he]AW[ab][bc][bd][ce][de][ea][eb][ee][fa][fc][fd][gd])
(;N[427]C[基础题：黑先最佳着手]AB[be][cf][de][df][dg][ec][ed][fb][fe][fg]AW[bd][cd][ce][db][dc][dd][eb][ee][ef][fc])
(;N[428]C[基础题：黑先最佳着手]AB[fa][fb][gb][gc][gd][ha][hb][he][ie][je][ka][kb][kc][kd][ke]AW[ea][eb][fc][fd][fe][ge][hc][hd][ia][ib][id][ja][jb][jc][jd])
(;N[429]C[死活题：黑先净活]AB[eb][fa][fc][fd][ga][gb][gd][ha][hc][hd]AW[cb][db][dc][ea][ec][ed][ee][fe][ge][hb][he][ib][ic][id])
(;N[430]C[死活题：黑先净杀]AB[ae][be][ce][da][db][dc][dd]AW[ac][bb][bc][ca][cb])
(;N[431]C[基础题：黑先最佳着手]AB[bb][cc][cd][de][df][dg][ec][ed][fa][fb][fc][gc][gd][hd][ib][ic][jc][jd]AW[cb][db][dc][dd][ea][eb][ee][ef][fd][gb][ge][hb][hc][he][id][ie])
(;N[432]C[基础题：黑先最佳着手]AB[fb][gb][hc][ib]AW[eb][fa][fc][gc][hb])
(;N[433]C[死活题：黑先净活]AB[fd][fe][ff][gd][gf][hd][hf][id][if][jd][je][jf]AW[ec][ed][ee][ef][eg][fc][fg][gc][gg][hc][hg][ic][ig][jc][jg][kc][kd][ke][kf][kg])
(;N[434]C[基础题：黑先最佳着手]AB[ac][bb][bd][cb][cc][db][dd][de][di][ee][gg]AW[be][cd][ce][dc][df][ec][ed][fc][fe])
(;N[435]C[基础题：黑先最佳着手]AB[ab][ad][bb][bd][cb][db][dc][de][ed]AW[ac][bc][cc][cd][cf][dd][df][ee][fb][fc][fd][fe])
(;N[436]C[基础题：黑先最佳着手]AB[bb][bc][bd][cf][ef][fb][ff][gc][gd][ge][hb]AW[db][dd][ec][fc][gb][hc][hd][ib][jd])
(;N[437]C[基础题：黑先最佳着手]AB[dc][dd][de][df][eb][ef][fb][ff][gd][gf][he]AW[be][cb][cc][db][ec][ed][ee][fe][gc][ge][hb][hd][id])
(;N[438]C[死活题：黑先净杀]AB[ae][bf][cd][ce][cf][da][db][dc][dd]AW[aa][ab][bc][bd][be][ca][cb][cc])
(;N[439]C[死活题：黑先净活]AB[ba][bd][cb][cc][cd]AW[be][ca][ce][da][db][dc][dd][de])
(;N[440]C[基础题：黑先最佳着手]AB[ac][bc][cc][cd][cf][dd][df][fb][fc][fd][fe]AW[ab][ad][bb][bd][cb][db][dc][de][ed])
(;N[441]C[基础题：黑先最佳着手]AB[ab][bb][cc][cd][dd][eb][ec][ed][fc][gc]AW[ba][ca][cb][db][dc][ea][fb][gb][hc][ib])
(;N[442]C[基础题：黑先最佳着手]AB[ab][ac][ad][bd][ce][dd][de][ea][eb][ec]AW[ba][bb][bc][cb][cc][cd][da][db][dc][ed][fc][fd][gb][gc])
(;N[443]C[基础题：黑先最佳着手]AB[cd][dc][dd][eb][ed][fe][gb][gc][ge][hd][he]AW[cf][ec][ee][ef][fc][fd][ga][gd][hb][hc][ic])
(;N[444]C[基础题：黑先最佳着手]AB[be][ce][dc][dd][de][eb][fc][gb][hb][hc][hd]AW[bg][cd][dg][ec][ed][fb][ff][ga][gc][gd][ge][he][ie][jb][jc])
(;N[445]C[基础题：黑先最佳着手]AB[ab][ad][bb][bd][be][cb][ce][db][dd][de][df][ec][fc]AW[ac][ae][af][bc][bf][cc][cf][cg][dc][dg][ed][ee][ef])
(;N[446]C[基础题：黑先最佳着手]AB[bd][cb][cc][ce][da][dg][eg][fb][fc][ff][ga][gd][ge]AW[db][dd][eb][ed][ee][ef][fa][fd][gc][hc][id])
(;N[447]C[基础题：黑先最佳着手]AB[ai][aj][bb][bd][be][bf][bj][cc][cf][ch][ci][cj][dd][df][dh][eg][fg]AW[ac][ad][ae][af][ag][ah][bc][bg][bh][bi][cd][ce][cg][dg][ec][ee][ef])
(;N[448]C[基础题：黑先最佳着手]AB[ba][bb][bc][cd][ce][db][de][ed][fc][fd]AW[bd][be][bf][cb][cc][dd][eb][ec][fa][fb][gb][gc])
(;N[449]C[基础题：黑先最佳着手]AB[dd][de][df][ec][fb][fc][ff][gb][gd][ge][hd]AW[cc][db][dc][dg][dh][di][ed][ee][ef][fd][fe][fh][gc][hb][hc])
(;N[450]C[死活题：黑先净活]AB[fa][fb][gb][hb][ib][ja][jb]AW[ea][eb][ec][fc][gc][hc][ic][jc][ka][kb][kc])
(;N[451]C[基础题：黑先最佳着手]AB[ba][bb][cc][da][db][dc][dd][fb][gc][hc][hd][he]AW[ab][bc][bd][ce][de][eb][ec][ee][fc][fd])
(;N[452]C[死活题：黑先净活]AB[ba][bc][ca][cb]AW[be][cc][cd][cf][da][db][ec])
(;N[453]C[基础题：黑先最佳着手]AB[bc][be][cf][ed][ef][fb][fc][fd][ff][gb]AW[cd][dc][dd][eb][ga][gc][gd][ge][hb])
(;N[454]C[基础题：黑先最佳着手]AB[bd][cd][cf][dc][eb][ec][ed][fa][fc][hb][hc]AW[cb][cc][db][dd][de][ee][fb][fd][fe][ga][gb])
(;N[455]C[基础题：黑先最佳着手]AB[bd][cb][cc][ce][da][dg][eg][fa][fb][fc][ff][gd][ge]AW[db][dd][eb][ed][ee][ef][fd][gb][gc][hc][id])
(;N[456]C[基础题：黑先最佳着手]AB[dd][de][df][ec][fb][fc][ff][gb][gd][hd]AW[cc][db][dc][dg][dh][di][ed][ef][eg][fd][fh][gc][hb][hc])
(;N[457]C[对杀题：黑先胜]AB[ab][ae][be][cb][ce][db][dc][dd]AW[ad][ba][bb][bd][cc][cd][de][eb][ec][ed][ee][fd])
(;N[458]C[基础题：黑先最佳着手]AB[bc][bd][cc][cg][dc][dg][ed][ee][ef]AW[bb][be][cb][cd][cf][db][dd][de][ec][eg][eh][fc][fe][ff][gb])
(;N[459]C[基础题：黑先最佳着手]AB[cb][dc][ed][ee][fa][fe][ga][gb][gc][gd]AW[bc][be][cc][cd][db][dd][ea][eb][fb][fc][fd])
(;N[460]C[基础题：黑先最佳着手]AB[bb][bc][cc][cd][ce][cf][ed][fc][gb][gc][hd]AW[ba][cb][db][dd][de][df][eb][ee][fb][fe][ge])
(;N[461]C[死活题：黑先净杀]AB[ac][bd][cd][dd][ea][eb][ec]AW[ba][bb][cc][da][db][dc])
(;N[462]C[基础题：黑先最佳着手]AB[ge][gf][gg][gh][hb][hc][hd][hi][ie][if][jh][kg]AW[gb][gc][gd][he][hf][hg][hh][id][ih][jb][jd][jg][ke])
(;N[463]C[基础题：黑先最佳着手]AB[ac][ae][bc][cc][cd][cg][de][df][dg][eg][fg]AW[af][bd][be][bg][ce][cf][ch][ci][db][dd][ed][ee][ef])
(;N[464]C[基础题：黑先最佳着手]AB[bb][bc][cc][ce][cf][dc][df][ed][fc][gc][hb][hc]AW[cb][db][dd][de][eb][ee][ef][eg][fb][fd][fe][gb])
(;N[465]C[死活题：黑先净活]AB[ba][cb][cc][ce][da][dc][dd][de][ea][ed][fa][fb][fc]AW[bc][bd][be][cd][cf][df][eb][ee][ef][fd][ga][gb][gc][gd])
(;N[466]C[对杀题：黑先胜]AB[ac][bb][bd][cd][db][dd][eb][ed][fc][fd]AW[bc][ca][cb][cc][dc][ec][fb][gb])
(;N[467]C[对杀题：黑先胜]AB[bb][bc][be][ce][db][dc][dd][fd]AW[ba][bd][bg][cb][cc][cd][de][dg][ee])
(;N[468]C[基础题：黑先最佳着手]AB[bd][be][cc][cf][cg][eb][ec][ef][fb][ff][gc][gd][ge][gf]AW[ce][de][dg][di][ee][eg][fc][fd][gb][hb][ic])
(;N[469]C[对杀题：黑先胜]AB[db][dc][ec][fa][fb][fc][gb][hb][ic][jc][kb]AW[cb][cc][cd][da][dd][ed][fd][ga][gc][ha][hc][ia][ib])
(;N[470]C[死活题：黑先净杀]AB[ca][cb][cc][dd][ed][fc][fd][gd][hd][id][ja][jb][jc]AW[da][db][eb][fa][gb][gc][ha][hb])
(;N[471]C[基础题：黑先最佳着手]AB[bc][cc][cf][cg][dc][dd][df][dh][ec][ee][eh][fc][fg][gf][gg]AW[be][ce][de][dg][eb][ed][ef][eg][fb][fd][ff][gc][gd][ge])
(;N[472]C[基础题：黑先最佳着手]AB[cc][cd][cf][dc][eb][ed][gc]AW[db][ec][ee][fc][fd][ge][ic][id])
(;N[473]C[死活题：黑先劫杀]AB[ab][ae][be][cd][cf][da][dd][ea][eb][ec][ed]AW[ad][bb][bc][bd][ca][cc][db][dc])
(;N[474]C[基础题：黑先最佳着手]AB[cc][cd][ce][db][df][eb][ed][ef]AW[bd][be][cf][cg][dc][dd][de][dg][ec][hb][hc][hd])
(;N[475]C[基础题：黑先最佳着手]AB[cc][cd][cf][db][dd][df][eb][fd][gc]AW[bb][bc][bd][cb][dc][ec][fc][fe][gb][ge][hb][hd])
(;N[476]C[对杀题：黑先胜]AB[bb][bd][be][ca][cd][da][dc][eb][ec][fc]AW[ac][bc][bf][cb][cc][ce][cg][db][dd][de])
(;N[477]C[基础题：黑先最佳着手]AB[bb][bf][cb][cc][cf][db][ea][ef][ff][ga][hb][hc][hd][he]AW[bc][bd][cd][dc][dd][eb][ec][fb][fe][gb][gd])
(;N[478]C[基础题：黑先最佳着手]AB[hc][hd][ie][je][kc][kd]AW[gd][gf][he][id][if][jd][ke])
(;N[479]C[基础题：黑先最佳着手]AB[bh][bi][cg][cj][dh][dj][ej][fh][fi]AW[bj][bk][cf][ci][dg][di][eh][ei][fj][fk])
(;N[480]C[基础题：黑先最佳着手]AB[bd][be][cc][ce][da][db][dc][fa][gb][gc]AW[bb][bc][ca][cb][cd][dd][eb][ec][ed])
(;N[481]C[基础题：黑先最佳着手]AB[bd][be][bg][cd][cg][db][dc][eb][ee][fc][fd][fe][ff][fg]AW[bf][ce][cf][ch][dd][de][dg][ec][ed][ef][fb][fh][gb][gg][gh][hc][he])
(;N[482]C[死活题：黑先净杀]AB[ab][ah][bb][bh][cb][cc][ch][dc][dd][de][df][dg][dh]AW[ac][ag][bc][bd][bg][cd][ce][cf][cg])
(;N[483]C[死活题：黑先净杀]AB[bc][bd][cb][cc][ce][cf][df][eb][ef][fb][fe][ff][gb][gc][gd]AW[ab][bb][ca][cd][da][db][dc][dd][de][ec][ee][fc][fd])
(;N[484]C[基础题：黑先最佳着手]AB[be][bf][cb][cc][cd][cf][df][ec][ee][fe][gb][gd][hc][hd]AW[bb][bc][bd][ce][db][dd][de][eb][ed][fb][gc])
(;N[485]C[基础题：黑先最佳着手]AB[bd][be][ca][cb][cc][cf][ea][eb][fb][gb][hc][hd]AW[ba][bb][bc][cd][db][dc][dd][ec][fc][fe][gc])
(;N[486]C[死活题：黑先净杀]AB[bb][bc][cc][dc][ec][fd][gd][hd][ia][ib][ic][id]AW[ca][cb][db][ea][fa][fb][gc][ha][hb][hc])
(;N[487]C[基础题：黑先最佳着手]AB[db][eb][fc][ga][gb][gc]AW[cb][da][dc][ec][fa][fb])
(;N[488]C[基础题：黑先最佳着手]AB[bb][bd][be][cb][cf][dg][eb][ec][ee][eg][fd][fe][ga][gb][gc][gg][gh]AW[ce][db][dc][dd][de][df][ed][ff][gd][ge][gf][ha][hb][hc][hg])
(;N[489]C[基础题：黑先最佳着手]AB[ge][gf][hd][id][ie][ih][ii][jf][jg]AW[gg][he][hh][hi][if][ig][je][jh][ke][kh])
(;N[490]C[基础题：黑先最佳着手]AB[bc][bd][be][cb][cf][db][de][eb][fc][fd]AW[ba][bb][cc][cd][ce][dc][df][dg][ec][ee][fb][gb])
(;N[491]C[对杀题：黑先胜]AB[fb][fd][fe][gc][hb][hc][ic][jd][kb][kc][kd]AW[eb][ec][fa][fc][gd][hd][hf][ib][id][jb][jc])
(;N[492]C[基础题：黑先最佳着手]AB[cb][cc][db][dd][eb][ed][fd][gd][ha][hc][hd][ib]AW[bb][bc][ca][cd][ce][dc][ea][ec][fb][fc][ga][gb][gc][hb])
(;N[493]C[基础题：黑先最佳着手]AB[ca][cb][cc][dd][ed][fb][fc][fd]AW[ba][bb][bc][cd][ce][dc][eb][ec])
(;N[494]C[基础题：黑先最佳着手]AB[ac][ad][ba][bd][cd][da][db][dc]AW[ab][bc][ca][cb][cc][dd][eb][ec][ed])
(;N[495]C[基础题：黑先最佳着手]AB[bb][bc][ca][cb][dc][ec][fc][gb][gc][hc][ic]AW[cc][cd][da][db][dd][de][ea][eb][fa][fb][fe][ga][hb][he][ib][jb][jc][je])
(;N[496]C[对杀题：黑先胜]AB[bb][bc][ca][cc][da][dc][ed][ee][fc][gb][gc]AW[ab][ac][bd][cb][cd][cf][db][dd][eb][ec][fb])
(;N[497]C[死活题：黑先净活]AB[ab][ba][cb][da][db]AW[ac][bc][cc][dc][ec][fa][fb])
(;N[498]C[死活题：黑先净活]AB[ea][eb][ec][ed][fb][fd][ga][gc][hb]AW[ca][cb][cc][cd][de][ee][fe][ge][ha][hc][hd][ia][ib][ic])
(;N[499]C[手筋题：黑先最佳着手]AB[gd][hb][ic][id][ig][je][jf]AW[ge][ib][ie][if][jb][jc][jd])
(;N[500]C[死活题：黑先净活]AB[ec][fb][fd][ga][gc][gd][ha][hb]AW[db][dc][dd][ea][ed][fe][ge][hc][hd][he][ia][ib])
(;N[501]C[对杀题：黑先胜]AB[ab][ac][af][bb][bf][bg][cb][cc][ch][dd][ed][ee][ef][eg]AW[ad][bc][bd][be][ca][cd][cf][db][dc][de][df][ec][fc])
(;N[502]C[基础题：黑先最佳着手]AB[bd][be][cb][cc][cg][db][dd][de]AW[cd][ce][cf][dc][eb][ec][ee])
(;N[503]C[基础题：黑先最佳着手]AB[bf][cb][cf][db][dc][dd][df][ec][ef][fc][gc]AW[bb][bc][cc][cd][de][ed][ee][fd][ff][gd][gf])
(;N[504]C[基础题：黑先最佳着手]AB[bd][bh][bi][cb][cd][ci][de][df][dg][di][ee][eg][eh][fh][gi][hg][hh]AW[ce][cf][cg][ch][cj][dd][dh][dj][ed][ei][fe][fi][fk][gg][gh])
(;N[505]C[对杀题：黑先胜]AB[aa][ae][bb][be][bf][cb][cd][cf][da][dd][ea][eb][ec][ed]AW[bc][bd][cc][ce][db][dc][de][ee][fa][fb][fc][fd][fe])
(;N[506]C[基础题：黑先最佳着手]AB[ea][eb][ec][fd][fe][gb][ge][ha][hd]AW[ed][ee][ef][fa][fb][fc][ga][gc][gd][ib][ic])
(;N[507]C[基础题：黑先最佳着手]AB[ba][ca][cb][cc][dc][fc][ga][gb][gc]AW[bb][bc][cd][da][dd][ea][ec][ed][fa][fb])
(;N[508]C[对杀题：黑先胜]AB[ab][ag][bb][be][cb][cf][cg][db][dd][de][ec][ed]AW[ac][bc][bf][ca][cc][cd][ce][da][dc][eb][fc][gb])
(;N[509]C[基础题：黑先最佳着手]AB[ba][bb][bc][cd][dd][ea][ec][fb][fc]AW[ab][ac][ae][bd][bf][ca][cb][cc][ce][db][dc][eb])
(;N[510]C[基础题：黑先最佳着手]AB[db][dc][ea][eb][ed][fd][gd][hb][hc][hd][ic][id]AW[ec][fa][fb][fc][gb][gc][ha][ia][ib][jb][jc][jd])
(;N[511]C[基础题：黑先最佳着手]AB[bb][bc][cc][dc][ec][fc][gb][gc]AW[ab][ac][ad][ba][bd][cb][cd][da][db][dd][ea][eb][ed][fa][fb])
(;N[512]C[死活题：黑先净活]AB[ac][ag][bc][bd][bf][bg][cd][ce][cf]AW[ab][ah][bb][bh][cb][cc][cg][ch][dd][de][df])
(;N[513]C[基础题：黑先最佳着手]AB[bd][cd][cf][dc][eb][ec][ed][fc][hb][hc]AW[cb][cc][db][dd][de][ea][ee][fb][fd][fe][ga])
(;N[514]C[基础题：黑先最佳着手]AB[cd][ce][dc][de][df][eb][ee][fe][ga][gb][gc][gd][ge]AW[bc][bd][be][cc][cf][cg][db][dd][dg][ed][fb][fc][fd])
(;N[515]C[基础题：黑先最佳着手]AB[be][cf][eb][ed][ef][fc][fd][ff][gb]AW[db][dc][dd][ec][fb][gc][gd][ge])
(;N[516]C[基础题：黑先最佳着手]AB[bb][bd][cb][cc][dd][de][df][ec][ed][fc][fe][gb][hc][he]AW[cd][ce][cf][db][dc][dg][eb][ee][ef][fb][fd][ff][gd])
(;N[517]C[基础题：黑先最佳着手]AB[bb][bc][ca][cd][ce][da][de][eb][ee][ef][ff][gd]AW[bd][be][bf][cb][cc][cf][db][dc][dd][ec][ed][fe][gc][gf][hc][hd][he])
(;N[518]C[死活题：黑先净杀]AB[cc][cd][ce][cf][db][dg][eb][eg][fb][fe][ff][fg][gb][gg][hb][hg][ic][id][ie][if]AW[dc][dd][ec][ee][fc][fd][gc][ge][hc][hd][he])
(;N[519]C[基础题：黑先最佳着手]AB[dh][ec][ee][eh][fe][fh][gc][gd][gg][he][hg][ie][if]AW[ce][ch][ci][db][dc][de][di][ed][ei][fd][ff][fi][ge][gf][gi][hf][ig][ih])
(;N[520]C[死活题：黑先净活]AB[dd][de][df][ec][ed][ef][fc][gd][ge][gf]AW[cc][cd][ce][cf][cg][db][dg][eb][eg][fb][fg][gb][gg][hc][hd][he][hf])
(;N[521]C[对杀题：黑先胜]AB[ca][cb][cc][db][dc][eb][ec][ed][fb][fc][ga][gb][gd][ge][hd][ic][id][ie][jb][jc]AW[ba][bb][bc][cd][dd][df][ea][ee][fd][fe][gc][ha][hb][hc])
(;N[522]C[基础题：黑先最佳着手]AB[bb][bc][cc][ce][cf][df][ec][ed][fc][gc][hb][hc][he]AW[cb][db][dc][dd][de][eb][ef][eg][fb][fd][fe][gb])
(;N[523]C[基础题：黑先最佳着手]AB[ce][cf][dd][dg][eb][ec][ed][eh][fe][fg][gg]AW[be][cb][cc][cd][cg][de][dh][di][ee][ef][eg])
(;N[524]C[基础题：黑先最佳着手]AB[ge][gf][gg][gh][hb][hc][hd][hi][ie][if][jh][kg]AW[he][hf][hg][hh][id][jb][jd][jf][jg][ke])
(;N[525]C[基础题：黑先最佳着手]AB[af][bd][bg][cd][ch][ci][de][df][dg]AW[ad][ae][bb][be][bh][ce][cf][cg][dc][dd])
(;N[526]C[基础题：黑先最佳着手]AB[ce][dc][dd][de][ec][eg][fb][gb][gd][gf][hb][hd][ie]AW[cc][cd][db][eb][fa][fc][fd][fe][gc][hc])
(;N[527]C[基础题：黑先最佳着手]AB[be][ce][dd][df][ed][ef][fb][ff][gc][gf][he]AW[cc][cd][cf][cg][db][de][ee][fc][fd][fe][ge][ic])
(;N[528]C[死活题：黑先净杀]AB[ba][bb][be][ce][da][de][ea][ec][ed][ee][gc]AW[ab][ad][bc][bd][ca][cc][db][dc][dd])
(;N[529]C[基础题：黑先最佳着手]AB[cc][da][db][ec][ed][ee][fe][ga][gc][gd][ha][hb][hc][hd]AW[ea][eb][fb][fc][fd][gb][ge][he][ia][ib][ic][id])
(;N[530]C[对杀题：黑先胜]AB[bb][bc][be][ce][db][dc][dd][fd]AW[ac][bd][bg][cb][cc][cd][de][dg][ee])
(;N[531]C[对杀题：黑先胜]AB[ad][ba][bc][bd][cc][db][dd][eb][fb][gb][hb]AW[ab][ac][bb][ca][cb][da][dc][ea][ec][fc][gc][hc][ia][ib][ic])
(;N[532]C[基础题：黑先最佳着手]AB[dd][de][df][ec][eg][fb][fc][ff][gb][gd][hd]AW[cc][db][dc][dg][dh][ed][ee][ef][fd][fg][fh][gc][hb][hc])
(;N[533]C[基础题：黑先最佳着手]AB[bb][bc][bd][cf][ec][ef][fc][ff][gc][gd][ge]AW[cb][cc][dd][ed][fb][gb][hc][hd])
(;N[534]C[基础题：黑先最佳着手]AB[ba][bb][bc][ca][cc][dd][ed][fc][fd]AW[ac][bd][cb][cd][ce][db][dc][df][ea][ec][fb][gc][hc][hd])
(;N[535]C[基础题：黑先最佳着手]AB[ea][eb][ec][fd][ga][gd][hb][hc][hd]AW[da][db][dc][ed][ee][ef][fb][fc][gb][gc])
(;N[536]C[基础题：黑先最佳着手]AB[bf][cb][cf][db][dc][dd][df][ec][ef][fc][gc][hc]AW[cc][cd][ce][de][ed][fd][ff][gd][gf])
(;N[537]C[基础题：黑先最佳着手]AB[bb][bc][bd][ca][da][de][df][ea][fc][ff][ga][gc][hb][hc][hf][id][ie]AW[cc][db][eb][ec][ed][fb][fd][gb][gd][hd][ic][jc])
(;N[538]C[对杀题：黑先胜]AB[ae][bc][be][bi][cd][ce][cg][ch][ci][df][ef]AW[af][bb][bf][bg][bh][cc][cf][dc][dd][de])
(;N[539]C[基础题：黑先最佳着手]AB[bb][bd][be][cd][da][dc][eb][ec][fc]AW[bc][bf][ca][cb][cc][cf][db][dd][de])
(;N[540]C[基础题：黑先最佳着手]AB[bb][bc][cd][db][dd][df][dg][ea][fb][gb][gc][gd]AW[cb][cc][da][dc][ec][ee][ef][fc][ge][hb][he][ic])
(;N[541]C[基础题：黑先最佳着手]AB[ba][bb][cc][da][db][dc][dd][fa][fb][gc][hc][hd][he]AW[ab][bc][bd][ce][de][ea][eb][ee][fc][fd][gb][gd])
(;N[542]C[手筋题：黑先最佳着手]AB[ab][ad][bb][bd][cb][db][de][ed]AW[ac][bc][cc][cf][dd][df][ec][fb][fc][fd][fe])
(;N[543]C[基础题：黑先最佳着手]AB[ee][fe][gd][gf][hd][hg][ic][id][ie][ih][jd][jh][kg]AW[dd][de][ed][fd][gc][ge][hc][he][hf][if][ig][je][jf][jg][kf])
(;N[544]C[基础题：黑先最佳着手]AB[ab][bb][cc][cd][ce][dc][de][eb][fb]AW[ba][ca][cb][db][dd][ea][ec][ed][ga][gb][gc][gd])
(;N[545]C[基础题：黑先最佳着手]AB[ab][ac][bc][bf][cd][ce][da][dd][ea][ec][ed][fb]AW[aa][ba][bb][bd][be][bg][cb][cc][cf][cg][db][dc][eb])
(;N[546]C[基础题：黑先最佳着手]AB[ab][ac][bd][be][ca][cb][cd][de][ec][ed][ee][fa][fb][fc]AW[bb][bc][bf][cc][ce][cf][db][dc][dd][ea][eb][fe][ff][ga][gb][gc][gd])
(;N[547]C[基础题：黑先最佳着手]AB[cb][cc][cd][db][dd][ee][fa][fb][fe][gc][gd]AW[bb][bc][bd][ce][da][dc][de][ea][eb][ec][ed][fc][fd])
(;N[548]C[对杀题：黑先胜]AB[bb][bc][ca][cd][ce][cf][db][ec][fb]AW[cb][cc][dc][dd][de][ea][eb][fd][gd][hc])
(;N[549]C[基础题：黑先最佳着手]AB[be][ce][dc][de][eb][ee][fc][fd]AW[bc][cc][db][dd][ed][fe][gb][gc][gd][ge])
(;N[550]C[基础题：黑先最佳着手]AB[ab][ae][be][cc][ce][db][dd][ed][fa][fb][fc][fd]AW[ac][ad][ba][bb][bd][cd][da][dc][ea][eb][ec])
(;N[551]C[对杀题：黑先胜]AB[ba][bb][bc][bd][cd][db][dd][ec][fb][fc][ga]AW[ca][cb][cc][da][dc][ea][ed][fd][gb][gc][gd][hb])
(;N[552]C[死活题：黑先净活]AB[eb][ec][fc][fd][ga][gb][gd][hc][hd]AW[db][dc][dd][ea][ee][fe][ge][hb][he][ib][ic][id][ie])
(;N[553]C[基础题：黑先最佳着手]AB[dh][ec][ed][ee][eh][fh][gc][gd][gg][gh][he][hg][ie][if]AW[ce][ch][ci][db][dc][de][di][ef][ei][fd][fe][fg][fi][ge][gf][gi][hf][ig][ih])
(;N[554]C[基础题：黑先最佳着手]AB[bb][bc][cb][dc][ec][fc][gc]AW[cc][cd][db][dd][ed][fd][gb][gd][hc])
(;N[555]C[基础题：黑先最佳着手]AB[cb][cd][ce][da][dc][eb][fc][fd]AW[cf][de][dg][ec][ed][fb][gb][hc])
(;N[556]C[死活题：黑先净活]AB[ea][eb][ed][fb][fd][gb][gc][hc][ia][ib][ic]AW[cd][db][dc][dd][df][ec][fc][fe][ff][ga][gd][hd][id][jb][jc][jd])
(;N[557]C[基础题：黑先最佳着手]AB[ee][fd][ff][gc][gf][hb][he][id][jc]AW[fe][gd][ge][hc][hd][ib][ic][kc][kd])
(;N[558]C[基础题：黑先最佳着手]AB[fb][fd][fe][gb][gc][gf][ic][if][jd][je]AW[eb][ec][fc][gd][ge][hb][hc][he][id][ie][kf])
(;N[559]C[基础题：黑先最佳着手]AB[ca][cb][cc][dd][ed][fc][fd][ff][gb][gc][gd]AW[bd][cd][cf][db][dc][ea][eb][ec][fb][ga][hb][hc][hd][he])
(;N[560]C[基础题：黑先最佳着手]AB[ba][bb][be][cb][ce][de][ea][ec][ed][ee][gc]AW[ad][bc][bd][ca][cd][db][dc][dd])
(;N[561]C[对杀题：黑先胜]AB[ab][bc][be][cb][cd][dd][ed][fa][fb][fc]AW[ba][bb][cc][da][dc][eb][ec][fd][ga][gd][hb][hc])
(;N[562]C[基础题：黑先最佳着手]AB[ac][bb][bc][ca][cb][cd][dd][eb][fd][gb]AW[bd][be][cc][cf][db][dc][ea][ef][fb][gc][hb][hc])
(;N[563]C[对杀题：黑先胜]AB[bb][bd][cc][dd][eb][ed][fb][fc][ga][gc][hb][hc]AW[da][db][dc][ea][ec][fd][gd][ha][hd][ia][ib][ic][id])
(;N[564]C[基础题：黑先最佳着手]AB[fb][fc][gb][gd][ge][he][ic][ie]AW[ec][ed][fd][ff][gc][hc][hd][ib][kb][kc][kd])
(;N[565]C[死活题：黑先净杀]AB[bb][bc][cd][db][dc][dd][df][fa][ff][gf][ib][if][ja][ka][kb][kc][kd][ke]AW[ca][cb][cc][da][ea][eb][ec][ed][fe][gd][ha][hd][ia][id][jb][jc][jd])
(;N[566]C[基础题：黑先最佳着手]AB[ic][ie][jd][kd][ld][md]AW[ib][id][if][jc][je][jg][kc][lc])
(;N[567]C[基础题：黑先最佳着手]AB[be][cb][cf][cg][db][dc][dd][eb][ef][fa][ff][gb][gf][hc][hd][he]AW[bb][bc][ca][cc][cd][ce][de][ec][ed][ee][fb][fc][ge])
(;N[568]C[基础题：黑先最佳着手]AB[cc][ce][cg][dc][de][dg]AW[bb][bc][bd][be][bf][cd][ec][ed][ee][ef])
(;N[569]C[对杀题：黑先胜]AB[ca][cb][cc][db][dd][ed][fd][gc][ha][hb][hc]AW[bc][be][cd][dc][de][ea][eb][ec][fa][fc][ga][gb])
(;N[570]C[基础题：黑先最佳着手]AB[bb][bd][cb][cc][dd][de][df][ed][fc][fe][gb][ge][hc][he]AW[cd][ce][cf][db][dc][dg][eb][ec][ef][fb][fd][ff][gd])
(;N[571]C[基础题：黑先最佳着手]AB[ai][bb][bc][bd][bh][cb][ce][cf][ch][dd][df][dh][ee][ef][eh]AW[ah][be][bf][bg][bi][cc][cd][ci][db][dc][di][ec][gc])
(;N[572]C[基础题：黑先最佳着手]AB[fb][fc][fd][ga][gb][gf][hc][hd][hf]AW[ea][eb][ec][ed][fa][fe][gd][ha][hb][ic])
(;N[573]C[基础题：黑先最佳着手]AB[bd][ce][ch][da][dc][dd][de][df][dg][ea][eb][ec][eh]AW[bc][be][ca][cb][cc][cd][cf][cg][db][dh][di])
(;N[574]C[死活题：黑先净杀]AB[ad][ae][be][ca][ce][da][db][dc][dd][de]AW[ba][bb][bd][cb][cc][cd])
(;N[575]C[基础题：黑先最佳着手]AB[cb][cc][ce][da][dd][de][ea][fb][gc][he]AW[bd][be][cd][cf][db][dc][dh][eb][ec][ed][fc])
(;N[576]C[基础题：黑先最佳着手]AB[bf][ce][de][dg][ed][eh][fd][fg][ge]AW[bd][be][cd][db][dd][df][ee][ef][eg][fe])
(;N[577]C[基础题：黑先最佳着手]AB[gd][gf][gg][he][hg][ic][ig][jc][jg][kb][kc][kd][ke][kf]AW[fe][ff][fg][fh][ge][hd][hf][hi][id][if][jb][jd][je][jf][jh][kg][kh])
(;N[578]C[基础题：黑先最佳着手]AB[be][ca][cb][cc][cd][de][eb][ec][ed][ee][fd][ha][hb]AW[da][db][dc][ea][fb][fc][ga][gb][gd][hc][ib])
(;N[579]C[基础题：黑先最佳着手]AB[ab][ac][bc][bf][cd][ce][da][dd][ea][ec][ed][fb]AW[aa][bb][bd][be][bg][cb][cc][cf][cg][db][dc][eb])
(;N[580]C[基础题：黑先最佳着手]AB[bc][bf][cb][cc][ce][cf][de][dg][ed][fe][ff][he]AW[cg][ch][ci][db][dc][dd][df][ee][ef][ei][fc][fd][fh][hc][hg][id][jf])
(;N[581]C[对杀题：黑先胜]AB[ab][ae][bc][be][cb][ce][db][de][ec][ed]AW[ad][ba][bb][bd][cc][cd][dc][eb][fb])
(;N[582]C[基础题：黑先最佳着手]AB[ga][gb][hb][hc][jb][kc]AW[fa][fb][fc][gc][ha][hd][ic][id])
(;N[583]C[基础题：黑先最佳着手]AB[af][bc][be][bg][cc][ce][cg][dd][de][ef][ei][ff][fg][fh][fi]AW[bb][bf][bh][cb][cf][ch][dc][df][dg][di][ec][ed][ee][eg][eh])
(;N[584]C[基础题：黑先最佳着手]AB[bc][bd][be][cf][eb][ed][ef][fc][fd][ff][gb]AW[cd][dc][dd][ec][fb][gc][gd][ge][hb])
(;N[585]C[死活题：黑先净活]AB[ba][bd][cb][cd][dc][dd][de][eb]AW[ad][bb][bc][be][cc][ce][cg][df][ef][fb][fc][fe])
(;N[586]C[基础题：黑先最佳着手]AB[ab][af][bb][bd][cb][ce][db][dd][de][ec][fc][fe]AW[ac][bc][be][bf][cc][cd][cf][dc][df][eb][ef][fb][gb])
(;N[587]C[基础题：黑先最佳着手]AB[ae][bc][be][cb][cc][ce][db][dc][de][ed][ee]AW[aa][ab][ac][ad][bb][bd][ca][cd][dd][eb][ec][fc][fd])
(;N[588]C[死活题：黑先净活]AB[ac][bc][cb][cc][da][db]AW[aa][ad][bd][cd][dd][ea][eb][ec])
(;N[589]C[基础题：黑先最佳着手]AB[gd][gg][gh][hd][he][hf][id][ie][ig][ih][je]AW[fd][gc][ge][gf][hc][hg][ic][if][jd][jg][ke][kf])
(;N[590]C[基础题：黑先最佳着手]AB[gh][he][hi][ie][if][jb][jc][jd][jh][jj][ke][kf][kg]AW[gg][hc][hf][hh][id][ig][ih][je][jf][jg][kb][kc][kd])
(;N[591]C[基础题：黑先最佳着手]AB[be][ce][de][eb][ed][ef][eg][fb][ff][gc][gd][ge]AW[bc][cc][dc][df][dg][dh][ec][ee][eh][fc][fd][fg][gf][gg])
(;N[592]C[基础题：黑先最佳着手]AB[ab][bc][bd][cf]AW[aa][bb][cc][db])
(;N[593]C[死活题：黑先净活]AB[da][db][eb][fa][gb][gc][ha][hb]AW[ca][cb][cc][dc][ed][fc][fd][gd][hd][ia][ib][ic])
(;N[594]C[基础题：黑先最佳着手]AB[aa][ab][ac][ba][bc][ca][cb][cc][dd][de][ec][fb][fd]AW[ad][bd][bf][cd][cf][da][db][dc][eb])
(;N[595]C[基础题：黑先最佳着手]AB[ba][bc][ca][cb][db][dc][ea][ed][fc][fd][gc][hb][hd]AW[aa][ab][bb][bd][cc][cd][dd][eb][ec][fb][gb])
(;N[596]C[死活题：黑先净活]AB[ed][ee][ef][fd][ff][gc][gf][hc][he][hf][id]AW[dc][dd][de][df][dg][eb][eh][fb][fh][gb][ge][gh][hb][hh][ib][ig][ih][jc][jd][je][jf])
(;N[597]C[对杀题：黑先胜]AB[ad][bb][bd][ca][cd][cf][da][db][dc]AW[aa][ab][ac][bc][cc][dd][eb][ec][ed])
(;N[598]C[基础题：黑先最佳着手]AB[bb][bc][bd][bh][cb][ce][cf][dd][df][dh][ee][ef][eh]AW[be][bf][bg][cc][cd][cg][ci][db][dc][di][ec][ei][gc])
(;N[599]C[基础题：黑先最佳着手]AB[ab][bb][bc][ca][cb][cd][dd][ec][ed][fb][fc]AW[ac][bd][be][cc][cf][da][db][dc][eb][fa][ga][gb][gc])
(;N[600]C[基础题：黑先最佳着手]AB[ha][hb][hc][he][if][jb][jf][ka][kb][kc][kd][ke]AW[gc][gd][ge][hd][ia][ib][ic][ja][jc][jd][je])
(;N[601]C[基础题：黑先最佳着手]AB[bb][bc][cd][db][dc][dd][df][fa][ff][gf][ib][if][ja][ka][kb][kc][kd][ke]AW[ca][cb][cc][da][eb][ec][ed][fe][gd][ha][hb][hd][ia][id][jb][jc][jd])
(;N[602]C[基础题：黑先最佳着手]AB[eb][ed][fc]AW[cc][db][ec])
(;N[603]C[基础题：黑先最佳着手]AB[fe][ff][gc][gd][gg][hc][hg][ic][ig][jc][jd][jf][jg]AW[ge][gf][hd][he][hf][id][ie][if][je][kb][kc][kd][kf])
(;N[604]C[死活题：黑先净活]AB[ba][cb][cd][da][dc][dd][de][ec][ed][fa][fb][fc]AW[bb][bc][bd][be][cf][df][ee][fd][fe][ga][gb][gc])
(;N[605]C[死活题：黑先净活]AB[bb][bc][bd][ca][cb]AW[be][bg][cc][cd][ce][da][db][dc])
(;N[606]C[对杀题：黑先胜]AB[ca][cb][cc][cd][de][df][ec][ed][fb][fc][gb]AW[da][db][dc][dd][ee][fd][fe][ga][gc][hb][hd])
(;N[607]C[死活题：黑先净活]AB[ha][hb][hc][ib][id][ja][jb][jc]AW[fa][fb][fc][fd][ge][he][ie][jd][ka][kb][kc][kd])
(;N[608]C[基础题：黑先最佳着手]AB[bb][bc][cc][ce][cf][df][ed][ee][fc][gc][hb][hc][he]AW[cb][db][dc][dd][de][eb][ec][ef][eg][fb][fe][gb])
(;N[609]C[基础题：黑先最佳着手]AB[bb][bd][be][cb][cf][dg][eb][ec][ee][eg][fc][fd][fe][ga][gb][gc][gg]AW[ce][db][dc][dd][de][df][ea][ef][gd][ge][gf][ha][hb][hc])
(;N[610]C[基础题：黑先最佳着手]AB[ab][bb][be][cb][cc][cf][dd][de][df][dg][fe]AW[ac][ae][ag][bc][bd][bf][cd][cg][ch][db][dc][fc][hc])
(;N[611]C[基础题：黑先最佳着手]AB[cb][cc][db][dd][eb][ed][fa][fd][gd][ha][hc][hd][ib]AW[bb][bc][ca][cd][ce][dc][ea][ec][fb][fc][gb][gc][hb])
(;N[612]C[基础题：黑先最佳着手]AB[bb][bc][bd][cf][eb][ec][ef][ff][gc][gd][ge]AW[cb][cc][dd][ed][fb][fd][gb][hc][hd])
(;N[613]C[对杀题：黑先胜]AB[da][db][dc][dd][ee][fa][fe][gb][ge][hc][hd][id]AW[ea][eb][ec][ed][fd][gc][gd][ha][hb][ia][ic][jb][jc][kd])
(;N[614]C[基础题：黑先最佳着手]AB[bb][bc][ca][cb][cd][dd][ec][ed][fc]AW[bd][be][cc][ce][da][db][dc][eb][fa][gb][gc][gd])
(;N[615]C[基础题：黑先最佳着手]AB[db][dc][dd][de][ec][fe][ff][gd][hc][ib][ic][jd]AW[eb][fb][fc][fd][gb][ge][hb][hd][he][hg])
(;N[616]C[基础题：黑先最佳着手]AB[ba][bb][bc][cd][ce][dc][eb][ec][fc][ga][gb][gc]AW[ca][cb][cc][dd][ea][ed][fa][fb][fd][gd][ha][hb][hc][hd])
(;N[617]C[基础题：黑先最佳着手]AB[bb][bc][cc][ce][cf][df][ed][ee][fc][gc][hb][hc][he]AW[cb][db][dc][dd][de][eb][ef][eg][fb][fd][fe][gb])
(;N[618]C[基础题：黑先最佳着手]AB[ea][eb][ec][fd][fe][gb][ge][hc][hd]AW[ed][ee][ef][fa][fb][fc][gc][gd][hb][ib])
(;N[619]C[基础题：黑先最佳着手]AB[bd][be][cc][cf][cg][eb][ec][ed][fb][gc][gd][ge][gf]AW[ce][df][ee][eg][fc][fd][ff][fg][gb][gg][hb][hg][ic][ie])
(;N[620]C[基础题：黑先最佳着手]AB[dd][df][dg][ec][ed][ee][eh][ff][fh][gf][gh][hg][ig]AW[cd][ce][dc][de][eb][fc][fd][fe][fg][ge][gg][hf])
(;N[621]C[基础题：黑先最佳着手]AB[cc][cd][ce][db][df][eb][ef][fc][fd][ff][hc]AW[bb][bf][cb][cf][cg][dc][dd][de][ed][ee][fe][gd])
(;N[622]C[死活题：黑先净活]AB[ab][ac][bc][cb][cc][da][db]AW[ad][bd][cd][dc][dd][ea][eb][ec])
(;N[623]C[基础题：黑先最佳着手]AB[ea][fb][gb][gd]AW[eb][fa][ga][hb][ib][ja][jd])
(;N[624]C[基础题：黑先最佳着手]AB[be][cc][ce][dd][df][ec][ed][fd][ff]AW[bc][bd][cd][db][dc][de][eb][ee][fe][hd][hf])
(;N[625]C[基础题：黑先最佳着手]AB[fc][fd][gb][ge][hb][hc][he]AW[dc][eb][fb][gc][gd][hd][ic][ie][jd])
(;N[626]C[基础题：黑先最佳着手]AB[fa][gb][gc]AW[ga][hb][hc])
(;N[627]C[对杀题：黑先胜]AB[ac][ba][bd][ca][cd][da][db][dd][ed][fa][fb][fc][gc]AW[bb][bc][cc][dc][ea][eb][ec][fd][ff][gd][hb][hc][hd])
(;N[628]C[基础题：黑先最佳着手]AB[ac][bc][cc][cf][dd][df][fb][fc][fd][fe]AW[ab][ad][bb][bd][cb][cd][db][de])
(;N[629]C[基础题：黑先最佳着手]AB[bb][bd][cb][cc][dd][eb][ed][fb][fc][ga][gc][hb][hc]AW[da][db][dc][ea][ec][fa][fd][gd][ha][hd][ia][ib][ic])
(;N[630]C[基础题：黑先最佳着手]AB[ee][eg][fd][fh][gc][gi][hb][hg][hi][ib][id][if][jc][jd][je][jg][ji]AW[gf][gg][hc][hd][he][hf][ie][jf][kc][kd][ke][kf][kg])
(;N[631]C[基础题：黑先最佳着手]AB[ic][ie][jd]AW[id][jb][jc])
(;N[632]C[基础题：黑先最佳着手]AB[bc][be][cf][eb][ed][ef][fc][fd][ff]AW[cd][db][dc][dd][ec][gb][gc][gd][ge])
(;N[633]C[死活题：黑先净杀]AB[ae][be][ca][cb][ce][db][dc][dd][de]AW[ac][ba][bb][bd][cc][cd])
(;N[634]C[基础题：黑先最佳着手]AB[ba][ca][cb][cc][dc][ea][ed][fd][gb][gc][gd]AW[bb][bc][cd][db][dd][df][eb][ec][fa][fb][fc])
(;N[635]C[基础题：黑先最佳着手]AB[ab][ae][be][cb][ce][db][dc][dd][eb]AW[ac][ad][bb][bd][ca][cc][cd][de][ec][ed][ee][fb][fe][gc])
(;N[636]C[死活题：黑先净杀]AB[bc][bd][cb][ce][cf][db][dg][eb][ed][eg][fc][fg][gc][gg][hc][hd][he][hf][hg]AW[cd][dc][dd][de][ee][fd][ff][gd][ge][gf])
(;N[637]C[基础题：黑先最佳着手]AB[bf][cb][cf][de][df][ec][ed][eg][eh][fe][fh][ge][gh][hi]AW[bd][bg][cd][cg][dd][dg][ee][ef][ff][fg][gf][gg][hc][id])
(;N[638]C[基础题：黑先最佳着手]AB[ee][ef][eh][fd][fg][gh][hc][hf][hg][ib][if][je][jf][jg][kc][kd]AW[ge][gg][he][hh][id][ie][ig][ih][jd][jh][ji][ke][kf][kg])
(;N[639]C[基础题：黑先最佳着手]AB[ad][af][ag][bb][bc][bg][cb][cd][ce][cf][cg][db][ec]AW[ah][bd][be][bf][bh][cc][ch][dc][dd][de][df][dg])
(;N[640]C[基础题：黑先最佳着手]AB[ce][dc][dd][de][eb][ee][fe][gc][gf][gg][he]AW[cb][cc][cd][db][ec][ed][gd][ge][hc][hd][hf][if][jd])
(;N[641]C[对杀题：黑先胜]AB[ba][bb][bc][bf][bg][cc][ce][cf][db][dd][de]AW[ab][ac][ad][af][bd][be][cd][da][dc][eb][ec][fc])
(;N[642]C[基础题：黑先最佳着手]AB[ba][be][bf][cb][cc][cd][db][de][df][dg]AW[bb][bc][bd][ce][cf][cg][dc][dd][fc][fd])
(;N[643]C[基础题：黑先最佳着手]AB[bb][bc][cb][dc][dd][ec][ee][fc][fe][gd][ge][hc][hf]AW[cc][cd][ce][db][de][eb][ef][fb][fd][ff][gc][gf][hd][he])
(;N[644]C[基础题：黑先最佳着手]AB[bb][bc][cc][cd][ce][de][ec][ed][ee][gb][gc][gd][ge]AW[be][cb][cf][cg][db][dc][dd][eb][ef][fb][fc][fe][ff][gf][hc][hd][he])
(;N[645]C[死活题：黑先净杀]AB[bd][cc][ce][da][db][dc]AW[aa][bb][bc][ca][cb])
(;N[646]C[基础题：黑先最佳着手]AB[bd][be][cc][ce][da][db][dc][fa][gb][gc]AW[bb][bc][ca][cb][cd][dd][ea][ec][ed])
(;N[647]C[基础题：黑先最佳着手]AB[ba][bb][bc][ca][cd][ce][ec][ee]AW[bd][be][bf][cb][cc][da][dc][eb][gc])
(;N[648]C[死活题：黑先净活]AB[cb][cc][cd][da][dd][ea][ec][ee][fa][fc][fe][gb][gc][gd]AW[ba][bb][bc][bd][ca][ce][db][de][eb][ef][ff][ga][ge][gf][ha][hb][hc][hd])
(;N[649]C[基础题：黑先最佳着手]AB[ab][bb][bd][ca][cd][dd][ea][eb][ec]AW[ac][bc][cc][da][dc][ed][ee][fa][fb][fc])
(;N[650]C[死活题：黑先净杀]AB[ae][be][cb][ce][db][dc][dd][de]AW[ac][ad][bb][bd][cc][cd])
(;N[651]C[对杀题：黑先胜]AB[ab][ac][ad][bb][bd][cd][dd][ea][eb][ec][fc][fd]AW[ae][ba][bc][be][cc][ce][da][db][dc][de][ed][ee])
(;N[652]C[基础题：黑先最佳着手]AB[ab][ba][bc][bf][cc][cd][cf][dc][df][ec][ed][ef][fe][ge]AW[ae][bb][bd][be][cb][ce][db][dd][de][eb][ee][fc][fd])
(;N[653]C[基础题：黑先最佳着手]AB[bb][bc][bd][cf][ef][fb][ff][gc][gd][ge][hb]AW[db][dd][eb][ed][fa][fc][hc][hd][ib][jd])
(;N[654]C[对杀题：黑先胜]AB[ba][bb][bc][ca][cd][dd][ed][fc][gc][hd]AW[ac][bd][be][cb][cc][cf][db][dc][ea][ec][ee][fb][fd][fe])
(;N[655]C[对杀题：黑先胜]AB[bb][cb][cc][dd][de][ea][ee][fb][fc][fd]AW[ca][da][db][dc][ec][ed][fe][ga][gb][gc][gd][ge])
(;N[656]C[基础题：黑先最佳着手]AB[bb][bc][bd][ce][da][eb][ec][ef][fc][ff][gc][gd][ge]AW[cb][cc][db][dd][ea][ed][fb][fd][gb][hc][hd][jd])
(;N[657]C[死活题：黑先净活]AB[da][db][eb][ec][fc][gb]AW[ca][cb][cc][dc][ed][fd][gd][hb][hc][jb])
(;N[658]C[基础题：黑先最佳着手]AB[ea][eb][ec][fd][fe][gb][ge][ha][hd]AW[fa][fb][fc][ga][gd][hb][ib][ic])
(;N[659]C[死活题：黑先净活]AB[ca][cb][cd][ce][da][dc][de][eb][ec][ed][ee][fb]AW[bb][bc][bd][be][cc][cf][df][ef][fa][fe][ff][ga][gb][gc][gd])
(;N[660]C[基础题：黑先最佳着手]AB[cb][cc][ce][cg][db][ea][fd][gb][gc][gd][hb][ia][ib]AW[dc][eb][ed][ef][fa][fb][fc][fe][ga][ge][ha][he][id][jb][jc])
(;N[661]C[基础题：黑先最佳着手]AB[bd][be][cc][cf][cg][eb][ec][ed][ef][fb][ff][gc][gd][ge][gf]AW[ce][de][df][ee][eg][fc][fd][fe][fg][gb][gg][hb][hg][ic][ie])
(;N[662]C[基础题：黑先最佳着手]AB[bc][be][cf][ch][ea][eb][ec][ed][ef][fd][ff]AW[cb][cd][db][dd][de][fb][fe][gc][gd][ge])
(;N[663]C[基础题：黑先最佳着手]AB[be][ce][dc][dd][de][eb][fa][gb][hb][hc][hd]AW[ed][fb][fc][ff][ga][gc][gd][ge][he][ie][jb][jc])
(;N[664]C[死活题：黑先净活]AB[ab][ba][bb][cb][db]AW[ac][bc][cd][dd][eb][ec][gb])
(;N[665]C[基础题：黑先最佳着手]AB[cc][cd][de][ec][ee][fd]AW[be][ce][cg][dc][dd][eb][fc][gc][gd])
(;N[666]C[对杀题：黑先胜]AB[bc][bd][be][cf][dd][de][eb][ec][fa][gb]AW[ae][ba][bb][bf][bg][ca][cc][cd][ce][da][db][ea])
(;N[667]C[基础题：黑先最佳着手]AB[dc][eb][ed][ee][ff][fg][gc][gd][ge]AW[bc][cb][db][dd][ec][fc][fd][fe][gf][hf][ic][ie])
(;N[668]C[基础题：黑先最佳着手]AB[ba][bb][ca][cc][cd][dd][ed][fa][fb][fc]AW[ab][bc][cb][da][dc][ea][eb][ec][fd][gd][hb])
(;N[669]C[基础题：黑先最佳着手]AB[bb][bc][bd][cf][eb][ec][ef][fd][ff][gc][ge]AW[cb][cc][dd][ed][fb][gb][gd][hc][hd][jd])
(;N[670]C[基础题：黑先最佳着手]AB[dc][dd][eb][ed][fb][fd][gd][ha][hd][ib][ic]AW[be][cb][cc][db][ea][ec][fc][gb][gc][hb][hc])
(;N[671]C[基础题：黑先最佳着手]AB[ba][bb][bc][bd][cd][de][ec][ed][ee][fb]AW[be][ca][cb][cc][ce][cg][dc][dd][eb][fc][gb][gc])
(;N[672]C[基础题：黑先最佳着手]AB[bc][cc][cf][cg][dc][df][dh][ec][ee][eh][fc][fe][fg][gf][gg]AW[be][ce][dd][de][eb][ed][fb][gc][gd][ge])
(;N[673]C[基础题：黑先最佳着手]AB[ab][bc][cd][dc][dd][eb][ec][fd][ga][gb][gc]AW[bb][bd][bf][ca][cb][cc][ce][da][db][ea][fa][fb][fc])
(;N[674]C[死活题：黑先净杀]AB[ad][bd][cd][dc][dd][ea][eb][ec]AW[ab][ac][bc][cb][cc][da][db])
(;N[675]C[基础题：黑先最佳着手]AB[ab][bb][bc][cd][dc][dd][ec][fb][fc]AW[ba][bd][be][cb][cc][ce][da][db][ea][eb])
(;N[676]C[死活题：黑先净杀]AB[bb][bd][cc][dd][ed][fd][gd][ha][hb][hc]AW[ca][cb][db][dc][ec][fc][ga][gb])
(;N[677]C[基础题：黑先最佳着手]AB[ab][bb][bc][bd][ca][cd][db][dd][eb][ee][ff][gd][hc]AW[ac][ad][ae][be][cb][cc][ce][dc][de][ec][ed][fb][fd][gc])
(;N[678]C[基础题：黑先最佳着手]AB[bc][bd][ce][dc][de][ee][fb][fc][fd]AW[be][bf][cc][cd][cg][db][dd][ed][fe][ga][gb][gc][gd][ge])
(;N[679]C[基础题：黑先最佳着手]AB[de][ef][fb][fc][fd][fg][ge][gg][he][if]AW[cd][ce][cf][db][dc][fe][ff][gc][gd][gf][hf][id])
(;N[680]C[对杀题：黑先胜]AB[ab][ad][af][bc][bf][cb][cf][db][dc][df][ed][ee]AW[ae][ba][bb][be][cc][cd][ce][dd][eb][ec][fc])
(;N[681]C[基础题：黑先最佳着手]AB[dd][de][df][ec][fb][fc][fe][ff][gb][gd][hd]AW[cc][db][dc][dg][dh][di][ed][ef][eg][fd][fh][gc][ge][hb][hc])
(;N[682]C[基础题：黑先最佳着手]AB[bd][cb][cc][ce][da][dg][ea][eg][fb][fc][ff][gd][ge]AW[db][dd][eb][ed][ee][ef][fd][ga][gb][gc][hc][id])
(;N[683]C[基础题：黑先最佳着手]AB[ad][ba][bd][cb][cd][dd][ed][fa][fb][fc]AW[ab][ac][bb][ca][cc][da][ea][eb][ec][fd][gd][hb][hc])
(;N[684]C[基础题：黑先最佳着手]AB[gc][gd][hb][hd]AW[fc][fd][gb][hc][ic])
(;N[685]C[基础题：黑先最佳着手]AB[ge][gf][hb][hc][hd][jb][jc][jd]AW[ec][fb][fd][gc][ib][ic][id][ie][if][je][kc][kd])
(;N[686]C[基础题：黑先最佳着手]AB[cb][cc][db][dd][eb][ed][fa][fd][gd][ha][hc][hd][ib]AW[bb][bc][ca][cd][ce][da][dc][ec][fb][fc][gb][gc][hb])
(;N[687]C[基础题：黑先最佳着手]AB[bc][bd][cb][ce][cf][db][dc][df][ea][ed][ef][fb]AW[be][bf][bg][cc][cd][cg][dd][de][eb][ec][fc][fe][gc][ge])
(;N[688]C[基础题：黑先最佳着手]AB[cb][cc][cd][ce][db][df][ef][fc][fe][ff][gd]AW[be][cf][cg][dc][dd][de][ec][ee][fd][ge][hb][hc][hd][he])
(;N[689]C[基础题：黑先最佳着手]AB[bd][be][cb][cd][cf][db][dc][df][ec][fc][gd][ge]AW[ba][bb][bc][cc][ce][dd][de][ed][fb][fd][ff][gc][gf][hc])
(;N[690]C[死活题：黑先净活]AB[dc][dd][ea][eb][ec][ee][fa][fc][fd][fe][gb]AW[ca][cb][cc][cd][ce][df][ef][ff][ga][gf][ha][hb][hc][hd][he])
(;N[691]C[基础题：黑先最佳着手]AB[bg][cd][ce][cf][dc][dg][ec][eg][fc][ff][gd][ge][hd][id][ie]AW[bd][cb][cc][dd][de][df][ee][fe][fg][fh][gf][hg][if])
(;N[692]C[基础题：黑先最佳着手]AB[fd][fe][ff][fg][gb][gc][gh][hd][he][hh][id][ih][jg][jh]AW[gd][ge][gf][gg][hc][hf][hg][ic][ie][ig][jc][jf][kd][kf][kg])
(;N[693]C[死活题：黑先净活]AB[ca][cb][cc][cd][db][ea][eb][ec]AW[ba][bb][bc][bd][ce][de][ee][fa][fb][fc][fd])
(;N[694]C[基础题：黑先最佳着手]AB[ba][bb][bc][cc][db][dc][ec][fc][gc][hb]AW[ca][cb][da][ea][eb][fa][fb][gb][hc][hd][ib])
(;N[695]C[基础题：黑先最佳着手]AB[gb][hb][ic][ja][jc][kb]AW[fb][ga][gc][hc][ib][jb])
(;N[696]C[对杀题：黑先胜]AB[ba][ca][cb][db][dc][ea][ec][fc][gd][hb][hc][hd]AW[aa][bb][bc][cc][dd][eb][ed][fb][fd][gb][gc])
(;N[697]C[死活题：黑先净杀]AB[ac][ad][ae][be][ce][da][dd][ea][eb][ec][ee]AW[ab][ba][bc][bd][ca][cd][db][dc])
(;N[698]C[基础题：黑先最佳着手]AB[bg][cd][ce][cf][dg][ed][ee][ef][fc][fg][gc][hd]AW[cc][db][dd][de][df][eb][ec][fd][fe][ff])
(;N[699]C[基础题：黑先最佳着手]AB[bc][be][cb][ce][ci][dc][dd][di][ed][fc][fd][ff][fh]AW[bb][bd][cc][cd][cf][cg][db][de][df][eb])
(;N[700]C[对杀题：黑先胜]AB[ad][ah][be][bh][cd][ch][dd][de][dg][dh][ef]AW[af][ag][bb][bc][bd][bg][cc][ce][cf][cg][df])
(;N[701]C[基础题：黑先最佳着手]AB[ce][dd][de][df][ed][ee][fd][gb][gd][gg][hb][hc][hf][id][ie]AW[cc][cd][dc][ec][ef][fc][fe][ff][fg][gc][ge][gf][hd][he][ic][jc])
(;N[702]C[基础题：黑先最佳着手]AB[bc][bd][be][cf][cg][dc][dg][ee][ef][fd][fe]AW[cd][ce][db][dd][de][df][eb][ed][eg][ff][gc][gd][gf][he])
(;N[703]C[对杀题：黑先胜]AB[ba][bc][cb][cc][db][dd][ed][fd][ga][gb][gc]AW[ab][ac][ad][bb][bd][cd][cf][da][dc][ea][ec][fa][fb][fc])
(;N[704]C[基础题：黑先最佳着手]AB[cb][da][dc][ec][fd][gb][gc][gd]AW[bb][bc][cc][dd][eb][ed][fb][fc])
(;N[705]C[基础题：黑先最佳着手]AB[ad][bb][be][cc][ce][db][de][eb][ec][ed]AW[bc][bd][ca][cb][cd][dd][ee][fb][fc][fd][fe])
(;N[706]C[基础题：黑先最佳着手]AB[bb][bc][cb][dc][eb][ec][fc][gc]AW[cc][cd][db][dd][ed][fb][fd][gb][gd][hc])
(;N[707]C[对杀题：黑先胜]AB[bd][ca][cb][cc][dd][ed][fd][gc][ha][hc][hd]AW[cd][ce][da][db][dc][de][df][ea][eb][ec][fa][fc][gb][gd][ge][gf])
(;N[708]C[对杀题：黑先胜]AB[ac][ad][bd][ca][cd][ce][db][dc][de][eb]AW[ab][ba][bb][bc][cc][dd][ec][ed][fb][gc])
(;N[709]C[基础题：黑先最佳着手]AB[bd][cc][ce]AW[bc][cb][dc])
(;N[710]C[死活题：黑先净活]AB[ab][ac][bc][cb][da][db]AW[ad][bd][cd][dd][ea][eb][ec])
(;N[711]C[基础题：黑先最佳着手]AB[ab][ac][ae][bb][bf][cb][cc][dd][df][ed][ee]AW[ad][bc][bd][cd][ce][cf][dc][de][ec][fc])
(;N[712]C[基础题：黑先最佳着手]AB[bb][bc][cc][ce][cf][dc][df][ed][fc][gc][hb][hc][he]AW[cb][db][dd][de][eb][ec][ee][ef][eg][fb][gb])
(;N[713]C[基础题：黑先最佳着手]AB[bg][cb][cc][cd][cf][da][ea][eb][fc][gc][hd]AW[ca][db][dc][dd][de][ec][eg][fb][fd][gf][ie][jb][jc][jd])
(;N[714]C[基础题：黑先最佳着手]AB[be][cb][cf][db][dc][dd][de][df]AW[ag][bb][bf][bh][cc][cd][ce][cg][dg])
(;N[715]C[基础题：黑先最佳着手]AB[ac][bc][bd][bf][bg][cc][cg][dc][dg][ec][ef][eg][fd]AW[ad][ae][af][be][cd][cf][dd][de][df][eb][ed][ee][fc][ff][gb][gd])
(;N[716]C[基础题：黑先最佳着手]AB[cd][ce][cf][db][dc][ed][ef][fb][fc]AW[ac][bb][bd][cb][cc][dd][de][df][eg][gc][gd][gf])
(;N[717]C[基础题：黑先最佳着手]AB[bb][bd][be][cb][cf][dg][eb][ec][ee][eg][fd][fe][ga][gb][gc][gg][gh]AW[ca][db][dc][dd][de][df][ea][ed][fc][gd][ge][gf][ha][hb][hc][hg])
(;N[718]C[基础题：黑先最佳着手]AB[ga][gb][gc][hd][ia][id][jb][jc][jd]AW[fa][fb][fc][gd][ge][ha][hc][ib][ic])
(;N[719]C[基础题：黑先最佳着手]AB[bd][cd][dc][eb][fa]AW[fb][fc][ga][gd][hd])
(;N[720]C[基础题：黑先最佳着手]AB[bg][ce][cg][ci][dc][de][df][ee][ei][fb][ff][fh][gc][gg]AW[be][bf][cc][cd][cf][dg][ed][ef][eg][fe][ge])
(;N[721]C[死活题：黑先净活]AB[gd][ge][gf][gg][hd][hg][id][if][ig][jd][je][jf]AW[fc][fd][fe][ff][fg][fh][gc][gh][hc][hh][ic][ih][jc][jg][jh][kd][ke][kf])
(;N[722]C[基础题：黑先最佳着手]AB[ci][dj]AW[ck][cm][di][ei])
(;N[723]C[基础题：黑先最佳着手]AB[dd][de][df][ec][ee][fb][fc][ff][gb][gd][hd]AW[cc][ce][cf][db][dc][dg][dh][di][ed][ef][eg][fd][fe][fh][gc][hb][hc])
(;N[724]C[基础题：黑先最佳着手]AB[fb][gc][gd][hb][ic][jb][jc]AW[fd][gb][ge][hc][hd][ib][id][jd])
(;N[725]C[基础题：黑先最佳着手]AB[bd][be][cc][ce][da][db][dc][eb][fa][ga][gb][gc]AW[bb][bc][ca][cb][cd][dd][ec][ed][fb][fc])
(;N[726]C[基础题：黑先最佳着手]AB[ae][af][bb][bf][cc][cf][dd][df][ea][ee][fa][fb][fc][fd]AW[ad][bc][be][cb][cd][ce][da][db][de][eb][ec][ed])
(;N[727]C[基础题：黑先最佳着手]AB[ad][bd][bf][cc][ce][db][dc][df][ea][ec][fa][fb]AW[aa][ab][bb][bc][cb][cd][da][dd][ed][fc][fd][ga][gb][hc])
(;N[728]C[基础题：黑先最佳着手]AB[gc][gd][ge][he][hf][ie][kb][kc][kd][ke][kf]AW[gg][hg][ib][ic][id][if][ig][jc][je][jf][jg][kg])
(;N[729]C[基础题：黑先最佳着手]AB[bc][cb][dc][dd][de][df][eg][fd][fe][gd][hb][hd][ib][ic][id]AW[cg][db][dg][ea][ec][ee][ef][eh][fc][ff][fh][gb][gc][ge][gf][hc])
(;N[730]C[基础题：黑先最佳着手]AB[ck][dg][dh][di][ek]AW[bk][ch][ci][cj][ej][fk][gj])
(;N[731]C[死活题：黑先净杀]AB[ad][ae][be][ca][ce][db][dc][dd][de]AW[ac][bb][bd][cb][cc][cd])
(;N[732]C[基础题：黑先最佳着手]AB[cb][cc][cd][cf][ea][eb][fb][fc][ga][ha][hb][hc][hd]AW[db][dc][ec][ed][ee][fd][gb][gc][gd][he][ie][jb][jc])
(;N[733]C[基础题：黑先最佳着手]AB[cb][db][dc][dd][eb][ee][ef][gb][ge][hb][hc][he][id][ie]AW[bb][cc][cd][de][df][dg][ec][ed][eg][fb][fd][gc][gd][hd][ib][ic][jc][jd])
(;N[734]C[基础题：黑先最佳着手]AB[ac][bc][cc][cd][cf][dd][df][fb][fc][fd][fe]AW[ab][ad][bb][bd][cb][ce][db][dc][de])
(;N[735]C[基础题：黑先最佳着手]AB[cc][cd][cf][db][df][eb][ed][ee][fc]AW[ae][bd][bf][cb][ce][dc][dd][de][ec])
(;N[736]C[基础题：黑先最佳着手]AB[cb][cc][cd][ce][db][df][ef][fc][fe][ff]AW[bd][be][bf][cf][dc][dd][de][ec][ee][fd][ge][hc])
(;N[737]C[基础题：黑先最佳着手]AB[bc][bd][cc][db][df][eb][fc][fd]AW[bb][be][cb][cd][dc][de][ec][ed])
(;N[738]C[基础题：黑先最佳着手]AB[cb][cc][db][dd][de][eb][ee][fe]AW[bc][bd][cd][cf][dc][ec][ed][fd][hb][hc][hd])
(;N[739]C[基础题：黑先最佳着手]AB[fc][gb][gd][he][id]AW[fb][gc][ha][hb][hd][ie])
(;N[740]C[基础题：黑先最佳着手]AB[cb][cc][db][dd][de][eb][ee][fe][gc][gd]AW[bc][bd][cd][cf][dc][ec][ed][fb][fc][fd][hb][hc][hd])
(;N[741]C[基础题：黑先最佳着手]AB[bg][cd][ce][cf][dc][dg][ec][ef][eg][fc][ff][gd][hd][id][ie]AW[bd][be][cb][cc][dd][de][df][fe][fg][fh][ge][gf][he][hg])
(;N[742]C[基础题：黑先最佳着手]AB[bd][be][cf][ch][dd][df][eb][ec][fd][fe][ff][gg]AW[bc][cc][db][dc][dg][ee][ef][eg][fc][fg][gb][gd][ge][gf])
(;N[743]C[基础题：黑先最佳着手]AB[gc][gd][ge][he][hf][ie][kb][kc][kd][ke][kf]AW[gg][hg][ib][ic][id][if][ig][jc][jd][je][jg][kg])
(;N[744]C[基础题：黑先最佳着手]AB[ce][dc][dd][de][eb][ee][fe][gc][gf][gg][hd]AW[cb][cc][cd][db][ec][ed][fd][gd][ge][hc][hf][if][jd])
(;N[745]C[基础题：黑先最佳着手]AB[ce][cf][db][dc][de][df][dg][eb][ee][eg][fc][fg][gb][gd][ge][gf]AW[be][bf][cd][cg][ch][dd][dh][ec][eh][fd][fe][ff][fh][gg][gh])
(;N[746]C[基础题：黑先最佳着手]AB[bb][bf][cb][cc][cf][db][ea][ef][fa][ff][ga][hb][hc][hd][he]AW[bc][bd][cd][da][dc][dd][eb][ec][fb][fe][gb][gd])
(;N[747]C[死活题：黑先净杀]AB[da][db][dc][dd][de][ee][ff][gb][gf][hc][hf][ia][ib][id][ie]AW[ea][eb][ec][ed][fa][fc][fe][ga][gc][gd][ge][hb])
(;N[748]C[基础题：黑先最佳着手]AB[da][db][dc][dd][ee][fa][fb][fe][gb][ge][hc][hd][id]AW[ea][eb][ec][ed][fd][ga][gc][gd][ha][hb][ia][ic][jb][jc][kd])
(;N[749]C[基础题：黑先最佳着手]AB[da][db][ea][fb][gb][ha][hb][hc][ia][jb]AW[eb][ec][fa][fc][gc][hd][ib][ic][ja])
(;N[750]C[死活题：黑先净杀]AB[bc][cc][dc][ea][eb][ec]AW[ba][bb][cb][da][db])
(;N[751]C[死活题：黑先净杀]AB[ab][bc][bd][be][ce][de][ed][fb][fc][fd][hb]AW[bb][cb][cc][cd][da][dd][eb][ec][fa])
(;N[752]C[基础题：黑先最佳着手]AB[cb][cc][da][dd][ea][ed][fb][fd][gb][hc][hd]AW[bb][bc][bd][cd][cf][db][eb][ec][ef][fc][ff][gc][gd][ge])
(;N[753]C[死活题：黑先净活]AB[ab][ad][af][bb][bf][cc][cd][ce]AW[ba][bd][be][bg][bi][cb][cf][cg][db][dc][dd][de])
(;N[754]C[基础题：黑先最佳着手]AB[ab][bb][be][cb][cf][db][dc][de][df][ec][ef][fd][fg][gd][ge][gf][hd][hg][id][if]AW[ac][bc][cc][cd][ce][ch][dd][eb][ed][ee][eg][eh][fb][fc][fe][ff][fh][gc][hc][ic][jd])
(;N[755]C[基础题：黑先最佳着手]AB[ba][bb][cc][da][dc][ec][fd][gb][gc][gd]AW[ab][bc][bd][cd][dd][ea][eb][ed][fb][fc][ga][hb][ic][ie])
(;N[756]C[基础题：黑先最佳着手]AB[cc][ce][db][dc][fc][gd][hb][hc][hd][hf][id][ja][jb][jc]AW[da][eb][ec][ed][fa][fd][gb][gc][ha][ia][ib][ic][jd][kc][kd])
(;N[757]C[基础题：黑先最佳着手]AB[ea][eb][ec][fd][fe][gb][ge][hc][hd]AW[fa][fb][fc][ga][gc][gd][ib][ic])
(;N[758]C[基础题：黑先最佳着手]AB[bb][bd][be][cb][cf][dg][eb][ec][ee][eg][fc][fd][fe][ga][gb][gc][gg][gh]AW[ca][db][dc][dd][de][df][ea][fb][ff][gd][ge][gf][ha][hb][hc][hg])
(;N[759]C[基础题：黑先最佳着手]AB[ag][ah][bg][bj][bk][cg][ck][dh][dk][ei][ej]AW[ai][bh][bi][ch][cj][dg][dj][eh][ek][fh][fi][fk])
(;N[760]C[基础题：黑先最佳着手]AB[cb][de][ea][ed][ef][fb][fd][gc][gg][hg][ib][ic][id][ie][if]AW[bb][bc][cc][cd][db][dd][eb][ec][gb][hb][hc][hd][he][hf])
(;N[761]C[基础题：黑先最佳着手]AB[ba][bb][bc][cd][dd][eb][ed][fa][fc][fd]AW[bd][be][cb][cc][cf][da][dc][ea][ec][fb][gb][hb][hd])
(;N[762]C[死活题：黑先净活]AB[dd][de][df][ec][ef][fc][fe][gd][ge]AW[cc][cd][ce][cf][cg][db][dg][eb][eg][fb][ff][gb][gf][hc][hd][he][hf])
(;N[763]C[基础题：黑先最佳着手]AB[bc][bd][cb][ce][cf][db][df][ea][ed][ee][ef][fb]AW[be][bf][bg][cc][cd][cg][dc][dd][de][eb][ec][fe][gc][ge])
(;N[764]C[基础题：黑先最佳着手]AB[ba][bb][cc][da][db][dc][dd][fb][gb][gc][hc][hd][he]AW[ab][bc][bd][ce][de][eb][ec][ee][fa][fc][fd][gd])
(;N[765]C[基础题：黑先最佳着手]AB[bb][bd][ca][cc][dd][ed][fa][fe][gb][ge][hb][hc][jc]AW[db][dc][ea][ec][fb][fc][fd][gc][hd][ie][ig])
(;N[766]C[基础题：黑先最佳着手]AB[de][ee][fc][fd][ff][gc][hc][hd][hf][id][if][je]AW[ec][ed][fb][fe][gb][gd][ge][gf][hb][hg][ic][ih][jb][jd][kd])
(;N[767]C[对杀题：黑先胜]AB[ba][cb][db][dc][ea][ed][ee][fe][gc][gd][hb]AW[ac][bb][bc][ca][cc][cd][dd][eb][ec][fb][fc][fd][gb])
(;N[768]C[基础题：黑先最佳着手]AB[ca][db][dc][dd][de][ea][ed][ga][gd][ge][gf][hb][hc]AW[bb][bd][cb][ce][cf][dg][eb][ee][eg][fb][fc][fd][fe][fg][gb][gc])
(;N[769]C[基础题：黑先最佳着手]AB[bb][bd][ce][da][de][eb][ec][ed]AW[bc][cb][cd][db][dc][dd][ee][fd][fe][gb][gc])
(;N[770]C[基础题：黑先最佳着手]AB[ab][bb][bd][ca][cd][da][dd][ea][eb][ec]AW[ac][bc][cb][cc][db][dc][ed][ee][fa][fb][fc])
(;N[771]C[基础题：黑先最佳着手]AB[ba][bb][bc][bd][ca][dd][ea][ee][fa][fb][fc][fd][fe]AW[bf][cb][cc][cd][da][db][de][df][eb][ec][ed])
(;N[772]C[基础题：黑先最佳着手]AB[ab][ac][bb][bd][cd][dd][ed][fb][fc][fd]AW[ad][ba][bc][cb][cc][da][dc][eb][ec])
(;N[773]C[对杀题：黑先胜]AB[ae][be][cb][cd][ce][db][dc][eb][fa]AW[aa][ab][ac][bb][bc][bd][ca][cc][dd][ec][ed][fb][gb][gd])
(;N[774]C[死活题：黑先净活]AB[aa][ac][bc][ca][cb][cc]AW[ad][bd][cd][da][db][dc][dd])
(;N[775]C[基础题：黑先最佳着手]AB[fa][fb][fc][gc][hd][ia][ib][id][jb][jc][jd][kc]AW[eb][ec][ed][fd][ga][gb][gd][hb][hc][ic])
(;N[776]C[基础题：黑先最佳着手]AB[be][cd][ce][cf][da][dc][dd][ea][ee][ef][fa][fb][fc][fd]AW[ab][ad][bb][bc][bd][bg][ca][cc][ch][db][eb][ec][ed][eh][fe][fg][ge])
(;N[777]C[基础题：黑先最佳着手]AB[be][bf][bg][cd][cg][dd][dh][eh]AW[ag][bc][bd][bh][cc][ce][cf][ch][ci][de][dg][dj][eb][ef])
(;N[778]C[基础题：黑先最佳着手]AB[cj][di][dk][ei][ek][fi][gj]AW[bi][ci][dj][ej][fj][fl][gk])
(;N[779]C[基础题：黑先最佳着手]AB[db][eb][ed][ee][ef][fd][gc][hc][id]AW[cb][cc][ce][cg][dc][eg][fb][fc][ff][fg][gd][ge])
(;N[780]C[基础题：黑先最佳着手]AB[ba][bb][bc][cd][ce][db][de][ed][fc][fd]AW[bd][be][bf][cb][cc][dc][dd][ec][fb][gb][gc])
(;N[781]C[基础题：黑先最佳着手]AB[ca][cb][cc][da][db][dc][ec][fa][fb][fc][fd][ge][hb][hc][hd][he]AW[ba][bb][bc][cd][dd][eb][ed][fe][ff][ga][gb][gc][gd])
(;N[782]C[基础题：黑先最佳着手]AB[aa][ab][bb][bc][bd][be][cc][dd][ea][eb][ed][fb][fc][fd]AW[ba][ca][cb][cd][ce][da][db][dc][de][ee][fa][fe][ga][gb][gc][gd])
(;N[783]C[死活题：黑先净杀]AB[ca][cb][cc][cd][de][eb][ee][fb][fc][fd]AW[da][db][dc][dd][ed][fe][gb][gc][gd][ge])
(;N[784]C[死活题：黑先净活]AB[eb][fb][fc][gc][hb][ia][ib]AW[da][db][dc][ed][fd][gd][hd][id][ja][jb][jc])
(;N[785]C[基础题：黑先最佳着手]AB[bc][cb][cd][ce][df][ec][ee][fd][gc]AW[bf][cc][cf][db][dc][dd][de][ed][fc])
(;N[786]C[基础题：黑先最佳着手]AB[cd][db][dd][ea][ec][gc][gd][ge][ic]AW[be][cf][eb][ed][ef][fa][fc][fd][ff])
(;N[787]C[基础题：黑先最佳着手]AB[cb][cd][de][ee][fb][fc][fe][gb][gc][gd][hb][ic][jc][je]AW[ea][eb][ec][ed][fd][ge][gg][ha][hc][hd][he][ib])
(;N[788]C[基础题：黑先最佳着手]AB[bd][bf][db][dc][dd][de][df][dg]AW[be][cb][cc][cd][cf][cg][ch])
(;N[789]C[基础题：黑先最佳着手]AB[hd][ic][ie][jc][kd][ke]AW[gd][ge][he][if][jd][je])
(;N[790]C[基础题：黑先最佳着手]AB[ba][bb][bc][ca][cd][ce][de][ea][eb][ee]AW[bd][be][bf][cb][cc][da][db][dd][dg][ec][fc][fg][gb][gc][ge])
(;N[791]C[死活题：黑先净活]AB[cc][cd][dc][de][df][eb][ef][fb][fc][fe][gd][ge]AW[bc][bd][be][cb][cf][cg][db][dg][ea][eg][fa][fg][gb][gc][gg][hc][hd][he][hf])
(;N[792]C[基础题：黑先最佳着手]AB[bd][ce][db][dd][de][dg][ec][ee][fc][gc][gf][hd]AW[bc][cb][cc][cd][cg][dc][dh][ed][fd][ff][gd][ge])
(;N[793]C[基础题：黑先最佳着手]AB[ba][bb][bc][cc][da][dd][ed][fc][gc]AW[ac][bd][ca][cb][cd][cf][db][dc][eb][ec])
(;N[794]C[基础题：黑先最佳着手]AB[ac][bb][bc][bd][cc][da][db][eb][ec]AW[aa][ab][ad][ae][ba][be][ca][cd][ce][dc][dd][fb][fc][fd][fe])
(;N[795]C[基础题：黑先最佳着手]AB[ag][bb][bf][bh][cc][cd][ce][cg][dg]AW[bd][be][cb][cf][db][dc][dd][de][df])
(;N[796]C[基础题：黑先最佳着手]AB[cb][cc][ce][da][dd][de][ea][ee][fa][fb][gc]AW[bd][be][cd][cf][db][dc][eb][ec][ed][fc][fd][gb])
(;N[797]C[基础题：黑先最佳着手]AB[ce][cf][cg][dd][ed][ee][eg]AW[cc][cd][ci][dc][de][df][dg][di][ei][fb])
(;N[798]C[基础题：黑先最佳着手]AB[ad][af][ag][bb][be][bg][cb][cd][ce][cf][cg][da][dc][ea][eb][ec]AW[ab][ah][ba][bc][bh][ca][cc][ch][dd][de][df][dg][dh][ed][fa][fb][fc][fd])
(;N[799]C[基础题：黑先最佳着手]AB[ce][dc][dd][de][eb][ee][fe][gb][gc][gf][gg][he]AW[cb][cc][cd][db][ec][ed][fc][fd][gd][ge][hc][hf][if][jd])
(;N[800]C[基础题：黑先最佳着手]AB[cb][cd][dc][dd][eb][fc][gc][gd][ge]AW[bc][be][cf][ea][ec][ed][ef][fb][fd][ff])
(;N[801]C[基础题：黑先最佳着手]AB[cc][cd][db][de][ec][ee][gb][gd][hc]AW[bb][bc][bd][be][ce][dd][eb][ed][fc][gc])
(;N[802]C[死活题：黑先净杀]AB[ae][be][cd][cf][da][db][dc][dd]AW[ac][ad][ba][bd][ca][cb][cc])
(;N[803]C[基础题：黑先最佳着手]AB[he][hg][id][ih][jd][jh][ke][kf][kg]AW[hf][ib][ie][if][ig][je][jf][jg][kc][kd][kh][ki])
(;N[804]C[死活题：黑先净活]AB[cb][cc][dc][dd][eb][ec][fa][fc][gb]AW[ba][bb][bc][bd][ca][ce][db][de][ea][ed][fd][gc][hb][hc])
(;N[805]C[基础题：黑先最佳着手]AB[be][ce][db][dc][de][ec][ee][fc][ga][gb][gd][hd][ic]AW[ca][cb][cc][cd][da][ea][eb][fb][gc][hb][hc][id][jd])
(;N[806]C[基础题：黑先最佳着手]AB[cb][db][dc][dd][eb][ee][ef][gb][ge][hb][hc][he][id][ie]AW[bb][cc][cd][de][df][dg][ec][ed][eg][fb][fc][gc][gd][hd][ib][ic][jc][jd])
(;N[807]C[基础题：黑先最佳着手]AB[cd][ce][cf][cg][dg][eh][fd][fh][gd][ge][gf][gg]AW[bc][cc][dc][de][df][ed][ef][eg][fb][fc][fe][ff][fg])
(;N[808]C[死活题：黑先净杀]AB[ab][ae][be][cc][cd][ce][da][db][dc]AW[ad][bb][bc][bd][ca][cb])
(;N[809]C[对杀题：黑先胜]AB[ca][cb][cc][dd][eb][ed][fd][gb][gc][gd]AW[ad][bb][bc][be][cd][ce][db][dc][ea][ec][fc])
(;N[810]C[死活题：黑先净活]AB[da][db][dc][dd][ea][ec][ee][fa][fc][fd][fe][gb]AW[ca][cb][cc][cd][ce][de][ef][fb][ff][gc][gd][ge][gf][ha][hb])
(;N[811]C[基础题：黑先最佳着手]AB[bd][be][cb][cd][cf][db][dc][df][ec][fc][gd][ge]AW[ba][bb][bc][cc][ce][dd][de][eb][ed][ee][fb][fd][gc][gf][hc])
(;N[812]C[死活题：黑先净活]AB[da][db][eb][fc][ga][gb][gc]AW[ca][cb][cc][dd][ed][fd][gd][ha][hb][hc])
(;N[813]C[基础题：黑先最佳着手]AB[bc][bd][cb][ce][cf][da][df][eb][ed][ef]AW[be][bf][bg][cc][cd][cg][db][dc][de][ec][fe][gc][ge])
(;N[814]C[死活题：黑先净杀]AB[ad][ae][be][ce][da][dd][ea][eb][ec][ed]AW[ac][ba][bb][bd][ca][cd][db][dc])
(;N[815]C[基础题：黑先最佳着手]AB[ab][ac][bb][bd][ce][dd][ed][fb][fc][fd]AW[ad][ba][bc][cb][cc][da][dc][eb][ec])
(;N[816]C[死活题：黑先净杀]AB[ac][ad][ba][bd][cd][dd][ea][eb][ec][ed]AW[ab][bb][bc][cc][da][db][dc])
(;N[817]C[死活题：黑先净活]AB[ab][ac][ae][bb][bd][bf][cd][ce][cf]AW[ag][ba][bc][bg][cb][cg][db][dc][dd][de][df][dg])
(;N[818]C[对杀题：黑先胜]AB[ab][ad][bc][bd][cd][da][db][dc]AW[ae][ba][be][ca][cb][cc][ce][dd][de][ec])
(;N[819]C[对杀题：黑先胜]AB[gb][hb][ic][jc][kb]AW[fb][gc][hc][ib][jb])
(;N[820]C[基础题：黑先最佳着手]AB[cc][cd][dc][de][ec][ee][fe][gc]AW[bc][bd][ce][cf][dd][eb][ed][fa][fc][gb][hc])
(;N[821]C[基础题：黑先最佳着手]AB[bb][bf][cb][cc][db][df][ea][ef][fa][fb][ff][gc][gd][ge]AW[ab][ba][bc][bd][cd][dc][dd][eb][ec][ee][fd])
(;N[822]C[基础题：黑先最佳着手]AB[cd][dc][dd][eb][gc][gd][ge]AW[bc][be][cf][ec][ed][ef][fc][fd][ff])
(;N[823]C[基础题：黑先最佳着手]AB[bb][bc][ca][cc][ci][db][dd][ed][ee][fh]AW[cd][ce][cf][dc][de][ec][fd][fe])
(;N[824]C[基础题：黑先最佳着手]AB[fa][gb][hc][ic][jb]AW[dc][ec][fb][ga][ha][hb][ib])
(;N[825]C[基础题：黑先最佳着手]AB[ad][ah][be][bh][cd][ch][dd][de][dg][dh][ef]AW[ae][af][bb][bc][bd][bg][cc][ce][cf][cg][df])
(;N[826]C[基础题：黑先最佳着手]AB[bb][cb][dc][dd][ee][fc][fe][gd]AW[bc][bd][ce][de][ec][ed][fb][gc][hc])
(;N[827]C[基础题：黑先最佳着手]AB[be][cf][eb][ed][ef][fc][fd][ff]AW[cd][dd][ec][fb][gb][gc][gd][ge])
(;N[828]C[基础题：黑先最佳着手]AB[bc][be][bg][cc][cd][ce][df][dg][dh]AW[bb][bf][cb][cf][cg][ci][dc][dd][de][di][ef][eg][ei])
(;N[829]C[基础题：黑先最佳着手]AB[ee][ef][eh][fd][fg][gh][hc][hf][hg][ib][if][ih][je][jf][jg][kc][kd]AW[ge][gf][gg][he][hh][id][ie][ii][jd][jh][ji][ke][kf][kg])
(;N[830]C[基础题：黑先最佳着手]AB[cd][ce][cf][dd][df][eg][fd][fg][gd][ge][gf]AW[bc][cc][dc][de][eb][ed][ee][ef][fc][fe][ff])
(;N[831]C[基础题：黑先最佳着手]AB[bd][cd][cg][db][dc][de][eb][ee]AW[bc][cb][cc][da][ec][fb][gb][gd])
(;N[832]C[基础题：黑先最佳着手]AB[fa][fb][fd][gc][gd][ha]AW[eb][fc][ga][gb][hc][hd][ib])
(;N[833]C[基础题：黑先最佳着手]AB[cd][ce][cf][cg][ch][dc][de][ec][fc][fg][gd][gf]AW[bc][cb][cc][db][dd][df][dg][eb][ed][ee][eg][ei][fd][fe][ff][fi][gi])
(;N[834]C[基础题：黑先最佳着手]AB[ba][bb][be][cb][ce][da][de][ea][ec][ed][ee][fb][gc]AW[aa][ab][ad][bc][bd][cc][db][dc][dd][eb])
(;N[835]C[基础题：黑先最佳着手]AB[da][db][dc][dd][ed][fc][ga][gb][gc]AW[ea][eb][ec][fa][fd][gd][ha][hb][hc][hd])
(;N[836]C[基础题：黑先最佳着手]AB[ba][bb][bc][ca][cd][ce][de][df][ea][eb][ef][fe]AW[bd][be][bf][cb][cc][cf][da][db][dc][dd][ec][ee][gb][gc][gd])
(;N[837]C[基础题：黑先最佳着手]AB[ac][ad][bd][ca][cd][da][dc][ec][fb][fd]AW[ab][ba][bc][bf][cb][cc][ce][cf][dd][de])
(;N[838]C[基础题：黑先最佳着手]AB[ad][ba][bc][bd][be][bg][ca][cb][cd][cf][cg][db][ea][eb][ec][fb]AW[aa][ab][bb][bf][cc][ce][dc][dd][de][df][ed][fa][fc][fd][ga][gb])
(;N[839]C[基础题：黑先最佳着手]AB[bd][ca][cc][cd][cf][ch][da][db][ea][fa][fd][gb][gc][gd]AW[ba][bb][bc][cb][dc][dd][eb][ed][ef][fb][fc][fe])
(;N[840]C[基础题：黑先最佳着手]AB[bb][bc][cc][cd][ce][cf][de][ed][fc][gb][gc][hd]AW[ba][cb][da][db][dc][dd][eb][ec][ee][fe][fg][ge])
(;N[841]C[基础题：黑先最佳着手]AB[be][cf][cg][dg][ed][eg][fe][fg][ge][gf]AW[ce][ci][db][dd][de][df][ee][ef][ei][fc][ff][gg][gh][hc])
(;N[842]C[基础题：黑先最佳着手]AB[he][hg][id][je][jg][jh][ke][kf]AW[ie][if][ii][jd][jf][jk][kg][kh][ki])
(;N[843]C[基础题：黑先最佳着手]AB[be][ce][df][ef][fb][fe][ff][gc][gd][gf][hb][he][id][kc][kd][ke]AW[cc][cd][dc][de][eb][ed][ee][fc][fd][gb][hc][hd][ic][jc])
(;N[844]C[基础题：黑先最佳着手]AB[ad][bb][bd][ca][cd][cf][da][db][dc]AW[aa][ab][ac][bc][cb][cc][dd][ea][eb][ec][ed])
(;N[845]C[基础题：黑先最佳着手]AB[ba][bc][cb][cd][dd][eb][ec][fb]AW[ab][ad][bb][cc][da][db][dc][ed][fd][gb][gc])
(;N[846]C[基础题：黑先最佳着手]AB[cb][ce][dc][de][ec][ed]AW[bb][cd][cg][dd][df][eb][ee][ef][fc][fd])
(;N[847]C[基础题：黑先最佳着手]AB[bd][be][ca][cb][cc][cf][da][eb][fa][fb][gb][hc][hd]AW[ba][bb][bc][cd][db][dd][ec][fc][fe][gc])
(;N[848]C[基础题：黑先最佳着手]AB[bc][bd][cd][cf][dc][ec][ed][fc][hb][hc][hd]AW[cb][cc][db][dd][de][eb][ee][fb][fe])
(;N[849]C[基础题：黑先最佳着手]AB[bc][bd][cb][cc][ce][de][ea][ec][ed][fb][gc]AW[ad][bb][be][ca][cd][db][dc][dd][eb])
(;N[850]C[基础题：黑先最佳着手]AB[gb][hb][hc][id][ja][jb][jd][kc]AW[fb][fc][ga][gd][ha][hd][ia][ib][ic][jc])
(;N[851]C[基础题：黑先最佳着手]AB[ce][dc][dd][de][eb][ee][fd][fe][gc][gf][gg][he]AW[cb][cc][cd][db][ec][ed][fc][gd][ge][hd][hf][ic][if])
(;N[852]C[死活题：黑先净杀]AB[eb][fb][gc][gd][ge][hf][if][ja][jb][je][jf][kb][kc][kd]AW[fa][gb][ha][hc][hd][he][ib][ic][ie][jc][jd])
(;N[853]C[基础题：黑先最佳着手]AB[bd][bg][cb][cc][ce][cf][db][dg][eg]AW[bf][cd][cg][ch][dc][dd][de][df][di][eb][fc])
(;N[854]C[基础题：黑先最佳着手]AB[dc][dd][de][ea][ee][fd][ga][gb][gc]AW[bb][bc][bd][ce][db][eb][ec][ed][fa][fb][fc])
(;N[855]C[基础题：黑先最佳着手]AB[cb][cc][cd][cf][ea][eb][fa][fb][fc][ga][ha][hb][hc][hd]AW[da][db][ec][ee][fd][gb][gc][gd][he][ie][jb][jc])
(;N[856]C[基础题：黑先最佳着手]AB[be][ce][cf][dd][dg][eh][fe][fg][fh][gf]AW[bd][cb][cd][ch][dc][de][dh][ee][ef][eg][ff][gd])
(;N[857]C[对杀题：黑先胜]AB[ca][cb][cc][da][dc][ec][fa][fb][fc][fd][ge][hc][hd][he][ib]AW[ba][bb][bc][cd][dd][eb][ed][fe][ff][ga][gb][gc][gd])
(;N[858]C[基础题：黑先最佳着手]AB[bc][bd][be][ca][cb][cf][dd][df][ee][ef][fa][fb][fc][fd][ff]AW[cd][ce][da][db][de][ea][eb][ec][ed][fe][gb][gc][gd][ge])
(;N[859]C[死活题：黑先净杀]AB[ab][af][bf][ce][da][db][dc][dd][df][fb]AW[ad][ae][bc][be][ca][cb][cc][cd])
(;N[860]C[对杀题：黑先胜]AB[ad][bc][bd][cc][db][dd][eb][fb][gb][hb]AW[aa][ab][ac][bb][cb][da][dc][ea][ec][fa][fc][gc][hc][ia][ib][ic])
(;N[861]C[对杀题：黑先胜]AB[af][bd][bf][cb][cc][cf][db][df][eb][ed][ee][fc]AW[ab][ad][ae][bb][bc][be][ca][ce][dc][dd][de][ec][fb][gb])
(;N[862]C[基础题：黑先最佳着手]AB[ab][ac][af][bb][bd][ce][dd][ed][fb][fc][fd]AW[ad][ae][ba][bc][bg][cb][cc][da][dc][eb][ec])
(;N[863]C[基础题：黑先最佳着手]AB[cc][cd][dc][de][ee][fb][fd][fe]AW[bc][bd][ce][cf][dd][ed][fc][gb][gd][hc][hd])
(;N[864]C[基础题：黑先最佳着手]AB[bb][bc][bd][ce][dc][de][ed]AW[be][bf][cc][cd][cf][db][df][ec][ef][fc])
(;N[865]C[基础题：黑先最佳着手]AB[ae][ba][be][cb][cd][ce][db][dd][ec][ed]AW[ac][ad][bb][bc][bd][cc][da][dc][eb][fb][fc])
(;N[866]C[基础题：黑先最佳着手]AB[dd][de][eb][ec][ee][fe][gd]AW[bc][cd][ce][db][dc][ed][fc][fd])
(;N[867]C[基础题：黑先最佳着手]AB[ab][bc][cb][cc][dc][ed][fa][fb][fc][fd]AW[ad][ba][bb][bd][ca][cd][db][dd][ea][eb][ec])
(;N[868]C[死活题：黑先净活]AB[da][eb][fb][ga][gb][hb][ia][ib]AW[cb][db][ec][fc][gc][hc][ic][jc][ka][kb])
(;N[869]C[基础题：黑先最佳着手]AB[cb][de][ea][ed][ef][fb][fc][fd][gg][hg][ib][ic][id][ie][if]AW[bb][cc][cd][da][db][dd][eb][ec][gb][hb][hc][hd][he][hf])
(;N[870]C[对杀题：黑先胜]AB[ca][cb][cc][cd][ce][de][eb][ed][fb][fd][gc][gd]AW[da][db][dc][dd][ee][fa][fe][ga][gb][ge][hb][hc][hd])
(;N[871]C[基础题：黑先最佳着手]AB[gd][ge][gf][hb][hc][ia][jb][jc][jd]AW[dc][eb][fb][fc][gb][ha][ib][ic][id][ie][je][kc][kd][kf])
(;N[872]C[基础题：黑先最佳着手]AB[bb][bc][ca][cc][cd][da][de][ed][ee][fc][gc]AW[ac][ad][bd][bf][ce][db][dc][dd][df][ea][ec][fb])
(;N[873]C[基础题：黑先最佳着手]AB[bf][bg][cg][ch][db][de][dh][eb][ec][ed][eh][fb][fe][fg][gb][ge][gf][gg]AW[bd][be][cb][cc][cd][cf][dc][dd][df][dg][ee][ef][eg][ff])
(;N[874]C[死活题：黑先净杀]AB[ad][ae][af][bb][bc][bf][cf][df][eb][ef][fb][fc][fd][fe]AW[bd][be][ca][cc][ce][db][dd][de][ec][ed][ee])
(;N[875]C[对杀题：黑先胜]AB[cb][cc][cd][da][dd][ee][fa][fc][fd][gb]AW[ba][bb][bc][bd][ce][db][de][eb][ec][ed][fb][gc])
(;N[876]C[基础题：黑先最佳着手]AB[ab][ac][ae][bc][be][cb][cc][ce][dd][de]AW[aa][ba][bb][bd][bg][ca][cf][db][dc][df][ed][ee][ef][fc])
(;N[877]C[基础题：黑先最佳着手]AB[eb][ec][ed][ee][ff][fg][gb][gd][ge][hc][hd]AW[fb][fc][fd][fe][gc][gf][hb][he][hf][id][jd][kc])
(;N[878]C[死活题：黑先劫活]AB[bc][cb][cc][da][dc][ea][eb][ec][fa]AW[aa][ac][bb][bd][ce][dd][ed][fb][fc][fd][ga][hb])
(;N[879]C[死活题：黑先净活]AB[ab][ac][bb][cb][ea][eb][ec][fb]AW[ad][bc][be][cc][ce][dc][de][ed][fd][gb][gc])
(;N[880]C[基础题：黑先最佳着手]AB[ac][ae][bc][bd][be][bh][bi][ce][cf][ci][dg][dh]AW[ab][af][bb][bf][bg][cc][cd][cg][ch][de][df][ed])
(;N[881]C[基础题：黑先最佳着手]AB[be][cf][eb][ed][ef][fd][ff]AW[cd][dd][fb][fc][gc][gd][ge])
(;N[882]C[基础题：黑先最佳着手]AB[ae][ba][bb][bc][be][ce][db][dc][dd][ec][fc][gc]AW[ad][bd][ca][cb][cc][cd][da][de][df][dg][eb][fa][fb][gb][hc][hd])
(;N[883]C[对杀题：黑先胜]AB[ae][be][cb][cc][ce][da][dd][de]AW[ac][ad][ba][bd][cd][db][dc][ea][eb])
(;N[884]C[基础题：黑先最佳着手]AB[fc][gd][gf][hb][hc]AW[gb][ha][hd][ib][ic])
(;N[885]C[基础题：黑先最佳着手]AB[bd][cc][dd][de][ec][ef][eg][fc][fg][gc][ge]AW[bb][cb][db][dc][ed][ee][fd][ff][gd][he][hf])
(;N[886]C[基础题：黑先最佳着手]AB[bd][cb][cc][ce][da][dg][ec][eg][fb][fc][ff][ga][gd][ge]AW[db][dc][ea][eb][ed][ee][ef][fa][fd][gc][hc][id])
(;N[887]C[死活题：黑先净活]AB[ab][bc][cb][cc][da][dc][eb][ec]AW[ac][ad][ba][bb][bd][ce][dd][ed][fb][fc][fd])
(;N[888]C[基础题：黑先最佳着手]AB[bg][cd][ce][cf][dc][dg][ec][eg][fc][ff][gd][gf][hd][id][ie]AW[bd][be][cb][cc][ci][dd][de][df][di][ed][ef][fe][fg][fh][ge][he][hg][if])
(;N[889]C[基础题：黑先最佳着手]AB[bc][cb][cc][cd][de][eb][ec][ee][fd]AW[db][dc][dd][ed][fc][fe][gb][gc][hd])
(;N[890]C[基础题：黑先最佳着手]AB[cc][cd][ce][df][ec][ed][ef][fc][fe][ff][gd]AW[dc][dd][de][eb][fb][gc][hc][hd][he])
(;N[891]C[基础题：黑先最佳着手]AB[cc][cd][db][de][ec][ee][fe][gb][gd][hc]AW[bb][bc][bd][be][ce][dd][eb][ed][fc][fd][gc])
(;N[892]C[基础题：黑先最佳着手]AB[ec][fc][hb][ic][jc][kd][kf]AW[ed][fd][gb][gd][hc][id])
(;N[893]C[基础题：黑先最佳着手]AB[ad][bb][bd][ca][cd][da][dd][ea][eb][ec]AW[bc][cb][cc][db][dc][ed][fa][fb][fc][fd])
(;N[894]C[基础题：黑先最佳着手]AB[ab][bc][bd][ca][cb][ce][dd][de][ee][fc][fd]AW[ad][be][bf][cc][cd][cg][db][dc][ea][ec][ed][eg][fb][hb][hc][hd])
(;N[895]C[基础题：黑先最佳着手]AB[bc][cc][dc][de][ed][fb][fc]AW[bd][cd][ce][dd][eb][ec][ee])
(;N[896]C[基础题：黑先最佳着手]AB[cb][cd][ce][cf][db][dc][ec][ef][fd][gd]AW[bb][bc][cc][dd][de][df][ed][eg][fb][fc])
(;N[897]C[基础题：黑先最佳着手]AB[bf][cb][cc][cd][cg][dd][dg][eg][fd][fe][gb][gc][gd]AW[db][dc][de][df][ed][ef][fc][ff][fg][fh][ge][hg])
(;N[898]C[基础题：黑先最佳着手]AB[ba][bb][bc][ca][cd][ce][de][df][ea][eb][ef][ff][ge]AW[bd][be][bf][cb][cc][cf][da][db][dc][dd][ec][ee][fe][gc][gd])
(;N[899]C[基础题：黑先最佳着手]AB[be][ce][cg][dd][dg][eb][ec][ed][ef][fe]AW[bd][bg][cc][cd][ch][db][dc][de][df][dh][eg][fg])
(;N[900]C[基础题：黑先最佳着手]AB[ca][cb][cc][cd][da][de][eb][ee][fd]AW[ba][bb][bc][bd][be][ce][db][dc][dd][gb][gc])
(;N[901]C[死活题：黑先净杀]AB[db][dc][dd][de][df][eg][fg][gb][gg][hb][hc][hd][he][hf]AW[eb][ec][ed][ee][ef][fb][fd][ff][gc][ge])
(;N[902]C[死活题：黑先净活]AB[ea][eb][ec][ed][fe][ga][gb][gc][gd][ge]AW[ca][cb][cc][cd][de][ef][fc][ff][gf][hf][ia][ib][ic][id][ie])
(;N[903]C[基础题：黑先最佳着手]AB[ba][bc][cb][db][dc][ea][ed][fc][fd][gc][hb][hd]AW[ab][bb][bd][cc][cd][dd][eb][ec][fa][fb][gb])
(;N[904]C[基础题：黑先最佳着手]AB[ad][bd][bf][cc][dc][df][ec][fd][fe]AW[bb][bc][be][cd][cf][dd][de][ed][fb][fc][ff])
(;N[905]C[死活题：黑先净杀]AB[ae][be][ce][de][ea][eb][ec][ed]AW[ac][ba][bc][ca][cb][cc])
(;N[906]C[基础题：黑先最佳着手]AB[gb][ge][hb][hd][ic][id][jd][je][jf][jg][kc]AW[dd][fb][gc][hc][he][ib][jb][jc][kd][ke][kf][kg][kh])
(;N[907]C[基础题：黑先最佳着手]AB[bc][cc][cf][cg][dc][df][dh][ec][ee][eh][fc][fe][fg][gf][gg]AW[be][ce][de][eb][ed][fb][fd][gc][gd][ge])
(;N[908]C[死活题：黑先净活]AB[da][db][dd][de][df][ea][ec][ef][fb][fc][fd]AW[ca][cb][cc][cd][ce][cf][dc][dg][eg][ff][fg][gb][gc][gd][ge][ib])
(;N[909]C[基础题：黑先最佳着手]AB[ed][fe][ge][hb][hc][he][id][jd][kb][kc]AW[gc][gd][hd][ic][jc][je][kd][ke][kf])
(;N[910]C[基础题：黑先最佳着手]AB[cc][cd][ce][dd][df][ed][fb][fc][fe][ff][hc][he]AW[bc][cb][dc][dh][ea][eb][ec][ee][ef][eg][fd][gd][hd])
(;N[911]C[基础题：黑先最佳着手]AB[bg][cb][cc][cd][cf][da][ea][eb][fc][gc][hd]AW[db][dc][dd][de][ec][eg][fa][fb][fd][fe][gf][hf][ie][jb][jc][jd])
(;N[912]C[基础题：黑先最佳着手]AB[bb][bc][bd][cd][ed][fa][fb][fc][fd]AW[be][ca][cb][cc][ce][da][db][dd][df][ea][eb][ec])
(;N[913]C[基础题：黑先最佳着手]AB[ab][bb][bc][cd][dc][dd][eb][ec][fc]AW[ba][ca][cb][cc][db][ea][fb][ga][gb][gc][gd])
(;N[914]C[基础题：黑先最佳着手]AB[ba][bb][bd][cc][cd][ce][ea][ec][fc][gc]AW[be][bf][ca][cb][cf][da][dc][dd][df][eb][ed][gd][gf][hb][hc])
(;N[915]C[死活题：黑先净活]AB[ac][ae][bc][be][cb][cc][ce][dd][de]AW[aa][af][bb][bd][bf][ca][cf][db][dc][df][ed][ee][fc])
(;N[916]C[对杀题：黑先胜]AB[ba][bd][be][ca][cd][cf][db][dc][de]AW[bc][cb][cc][da][dd][ea][ed][fb][fc])
(;N[917]C[基础题：黑先最佳着手]AB[ba][bb][bc][ca][cd][ce][de][df][ea][eb][ef][fc][ff][ge]AW[cb][cc][da][db][dc][dd][ec][ed][ee][fe][gb][gc][gd])
(;N[918]C[死活题：黑先净活]AB[ca][cb][db][eb][fb][gb][ha][hb]AW[ba][bb][bc][cd][dd][ea][ed][gd][hd][ib][ic][kb])
(;N[919]C[基础题：黑先最佳着手]AB[ab][ac][ad][bb][bd][cb][cd][dd][ea][ec][fb][fc][fd][fe]AW[ae][ba][bc][be][ca][cc][ce][db][dc][de][eb][ed][ee])
(;N[920]C[基础题：黑先最佳着手]AB[da][db][dc][ea][ec][fc][fd][ge][gf][hb][hc][hd][ib][jb]AW[eb][fa][fb][gb][gc][gd][ha][he][ia][ic][ie][ja][jc][ka][kb][ke])
(;N[921]C[死活题：黑先净活]AB[aa][bb][cb][cc][da][db][dd][eb][ec][ed][fb]AW[ab][bc][bd][cd][cf][de][ee][fa][fc][fd][gb][hc])
(;N[922]C[对杀题：黑先胜]AB[bc][cd][db][dc][dd][ee][fb][fc][fd][fe]AW[ba][bb][bf][cb][cc][ce][da][de][ea][eb][ec][ed])
(;N[923]C[基础题：黑先最佳着手]AB[bd][be][cd][dc][df][ea][eb][ec][fd][gd][gf]AW[bc][cb][cc][ce][db][dd][de][dg][ed][fc][gc][hc])
(;N[924]C[基础题：黑先最佳着手]AB[cb][cc][db][dd][ea][ed][fb][fd][gb][hc][hd][jd]AW[bb][bc][bd][ce][da][eb][ec][ef][fc][ff][gc][gd][ge])
(;N[925]C[基础题：黑先最佳着手]AB[bd][be][cc][ce][da][db][dc][ea][fa][gb][gc]AW[bb][bc][ca][cb][cd][dd][eb][ec][ed][fb])
(;N[926]C[死活题：黑先净杀]AB[ba][bb][bc][cc][cd][dd][ed][fd][gc][gd][ha][hb][hc]AW[ca][cb][db][dc][ec][fa][fc][ga][gb])
(;N[927]C[基础题：黑先最佳着手]AB[bb][bd][cc][cd][de][ec][ed][ee][fa][fb][fc]AW[ae][ba][be][cb][ce][cg][db][dc][dd][ea][eb])
(;N[928]C[基础题：黑先最佳着手]AB[ad][bc][be][cc][ce][dc][df][ef][ff]AW[bb][bd][bf][bg][cb][cd][ch][cj][db][dd][ec][fd])
(;N[929]C[对杀题：黑先胜]AB[ba][ca][cb][cc][dc][ea][ed][fd][gb][gc]AW[bb][bc][cd][db][dd][eb][ec][fa][fb][fc])
(;N[930]C[对杀题：黑先胜]AB[ba][bc][cb][db][dc][ea][ed][fc][fd][gc][hb][hd]AW[ab][bb][bd][ca][cc][cd][dd][eb][ec][fb][gb])
(;N[931]C[死活题：黑先净杀]AB[ad][bd][cd][db][dc][dd][fb]AW[ab][ac][bc][cb][cc])
(;N[932]C[死活题：黑先净杀]AB[ba][bb][bc][cc][dc][ed][fd][gd][ha][hb][hc][hd]AW[ca][cb][db][ec][fa][fc][ga][gb][gc])
(;N[933]C[基础题：黑先最佳着手]AB[da][db][dc][dd][ea][ee][fb][fe][gb][gd][hc]AW[bb][bc][ca][cb][cd][ce][de][eb][ec][ed][fa])
(;N[934]C[死活题：黑先净杀]AB[ca][cb][cc][cd][ce][cf][dc][dg][eg][fg][gb][gc][gd][ge][gf]AW[da][db][dd][de][df][ea][ec][ef][fb][fc][fd])
(;N[935]C[基础题：黑先最佳着手]AB[ce][dd][de][df][ed][fd][ff][gb][gd][hb][hc][hf][id][ie]AW[cc][cd][dc][ec][ef][eh][fc][fe][fg][gc][ge][hd][he][ib][ic])
(;N[936]C[基础题：黑先最佳着手]AB[bc][cd][dc][dd][de][eb][ec][ed]AW[bb][bd][cc][ce][db][df][ee][fb][fc][fd])
(;N[937]C[基础题：黑先最佳着手]AB[bc][bf][bg][cb][cc][ce][cf][dd][dg][ed][fe][ff][he]AW[bh][cg][ch][db][dc][de][df][ee][eg][ei][fc][fd][fh][hc][hg][id][jf])
(;N[938]C[基础题：黑先最佳着手]AB[bb][bc][bd][ca][da][de][df][ea][fc][ff][ga][gc][hb][hc][hf][id][ie]AW[cc][db][ec][ed][fb][fd][gb][gd][hd][ib][ic][jc])
(;N[939]C[对杀题：黑先胜]AB[cc][cd][ce][cf][dc][dg][dh][ed][eh][fb][fc][fh][gd][ge][gf][gg]AW[dd][de][df][eb][ec][ef][eg][fd][fe][fg][gb][gc][gh][hc][hh][id][if])
(;N[940]C[基础题：黑先最佳着手]AB[ba][bb][cc][da][dc][ea][ec][fb][fd]AW[aa][ab][ac][ad][bc][be][cb][cd][db][eb])
(;N[941]C[基础题：黑先最佳着手]AB[ac][bc][cc][db][dc][ed][ee][fa][fb][fc]AW[ab][bb][bd][bf][ca][cd][dd][ea][eb][ec])
(;N[942]C[基础题：黑先最佳着手]AB[fd][fe][ge][hb][hc][he][id][jd][jf][kb][kc]AW[gc][gd][hd][ic][if][jc][je][kd][ke][kf])
(;N[943]C[基础题：黑先最佳着手]AB[ac][bb][bd][cd][da][db][dc][ec]AW[ba][bc][be][ca][cb][cc][ce][dd][de])
(;N[944]C[基础题：黑先最佳着手]AB[cd][db][dd][eb][gc][gd][ge]AW[be][cf][ec][ed][ef][fc][fd][ff])
(;N[945]C[基础题：黑先最佳着手]AB[bc][be][cb][cd][dd]AW[bd][cc][ce][db][de][ec][ed])
(;N[946]C[基础题：黑先最佳着手]AB[ac][bc][cc][cf][dd][df][fb][fc][fd][fe]AW[ab][ad][bb][bd][cb][db][dc][de])
(;N[947]C[基础题：黑先最佳着手]AB[cb][cc][cd][db][de][ee][gc][ge]AW[bb][bc][bd][be][ce][dc][dd][eb][ed][fc])
(;N[948]C[死活题：黑先净杀]AB[ac][bb][bd][cd][db][dd][ea][ed][fd][gc][ha][hb][hc]AW[ca][cc][da][dc][eb][ec][fb][fc][ga][gb])
(;N[949]C[基础题：黑先最佳着手]AB[bd][be][bf][ce][df][ed][ee][fb][fd][gc][gd]AW[bc][cb][cd][dd][de][ec][fc][gb][hb][hc])
(;N[950]C[基础题：黑先最佳着手]AB[bb][bc][cc][cd][ce][cf][ed][fc][fd][gb][gc][hd]AW[cb][db][dc][dd][df][eb][ee][fb][fe][ge])
(;N[951]C[基础题：黑先最佳着手]AB[bc][cc][cd][dd][ea][ee][fb][fe][gb][gd][hc]AW[bb][bd][be][cb][ce][dc][de][eb][ec][ed][fc][fd][gc])
(;N[952]C[基础题：黑先最佳着手]AB[bb][bd][ce][db][df][ee][fd]AW[bc][cb][cd][dc][dd][de][ed])
(;N[953]C[基础题：黑先最佳着手]AB[be][bf][bg][cd][cg][dd][dh][ee][eh][gi]AW[bc][bd][cc][ce][cf][ch][ci][de][df][dg][dj][eb][ef][fg])
(;N[954]C[基础题：黑先最佳着手]AB[bb][cb][db][ea][eb]AW[aa][ac][ba][bc][be][ca][cd][ce][da][ec][fa][fb][fd])
(;N[955]C[对杀题：黑先胜]AB[ba][bb][bc][cd][db][dd][ec][fc][fe][gc]AW[bd][be][ca][cb][cc][cf][da][eb][fa][fb][gb][hc][hd])
(;N[956]C[基础题：黑先最佳着手]AB[ab][ae][bc][be][cb][ce][db][dc][dd][eb]AW[ad][ba][bb][bd][cc][cd][da][de][ea][ec][ed][ee][fb])
(;N[957]C[对杀题：黑先胜]AB[ab][ba][bc][cc][dd][eb][ec][ed]AW[ac][ad][bd][cb][cd][ce][da][db][dc][de])
(;N[958]C[基础题：黑先最佳着手]AB[cd][ce][cf][db][dc][ed][ef][fb][fc]AW[ac][bb][bd][cb][cc][dd][de][ee][eg][gc][gd][gf])
(;N[959]C[基础题：黑先最佳着手]AB[be][cf][eb][ed][ef][fc][fd][ff]AW[cd][db][dd][ec][fb][gc][gd][ge])
(;N[960]C[死活题：黑先净活]AB[bc][bd][bf][bg][cd][ce][cf]AW[bb][bh][bj][cb][cc][cg][ch][dd][de][df])
(;N[961]C[死活题：黑先净杀]AB[be][cd][da][db][dc][dd]AW[ab][ac][ba][ca][cb][cc])
(;N[962]C[基础题：黑先最佳着手]AB[ab][ad][bb][bd][cb][db][de][ed]AW[ac][bc][cc][cf][dc][dd][df][fb][fc][fd][fe])
(;N[963]C[死活题：黑先净杀]AB[bd][cd][dd][ea][eb][ec]AW[aa][ac][ba][bb][cc][da][db][dc])
(;N[964]C[基础题：黑先最佳着手]AB[bc][bd][cb][ce][de][ee][fb][fc][fd]AW[be][bf][cc][cd][cg][db][dd][ec][ed][fe][gb][gc][gd][ge])
(;N[965]C[基础题：黑先最佳着手]AB[ba][bb][bd][cd][da][dc][eb]AW[ca][cb][cc][dd][ec][ed][fb][fc])
(;N[966]C[对杀题：黑先胜]AB[ba][bc][ca][cb][cc][dd][ed][fd][ga][gb][gc]AW[ab][ac][ad][bd][cd][cf][db][dc][ea][ec][fa][fb][fc])
(;N[967]C[基础题：黑先最佳着手]AB[bd][be][ca][cb][cc][cf][ea][eb][fb][gb][hc][hd]AW[ba][bb][bc][cd][da][db][dd][ec][fc][fe][gc])
(;N[968]C[基础题：黑先最佳着手]AB[ba][cb][cc][cd][dd][eb][ed][fb][fd][gb][hc][hd][jc]AW[bb][bc][bd][be][cf][db][dc][ec][ef][fc][ff][gc][gd][ge])
(;N[969]C[基础题：黑先最佳着手]AB[fa][fb][fc][fd][ga][ge][he][ia][id][ie][ja][jb][jc][jd]AW[ea][ec][ed][ee][fe][gb][gc][gd][ha][hb][hd][ib][ic])
(;N[970]C[基础题：黑先最佳着手]AB[ce][dc][dd][de][eb][ee][fd][fe][gb][gc][gf][gg][he]AW[cb][cc][cd][db][ec][ed][fb][fc][gd][ge][hc][hd][hf][if])
(;N[971]C[基础题：黑先最佳着手]AB[gc][gd][hd][ic][jc][kd][ke][kf]AW[fd][fe][ge][hb][hc][he][id][jd][kb][kc])
(;N[972]C[死活题：黑先劫活]AB[ab][bc][bd][cd][ce][dc][de][eb][ec][ed][ee]AW[ad][bb][be][bf][ca][cb][cc][cf][db][df][ea][ef][fb][fc][fd][fe])
(;N[973]C[基础题：黑先最佳着手]AB[bc][bd][cd][da][dd][ea][eb][ed][fc]AW[ab][bb][cc][db][dc][ec][fa][fb][gb][gc][gd])
(;N[974]C[对杀题：黑先胜]AB[ba][bc][cc][dd][ec][ed][ee][fb][fc]AW[ab][ca][cd][ce][da][db][dc][de][dg][eb][fa][gb][gc][gd])
(;N[975]C[基础题：黑先最佳着手]AB[cd][ce][db][dc][df][eb][ef][fe][ff][ga][gb][gc][gd][hd][id]AW[dd][de][ec][ed][ee][fa][fb][fc][fd][ge][ha][hb][he][ic][ie][jd])
(;N[976]C[基础题：黑先最佳着手]AB[bb][bd][cc][ce][db][df][ee]AW[cd][dc][dd][de][ed])
(;N[977]C[基础题：黑先最佳着手]AB[bd][ce][db][dd][de][dg][ec][ee][fc][gc][gf][hd][he]AW[bc][cb][cc][cd][cg][dc][dh][ed][fd][fe][ff][gd][ge])
(;N[978]C[基础题：黑先最佳着手]AB[cd][ce][db][dc][de][eb][ee][fc][gc][ge][hd]AW[dd][ec][ed][fd][fe][gf][he][ic][id])
(;N[979]C[基础题：黑先最佳着手]AB[cd][ce][cf][db][dc][dg][eb][ec][ef][fb][fd][ff][gd]AW[bb][bd][cb][cc][dd][de][df][ed][fc][fe][gb][ge][hc][he][ib])
(;N[980]C[基础题：黑先最佳着手]AB[fc][gb][hb][ic][jd][ke][kf]AW[hc][hd][ib][id][jb][je])
(;N[981]C[基础题：黑先最佳着手]AB[bb][bd][be][cb][cf][dg][eb][ec][ee][eg][fd][fe][ga][gb][gc][gg][gh]AW[db][dc][dd][de][df][ea][ed][ef][gd][ge][gf][ha][hb][hc][hg])
(;N[982]C[基础题：黑先最佳着手]AB[ba][bc][cc][db][dc][ed][fa][fb][fc][fd]AW[ab][ac][bb][bd][ca][cd][da][dd][ea][eb][ec])
(;N[983]C[基础题：黑先最佳着手]AB[bd][be][cb][cc][ci][dd][de][df][di][ee][fe][fg][fh][ge][he][hg][if]AW[bg][cd][ce][cf][dc][dg][ec][eg][fc][ff][gd][gf][hd][hf][id][ie])
(;N[984]C[对杀题：黑先胜]AB[bb][cb][cc][dc][ea][ed][fd][gb][gc][gd]AW[ac][bc][bd][cd][db][dd][eb][ec][fa][fb][fc])
(;N[985]C[基础题：黑先最佳着手]AB[bb][bc][ca][cc][db][dd][df][ed][ee][ef][fe][fg][gc][hc][he][hf]AW[bd][be][bf][cd][cf][dc][de][dg][eb][ec][eg][fd][ff])
(;N[986]C[基础题：黑先最佳着手]AB[bh][bi][ch][cj][dh][dj][ej][fg][fi][fj]AW[bj][bk][ci][ck][di][dk][eh][ei][ek][fh][gi][gk][hg][hi][hk])
(;N[987]C[基础题：黑先最佳着手]AB[bc][cb][cc][cd][de][eb][ec][ed]AW[ac][ad][bb][be][ca][ce][cg][db][dc][dd])
(;N[988]C[基础题：黑先最佳着手]AB[dd][df][ec][eg][fb][gb][ge][hb][hd][he][hf][ib][ic][if]AW[cf][ed][ee][ef][fc][fd][fe][fg][gc][gd][gf][hc][id][ie][jb][jc][ke])
(;N[989]C[基础题：黑先最佳着手]AB[cc][ce][dc][df][ec][fc][fe][gd][gf][gg][he][ie]AW[bf][cd][cg][dd][de][dg][ed][eg][fd][gc][gh][hb][hf][hg][hh][ic][jd][je][jf])
(;N[990]C[基础题：黑先最佳着手]AB[bb][bc][bd][cf][eb][ec][ef][fc][ff][gc][gd][ge]AW[cb][cc][da][dd][ed][fb][gb][hc][ib])
(;N[991]C[基础题：黑先最佳着手]AB[eb][ed][fa][fc][gc][ha][hd][ib][ie][jc][jd]AW[db][ec][fb][gb][hb][hc][ic][id][je][kc][kd])
(;N[992]C[基础题：黑先最佳着手]AB[eb][ec][fb][fd][gb][gd][hd][ib][ic][jd]AW[db][dc][ea][ed][ee][fa][fc][gc][hb][hc])
(;N[993]C[基础题：黑先最佳着手]AB[gd][ge][gg][hd][id][ig][jd][ke][kf]AW[hb][he][hf][hg][ie][jc][je][kc][kd])
(;N[994]C[基础题：黑先最佳着手]AB[bc][cc][db][dc][de][dg][ef][eg][fc][fg][gb][gd][ge][gf]AW[bd][be][cd][cf][ch][dd][df][eb][ec][fd][fe][ff])
(;N[995]C[基础题：黑先最佳着手]AB[be][ce][cf][dd][dg][ed][eh][fe][fg][fh][gf]AW[bd][cb][cd][dc][de][ee][ef][eg][fd][ff][gd])
(;N[996]C[基础题：黑先最佳着手]AB[ba][bb][be][ce][db][de][ea][ec][ed][ee][gc]AW[ab][ad][bc][bd][cb][cc][da][dc][dd])
(;N[997]C[基础题：黑先最佳着手]AB[dd][de][df][ec][fb][fc][ff][gb][gd][ge][hd]AW[cc][db][dc][dg][dh][di][ed][ef][eg][fd][fe][fh][gc][hb][hc])
(;N[998]C[基础题：黑先最佳着手]AB[bb][bc][ca][cb][cd][da][dd][de][fc][fd][gb][hb][ib]AW[bd][be][cc][ce][cf][db][dc][df][ea][ec][fb][ga][gc][hc][ic][jb][jc])
(;N[999]C[死活题：黑先净杀]AB[ae][bc][be][cd][cf][da][db][dc][dd]AW[ab][ad][ba][bb][bd][cb][cc])
(;N[1000]C[基础题：黑先最佳着手]AB[cb][cc][da][dc][ed][fa][fb][fd][gd]AW[bb][bc][bd][cd][db][dd][eb][ec])
(;N[1001]C[基础题：黑先最佳着手]AB[cb][de][ea][ed][ef][fb][fc][fd][gc][gg][hg][ib][ic][id][ie][if]AW[bb][bc][cc][cd][db][dd][eb][ec][ga][gb][hb][hc][hd][he][hf])
(;N[1002]C[基础题：黑先最佳着手]AB[da][db][dc][ec][fc][fd][ge][gf][hb][hc][hd][ib][jb]AW[eb][fa][fb][gb][gc][gd][ha][he][ia][ic][ie][jc][ka][kb][ke])
(;N[1003]C[死活题：黑先净活]AB[cc][cd][ce][dc][de][ed][ee][ef][eg][fg][ge][gf][gg]AW[bc][bd][be][bf][cb][db][dg][dh][eb][eh][fb][fe][fh][gc][gd][gh][he][hf][hg])
(;N[1004]C[基础题：黑先最佳着手]AB[ba][ca][cb][cc][dc][ea][eb][ga][gb][hc][ic][id][ie]AW[bb][bc][cd][dd][ec][ed][fb][fc][gc][gd][hb])
(;N[1005]C[基础题：黑先最佳着手]AB[cb][cc][db][dd][eb][ed][fa][fd]AW[bb][bc][ca][cd][ce][da][ea])
(;N[1006]C[基础题：黑先最佳着手]AB[bd][cb][cc][ce][da][dg][eg][fb][fc][ff][gd][ge]AW[db][dd][eb][ed][ee][ef][fd][gc][hc][id])
(;N[1007]C[基础题：黑先最佳着手]AB[ab][bb][cb][cc][da][dd][de][ec][fc][gb][gc]AW[ac][bc][bd][bf][ca][cd][db][dc][eb][fa][fb][ga])
(;N[1008]C[基础题：黑先最佳着手]AB[fe][ff][gd][gf][hc][hg][ib][ic][if]AW[fc][fd][ge][he][hf][id][jb][jc][je][kd])
(;N[1009]C[基础题：黑先最佳着手]AB[ce][cf][ch][dd][dg][dh][ed][fe]AW[bg][cc][cd][cg][de][df][eb][eg][ff][gf][hd])
(;N[1010]C[基础题：黑先最佳着手]AB[cf][cg][db][df][eb][ec][ed][ee][fb][fe][fh][gf][gh][hf][hg]AW[bb][bd][cb][dc][dd][de][dg][ef][eg][fc][fd][ff][fg][gb][gd][ge][gg][hh][ic])
(;N[1011]C[基础题：黑先最佳着手]AB[cf][cg][db][df][dh][eb][ec][ed][ee][eh][fb][fe][gf][hf][hg]AW[bb][bd][cb][dc][dd][de][dg][ef][eg][fc][fd][ff][fg][gb][gd][ge][gg][hh][ic])
(;N[1012]C[死活题：黑先净杀]AB[ae][be][ca][cd][cf][da][db][dc][dd]AW[ab][ad][ba][bd][cb][cc])
(;N[1013]C[基础题：黑先最佳着手]AB[ae][bb][bc][bd][be][cb][cf][de][df][ed][gc][hd]AW[bf][bg][cc][cd][ce][cg][db][dg][ec][ef][fd][ff])
(;N[1014]C[基础题：黑先最佳着手]AB[dd][de][ec][fb][gc][gd]AW[ed][fc][fd][ff][gb][hb][hc][he])
(;N[1015]C[基础题：黑先最佳着手]AB[gc][gd][ge][hf][ie][kb][kc][kd][ke][kf]AW[gg][hg][ib][ic][if][ig][jc][je][jf][jg][kg])
(;N[1016]C[基础题：黑先最佳着手]AB[cd][ce][dc][df][eb][ec][ee][fc][gd][ge]AW[bc][ca][cc][cg][db][dd][dg][ed][eg][fd][fe][fg][hg])
(;N[1017]C[基础题：黑先最佳着手]AB[ec][ed][fb][fd][gb][gd][hd][ib][id][jc]AW[db][dc][eb][fc][gc][hc][ic][jb][jd][kb][kd])
(;N[1018]C[基础题：黑先最佳着手]AB[bb][bc][cc][cd][ce][cf][dc][ed][fc][gb][gc][hd]AW[cb][db][dd][de][eb][ec][ee][fb][fe][ge])
(;N[1019]C[基础题：黑先最佳着手]AB[bj][cj][dh][di][dk][ek][fh][fk][gg][gk][hg][hh][hi][hj]AW[cg][ch][ci][df][dj][eh][ej][ff][fg][fj][gf][gh][gi][gj])
(;N[1020]C[死活题：黑先净杀]AB[bd][be][ce][da][de][ea][eb][ec][ed]AW[ac][ba][bb][bc][ca][db][dc][dd])
(;N[1021]C[基础题：黑先最佳着手]AB[ab][bc][cb][cc][da][dc][ed][fb][fc][fd]AW[ac][ad][ba][bb][bd][ca][cd][dd][df][ea][eb][ec])
)