((;N[1]C[基础题：黑先最佳着手]AB[ba][bb][bc][bd][ce][da][db][de][ed][ee][fb][fc][fd][fe]AW[be][bf][cb][cc][cd][cf][dc][dd][df][eb][ec][fa][gb][gc][gd])
(;N[2]C[对杀题：黑先胜]AB[ab][ac][ae][bd][bf][cd][ce][db][dc][eb]AW[ba][bc][cb][cc][da][dd][ed][fb][fc])
(;N[3]C[基础题：黑先最佳着手]AB[ge][hb][he][hg][ib][ic][id][ig][ih][jh][kh][kj]AW[fc][fd][fe][ff][fh][hc][hd][hh][hi][if][ij][jb][je][jg][kc][kd][kf][kg])
(;N[4]C[手筋题：黑先最佳着手]AB[bc][bd][be][ce][da][dd][eb][ed][fc]AW[ac][bb][ca][cc][cd][db][dc][fb][gb][gc][gd])
(;N[5]C[对杀题：黑先胜]AB[bc][bd][be][ca][cb][cf][dd][df][ee][ef][fa][fb][fc][fd]AW[cd][ce][db][de][ea][eb][ec][ed][fe][gc][gd][ge])
(;N[6]C[对杀题：黑先胜]AB[cc][db][dd][eb][ec][ed][fe][gb][gc][gd][ge]AW[ac][bb][bd][be][cb][cd][da][de][ee][fa][fb][fc][fd])
(;N[7]C[手筋题：黑先最佳着手]AB[ab][bb][bc][cd][dc][dd][eb][ec][fc]AW[ba][cb][cc][db][ea][fb][ga][gb][gc][gd])
(;N[8]C[对杀题：黑先胜]AB[bb][bc][cc][ce][dd][ec][ee][fb][fe]AW[cb][db][dc][ed][fc][fd][gc][ge][hc][he][id])
(;N[9]C[对杀题：黑先胜]AB[ad][bb][bd][cc][cd][dc][ec][fb][gb][gc][gd]AW[ae][ba][be][cb][ce][da][db][dd][eb][ed][fc][fd])
(;N[10]C[基础题：黑先最佳着手]AB[ab][ac][ad][ae][be][cb][ce][dc][de][ec][ed][fc]AW[aa][ba][bb][bc][bd][ca][cd][db][dd][ea][eb][fb][gc][gd])
(;N[11]C[基础题：黑先最佳着手]AB[cc][cd][ce][db][df][eb][ed][ef]AW[bd][be][cf][cg][dd][de][dg][ec][fd][ha][hb][hc][hd])
(;N[12]C[基础题：黑先最佳着手]AB[bc][bd][cb][cd][db][dd][eb][ed][fe][ge][hd]AW[ab][ba][bb][cc][dc][ec][fb][fc][fd][gd])
(;N[13]C[对杀题：黑先胜]AB[bb][be][cc][cd][ce][dd][eb][ec][fb]AW[ab][bc][bd][cb][db][dc][ed][fd][gb][gc])
(;N[14]C[对杀题：黑先胜]AB[bb][bc][cd][dd][df][ed][fb][fc]AW[cb][cc][dc][ec][fd][gb][gc][gd])
(;N[15]C[对杀题：黑先胜]AB[ab][ba][cb][cc][dc][ed][fc][fd][ga][gb][gc]AW[bb][bc][bd][cd][db][dd][eb][ec][fa][fb])
(;N[16]C[死活题：黑先净活]AB[ag][be][bg][cd][ce][cf][cg][db][dc][dg][eb][ef][fb][fe][gb][gc]AW[ac][bb][bd][bh][cb][cc][ch][dd][de][df][dh][ec][eg][fc][ff][fg][gd][ge][gf][hb][hc])
(;N[17]C[手筋题：黑先最佳着手]AB[cd][ce][cf][dc][de][eb][ec][fd]AW[bb][bc][bd][ca][cc][db][dd][ed][ee][gg])
(;N[18]C[基础题：黑先最佳着手]AB[cc][da][db][ec][ed][ee][fe][gd][ha][hb][hc][hd]AW[ea][eb][fb][fc][fd][gb][ge][he][ia][ib][ic][id])
(;N[19]C[手筋题：黑先最佳着手]AB[bh][ch][ck][di][dj]AW[bg][cg][ci][dh][eh])
(;N[20]C[对杀题：黑先胜]AB[ab][bc][bd][cd][dd][eb][ed][fb][fc]AW[bb][cc][db][dc][ec][fd][fe][gb][gc])
(;N[21]C[对杀题：黑先胜]AB[bb][cb][cc][cd][de][eb][ed][fc]AW[bc][bd][ce][cf][db][dc][dd][ea][fb])
(;N[22]C[基础题：黑先最佳着手]AB[ec][ed][fc][hb][id][jc][jd][kb][kd]AW[cc][de][ee][fd][gd][hd][ib][ic][ie][jb])
(;N[23]C[基础题：黑先最佳着手]AB[bb][bc][bd][cc][ce][db][ec][ed][fa][fb][fc]AW[cb][da][dc][dd][de][ee][fd][ga][gb][gc])
(;N[24]C[手筋题：黑先最佳着手]AB[ce][dc][dd][de][eb][ee][fe][gc][gf][gg][he]AW[cb][cc][cd][db][ec][ed][gb][gd][ge][hc][hf][if][jd])
(;N[25]C[基础题：黑先最佳着手]AB[ac][ae][bc][bd][bf][ce][cf][eb][ec][fd][gc]AW[ab][bb][bg][cb][cc][cd][cg][dg][ed][ee][ef])
(;N[26]C[对杀题：黑先劫]AB[bc][bd][cd][dc][dd][eb][ec][fc][fe][gb][gd]AW[bb][bf][cb][cc][cf][db][ea][ef][fb][ff][ga][gc][hc][hd][he][ib])
(;N[27]C[基础题：黑先最佳着手]AB[bb][bc][bd][bg][ce][cf][cg][ef][eg]AW[ag][ba][be][bf][bh][cb][cc][cd][ch][dh][ec])
(;N[28]C[手筋题：黑先最佳着手]AB[bd][cd][cf][dc][eb][ec][ed][fa][hb][hc]AW[cb][cc][db][dd][de][ee][fb][fd][fe][ga])
(;N[29]C[对杀题：黑先胜]AB[ba][bb][cc][dc][de][ed][fa][fd][gb][gc]AW[cb][db][ea][eb][ec][fc][gd][hb][hc][hd])
(;N[30]C[基础题：黑先最佳着手]AB[ba][cb][cc][cd][dd][eb][ed][fb][fd][gb][hc][hd][jc]AW[bb][bc][bd][be][cf][db][ea][ec][ef][fc][ff][gc][gd][ge][hb])
(;N[31]C[手筋题：黑先最佳着手]AB[fc][ga][gb][gc][hd][ib][ic][id][jd][kc]AW[ha][hb][hc][ia][ja][jb][jc][jf][ka][kb][kd][ke])
(;N[32]C[基础题：黑先最佳着手]AB[ab][ad][ba][bd][cd][dd][ea][eb][ec][fc][fd]AW[ae][bb][bc][be][cb][ce][da][db][dc][de][ed][ee])
(;N[33]C[对杀题：黑先胜]AB[ad][bb][bd][cd][da][dd][ea][eb][ec]AW[ab][ac][bc][ca][cc][db][dc][ed][fc][fd][gb])
(;N[34]C[对杀题：黑先胜]AB[ab][bc][bd][cd][ce][dc][de][eb][ee]AW[bb][cb][cc][dd][ec][ed][fc][fe][gd][hb][hc])
(;N[35]C[基础题：黑先最佳着手]AB[cc][cd][ce][df][ed][ef][fg]AW[bc][bd][be][cb][cf][cg][de][dh][eb][ec][fe][gc][he])
(;N[36]C[基础题：黑先最佳着手]AB[bc][bd][cd][dc][dd][eb][ec][fa][fe][gd]AW[bb][bf][cb][cc][cf][db][ea][ef][ff][ga][gb][hc][hd][he])
(;N[37]C[基础题：黑先最佳着手]AB[ad][bd][ca][cd][cf][db][dd][ea][eb][ec]AW[ac][ba][bb][bc][cc][dc][ed][fa][fb][fc][fd])
(;N[38]C[手筋题：黑先最佳着手]AB[dc][ed][ee][fa][fe][ga][gb][gc][gd]AW[bc][be][cb][cd][db][dd][ea][fb][fc][fd])
(;N[39]C[基础题：黑先最佳着手]AB[cd][db][dd][eb][gc][gd][ge]AW[be][cf][dc][ec][ed][ef][fd][ff])
(;N[40]C[手筋题：黑先最佳着手]AB[eb][ee][gc][gd][ge][hf][hg][ib][ic][id][ie]AW[cc][ce][dc][ec][fc][gb][hb][hc][hd][he][if][jf][kc][ke])
(;N[41]C[死活题：黑先净活]AB[ca][cb][cc][da][eb][ec][ed][fe][gd][ha][hd][ia][id][jb][jc][jd]AW[bb][bc][cd][db][dc][dd][df][ff][gb][gf][ib][if][ja][ka][kb][kc][kd][ke])
(;N[42]C[基础题：黑先最佳着手]AB[dd][de][ee][fe][gb][gc][gd]AW[bf][cc][cd][dc][ed][fb][fd][ge][he][ic])
(;N[43]C[对杀题：黑先胜]AB[bc][bd][ce][dc][de][ee][fb][fc][fd]AW[cc][cd][db][dd][ed][fe][gb][gc][gd][ge])
(;N[44]C[手筋题：黑先最佳着手]AB[cb][cc][da][dc][ed][fa][fd][gc][gd][hc][jc][kc]AW[bb][bc][cd][db][dd][eb][ec][ee][fc][fe][ge][hd][id])
(;N[45]C[基础题：黑先最佳着手]AB[be][cb][cf][db][dc][de][df][dh][eb][ef][eg][fc][fe][fh][gc][gd][gf]AW[bb][bd][bf][cc][cd][ce][cg][dd][dg][di][ec][ed][ee][eh][ei][fd])
(;N[46]C[对杀题：黑先胜]AB[ad][bb][be][bf][ce][dd][ec][ed][fd]AW[bc][bd][bg][cb][cd][cg][db][dc][de][df])
(;N[47]C[手筋题：黑先最佳着手]AB[cb][dc][ec][fa][fc][ga][gb][hc][ib][id][ie]AW[bb][ca][cc][cd][dd][ea][eb][fb][fd][ff][gc][gd][hd])
(;N[48]C[对杀题：黑先胜]AB[ba][bd][be][ca][cb][cc][ce][db]AW[ab][ad][bb][bc][cd][dd][ea][eb][ec])
(;N[49]C[基础题：黑先最佳着手]AB[bd][cd][dc][df][ea][eb][ec][fd][ff][gd]AW[bc][cb][cc][db][dd][ed][ee][ef][fc][gc][hc])
(;N[50]C[基础题：黑先最佳着手]AB[ba][bb][be][cd][db][dc][de]AW[bc][bg][cb][cc][da][df][eb][ef][fc][fe])
(;N[51]C[基础题：黑先最佳着手]AB[bb][bd][be][cb][cf][dg][eb][ec][ee][eg][fd][fe][ga][gb][gc][gg][gh]AW[ca][db][dc][dd][de][df][ea][ed][fb][gd][ge][gf][ha][hb][hc][hg])
(;N[52]C[基础题：黑先最佳着手]AB[ba][bb][bc][ca][cd][dd][ed][fa][fc][fd]AW[cb][cc][da][dc][ea][ec][fb][gb][gc])
(;N[53]C[对杀题：黑先胜]AB[cb][cc][cd][db][de][ec][ee][fe][ga][gd][ha][hb][hc][hd]AW[ba][bb][bc][bd][be][ce][dd][eb][ed][fa][fc][fd][gb][gc])
(;N[54]C[对杀题：黑先胜]AB[cc][cd][da][dd][df][ea][eb][ec][ee]AW[aa][ab][ac][ba][bc][cb][db][dc][ed][fb][fd][gc])
(;N[55]C[对杀题：黑先劫]AB[ec][fb][fc][ga][gd][hd][id][jb][jc]AW[cb][da][dc][eb][fa][gb][hc][ia][ib])
(;N[56]C[基础题：黑先最佳着手]AB[bb][bc][bd][bg][ca][cc][db][dg][di][ec][ef][eg][fe][gc]AW[be][cd][cf][dc][dd][df][eb][fb][fd][gb][hc])
(;N[57]C[基础题：黑先最佳着手]AB[bd][cc][cd][ch][db][dc][de][df][dh][eg][fg]AW[be][ce][cg][dd][dg][ec][ed][ef][eh][fe])
(;N[58]C[手筋题：黑先最佳着手]AB[cd][ce][dc][de][dg][eb][ec][fe][gd]AW[bc][bd][ca][cc][db][dd][ed][fd][ff][hb][hc][hd][he])
(;N[59]C[基础题：黑先最佳着手]AB[bb][bc][cb][cd][ce][db][de][eb][fb][fd]AW[bd][be][bf][cc][cg][dc][dd][ed][fc][gb][ge][hd])
(;N[60]C[手筋题：黑先最佳着手]AB[eb][fa][fc][fd][fe][fg][ge][hd][ic][id]AW[dc][de][dg][fb][gb][gc][gd][hc][he][hf][ib][je][kc][ke])
(;N[61]C[对杀题：黑先胜]AB[eb][ec][fc][gd][hd][ib][id][jb][jc]AW[fb][fd][fe][gc][hb][hc][ic][jd][kb][kc][kd])
(;N[62]C[基础题：黑先最佳着手]AB[ad][be][cb][cc][ce][dd][ed][ef][fd]AW[bb][bc][bd][cd][dc][gc][gd])
(;N[63]C[对杀题：黑先胜]AB[ba][bd][ca][cb][cd][cf][db][dc]AW[ac][bc][cc][da][dd][ea][eb][ec][ed])
(;N[64]C[基础题：黑先最佳着手]AB[ce][fe][ff][gb][gc][gd][gf][ha][ie][if][jb][jc][jd][je]AW[cc][fb][fc][fd][ge][hb][hc][he][ia][ib][ic][id])
(;N[65]C[基础题：黑先最佳着手]AB[fc][ge][gf][hf][id][ie][jc][kb]AW[hc][hd][he][ic][if][ig][je][kc])
(;N[66]C[对杀题：黑先胜]AB[ae][bb][be][ce][da][db][dc][de][ed][ee]AW[ab][ad][bc][bd][cd][dd][ea][eb][ec][fc][fd])
(;N[67]C[手筋题：黑先最佳着手]AB[gc][gd][hb][he][ie][jc][jd]AW[hd][ib][ic][id][je][kd][ke])
(;N[68]C[基础题：黑先最佳着手]AB[bb][bf][cb][cc][cf][db][ea][ef][fb][ff][hc][hd][he]AW[bc][bd][cd][dc][dd][eb][ec][fc][fe][gd])
(;N[69]C[基础题：黑先最佳着手]AB[bc][cb][cc][ce][cf][ed][gc][ge][hb][hc][he]AW[bb][ca][da][dc][eb][ec][ee][ef][fd][fg][gb])
(;N[70]C[基础题：黑先最佳着手]AB[cc][cd][ce][dc][df][dg][fe][fg][gb][gf][hb][hc][hd][he][hf][hg]AW[dd][dh][eb][ed][ef][eg][eh][fb][fc][ff][gc][ge][gg][gh])
(;N[71]C[对杀题：黑先胜]AB[ba][be][bf][ca][cc][cd][da][dc][eb][ec][gc]AW[ab][ae][bb][bd][bg][cb][ce][cg][db][de][ed])
(;N[72]C[对杀题：黑先胜]AB[aa][ae][ba][be][cb][ce][da][db][dc][de][eb][ed][ee]AW[ab][ad][bb][bd][cc][cd][dd][ec][fc][gb][gc])
(;N[73]C[基础题：黑先最佳着手]AB[ab][bb][be][bi][cc][cd][ce][ci][dh][di]AW[ba][bf][bh][cb][cg][ch][db][dc][dd][ef][eg])
(;N[74]C[基础题：黑先最佳着手]AB[bd][cc][cd][ce][cf][db][dd][eb][fc][fe]AW[ab][ba][bc][cb][dc][de][ec][ed][ee][hc][he])
(;N[75]C[基础题：黑先最佳着手]AB[cc][cd][db][dd][eb][ee][fe][hc][hd]AW[bb][bc][bd][cb][dc][ec][ed][fb][fd][gc])
(;N[76]C[基础题：黑先最佳着手]AB[dc][dd][di][ec][ee][ef][ei][fi][gb][ic]AW[de][df][dg][ed][eg][fd][fe])
(;N[77]C[基础题：黑先最佳着手]AB[ah][bh][ce][ch][da][dc][dd][de][df][dg][ea][eb][ec]AW[ag][be][ca][cb][cc][cd][cf][cg][db])
(;N[78]C[手筋题：黑先最佳着手]AB[ac][ae][bb][bc][be][ca][cb][ce][da][de][ed][fc]AW[ad][bd][cc][cd][db][dc][dd][ea][eb][ec][ga][ia][ib])
(;N[79]C[手筋题：黑先最佳着手]AB[cc][cd][dc][de][ee][fb][fe][gc]AW[bc][bd][ce][cf][dd][ed][fc][gb][gd][hd])
(;N[80]C[手筋题：黑先最佳着手]AB[ad][ae][af][bc][bg][cc][cg][ci][dc][de][dh][ec][ed]AW[be][bf][cb][cd][ce][db][dd][dg][eb][ee][eg][fc][fd][fe])
(;N[81]C[基础题：黑先最佳着手]AB[bg][cb][cc][cd][cf][da][eb][fc][gc][hd]AW[db][dc][dd][de][ec][eg][fb][fd][gf][ie][jb][jc][jd])
(;N[82]C[手筋题：黑先最佳着手]AB[bd][bf][cd][cf][dc][de][eb][ec][eg][fd][ff]AW[bb][bc][bh][ca][cc][ch][db][dd][df][ed][ee][ef])
(;N[83]C[基础题：黑先最佳着手]AB[be][ce][ci][dc][dd][di][ed][fc][fd][ff][fh]AW[bb][bd][cc][cd][cf][cg][db][df][eb][ec])
(;N[84]C[基础题：黑先最佳着手]AB[bc][bd][cd][ce][dc][de][eb][ee]AW[cb][cc][dd][ec][ed][fc][fe][gd][ge][hb][hd])
(;N[85]C[手筋题：黑先最佳着手]AB[ie][if][ig][jd][kd][ke]AW[ic][id][ii][jc][je][jf][ji][ki][lb])
(;N[86]C[基础题：黑先最佳着手]AB[bb][cb][cc][cd][dc][dd][ee][ef][fa][fb][fc][fd]AW[ba][bc][bd][be][ca][ce][cg][da][de][ea][eb][ec][ed])
(;N[87]C[基础题：黑先最佳着手]AB[bb][bc][bd][ca][de][df][ea][fc][ff][ga][gc][hc][hf][id][ie]AW[cc][eb][ec][ed][fb][fd][gd][hd][ic][jc])
(;N[88]C[基础题：黑先最佳着手]AB[bd][bf][cd][cf][dc][de][eb][ec][fd][ff]AW[bb][bc][ca][cc][db][dd][ed][ee][ef][gc][hc][he][hf])
(;N[89]C[基础题：黑先最佳着手]AB[ab][ad][bb][bd][cc][dc][ec][fb][ga][gc][hb][hc]AW[be][cb][cd][ce][db][dd][eb][ed][fc][fd])
(;N[90]C[对杀题：黑先胜]AB[ba][bb][bc][bd][be][ca][ce][dd][eb][ed][fa][fd][gb][gc]AW[cb][cc][cd][da][db][de][ec][ee][fe][ga][gd][ha][hb][hc][hd])
(;N[91]C[基础题：黑先最佳着手]AB[bd][cc][dd][de][ec][ef][eg][fc][fg][gc][ge]AW[bb][cb][db][dc][df][dg][dh][ed][ee][ff][gd][hd][hf])
(;N[92]C[对杀题：黑先胜]AB[ca][cb][cc][dd][eb][ed][fd][gb][gc][gd]AW[bb][bc][be][cd][ce][dc][ea][ec][fb][fc])
(;N[93]C[对杀题：黑先胜]AB[ab][bc][bd][cd][db][dd][ec][fa][fb][fc]AW[ba][bb][cb][cc][dc][ed][fd][ga][gb][gc])
(;N[94]C[对杀题：黑先胜]AB[bd][be][ca][cd][cf][da][db][dc][de]AW[ac][ba][bc][cb][cc][dd][ed][fa][fb][fc])
(;N[95]C[对杀题：黑先胜]AB[bc][bd][ce][dc][de][ee][fb][fc][fd]AW[cd][db][dd][ec][ed][fe][gb][gc][gd][ge])
(;N[96]C[基础题：黑先最佳着手]AB[cc][cd][db][dd][eb][gc][gd][ge]AW[be][cf][dc][ec][ed][ef][fb][fd][ff])
(;N[97]C[对杀题：黑先胜]AB[bb][bg][cd][ce][cf][db][dc][eb]AW[ba][bh][cb][cc][ch][dd][de][df][dg][fb][fc][fd][gc])
(;N[98]C[基础题：黑先最佳着手]AB[be][cf][eb][ed][ef][fd][ff]AW[cd][db][dd][ec][gc][gd][ge])
(;N[99]C[对杀题：黑先劫]AB[ad][ae][be][cb][ce][da][dd][de][eb][ec][fb][gb][gc]AW[ac][bb][bc][bd][cc][cd][db][dc][ed][fc][fd][gd][hb][hc])
(;N[100]C[对杀题：黑先劫]AB[ba][bc][bd][be][ce][dd][de][ec][fa][fb][fc]AW[bb][bf][ca][cc][cd][cf][da][db][dc][df][eb][ed][ee][ef])
(;N[101]C[对杀题：黑先胜]AB[fa][fb][fc][gc][hd][ib][id][jb][jd][kc]AW[dc][eb][ed][fd][gb][gd][ha][hb][hc][ic])
(;N[102]C[手筋题：黑先最佳着手]AB[ac][ba][bb][bc][bf][cb][dc][dd][ec][ee]AW[ad][bd][cc][cd][cf][da][db][eb][fb][gc])
(;N[103]C[死活题：黑先净活]AB[bb][bc][ca][cc][cd][ce][de][ec][ed][ee][fb][fc]AW[be][cb][cf][cg][db][dc][dd][eb][ef][fa][fe][ff][ga][gb][hc][he])
(;N[104]C[基础题：黑先最佳着手]AB[ab][ac][bc][be][cb][cd][db][eb][ee][fc][fd]AW[bb][bd][ca][cc][dc][dd][de][ec][ed][fb][gb][hc])
(;N[105]C[基础题：黑先最佳着手]AB[bc][be][cf][ec][ed][ef][fb][fd][ff]AW[cd][db][dc][dd][fc][gc][gd][ge])
(;N[106]C[对杀题：黑先胜]AB[fb][ga][gb][gc][hd][id][jc][jd][kb][kc]AW[eb][ec][fd][gd][ha][hb][hc][ic][jb][ka])
(;N[107]C[死活题：黑先净杀]AB[ba][bb][be][ce][de][ea][ec][ed][ee][gc]AW[ab][ad][bc][bd][cb][cc][dc][dd])
(;N[108]C[基础题：黑先最佳着手]AB[ab][bc][cb][cc][dc][ed][fa][fb][fc][fd]AW[ad][ba][bb][bd][ca][cd][dd][ea][eb][ec])
(;N[109]C[对杀题：黑先胜]AB[ab][bb][be][cb][cf][cg][db][de][ec][ed][ee]AW[ae][bc][bf][ca][cc][cd][ce][da][dc][dd][eb][fc][gb])
(;N[110]C[基础题：黑先最佳着手]AB[bc][cc][cf][cg][dc][df][dh][ec][ee][ef][eh][fc][fg][gf][gg]AW[be][ce][dd][de][eb][ed][fb][fe][ff][gc][gd][ge])
(;N[111]C[基础题：黑先最佳着手]AB[ba][bb][bc][ca][cd][ce][de][df][eb][ef][fe]AW[bd][be][bf][cb][cc][cf][da][db][dd][ec][ee][gb][gc][gd])
(;N[112]C[基础题：黑先最佳着手]AB[bc][bd][be][cf][ec][ed][ef][fb][fc][fd][ff]AW[cd][db][dc][dd][eb][gb][gc][gd][ge])
(;N[113]C[基础题：黑先最佳着手]AB[ab][ac][ba][bb][cb][cc][dc][ed][fd][gb][gc][gd]AW[ad][bc][bd][be][cd][da][db][dd][de][ea][ec][fa][fb][fc])
(;N[114]C[对杀题：黑先胜]AB[gb][hb][hc][id][ja][jd][kc]AW[fb][fc][gd][hd][ia][ib][ic][jc][kb])
(;N[115]C[基础题：黑先最佳着手]AB[cf][cg][db][df][eb][ec][ed][ee][fb][fe][fh][gf][hf][hg]AW[bb][bd][cb][dc][dd][de][dg][ef][fc][fd][ff][gb][gd][ge][gg][gh][hh][ic])
(;N[116]C[手筋题：黑先最佳着手]AB[bb][cc][cd][ce][cf][df][dh][eg][fd][fg][gb][gf][hc][hd][hf][id][jf]AW[cb][db][dc][dd][de][ef][fc][ff][gc][gd][gg][gh][hb][ib][ic][ih][jd][kd])
(;N[117]C[基础题：黑先最佳着手]AB[cb][cc][cg][dd][de][df][fd][fe][ff][gc][hc][id]AW[dc][dh][eb][ed][ee][ef][fb][fc][gd][ge])
(;N[118]C[基础题：黑先最佳着手]AB[ac][ad][bd][cc][cd][cf][db][de][eb][fa][fb]AW[ab][ba][bb][bc][cb][dc][ea][ec][fc][ga][gb][gc][ge])
(;N[119]C[手筋题：黑先最佳着手]AB[gd][ge][gg][hd][id][ig][jd][ke][kf]AW[hb][he][hg][ie][if][ii][jc][je][ji][kc][kd][kh])
(;N[120]C[对杀题：黑先胜]AB[af][bd][bf][cb][cc][cf][cg][dc][dd][de][dg][eg][fg]AW[ab][ad][ae][bb][bc][be][ca][ce][db][df][eb][ec][ef][fe][ff][gc])
(;N[121]C[手筋题：黑先最佳着手]AB[aa][ab][ac][ad][bd][cd][db][dd][ea][ec][fc]AW[bb][bc][ca][cc][da][dc][eb][fb][ga][gc][hb][hc])
(;N[122]C[基础题：黑先最佳着手]AB[bd][bf][cc][cd][db][dd][eb][ef][fc][fe]AW[ab][ba][bc][cb][dc][de][ec][ed][ee][gf][hc][hd])
(;N[123]C[对杀题：黑先胜]AB[ab][ac][ad][ae][bc][be][ce][da][db][dd][eb][ec][ed]AW[bb][bd][ca][cb][cc][cd][de][ee][fb][fc][fd][fe])
(;N[124]C[基础题：黑先最佳着手]AB[ce][dc][dd][de][ec][eg][fb][gb][gd][gf][hb][hd][ic][ie]AW[cc][cd][db][eb][fa][fc][fd][fe][gc][hc][jb][kc])
(;N[125]C[手筋题：黑先最佳着手]AB[bf][cf][db][dc][df][ed][ee][ef]AW[be][cb][cc][dd][de][ec][fc][gd])
(;N[126]C[对杀题：黑先胜]AB[ad][bb][be][ce][cf][dd][ec][ed][fc]AW[bc][bd][bg][cb][cd][cg][dc][de][dg][ee][fd][fe][gc][hd])
(;N[127]C[对杀题：黑先胜]AB[ba][be][cb][ce][cg][db][dc][dd]AW[aa][ad][bb][bc][bd][cc][cd][de][ec][ed][ee][fb])
(;N[128]C[死活题：黑先净杀]AB[ae][bb][bf][cb][cf][db][dc][df][ea][ed][ee][fb][ff][gb][hb][hg][ic][id][jf]AW[ab][ac][bc][bd][be][cc][ce][dd][de][eb][ec][fa][fc][gc][ge][hc][he])
(;N[129]C[对杀题：黑先胜]AB[bc][bd][ce][dc][de][ee][fc][fd]AW[be][bf][cc][cd][db][dd][ed][fe][ff])
(;N[130]C[基础题：黑先最佳着手]AB[bc][be][cf][eb][ed][ef][fd][ff]AW[dc][dd][ec][gc][gd][ge])
(;N[131]C[基础题：黑先最佳着手]AB[ab][ae][be][cb][ce][db][dc][dd][eb]AW[ad][ba][bb][bd][cc][cd][de][ea][ec][ed][ee][fb])
(;N[132]C[基础题：黑先最佳着手]AB[bc][bd][be][cf][cg][de][dh][ec][fc][hc]AW[cb][cc][cd][ce][dd][df][ef])
(;N[133]C[手筋题：黑先最佳着手]AB[bb][bc][bd][be][ce][db][dc][dd][fa][gb][gc]AW[ca][cb][cc][cd][de][eb][ec][ee][fc][gd][hd][ib])
(;N[134]C[对杀题：黑先胜]AB[bb][bf][cb][cc][cf][da][db][dd][de]AW[aa][ab][ad][bc][bd][be][cd][dc][eb][ec])
(;N[135]C[对杀题：黑先劫]AB[ba][bc][bd][cb][cd][ce][df][ec][ed][ee][ef]AW[ab][bb][be][bf][cc][cf][ch][db][dc][dd][de])
(;N[136]C[对杀题：黑先胜]AB[bc][cb][cc][cd][dd][ea][ee][fe][gb][gd][ge][hb][hc]AW[bd][be][ce][db][dc][de][eb][ed][fb][fc][fd][gc])
(;N[137]C[基础题：黑先最佳着手]AB[bb][bc][bd][ce][cf][dd][eb][ed][fc][gg]AW[cb][cc][cd][dc][de][ec][ee][gc][gd])
(;N[138]C[手筋题：黑先最佳着手]AB[db][dc][dd][ee][fc][fe][hc][hd]AW[cb][cc][cd][de][df][ed][fb][fd][gc])
(;N[139]C[对杀题：黑先胜]AB[bb][bd][ce][de][eb][ec][ed]AW[bc][cb][cd][dc][dd][ee][ef][fb][fc][fd])
(;N[140]C[对杀题：黑先胜]AB[ba][bc][ca][cb][cc][dc][ed][fb][fd][gc]AW[ab][ac][ae][bb][bd][cd][db][dd][eb][ec])
(;N[141]C[对杀题：黑先胜]AB[ba][bd][cb][cc][dc][dd][ee][fb][fc][fd][fe]AW[ab][bb][bc][be][cd][ce][db][de][eb][ec][ed])
(;N[142]C[对杀题：黑先胜]AB[ae][ba][bc][be][cd][ce][de][ea][eb][ec][ed]AW[ab][af][bb][bf][ca][cc][cf][db][dc][dd][df][ee][fe])
(;N[143]C[对杀题：黑先胜]AB[cc][db][dd][ed][ee][fb][ff][fg][gc][ge][hg]AW[bb][bc][cd][ce][de][eb][ef][eg][eh][fc][fd][fe][fh][ic][id])
(;N[144]C[对杀题：黑先胜]AB[ca][cb][cc][cd][de][ea][ee][fc][fd][fe][gb][ha][hb]AW[ba][bb][bc][bd][ce][cf][dd][eb][ec][ed][fb][ga])
(;N[145]C[对杀题：黑先胜]AB[ab][ba][bc][cc][db][dc][ed][ee][ge][hc][hd][ib]AW[ac][ad][bd][cb][cd][cf][da][dd][eb][ec][gb][gc])
(;N[146]C[对杀题：黑先胜]AB[ba][bb][cc][cd][db][dc][eb][ed][fd][gb][gc][gd]AW[ab][bc][bd][be][ce][da][dd][de][ea][ec][fa][fb][fc])
(;N[147]C[死活题：黑先净活]AB[ba][bb][bc][bd][be]AW[bf][bh][ca][cb][cc][cd][ce][cf])
(;N[148]C[手筋题：黑先最佳着手]AB[ec][ed][ef][fc][gd][hd]AW[fd][fe][gc][hc][ic][kd])
(;N[149]C[对杀题：黑先胜]AB[ab][af][bb][be][ce][db][dc][dd][fd]AW[ae][bc][bd][bf][bg][cb][cd][de][dg][ee])
(;N[150]C[死活题：黑先净杀]AB[ba][bb][be][ce][de][ea][ec][ed][ee][fb][gc]AW[ab][ad][bc][bd][cc][db][dc][dd][eb])
(;N[151]C[死活题：黑先净杀]AB[ac][ae][ag][bb][be][bg][cb][cg][db][df][eb][ec][ef][fd][fe][ff]AW[af][bc][bf][cc][cd][ce][cf][dc][de][ed][ee])
(;N[152]C[基础题：黑先最佳着手]AB[cb][cc][dd][ea][ed][fb][fd][gb][hc][hd][jd]AW[bb][bc][bd][ce][eb][ec][ef][fc][ff][gc][gd][ge])
(;N[153]C[对杀题：黑先胜]AB[bb][bc][ca][cd][da][dd][ed][fc][gc][hc]AW[ac][bd][be][cc][db][dc][df][ea][ec][fb][fd][fe])
(;N[154]C[手筋题：黑先最佳着手]AB[aa][ab][bc][bd][be][ce][dc][eb][fa][fb][fc][gd][ge]AW[ba][bb][cc][cd][da][db][de][ea][ec][ed][ee])
(;N[155]C[基础题：黑先最佳着手]AB[ac][ag][bc][be][cc][cd][cf][dc][df][eb][fb][gb]AW[ab][af][bb][bd][cb][ce][db][dd][de][ec][fc][fe])
(;N[156]C[手筋题：黑先最佳着手]AB[cb][cd][ce][dc][df][eb][ec][eg][eh][fa][fd][ff][gb][gc][gf]AW[bb][bc][bd][cc][cf][da][db][dd][dg][ed][ee][ef])
(;N[157]C[基础题：黑先最佳着手]AB[cb][cc][da][eb][ec][ee][ef][fc][ge][he][ic][jb]AW[bb][bc][cd][db][dc][dd][df][dg][ea][fb][gb][gc][gd])
(;N[158]C[基础题：黑先最佳着手]AB[bb][bc][bd][bh][cb][ce][cf][ch][dd][df][dh][ee][ef][eh]AW[ai][be][bf][bg][bi][cc][cd][ci][db][dc][di][ec][gc])
(;N[159]C[手筋题：黑先最佳着手]AB[bf][cd][cg][ch][dc][di][dj][ec][ed][ee][ef][eg][eh][fb][gc]AW[cb][cc][ce][ci][cj][ck][db][dd][de][df][dg][dh][eb])
(;N[160]C[基础题：黑先最佳着手]AB[bf][cb][cc][ce][ed][fe][ge][hb][hc][hd][he]AW[db][dd][ec][ee][ef][fc][ff][gb][gd])
(;N[161]C[对杀题：黑先胜]AB[cb][da][dc][dd][ee][fa][fd][ff][gc][gd][hb]AW[be][cc][db][de][df][eb][ec][ed][fb][fc][gb])
(;N[162]C[对杀题：黑先胜]AB[ba][bb][bc][ca][cd][ce][de][ec][ee][fb][fc][fd]AW[cb][cc][db][dc][dd][ea][ed][fe][ff][gb][gc][gd])
(;N[163]C[基础题：黑先最佳着手]AB[cc][cd][ce][df][dh][eg][fd][fg][gf]AW[bb][cb][dc][de][ed][ef][fe][ff][gg][hg])
(;N[164]C[对杀题：黑先胜]AB[bb][bc][cc][da][dd][ed][fa][fc][fd][gb]AW[ad][ba][bd][cb][cd][cf][dc][eb][ec][fb][gc][hc])
(;N[165]C[对杀题：黑先劫]AB[ab][ad][bc][bg][cd][cf][ch][dd][df][ed][ee][ef]AW[ba][bb][bd][be][bf][cb][cc][ce][de][ec][fc])
(;N[166]C[基础题：黑先最佳着手]AB[ab][ac][ad][ba][bd][cd][da][de][ed][ee][fa][fb][fc][fd]AW[ae][bb][bc][be][cb][ce][cf][dc][dd][df][ea][eb][ec])
(;N[167]C[对杀题：黑先劫]AB[af][be][cb][cf][dc][df][eb][ed][ee]AW[bd][bf][bg][bh][cc][cd][ce][cg][dd][de])
(;N[168]C[基础题：黑先最佳着手]AB[bc][cc][cf][cg][dc][df][dh][ec][ee][eh][fc][fg][gf][gg]AW[be][ce][de][dg][eb][ed][eg][fb][fd][ff][gc][gd][ge])
(;N[169]C[对杀题：黑先胜]AB[ca][db][dc][dd][de][ee][fa][fb][fe][gd][hb][hc][hd]AW[da][eb][ec][ed][fd][ga][gb][gc][ge][he][ic][id][ie][jb])
(;N[170]C[基础题：黑先最佳着手]AB[bc][bd][be][cf][eb][ed][ef][fc][fd][ff]AW[cd][db][dc][dd][ec][gc][gd][ge])
(;N[171]C[对杀题：黑先胜]AB[aa][ac][ad][bb][bc][bd][cc][cd][de][ec][ed][ee][fb][gc]AW[ae][be][cb][ce][cg][da][db][dc][dd][eb])
(;N[172]C[对杀题：黑先胜]AB[ac][bb][bd][cd][db][dc][eb][ed][fc]AW[ae][ba][be][cb][cc][ce][da][dd][de])
(;N[173]C[对杀题：黑先劫]AB[ba][be][cb][cd][ce][db][dd][eb][ed][fc][fd]AW[aa][ac][bb][bc][bd][cc][dc][ea][ec][fb][gb][gc])
(;N[174]C[对杀题：黑先胜]AB[cd][cf][dc][dd][ef][fa][fe][ga][gb][gd][ge][hb][hc]AW[cb][ea][ec][ed][ee][fb][fc][fd][gc][hd][ic][id][jb][jc])
(;N[175]C[对杀题：黑先胜]AB[ab][bc][cd][da][db][dc][dd][ee][fb][fe][gb]AW[ac][ad][bd][be][ca][ce][de][ea][eb][ec][ed])
(;N[176]C[对杀题：黑先胜]AB[ba][cb][cc][da][dc][ea][eb][ec][fd][gd][hb][hc]AW[aa][bb][bc][bd][cd][dd][ed][fa][fb][fc])
(;N[177]C[对杀题：黑先劫]AB[ac][ad][bb][bc][be][ce][da][db][de][eb][ec][ed]AW[ba][bd][ca][cb][cc][cd][dd][ee][fa][fb][fc][fd][fe])
(;N[178]C[基础题：黑先最佳着手]AB[aa][ab][bb][bc][bd][cb][ce][cf][df][eb][ef][fa][fb][fc][fd][fe]AW[ba][ca][cc][cd][db][dc][de][ea][ed][ee][ff][ga][gb][gc][gd][ge][gf])
(;N[179]C[基础题：黑先最佳着手]AB[be][ce][dd][df][ef][fe][ff][gc][gd][gf][he][id][kc][kd][ke]AW[cc][cd][de][ed][ee][fc][fd][gb][hc][ic][jc])
(;N[180]C[死活题：黑先劫活]AB[ab][bc][bd][cd][dc][dd][eb][ec][fe][gd]AW[bb][bf][ca][cb][cc][cf][db][ea][ef][fb][ff][gb][hc][hd][he])
(;N[181]C[基础题：黑先最佳着手]AB[be][bf][bg][cd][cg][dd][dh][eh]AW[bc][bd][cc][ce][cf][ch][ci][de][dg][dj][eb][ef][fg])
(;N[182]C[基础题：黑先最佳着手]AB[bc][cb][cc][dd][eb][ed][ee]AW[bd][bf][cd][db][dc][de][df][ea][gb][gc][gd])
(;N[183]C[基础题：黑先最佳着手]AB[ac][ad][bd][cd][cf][db][dc][de][eb][fa][fb]AW[aa][ab][ba][bc][cb][cc][dd][ea][ec][ed][fc][ga][gb][gc])
(;N[184]C[对杀题：黑先胜]AB[bb][bc][cd][dd][eb][ec][fc]AW[ac][bd][be][cb][cc][db][dc][ea][fb][gb][gc][gd])
(;N[185]C[基础题：黑先最佳着手]AB[bd][be][bf][cd][cf][de][df][ed][ef][fd][fg][fh][gd][hd][hg][id][ig][jf]AW[bc][bg][cc][cg][cj][dc][dd][dg][ec][ee][eg][fe][ff][gb][ge][gg][gh][he][hf][if])
(;N[186]C[基础题：黑先最佳着手]AB[ac][bc][cc][cd][ch][dd][eb][ed][ee][eg][eh][fb][fc][ff][gc][gg][hc][id][jd]AW[ab][bb][be][cb][cf][db][dc][df][ec][ef][fd][gd][ge][gf][hd][hf][hg][ie])
(;N[187]C[基础题：黑先最佳着手]AB[bd][be][bf][cb][cc][db][df][dg][ec][gc][gd][ic]AW[ba][bb][bc][cd][da][dc][de][eb][ee][ef][fd])
(;N[188]C[基础题：黑先最佳着手]AB[dd][ed][fc][hc][ic][id][jc]AW[bc][ce][df][ff][gc][hb][hd][he][ie][je])
(;N[189]C[基础题：黑先最佳着手]AB[bc][ca][cb][cc][dd][eb][ed]AW[bd][cd][cf][db][dc][ea][fa][gb][gd])
(;N[190]C[对杀题：黑先胜]AB[ba][bd][be][ca][cd][cf][db][dc][de]AW[ab][ad][bb][bc][cb][cc][dd][ed][fa][fb][fc])
(;N[191]C[对杀题：黑先胜]AB[ba][cb][cc][da][dc][dd][ea][eb][ec][fd][gd][hb][hd]AW[aa][bb][bc][bd][cd][ce][de][ed][ee][fa][fb][fc])
(;N[192]C[基础题：黑先最佳着手]AB[fa][fb][gb][gc][gd][hb][he][ie][je][ka][kb][kc][kd][ke]AW[ea][eb][fc][fd][fe][ge][hc][hd][ib][id][ja][jb][jc][jd])
(;N[193]C[对杀题：黑先胜]AB[bb][bc][cd][dd][ea][eb][ed][fc][fd]AW[ba][cb][cc][db][dc][ec][fb][gb][gc])
(;N[194]C[基础题：黑先最佳着手]AB[ab][ad][bc][bd][cd][dd][ea][eb][ec][fc][fd]AW[ae][bb][be][cb][ce][da][db][dc][de][ed][ee])
(;N[195]C[基础题：黑先最佳着手]AB[bc][be][bg][cc][cg][dc][dh][ec][ef][eg][eh][fd][fe]AW[bb][bf][bh][cb][ce][cf][ch][db][dd][df][dg][eb][ed][ee][fc][gc])
(;N[196]C[基础题：黑先最佳着手]AB[ab][ac][bb][bd][ce][dd][ed][fb][fc][fd]AW[ad][ae][bc][bg][cb][cc][da][dc][eb][ec])
(;N[197]C[对杀题：黑先胜]AB[ba][cb][db][dc][ed][fc][fd][ga][hb][hc]AW[bb][bc][cc][cd][dd][eb][ec][fb][gb])
(;N[198]C[基础题：黑先最佳着手]AB[bb][bc][bd][cb][ce][de][ec][ee]AW[be][bf][ca][cc][cd][cg][db][dd][ed][fe][gc])
(;N[199]C[基础题：黑先最佳着手]AB[ab][ad][ba][bd][ce][db][dc][dd][de]AW[ae][be][bf][cb][cc][cd][cf][da][eb][ec][fd])
(;N[200]C[手筋题：黑先最佳着手]AB[dc][dd][ea][eb][ee][ff][gd][ge][gf][hb][hc][id]AW[bc][cb][ce][db][df][ec][ef][fb][fd][fe][gb][gc][ha][ib][jc])
(;N[201]C[基础题：黑先最佳着手]AB[ab][bb][bd][cb][db][ec][ed]AW[bc][cc][ce][da][dc][eb][fb][gc])
(;N[202]C[基础题：黑先最佳着手]AB[cc][cd][dd][de][ee][fc][fd][ga][gb]AW[aa][bc][bd][be][ca][cb][ce][cg][da][db][dc][ea][eb][ec][ed][fa][fb])
(;N[203]C[手筋题：黑先最佳着手]AB[bb][bc][bf][cc][cg][da][db][dd][dg][ed][ef][fe][hc][he][hf][ib][ic][ie]AW[cd][ce][dc][de][df][eb][ec][eg][fc][ff][fg][gc][gg][hb])
(;N[204]C[死活题：黑先净活]AB[ab][bb][be][cc][cf][dc][dd][df][ee]AW[bc][bd][bf][cd][ce][cg][ch][de][eb][ec][eh][ff][gd])
(;N[205]C[手筋题：黑先最佳着手]AB[ba][bb][bc][cb][cd][dd][ea][fb][fc][fd]AW[bd][be][ca][cc][cf][db][dc][eb][fa][ga][gb][gc])
(;N[206]C[手筋题：黑先最佳着手]AB[ib][ie][ig][je][kc][kd]AW[hd][he][id][jd][ke][kf])
(;N[207]C[手筋题：黑先最佳着手]AB[if][jd][jf]AW[hd][jg][ke][kf])
(;N[208]C[基础题：黑先最佳着手]AB[cb][cc][cd][de][ed][ee][fb]AW[be][ce][cg][dc][dd][df][eb][fc])
(;N[209]C[对杀题：黑先胜]AB[cb][cc][cd][ce][de][ec][ed][fb][fd][fe]AW[db][dc][dd][eb][ee][ef][ff][gd][ge][hc])
(;N[210]C[对杀题：黑先劫]AB[ac][bb][bc][cc][dd][ed][fa][fb][fc][fd]AW[ba][bd][cb][cd][cf][da][dc][ea][eb][ec])
(;N[211]C[手筋题：黑先最佳着手]AB[bd][be][cb][cc][cf][dc][dg][ea][eb][ec][ee]AW[ba][bb][bc][ca][cd][ce][ed][ef][fa][fb][fc][fe][gc])
(;N[212]C[对杀题：黑先胜]AB[ac][bc][bd][be][bh][bi][ce][cf][ci][dg][dh]AW[ab][af][ag][bb][bg][cc][cd][cg][ch][de][df][ed])
(;N[213]C[对杀题：黑先胜]AB[ac][ad][ba][bd][cd][ce][da][db][dc][de][ec]AW[ab][bb][bc][cc][dd][eb][ed][fb][fc][fd])
(;N[214]C[对杀题：黑先胜]AB[bc][cd][db][dc][dd][ee][fb][fc][fd][fe]AW[ba][be][cb][cc][ce][da][de][ea][eb][ec][ed])
(;N[215]C[基础题：黑先最佳着手]AB[dd][ed][fc][hc][ic][id][jc]AW[bc][ce][df][ff][gb][gc][hd][he][ie][je])
(;N[216]C[基础题：黑先最佳着手]AB[ad][bb][be][bf][bh][cb][cc][cg][ch][df][dh]AW[bc][bd][bg][cd][ce][cf][db][dc][dd][dg][ef][eg])
(;N[217]C[基础题：黑先最佳着手]AB[bc][bd][cb][ce][cf][da][df][eb][ed][ef]AW[be][bf][bg][cc][cd][cg][db][de][ec][ee][fe][gc][ge])
(;N[218]C[手筋题：黑先最佳着手]AB[bc][cb][cc][da][dd][ed][fd][fe][gb][gc][ge]AW[bd][cd][ce][db][dc][de][fb][fc][ga][gd][hb][hd][ic])
(;N[219]C[手筋题：黑先最佳着手]AB[ec][ed][fc][hb][ib][jc][jd][kb][kd]AW[cc][de][ee][fd][gb][gd][hc][hd][ic][id][je])
(;N[220]C[基础题：黑先最佳着手]AB[be][ce][dc][dd][de][eb][gb][hb][hc][hd]AW[bg][cd][dg][ec][ed][fb][ff][gc][gd][ge][he][ie][jb][jc])
(;N[221]C[对杀题：黑先胜]AB[bb][bd][be][ce][de][ea][eb][ec][ed]AW[cb][cc][cd][dd][ee][ef][fa][fb][fc][fd])
(;N[222]C[基础题：黑先最佳着手]AB[ad][bd][bf][cc][dc][df][ec][ee][fd][fe]AW[bb][bc][cd][ce][cf][dd][ed][fb][fc][ff])
(;N[223]C[基础题：黑先最佳着手]AB[cf][de][dg][ec][ed][fb][gb][hc]AW[cb][cd][ce][da][dc][eb][ef][fc][fd])
(;N[224]C[基础题：黑先最佳着手]AB[bf][bg][cd][ce][ch][ci][dd][di][ec][fc][ff][gc][ge][hd][he]AW[cf][cg][db][dc][de][dg][dh][ed][ee][ef][ei][fd][fe][fh][gd][hc][hg][ic][if][jd])
(;N[225]C[基础题：黑先最佳着手]AB[bf][ce][de][dg][ed][fd][fg][ge]AW[bd][be][cd][db][dd][ee][ef][eg][fe])
(;N[226]C[基础题：黑先最佳着手]AB[bb][bc][bd][cf][ec][ef][fc][ff][gc][ge]AW[cb][cc][dd][eb][ed][fb][hc][hd][jd])
(;N[227]C[基础题：黑先最佳着手]AB[ca][cb][cc][cd][ce][dc][dd][ee][fc][fe][gd]AW[ab][be][bg][cf][da][db][de][df][ea][ec][ed][fb][gc][hc])
(;N[228]C[手筋题：黑先最佳着手]AB[ac][ad][cc][db][dc][ea][fb][fc]AW[aa][ab][ae][bc][be][ca][cb][cd][ce][da])
(;N[229]C[对杀题：黑先胜]AB[bb][be][cc][ce][cf][dc][dd][eb][ec][fb]AW[ab][bc][bd][cb][cd][db][de][ed][ee][fc][gc][ic])
(;N[230]C[基础题：黑先最佳着手]AB[ba][be][cb][cc][cd][db][de][df][dg][ff]AW[bb][bc][bd][ce][cf][dc][dd][fc][fd])
(;N[231]C[对杀题：黑先劫]AB[ab][ad][bd][cd][db][dc][ea][eb][fc][gb][ge]AW[ac][ba][bc][bf][cb][cc][ce][da][dd][df][ed])
(;N[232]C[死活题：黑先劫杀]AB[be][cb][cf][cg][db][dc][dd][eb][ef][fc][ff][gb][gf][hc][hd][he]AW[bb][bc][ca][cc][cd][ce][de][ea][ec][ed][ee][fb][ga][ge])
(;N[233]C[手筋题：黑先最佳着手]AB[cd][ce][dc][de][df][ee][fa][fe][ga][gb][gc][gd][ge]AW[bc][bd][be][cc][cf][cg][db][dg][ea][ec][ed][fb][fc][fd])
(;N[234]C[对杀题：黑先胜]AB[bd][be][cd][cf][da][db][dc][df][ef][fa][ff][gb][gc][ge][gf]AW[ca][cb][cc][ce][dd][de][ec][ee][fb][fd][fe])
(;N[235]C[基础题：黑先最佳着手]AB[bd][be][cb][cc][cf][cg][db]AW[bc][cd][ce][da][dc][eb][ed][ee])
(;N[236]C[基础题：黑先最佳着手]AB[bb][bc][ca][cd][dc][dd][df][dg][ea][fb][gb][gc][gd]AW[cb][cc][da][db][eb][ec][ee][ef][fc][ge][hb][he][ic])
(;N[237]C[基础题：黑先最佳着手]AB[cc][cd][ce][df][ec][ef][fe][gc][ge][hd]AW[bb][cb][cf][cg][dc][de][eb][ee][fc][ff][fg][gb])
(;N[238]C[基础题：黑先最佳着手]AB[bc][bd][be][cf][eb][ed][ef][fb][fd][ff]AW[cd][db][dc][dd][ea][gb][gc][gd][ge])
(;N[239]C[对杀题：黑先胜]AB[cb][db][dc][dd][ee][ef][fd][gb][ge][hb][hc][he][id][ie]AW[bb][cc][cd][de][df][dg][ec][ed][fb][fc][gc][gd][hd][ib][ic][jc][jd])
(;N[240]C[对杀题：黑先胜]AB[gc][hc][ic][jd][kb][kc][kd]AW[ed][fc][gb][gd][hd][id][jb][jc])
(;N[241]C[对杀题：黑先胜]AB[ad][bc][bf][cc][cf][dc][df][ec][fb][fe][ff][gb][gc][gd]AW[bb][bd][be][cb][ce][db][dd][eb][ed][fc][fd])
(;N[242]C[对杀题：黑先胜]AB[bb][be][cd][ce][db][dd][eb][ec]AW[bc][bd][cb][cc][dc][ed][fb][fd][gc])
(;N[243]C[手筋题：黑先最佳着手]AB[ad][be][bf][cc][cd][cg][db][dc][ed][hc][hd]AW[ab][bc][bd][ca][cb][ce][dd][de][ec][ee])
(;N[244]C[手筋题：黑先最佳着手]AB[cd][de][ec][fc][ff][gc][ge][hd][ic][id][ie]AW[cg][ed][fd][fe][gd][gf][hb][hc][ib][jc][jd])
(;N[245]C[对杀题：黑先胜]AB[cb][dc][ec][ed][fa][fb][fc][gd][hd][ib][ic]AW[bb][bd][cc][db][dd][de][eb][ee][fd][fe][gb][gc][hb])
(;N[246]C[对杀题：黑先劫]AB[af][bb][bd][bf][cb][cc][cf][db][df][ec][ed][ee]AW[ab][ad][ae][ba][be][ca][ce][da][dc][dd][de][eb][fb])
(;N[247]C[手筋题：黑先最佳着手]AB[cf][cg][db][df][eb][ec][ed][ee][fb][fe][fh][gf][hf][hg]AW[bb][bd][cb][ch][dc][dd][de][dg][dh][ef][fc][fd][ff][gb][gd][ge][gg][hh][ic])
(;N[248]C[手筋题：黑先最佳着手]AB[cc][cd][dc][ec][ee][ef][fc][fe][gc][ge][hd][he][ib][ic]AW[ce][dd][de][df][ed][fd][ff][gb][gd][hb][hc][hf][id][ie])
(;N[249]C[基础题：黑先最佳着手]AB[bc][bd][cb][ce][cf][db][df][eb][ed]AW[be][bf][bg][cc][cd][dc][de][ec][fe][gc])
(;N[250]C[基础题：黑先最佳着手]AB[ah][ai][bb][bi][cb][cd][ce][ci][db][dd][dh][ec][eh][fb][fd][fe][ff]AW[ab][ae][ag][bc][bg][bh][cc][cf][ch][dc][df][dg][ed][ee])
(;N[251]C[对杀题：黑先胜]AB[ab][ad][bb][bd][cd][dd][eb][ec][fc][fd][gb]AW[ae][ba][bc][be][ce][da][db][dc][de][ed][ee])
(;N[252]C[对杀题：黑先胜]AB[ba][bb][bc][bd][cd][dd][ea][ed][fa][fb][fc]AW[cb][cc][dc][eb][ec][fd][ga][gb][gc][gd])
(;N[253]C[手筋题：黑先最佳着手]AB[bb][cb][dc][ec][fb][fc]AW[ca][cc][cd][db][eb][ee][fa][gb][gc][gd])
(;N[254]C[对杀题：黑先劫]AB[aa][bb][bc][bd][be][ca][ce][de][ed][fa][fb][fc][fd]AW[cb][cc][cd][da][db][dd][eb][ec][ee][fe][gb][gd][ge][hb][hd])
(;N[255]C[对杀题：黑先胜]AB[ae][be][cc][ce][da][db][dc][de][ed][ee]AW[aa][ab][ac][bc][bd][ca][cb][cd][dd][ec][fc][fd])
(;N[256]C[对杀题：黑先胜]AB[ba][bb][cc][dc][ec][fb][fd]AW[ab][ad][bc][be][cb][cd][db][eb])
(;N[257]C[基础题：黑先最佳着手]AB[ba][cb][cc][da][ec][ee][ef][fc][ge][he][ic][jb]AW[bb][bc][cd][db][dd][df][dg][eb][fb][gb][gc][gd])
(;N[258]C[对杀题：黑先胜]AB[bb][bc][bd][cd][dc][eb][ec]AW[ca][cb][cc][dd][ed][fb][fc][fd])
(;N[259]C[对杀题：黑先胜]AB[ba][bc][ca][cb][cc][dc][ed][fc][fd][gc]AW[ab][ac][bb][bd][cd][db][dd][df][eb][ec])
(;N[260]C[基础题：黑先最佳着手]AB[ce][dc][dd][de][eb][ee][fe][gb][gc][gf][gg][he]AW[cb][cc][cd][db][ec][ed][fb][fc][gd][ge][hc][hf][if][jd])
(;N[261]C[对杀题：黑先胜]AB[bb][bf][cb][cf][dc][df][ec][ee][fd][fe]AW[ab][bc][bd][bg][cc][ce][cg][dd][de][dg][ed][ef][ff])
(;N[262]C[手筋题：黑先最佳着手]AB[gf][gg][hc][hd][he][hf][ie][kc][kd][ke][kf][kg]AW[ee][eg][fd][fh][gc][gi][hb][hg][hi][ib][id][if][jc][je][jf][jg][ji])
(;N[263]C[手筋题：黑先最佳着手]AB[cb][cc][cd][db][de][df][ef][fe][gc]AW[bb][bc][bd][ce][cf][dc][dd][eb][ed][ee][fc])
(;N[264]C[基础题：黑先最佳着手]AB[bb][bd][ca][cc][cd][da][db][de][ea][ed][ee][ff][gb][gc][gf][hf][id][ie][if]AW[dc][dd][eb][ec][fa][fc][fe][gd][ge][hc][hd][he][ic][jc])
(;N[265]C[基础题：黑先最佳着手]AB[bd][be][bf][cb][cc][db][ee][fb][fc][fd][fe][gb][hb]AW[bg][cf][de][dg][ea][eb][ec][ed][ef][gg][hd][he][ib][ic])
(;N[266]C[对杀题：黑先胜]AB[bb][bc][cb][ce][de][ec][ee][fa][fb][fc][fd]AW[ca][cc][db][dd][ea][eb][ed][fe][ga][gb][gc][ge][hd])
(;N[267]C[基础题：黑先最佳着手]AB[ac][bd][cb][cc][ce][db][de][df][ef][fc][fe]AW[be][bf][cd][cf][ch][dc][dd][ec][ee][fd][ge][hb][hc][hd])
(;N[268]C[手筋题：黑先最佳着手]AB[bc][bd][ce][cf][dc][dd][eb][ec][gd][hb][hc][hd]AW[cb][cc][cd][db][de][ed][ee][eg][fc][gc])
(;N[269]C[对杀题：黑先胜]AB[ca][cb][cc][dd][de][ee][fa][fb][ge]AW[bd][cd][da][db][dc][ea][eb][ec][ed][fd][ib])
(;N[270]C[对杀题：黑先胜]AB[ca][cb][cc][dd][ec][gb]AW[bd][cd][da][db][dc][ed])
(;N[271]C[对杀题：黑先胜]AB[ae][bb][bf][cb][ce][cf][db][dc][dd][df][ea][eb]AW[ab][ac][ba][bd][be][cc][cd][de][ec][ed][ee][fa][fb][fc])
(;N[272]C[对杀题：黑先胜]AB[bb][bc][cd][ce][cf][eb][ee][ef][fb][fc][fd]AW[cb][cc][db][dd][ec][ed][fa][fe][gb][gc][ge][hc])
(;N[273]C[对杀题：黑先劫]AB[ab][bc][bd][cd][dd][ed][fa][fb][fc][hb][hc]AW[bb][be][bf][ca][cc][ce][da][db][dc][de][ea][eb][ec][ee][fd][fe])
(;N[274]C[基础题：黑先最佳着手]AB[ab][bb][ca][cb][cc][dd][ed][fc][ha][hc]AW[bc][bd][cd][da][db][dc][ea][eb][ec][fa][fb][ga][gb][gc])
(;N[275]C[基础题：黑先最佳着手]AB[bc][bd][be][cf][eb][ed][ef][fb][fd][ff][ga]AW[cd][da][db][dc][dd][ea][fa][gc][gd][ge])
(;N[276]C[对杀题：黑先胜]AB[ad][bc][be][ca][cc][cd][db][dd][eb][fb]AW[ab][bb][bf][cb][ce][dc][de][ec][ed][ee])
(;N[277]C[基础题：黑先最佳着手]AB[ec][ed][gc][hd][if][jb][jc][jf][kd][ke]AW[ge][he][hf][hg][ib][ic][ie][ih][jd][kh])
(;N[278]C[基础题：黑先最佳着手]AB[ab][bc][bd][ca][cb][ce][dd][de][ee][fc]AW[ad][be][bf][cc][cd][cg][db][dc][ed][fd][hb][hc][hd])
(;N[279]C[对杀题：黑先胜]AB[ae][ba][bc][be][cd][ce][da][db][dc]AW[ad][bb][bd][cb][cc][dd][eb][ec][ed])
(;N[280]C[基础题：黑先最佳着手]AB[bd][be][bf][cb][cc][db][df][ee][fb][fc][fd][fe][gb][hb]AW[cd][ch][de][dg][ea][eb][ec][ed][ef][fg][gf][hd][he][ib][ic])
(;N[281]C[对杀题：黑先胜]AB[ae][be][cb][ce][db][dd][ec][ed]AW[ac][ad][bb][bd][cc][dc][eb][fb][fc])
(;N[282]C[基础题：黑先最佳着手]AB[cc][cd][ce][df][eb][ec][ef][fe][gc][ge][hd]AW[bb][cb][dc][de][ed][ee][fc][fd][ff][fg][gb][hb])
(;N[283]C[基础题：黑先最佳着手]AB[ab][ac][ad][bb][bd][cb][ce][eb][ee][fc][fd]AW[bc][be][bf][cc][cd][cg][de][ec][ed][fb][fe][gb][ge])
(;N[284]C[基础题：黑先最佳着手]AB[ab][bb][bc][bd][ca][cd][db][de][eb][ee][fe][gb][hc]AW[ac][ad][ae][be][cb][cc][ce][cg][dc][dd][ec][fb][fd][gc][hg])
(;N[285]C[对杀题：黑先胜]AB[gb][hb][hc][id][ja][jd][kc][kd]AW[dc][fc][gc][hd][he][ia][ib][ic][jc][kb])
(;N[286]C[基础题：黑先最佳着手]AB[bd][ce][db][dd][de][dg][ec][ee][fc][gc][gf][hd]AW[ba][bc][cb][cc][cd][cg][ci][dc][dh][ed][fd][fe][ff][gd])
(;N[287]C[对杀题：黑先胜]AB[bb][bd][cd][cg][dd][df][eb][ee][ef][fc][fd]AW[be][cb][cc][ce][dc][de][ec][ed])
(;N[288]C[对杀题：黑先劫]AB[ac][bb][bc][bd][cc][dd][ec][ed][fb][gb][gd]AW[ae][ba][be][cb][cd][ce][da][db][dc][eb][fa])
(;N[289]C[基础题：黑先最佳着手]AB[bf][cb][cf][db][dd][df][ec][ef][fc][gc][hc]AW[bb][bc][cc][cd][de][ed][fd][ff][gd][gf])
(;N[290]C[基础题：黑先最佳着手]AB[cd][db][dd][eb][fc][gc][gd][ge]AW[be][cf][dc][ec][ed][ef][fb][fd][ff])
(;N[291]C[基础题：黑先最佳着手]AB[ac][ae][bc][bd][bf][ce][cf][dd][eb][ec][fd][gc]AW[ab][bb][bg][cb][cc][cd][cg][dc][dg][ed][ee][ef])
(;N[292]C[手筋题：黑先最佳着手]AB[ba][bb][bc][cd][dd][ec][ed][fb]AW[bd][be][ca][cb][cc][ce][eb][fc][gb][gc])
(;N[293]C[对杀题：黑先胜]AB[aa][ab][ba][bc][bd][be][ca][cb][cd][ce][cf][ch][dg][dh]AW[ad][ae][af][bf][bg][cc][cg][da][db][dc][dd][de][df][ec])
(;N[294]C[手筋题：黑先最佳着手]AB[be][cd][cf][dc][dd][df][eb][ed][fb][ff][gb][ge][hc]AW[bb][bg][cb][db][dg][di][ec][ef][eg][fc][fe][gc][hd])
(;N[295]C[基础题：黑先最佳着手]AB[db][dc][dd][ed][fc][ga][gb][gc]AW[ea][eb][ec][fd][gd][ha][hb][hc][hd])
(;N[296]C[对杀题：黑先胜]AB[ad][ba][bb][bc][cd][ce][de][eb][ee][fc][fe][gd]AW[ab][bd][be][bf][ca][cb][cc][cf][db][dd][ed][fd][gc])
(;N[297]C[手筋题：黑先最佳着手]AB[ba][bb][bc][cd][dd][ec][ed]AW[bd][be][ca][cb][cc][cf][dc][eb][fc][gc])
(;N[298]C[对杀题：黑先胜]AB[ad][bc][bf][cc][cf][dc][de][df][ec][fb][fe][ff][gb][gc][gd]AW[ae][bb][bd][be][cb][ce][db][dd][eb][ed][fc][fd])
(;N[299]C[对杀题：黑先胜]AB[ab][ad][ba][bd][ce][db][dc][dd][de]AW[ae][be][bf][ca][cb][cc][cd][cf][eb][fc][fe])
(;N[300]C[基础题：黑先最佳着手]AB[cd][db][dd][fc][gc][gd][ge]AW[be][cf][ec][ed][ef][fb][fd][ff])
(;N[301]C[对杀题：黑先胜]AB[be][cd][ce][db][dc][df][eb][ef][fe][fg]AW[ac][bb][bd][cb][cc][dd][de][ec][ed][ee][fd][hb][hc][hd][he])
(;N[302]C[基础题：黑先最佳着手]AB[bb][ce][dd][eb][ec][ed][fe][ga][gb][gc][gd]AW[bc][ca][cb][cd][da][db][dc][ea][fa][fb][fc][fd][ge][hb][hd][he])
(;N[303]C[手筋题：黑先最佳着手]AB[ce][cf][cg][dd][de][dg][ec][eh][ei][fd][fg]AW[bc][be][bg][cd][ch][db][dc][df][dh][ee][ef][eg][ge][hd])
(;N[304]C[对杀题：黑先劫]AB[bb][bc][ca][cc][dd][eb][ed][fb][fc][fd]AW[ab][ac][ad][ba][bd][cd][ce][da][db][dc][de][ec])
(;N[305]C[对杀题：黑先胜]AB[bc][ca][cb][cc][cd][de][ed][ee][fa][gb][gd][hb]AW[aa][ac][bb][bd][be][ce][cf][da][dc][dd][eb][ec][fb])
(;N[306]C[基础题：黑先最佳着手]AB[bb][bc][cd][dd][df][dg][ea][fb][gb][gc][gd]AW[cb][cc][dc][ec][ee][ef][fc][ge][hb][he][ic])
(;N[307]C[基础题：黑先最佳着手]AB[ad][bc][cc][dc][dd][ea][ed][fa][gb][hc][ic][jd]AW[bd][bf][cd][de][eb][ec][ee][fb][fc][fd][gc][ge][hd])
(;N[308]C[死活题：黑先净杀]AB[bc][bd][be][cc][cf][df][ea][eb][fa][fd][ff][ga][gd][gg][ha][hc][ic]AW[cd][ce][da][db][dc][de][ec][ed][ee][fb][fc][gc][hb])
(;N[309]C[基础题：黑先最佳着手]AB[ab][bb][be][bi][cc][cd][ce][ci][dg][dh][di]AW[ba][bf][bh][cb][cf][cg][ch][db][dc][dd][ef][eg][fd])
(;N[310]C[基础题：黑先最佳着手]AB[db][dc][dd][de][ec][fb][gc][hc][hd][he]AW[cc][cd][ce][df][eb][ed][ef][fc][fd][ff][gb][gd])
(;N[311]C[对杀题：黑先胜]AB[bc][bd][cb][ce][de][ea][ec][ed][fb][gc]AW[bb][be][bf][ca][cd][cg][db][dc][dd][eb])
(;N[312]C[基础题：黑先最佳着手]AB[ab][ad][bd][cd][da][db][dc][fc]AW[ae][ba][bb][be][ca][cb][cc][ce][dd][de])
(;N[313]C[基础题：黑先最佳着手]AB[be][cb][cf][cg][db][dc][dd][eb][ef][fc][ff][gb][gf][hc][hd][he]AW[bb][bc][cc][cd][ce][de][ec][ed][ee][fa][fb][fe][gc][ge])
(;N[314]C[手筋题：黑先最佳着手]AB[bb][bc][be][cd][da][dd][eb][ec]AW[ba][ca][cb][cc][db][ed][ee][fb][fc][gb][gd])
(;N[315]C[基础题：黑先最佳着手]AB[bc][bd][ce][dc][de][ee][fc][fd]AW[be][bf][cd][db][dd][ec][ed][fe][ff])
(;N[316]C[基础题：黑先最佳着手]AB[cc][ce][db][dc][ea][fc][gd][hb][hc][hd][id][if][jb][jc]AW[eb][ec][ed][fa][fd][gb][gc][ha][ia][ib][ic][jd][kc][kd][kf])
(;N[317]C[基础题：黑先最佳着手]AB[bc][be][cf][ed][ef][fb][fc][fd][ff]AW[cd][dc][dd][eb][fa][gc][gd][ge])
(;N[318]C[对杀题：黑先胜]AB[dc][ec][fd][gb][gd][ha][hc][ia][ib][ic][ja][jb]AW[cb][fa][fb][fc][gc][hd][id][jc][ka][kb][kc])
(;N[319]C[手筋题：黑先最佳着手]AB[he][hf][hh][ie][ig][ih][jh][kh]AW[gf][gg][gh][hg][hi][if][ii][jf][jg])
(;N[320]C[基础题：黑先最佳着手]AB[cc][cd][ce][df][eb][ec][ef][fe][gc][ge][hd]AW[bb][cb][dc][dd][de][ed][ee][fc][gb][hb])
(;N[321]C[对杀题：黑先劫]AB[bb][bd][bg][ca][cb][cc][cd][de][dg][ee]AW[ab][ad][bc][be][ce][da][db][dc][dd][fc])
(;N[322]C[基础题：黑先最佳着手]AB[ca][ce][db][dc][dd][de][df][ea][ed][gd][ge][gf][hb][hc][hg]AW[bb][bd][be][cb][cf][dg][eb][ec][ee][eg][fd][fe][gb][gc][gg][gh])
(;N[323]C[对杀题：黑先胜]AB[ad][bb][bc][bd][cc][cd][de][ec][ee][fb][fc][fd][fe]AW[ab][ae][be][cb][ce][cg][da][db][dc][dd][eb][ed])
(;N[324]C[对杀题：黑先胜]AB[af][ah][bb][bd][be][bh][cc][ch][dc][df][dg][ed][ff]AW[ac][ag][ba][bc][bg][cb][cd][ce][cf][cg][cj][dh][di])
(;N[325]C[对杀题：黑先胜]AB[aa][ab][ba][bc][cb][cc][dc][ed][ee][fc][gb][gd]AW[ac][ad][bd][cd][cf][db][dd][ea][eb][ec][fb])
(;N[326]C[对杀题：黑先劫]AB[ab][ad][bc][be][cc][cd][db][dc][ed][fc][fd][gb]AW[ae][af][ba][bb][bf][cb][ce][cg][da][dd][de][ea][eb][ec])
(;N[327]C[基础题：黑先最佳着手]AB[cb][cc][cd][dd][ed][fb][gb][hc][hd][jd]AW[bb][bc][bd][cf][ec][ef][fc][fd][ff][gc][ge])
(;N[328]C[手筋题：黑先最佳着手]AB[bc][cb][cc][dd][ed][ef]AW[bd][cd][cf][db][dc][gb][gc][gd])
(;N[329]C[手筋题：黑先最佳着手]AB[ad][bd][ca][cc][dd][de]AW[aa][ac][ba][bc][cb][db][ec][fc])
(;N[330]C[基础题：黑先最佳着手]AB[ba][bb][bc][ca][cd][ce][de][eb][ee][fe][gc][ge][hd]AW[bd][be][bf][cb][cc][cf][db][dd][ea][ec][ed])
(;N[331]C[死活题：黑先净杀]AB[ad][bb][bd][cd][dd][ea][eb][ec][ed]AW[ac][ba][bc][cc][da][db][dc])
(;N[332]C[死活题：黑先净活]AB[ab][bb][bf][cb][cc][cd][ce][cf]AW[af][bc][bd][be][bg][cg][df][dg][eb][ed][fc])
(;N[333]C[手筋题：黑先最佳着手]AB[dc][dd][ec][ee][ef][ff][ge][hc][he][id]AW[bc][ce][cg][de][ed][fd][fe][gc][hb][ic][jc][jd][je])
(;N[334]C[基础题：黑先最佳着手]AB[cd][dd][eb][ee][fb][fc][fe][gd][ge][he]AW[bd][ce][dc][de][ec][ed][fd][gb][gc][hb][hd][ic][id])
(;N[335]C[基础题：黑先最佳着手]AB[bc][be][cf][eb][ed][ef][fd][ff]AW[cd][dc][dd][fb][gc][gd][ge])
(;N[336]C[对杀题：黑先胜]AB[ba][bb][bc][bd][cd][db][de][ea][ee][fd][fe][ga][gb][gc]AW[ac][ad][be][ca][cb][cc][ce][cg][dc][dd][ed][fa][fb][fc])
(;N[337]C[基础题：黑先最佳着手]AB[cc][dc][eb][ed][ee][fe][gb][gc][ge][hd][ic][id]AW[ec][fb][fc][fd][ga][hb][hc][ib][jc][jd])
(;N[338]C[基础题：黑先最佳着手]AB[bc][cc][cf][cg][dc][df][dh][ec][ee][eh][fc][fg][gf][gg]AW[be][ce][de][dg][eb][ed][eg][fb][fe][ff][gc][gd][ge])
(;N[339]C[对杀题：黑先胜]AB[bb][bc][cd][dd][eb][ed][fa][fb][fd][gb][gc]AW[ca][cb][cc][dc][ec][fc][ga][gd][ha][hb][hc][hd])
(;N[340]C[对杀题：黑先胜]AB[af][bb][bd][bf][cb][cc][cf][db][df][ec][ed][ee]AW[ab][ac][ad][ba][be][ca][ce][da][dc][dd][de][eb][fb])
(;N[341]C[对杀题：黑先胜]AB[cb][cc][dc][ec][fd][ga][gb][gc][gd]AW[ba][bb][bc][ca][cd][dd][ed][fa][fb][fc])
(;N[342]C[对杀题：黑先胜]AB[ca][cb][cc][cd][de][ea][ee][fc][fd][fe][gb][ha][hb]AW[ba][bb][bc][bd][ce][cf][db][dd][eb][ec][ed][ga])
(;N[343]C[对杀题：黑先胜]AB[ac][af][bd][bf][bi][ce][cf][ch][dg][dh]AW[ab][ag][bc][bg][cd][cg][dd][de][df])
(;N[344]C[基础题：黑先最佳着手]AB[bg][cb][cc][cd][cf][eb][fc][gc][hd]AW[db][dc][dd][de][eg][fb][fd][gf][ie][jb][jc][jd])
(;N[345]C[基础题：黑先最佳着手]AB[cc][dc][dd][df][ed][ef][fb][gb][gc][hb][ic][id][ie][jb]AW[bb][bc][bg][cd][ce][dh][eb][ec][fc][fh][gd][gg][gh][hc][hd][he][hf])
(;N[346]C[基础题：黑先最佳着手]AB[ad][ba][ca][cd][ce][cf][db][dc][dg][ed][eg]AW[ae][bc][bd][bg][cb][cc][cg][ci][dh])
(;N[347]C[手筋题：黑先最佳着手]AB[be][bf][bg][cd][cg][dd][dh][eh]AW[ag][bc][bd][bh][cc][ce][cf][ch][ci][dg][dj][eb][ef])
(;N[348]C[手筋题：黑先最佳着手]AB[bd][be][ce][dc][de][ea][ed][fd][gb][gc][gd][hd][ib][ic][ie]AW[bc][cb][cc][cd][dd][ec][fa][fb][fc][ga][ha][hb][hc][id][jd][kc])
(;N[349]C[对杀题：黑先胜]AB[ba][cb][cc][dc][ec][fb][gb][gc]AW[bb][bc][bd][cd][db][dd][eb][ed][fc][fd])
(;N[350]C[基础题：黑先最佳着手]AB[bb][bf][cb][cc][cf][db][ea][ef][ff][ga][hc][hd][he]AW[bc][bd][cd][dc][dd][eb][ec][fb][fe][gd])
(;N[351]C[基础题：黑先最佳着手]AB[ce][ee][eg][fc][fd][fg][gb][gg][hb][hg][ic][ie]AW[bd][be][cc][cf][cg][eb][ec][fb][ff][gc][gd][ge][gf])
(;N[352]C[对杀题：黑先胜]AB[ad][bb][bd][cb][cd][dd][eb][ec][ee][fb][gb]AW[ac][bc][ca][cc][db][dc][ed][fc][fd][gc][hb][hc])
(;N[353]C[对杀题：黑先胜]AB[bc][bd][ce][cf][dd][ea][eb][ec][ee]AW[ba][be][bf][bg][cc][cd][ch][da][db][dc])
(;N[354]C[死活题：黑先净杀]AB[ac][bb][bc][bf][cb][cg][dc][dg][eg][fa][fb][fc][ff][gd][gf]AW[ae][be][ca][cc][cd][ce][db][de][ea][ec][ed][ee])
(;N[355]C[手筋题：黑先最佳着手]AB[gc][gd][hb][hd][id][jd][kb]AW[fb][fc][gb][hc][ic][jb])
(;N[356]C[基础题：黑先最佳着手]AB[ba][bf][bh][cb][cg][ch][db][dc][dd][ef][eg]AW[ab][bb][be][bi][cc][cd][ce][cf][ci][dh][di])
(;N[357]C[基础题：黑先最佳着手]AB[bb][bc][cd][cf][cg][dd][de][dh][ee][fd][hd]AW[bd][be][cc][ce][dc][df][ec][ef][fc][ff])
(;N[358]C[基础题：黑先最佳着手]AB[bc][bh][cb][cd][ce][ci][dc][dg][eg][ei][ej][fe][hc][he][hg][ib][ic][ih]AW[bf][cf][de][df][ee][fb][fd][ff][fg][fh][fi][gb][hb][hi])
(;N[359]C[对杀题：黑先胜]AB[ba][bb][bc][cd][dd][ea][ec][fb][fc]AW[ab][ac][ae][bd][bf][cb][cc][ce][db][eb])
(;N[360]C[对杀题：黑先胜]AB[ba][bb][bc][bd][cd][da][dd][ed][fa][fb][fc]AW[cb][cc][dc][eb][ec][fd][ga][gb][gc][gd])
(;N[361]C[对杀题：黑先胜]AB[ac][bb][bd][cd][dc][ec]AW[ba][bc][bf][cb][cc][dd][de])
(;N[362]C[对杀题：黑先胜]AB[bb][bc][bd][ce][cf][dd][ea][eb][ed][fb][fc][fd]AW[cb][cc][cd][db][dc][de][ee][fa][fe][ga][gb][gc][gd])
(;N[363]C[基础题：黑先最佳着手]AB[bd][cd][cg][db][dc][de][df][eb][fd][fe]AW[ce][cf][dd][dg][ec][ed][ee][fc][gc])
(;N[364]C[对杀题：黑先劫]AB[ab][ac][ba][bd][be][cc][cd][de][ec][ed][ee][fa][fb][fc]AW[ae][bb][bf][ca][cb][ce][cf][db][dc][dd][df][ea][eb])
(;N[365]C[对杀题：黑先劫]AB[ac][bb][bd][be][bf][cc][cd][dc][eb][fb][gb]AW[ba][ca][cb][ce][db][dd][de][ea][ec][fc][gc][hb][hc])
(;N[366]C[基础题：黑先最佳着手]AB[bc][bd][cd][da][dc][dd][eb][ec][fa][fe][gd]AW[bb][bf][cb][cc][cf][db][ef][fb][ff][ga][gb][hc][hd][he])
(;N[367]C[手筋题：黑先最佳着手]AB[cc][cd][dc][de][ee][fb][fe][gc]AW[bc][bd][ce][cf][dd][eb][ed][fc][gb][hd])
(;N[368]C[基础题：黑先最佳着手]AB[cc][cd][db][dd][eb][ee][fe][gb][ge][hc]AW[bb][bc][bd][be][cb][dc][ec][ed][fb][fd][gc][hb][hd])
(;N[369]C[基础题：黑先最佳着手]AB[bb][bc][be][cd][dc][dd][fb][fd][fe]AW[cb][cc][db][ec][fc][gc][gd][hb])
(;N[370]C[基础题：黑先最佳着手]AB[bc][bd][cd][da][dd][ec][fb][fc][gb][hc][ic]AW[ab][bb][cc][ce][cf][dc][eb][ed][ef][fd][gc][gd][gf])
(;N[371]C[对杀题：黑先胜]AB[ab][ad][ba][be][ca][ce][da][dc][dd][de][eb][fb]AW[ae][af][bb][bf][cb][cc][cf][db][df][ec][ed][ee])
(;N[372]C[手筋题：黑先最佳着手]AB[bd][be][cb][cc][ce][cf][cg][db][dg][eb][ec][fc][fd][fg][ge]AW[cd][dc][dd][de][df][ed][ef][fe][gd][gf][hd])
(;N[373]C[手筋题：黑先最佳着手]AB[bc][be][bg][cc][cg][dc][dh][ec][ef][eg][eh][fd][fe]AW[bb][bf][bh][cb][cf][ch][db][dd][df][dg][eb][ed][ee][fc][gc])
(;N[374]C[对杀题：黑先胜]AB[ac][ad][bb][bc][be][cb][ce][de][eb][ed][ee][fb][fc]AW[aa][ae][af][ba][bd][bf][cd][cf][ch][da][db][dc][dd][ec])
(;N[375]C[基础题：黑先最佳着手]AB[ab][bb][be][cc][ce][cf][dc][dd][de]AW[ac][ae][af][bc][bd][bf][cb][cg][db][dg][eb])
(;N[376]C[对杀题：黑先胜]AB[ba][bb][be][cb][cc][cd][db][ec][fc][ga][gc][hb][hc]AW[ab][ac][ad][bc][bd][bf][ce][da][dc][dd][de][ea][eb][fb][gb])
(;N[377]C[对杀题：黑先劫]AB[ba][bb][bc][cb][cd][dd][ed][fc][fd][ga][gb][hc]AW[ab][ac][ad][bd][bf][cc][ce][db][dc][df][ea][ec][fa][fb])
(;N[378]C[对杀题：黑先劫]AB[ba][bd][be][cb][cc][cf][dc][eb][ec]AW[bb][bc][ca][cd][da][dd][ed][fa][fb][fc])
(;N[379]C[基础题：黑先最佳着手]AB[bb][bc][be][cd][dd][fb][fd][fe]AW[cb][db][eb][gc][gd][hb])
(;N[380]C[基础题：黑先最佳着手]AB[ab][bb][db][dc][dd][ee][fb][fe][gb][gc]AW[bc][bd][cc][ce][de][ea][eb][ec][ed])
(;N[381]C[基础题：黑先最佳着手]AB[ad][ae][bc][be][cb][cf][db][df][ee]AW[bd][bf][bg][cd][ce][cg][dc][de][ed][gb][gc][gd][ge])
(;N[382]C[死活题：黑先净杀]AB[bb][cd][cg][dd][df][eb][ee][ef][fc][fd]AW[cb][cc][ce][dc][de][ec][ed])
(;N[383]C[手筋题：黑先最佳着手]AB[cd][ce][cf][db][dc][ed][fb][fc]AW[ac][bb][bd][cb][cc][dd][de][eg][gc][gd][gf])
(;N[384]C[基础题：黑先最佳着手]AB[bc][bd][be][cf][ea][eb][ed][ef][fd][ff]AW[cd][db][dc][dd][fb][gc][gd][ge])
(;N[385]C[基础题：黑先最佳着手]AB[bd][cb][cc][ce][da][dg][ec][eg][fb][fc][ff][gd][ge]AW[db][dc][ea][eb][ed][ee][ef][fd][gc][hc][id])
(;N[386]C[对杀题：黑先胜]AB[cb][cc][dc][eb][ec][fd][gc][gd][hb]AW[bb][bc][cd][dd][ea][ed][fa][fb][fc])
(;N[387]C[基础题：黑先最佳着手]AB[bb][bg][cd][ce][cf][db][dc][eb]AW[bh][ca][cb][cc][ch][dd][de][df][dg][fb][fd][gc])
(;N[388]C[基础题：黑先最佳着手]AB[cb][db][dc][dd][eb][ee][ef][gb][ge][hb][hc][he][id][ie]AW[bb][cc][cd][de][df][dg][ec][ed][eg][fb][gc][gd][ha][hd][ib][ic][jc][jd])
(;N[389]C[对杀题：黑先劫]AB[ac][ae][bd][bf][ce][da][db][dd][de][eb][ec][fb]AW[ab][ba][bc][cb][cc][cd][dc][ed][fc][fd][gb][hc])
(;N[390]C[对杀题：黑先劫]AB[ab][ag][ah][bb][bh][cc][cg][dc][de][df][dg][ec][ed][ff]AW[ac][af][bc][bd][be][bg][bi][cd][ce][cf][ch][ci][dd][ei])
(;N[391]C[基础题：黑先最佳着手]AB[ab][af][bb][bf][ca][cb][cf][db][dc][dd][df][ee][fe]AW[ac][ae][ba][bc][be][cd][ce][da][de][ea][eb][ec][ed][gc])
(;N[392]C[基础题：黑先最佳着手]AB[bd][be][bf][cc][cf][dg][dh][eb][fg]AW[ce][cg][ch][dd][df][di][ef][eg][fd])
(;N[393]C[基础题：黑先最佳着手]AB[bb][bd][be][cb][cf][dg][eb][ec][ee][eg][fc][fd][fe][gb][gc][gg][gh]AW[ca][ce][db][dc][dd][de][df][ea][ed][fa][gd][ge][gf][ha][hb][hc][hg])
(;N[394]C[基础题：黑先最佳着手]AB[db][eb][ed][ee][ef][fd][gc][hc][id]AW[bd][cb][cc][ce][dg][ec][eg][fb][fc][ff][gd][ge])
(;N[395]C[对杀题：黑先胜]AB[ad][bb][bd][cd][db][dd][eb][ec][fc]AW[ab][ba][be][cb][cc][ce][da][dc][de][ed][fd])
(;N[396]C[对杀题：黑先胜]AB[bb][bc][cb][cd][dd][ed][fc][gc][hd]AW[bd][be][cc][db][dc][ec][fb][fd][fe][ic])
(;N[397]C[对杀题：黑先胜]AB[ae][ba][be][ca][cb][cc][ce][db][dc][de][ea][eb][ed][fd][gd][hb][hc]AW[aa][bb][bc][bd][cd][dd][ec][fa][fb][fc])
(;N[398]C[基础题：黑先最佳着手]AB[ff][ge][hb][hc][hd][he][hg][ig][jb][jc][jd][je][jf]AW[de][ee][ef][eg][fe][fh][gb][gc][gd][gh][hf][hh][id][ie][if][ih][jg][jh])
(;N[399]C[基础题：黑先最佳着手]AB[be][ce][dd][df][ec][ed][fd]AW[bb][bd][cd][db][dc][de][ee][hd][hf])
(;N[400]C[对杀题：黑先胜]AB[bd][be][ca][cb][cc][cf][da][dc][eb][gb][gc]AW[ba][bb][bc][cd][dd][ec][ed][fa][fb])
(;N[401]C[对杀题：黑先胜]AB[ab][ad][bc][bd][cb][cd][dd][ea][eb][ec][fc][fd]AW[ae][ba][bb][be][ce][da][db][dc][de][ed][ee])
(;N[402]C[对杀题：黑先胜]AB[cc][cd][ce][db][df][eb][ef][fd][ff][gd][hc]AW[bb][bf][cb][cf][cg][dc][dd][de][ec][ed][fc][fe])
(;N[403]C[对杀题：黑先胜]AB[ba][bc][cb][cc][cd][dd][ee][ef][fa][fb][fc][fd]AW[ab][ac][bb][bd][be][ce][cg][da][de][ea][eb][ec][ed])
(;N[404]C[对杀题：黑先胜]AB[cb][cc][cd][db][de][df][ef][fe][gc][gd][hb][hc]AW[bb][bc][bd][be][ce][dc][dd][eb][ed][ee][fc][gb])
(;N[405]C[基础题：黑先最佳着手]AB[bb][bf][ca][cb][cc][cf][db][ea][ef][fa][ff][ga][hb][hc][hd][he]AW[ab][bc][bd][cd][dc][dd][eb][ec][fb][fe][gb][gd])
(;N[406]C[对杀题：黑先胜]AB[ac][ba][bc][bd][cd][db][dd][eb][ed][fa][fb][fc]AW[ab][bb][bf][cb][cc][ce][da][dc][de][ec][ee][fd][fe][gb][gc])
(;N[407]C[对杀题：黑先胜]AB[ab][bb][be][ce][db][dc][dd][fd]AW[bc][bd][bg][cb][cd][cf][de][dg][ee][fe])
(;N[408]C[基础题：黑先最佳着手]AB[bd][be][cb][cc][cg][db][dd]AW[cd][ce][dc][eb][ec][ee])
(;N[409]C[对杀题：黑先胜]AB[ae][be][ca][cb][ce][cg][db][dc][dd]AW[aa][ad][ba][bb][bc][bd][cc][cd][de][ec][ed][ee][fb])
(;N[410]C[手筋题：黑先最佳着手]AB[cc][cd][ce][df][eb][ee][ef][fc][gf]AW[bd][be][cf][cg][dd][de][ec][fb][fd][gd][ge][hc])
(;N[411]C[死活题：黑先净杀]AB[ba][bb][be][ce][de][ea][ec][ed][ee][gc]AW[ab][ad][bc][bd][cc][db][dc][dd])
(;N[412]C[基础题：黑先最佳着手]AB[ba][bd][be][bf][ca][cb][ce][dc][dd][fc]AW[ab][ad][bb][bc][bg][cc][cd][cf][ch][de][df])
(;N[413]C[手筋题：黑先最佳着手]AB[be][ce][cg][db][dc][dd][eb][hb][hc][hd]AW[ca][cb][cc][cd][de][ed][ee][fb])
(;N[414]C[基础题：黑先最佳着手]AB[cb][cc][ce][dd][ed][fc]AW[bd][be][cd][dc][de][ec][fd])
(;N[415]C[基础题：黑先最佳着手]AB[ca][cc][cd][db][eb][ee][fa][gb][gc][gd]AW[ba][bb][cb][dc][ec][fb][fc])
(;N[416]C[基础题：黑先最佳着手]AB[ab][ah][bb][be][bi][cc][cd][ce][cf][ci][dh][di]AW[ba][bf][bh][cb][cg][ch][db][dc][dd][dg][ef])
(;N[417]C[基础题：黑先最佳着手]AB[dc][dd][de][ee][fd][ga][gb][gc]AW[bb][bc][bd][ce][db][ec][ed][fa][fb][fc])
(;N[418]C[对杀题：黑先劫]AB[dc][eb][ec][ed][ee][fa][fc][ff][gf][hc][hf][ib][id][ie]AW[cb][cc][da][db][dd][de][df][ef][fd][fe][ga][gc][gd][ge][hb][he])
(;N[419]C[对杀题：黑先胜]AB[bc][ca][cb][cc][dc][ed][fc][fd]AW[aa][ac][ad][bb][bd][cd][db][dd][eb][ec])
(;N[420]C[手筋题：黑先最佳着手]AB[ab][af][bb][cb][ce][db][dd][de][ec][fc][fe]AW[ac][ad][bc][be][cc][cd][cf][dc][df][eb][fb][gb])
(;N[421]C[基础题：黑先最佳着手]AB[bb][bf][cb][cc][cf][db][ea][ef][fa][ff][ga][hc][hd][he]AW[bc][bd][cd][dc][dd][eb][ec][fb][fe][gb][gd])
(;N[422]C[对杀题：黑先胜]AB[bb][bc][ca][cc][dd][ec][ed][fb][gc]AW[ab][ac][bd][cb][cd][cf][db][dc][eb])
(;N[423]C[对杀题：黑先胜]AB[ba][bb][bc][ca][cd][ce][de][ec][ee][fb][fc][fe][gd][ge]AW[cb][cc][db][dc][dd][ea][ed][fd][ga][gb][gc][ic])
(;N[424]C[对杀题：黑先劫]AB[bb][bc][cb][cd][ce][de][ec][ed][fa][fb][fc][fd][gb]AW[cc][db][dc][dd][ea][ee][fe][ga][gc][gd][ge][hb][ic])
(;N[425]C[对杀题：黑先胜]AB[cb][cc][db][dd][de][ee][fd][gc][hb][hc]AW[bb][bc][bd][cd][dc][eb][ec][ed][fc][gb])
(;N[426]C[基础题：黑先最佳着手]AB[ac][bb][bd][cc][ce]AW[be][cd][dd][de][ef])
(;N[427]C[基础题：黑先最佳着手]AB[bc][bd][ce][cf][dc][dd][eb][ec][fb][ga][gd][hb][hc][hd]AW[cb][cc][cd][db][de][ed][ee][eg][fc][fd][gb][gc])
(;N[428]C[对杀题：黑先胜]AB[bb][bc][bd][bf][bg][cb][cd][de][dg][ee]AW[ab][ac][ad][ba][be][ce][db][dc][dd][fd])
(;N[429]C[基础题：黑先最佳着手]AB[cb][cc][cd][de][eb][ec][ed][ee][fe][gc][ge][ha][hd][id][jc][jd][ka][kb]AW[da][db][dc][dd][ea][fb][fc][fd][ga][gd][hb][hc][ic][ja][jb])
(;N[430]C[对杀题：黑先胜]AB[bb][bd][be][cd][cf][da][db][dc][de]AW[ab][bc][cb][cc][dd][ec][ed][fb][fc])
(;N[431]C[对杀题：黑先胜]AB[bc][ca][cb][cc][cd][dc][ed][fb][fd][gc]AW[aa][ac][ae][bb][bd][be][ce][db][dd][de][eb][ec])
(;N[432]C[基础题：黑先最佳着手]AB[cb][cc][ce][da][dd][de][ee][fb][gc]AW[bd][be][cd][cf][db][dc][eb][ed][fc][fd])
(;N[433]C[对杀题：黑先胜]AB[ab][ad][bb][bc][bd][bf][bg][cc][cf][dc][ed][eg][fc][fd][fe]AW[ae][ba][be][ca][cb][cd][ce][cg][db][dd][df][eb][ec][ee][fb][gc])
(;N[434]C[对杀题：黑先胜]AB[bb][cc][cd][cf][dd][ed][ef][fa][fb][fc][gf][hd][he]AW[ba][bc][bd][be][cb][da][dc][eb][ec][fd][gc][gd][hb][hc])
(;N[435]C[基础题：黑先最佳着手]AB[bc][bd][cb][cc][ce][de][ed][ee][fa][fb][fc]AW[cd][da][db][dc][dd][ec][fd][ga][gb][gc][gd])
(;N[436]C[基础题：黑先最佳着手]AB[gc][gd][hd][ic][if][jc][kd][ke][kf]AW[fe][ge][hb][hc][he][id][jd][jf][kb][kc])
(;N[437]C[手筋题：黑先最佳着手]AB[ba][bb][bc][bd][cd][da][dd][gb][gc][gd]AW[ab][ac][ad][be][cc][ce][dc][de][ea][ec][ed][fc])
(;N[438]C[基础题：黑先最佳着手]AB[bd][be][cd][dc][ec][fd]AW[cb][cc][ce][dd][ed][fc])
(;N[439]C[对杀题：黑先劫]AB[ab][ac][bc][bd][cd][dd][ed][fa][fb][fc]AW[aa][bb][be][bf][ca][cc][ce][da][dc][de][ea][eb][ec][ee][fd][gd])
(;N[440]C[基础题：黑先最佳着手]AB[bc][cd][ce][cf][db][dg][ed][eg][ff][fg]AW[cb][cc][cg][ch][dd][df][ec][ef][fd][gc])
(;N[441]C[死活题：黑先净杀]AB[ae][ba][be][ce][de][ea][eb][ec][ed]AW[aa][ac][bc][ca][cb][cc][dc])
(;N[442]C[基础题：黑先最佳着手]AB[cb][cc][cd][de][eb][ec][ed][ee][fd][ff][gf][ha][hb][hf][ic][id][ie][if]AW[da][db][dc][dd][ea][fb][fc][gb][hc][hd][ib][jc][kc][ke])
(;N[443]C[对杀题：黑先胜]AB[ba][bb][bc][cd][dd][eb][ed][fc][gc][hb][hc]AW[bd][be][ca][cb][cc][ce][db][de][ea][fa][fb][gb][ha][ib][ic][id])
(;N[444]C[手筋题：黑先最佳着手]AB[ad][ae][bc][be][cb][cf][db][df][ec][ee][ef][fe][gc][gd][ge]AW[bd][cd][ce][dc][de][ed][fb][fc][gb][hb][hc][hd])
(;N[445]C[基础题：黑先最佳着手]AB[ab][ac][ba][bc][bd][be][cd][de][ec][ed][ee][fa][fb][fc]AW[ad][ae][af][bb][bf][cb][ce][cf][db][dc][dd][df][ea][eb][ef])
(;N[446]C[基础题：黑先最佳着手]AB[bh][bi][cf][cj][df][dj][ef][ej]AW[cg][ch][ck][dg][di][dk][eh][ek][fh][fi][fj])
(;N[447]C[对杀题：黑先胜]AB[gb][gc][hd][id][jd][kb][kc][kd]AW[fb][fc][fd][gd][hc][ic][jc])
(;N[448]C[对杀题：黑先胜]AB[ad][ba][bd][cd][db][dd][de][ee][fa][fb][fc][fd]AW[ac][bc][ca][cb][dc][ea][eb][ec][ed][fe][gb][gd][ge][hb])
(;N[449]C[对杀题：黑先胜]AB[bc][cc][ce][dd][de][eb][ec][ee][fc][fe]AW[bd][be][bf][cb][cd][cf][db][dc][ed][gb][gc][gd])
(;N[450]C[基础题：黑先最佳着手]AB[ab][bb][bc][bd][cb][cd][db][fb][ga][gb][gc][gd]AW[ac][ad][ae][be][cc][ce][da][dc][dd][de][eb][fa][fc])
(;N[451]C[基础题：黑先最佳着手]AB[cd][ce][cf][db][dc][dg][eb][ef][fb][fd][ff][gd]AW[bb][bd][cb][cc][dd][de][df][ec][ed][fc][fe][gb][hc][he])
(;N[452]C[基础题：黑先最佳着手]AB[bb][bc][ca][cc][ce][db][dd][df][ed][ee][ef][fg][gc][hc][he][hf]AW[bd][be][bf][cd][cf][dc][dg][eb][ec][eg][fd][ff])
(;N[453]C[基础题：黑先最佳着手]AB[bd][cc][dd][de][ec][ef][eg][fc][fg][gc][ge]AW[bb][cb][db][dc][df][dg][dh][ed][ee][fe][ff][gd][hf])
(;N[454]C[对杀题：黑先胜]AB[db][dc][dd][ee][fe][ga][gc][ge][hb][hc][hd]AW[bc][cb][cd][ce][da][de][eb][ed][fa][fb][fd][gb][gd])
(;N[455]C[手筋题：黑先最佳着手]AB[ac][bb][bc][bd][cb][cd][da][dd][ea][gb][gc][gd]AW[ad][ae][be][ca][cc][ce][db][dc][de][ed][ee][fa][fc])
(;N[456]C[对杀题：黑先胜]AB[ac][bc][bd][cd][dd][ea][eb][ec]AW[ab][bb][ca][cc][db][dc][ed][fb][fd][gc])
(;N[457]C[基础题：黑先最佳着手]AB[af][bd][be][bg][ce][cf][ch][ci][db][dd][ed][ee][ef]AW[ac][ae][bc][bh][cc][cd][cg][de][df][dg][eg][fg])
(;N[458]C[基础题：黑先最佳着手]AB[cb][cd][ce][dc][ec][fc][fe]AW[bb][bc][cc][db][dd][ed][ee][hc][he])
(;N[459]C[基础题：黑先最佳着手]AB[bb][bc][cc][ce][cf][df][ed][fc][gc][hb][hc][he]AW[cb][db][dd][de][eb][ef][eg][fb][fd][fe][gb])
(;N[460]C[基础题：黑先最佳着手]AB[bc][bd][be][cc][cf][cg][dd][ec][ed][eg][fd]AW[bb][cb][cd][ce][db][dc][de][df][eb][ef][fc][gc])
(;N[461]C[对杀题：黑先胜]AB[bb][bd][cb][ce][da][de][ee][fa][fb][fc][fd]AW[db][dd][ea][eb][ed][fe][gb][gc][gd][ge])
(;N[462]C[对杀题：黑先劫]AB[ac][bb][cc][dd][eb][ec][fb][fc][fd][gb]AW[ba][ca][cb][db][dc][ea][ed][ee][fe][gc][gd][hb])
(;N[463]C[死活题：黑先净杀]AB[bc][cd][ce][de][ea][eb][ee][fb][fe][gd][hb][hc][hd]AW[cb][cc][db][dd][ec][ed][fa][fd][ga][gb][gc])
(;N[464]C[基础题：黑先最佳着手]AB[bb][bd][ca][cc][cd][da][db][de][ea][ed][ee][ff][gb][gc][gf][hf][id][ie][if]AW[dc][dd][eb][ec][fa][fc][fd][fe][gd][ge][hc][he][ic][jc])
(;N[465]C[对杀题：黑先胜]AB[ca][cb][cc][cd][dd][ee][fc][fe]AW[bd][be][ce][da][db][dc][de][eb][ec][ed][gb][hb])
(;N[466]C[对杀题：黑先胜]AB[bd][be][ce][cg][db][dc][dd][df][ea][fa][gb][gc][ic]AW[ca][cb][cc][cd][da][de][eb][ee][fb][fd])
(;N[467]C[基础题：黑先最佳着手]AB[ad][ae][bd][cc][cd][cf][cg][db][df][eb]AW[af][be][ce][ci][dc][dd][de][di][fd][ff])
(;N[468]C[手筋题：黑先最佳着手]AB[cd][ce][dc][de][eb][ee][fe][ga][gb][gc][gd]AW[bc][bd][be][cb][cc][db][dd][ed][fa][fb][fc][fd])
(;N[469]C[基础题：黑先最佳着手]AB[bc][bd][cc][ce][cf][df]AW[be][cd][cg][dc][dd][dg][eb][ee][ef])
(;N[470]C[对杀题：黑先胜]AB[ab][bd][be][bf][ca][cb][cc][ce][db][eb]AW[ad][ae][ba][bb][bc][cd][dc][dd][ec][fb][fd])
(;N[471]C[手筋题：黑先最佳着手]AB[gd][ge][gg][hd][id][ig][jd][ke][kf]AW[hb][he][hg][ie][ii][jc][je][jf][ji][kc][kd][kh])
(;N[472]C[手筋题：黑先最佳着手]AB[cc][cd][ce][df][eb][ec][ef][fe][gc][ge][hd]AW[bb][cb][cf][db][dc][de][ed][ee][fc][ff][fg][gb][hb])
(;N[473]C[对杀题：黑先劫]AB[ab][ac][bc][bd][cd][da][dd][ec][fc]AW[aa][bb][be][ca][cb][cc][ce][dc][de][ed][ee])
(;N[474]C[手筋题：黑先最佳着手]AB[bc][cc][ce][dd][de][ec][ee][fd]AW[bd][be][bf][cd][cf][db][dc][gc][hc])
(;N[475]C[对杀题：黑先胜]AB[ab][bc][bd][cd][da][dd][ec][fc][ga][gb][gc]AW[aa][ba][bb][cc][db][dc][eb][ed][fa][fb][fd][hb][hc][hd])
(;N[476]C[对杀题：黑先胜]AB[ba][bd][be][cb][cc][dc][ec][fb][fd][fe]AW[bb][bc][cd][db][dd][eb][ed][fc][gb][gc])
(;N[477]C[死活题：黑先净杀]AB[bc][bd][be][ca][cd][da][dd][ed][fc][fe][gb][gc][hc]AW[aa][ac][bb][cc][db][dc][ea][ec][fa][fb])
(;N[478]C[基础题：黑先最佳着手]AB[ab][ba][bb][cc][cd][dd][de][ee][fa][fb][fd][fe][gb][gc]AW[ac][bc][bd][be][ca][cb][ce][da][dc][eb][ec][ed][fc][gd][hd])
(;N[479]C[对杀题：黑先胜]AB[bb][bc][bd][ce][de][eb][ee][fc][fd]AW[ab][ac][ad][be][bf][cd][cg][db][dd][ec][ed][gb])
(;N[480]C[基础题：黑先最佳着手]AB[bb][bc][cc][cd][ce][de][ec][ed][ee][gb][gc][ge]AW[be][cb][cf][cg][ch][db][dc][dd][eb][ef][fb][fc][ff][gf][hc][hd][he])
(;N[481]C[手筋题：黑先最佳着手]AB[be][cd][ce][dd][eb][ed][fb][fc][ge][hd]AW[ba][bc][bd][cc][cf][db][dc][ec][fd][fe][hc][ic])
(;N[482]C[手筋题：黑先最佳着手]AB[bb][bc][bd][be][ce][dd][ed]AW[bf][cc][cd][cf][de][eb][ee][fe][gc][gd])
(;N[483]C[手筋题：黑先最佳着手]AB[cb][cf][cg][db][dc][dd][eb][ef][ff][gb][gf][hc][hd][he]AW[bb][bc][cc][cd][ce][de][ec][ed][ee][fb][fc][ge])
(;N[484]C[基础题：黑先最佳着手]AB[ec][hc][ic][id][je][jf][kf]AW[hb][he][ib][ie][jb][jc][jd][kd][ke])
(;N[485]C[基础题：黑先最佳着手]AB[ca][cb][cc][cd][de][ec][ee][fc][fe][gb][ge][hb][hc][hd]AW[ba][bb][bc][bd][ce][db][dd][eb][ed][gc][gd])
(;N[486]C[死活题：黑先净杀]AB[bb][bc][cd][db][dc][dd][df][fa][ff][gf][hf][ib][if][ja][je][ka][kb][kc][kd][ke]AW[ca][cb][cc][da][eb][ec][ed][fe][ga][gd][ha][hd][ia][id][jb][jc][jd])
(;N[487]C[基础题：黑先最佳着手]AB[bd][be][cc][cf][cg][eb][ec][fb][ff][gc][gd][ge][gf]AW[ce][ee][eg][fc][fd][fg][gb][gg][hb][hg][ic][ie])
(;N[488]C[对杀题：黑先胜]AB[cc][dc][eb][ed][ee][fe][ge][hd][ic][id]AW[bb][bc][be][cd][dd][ec][fc][fd][gb][gd][hc][kb])
(;N[489]C[基础题：黑先最佳着手]AB[bc][bd][be][cf][ea][eb][ed][ef][fc][fd][ff]AW[cd][db][dc][dd][ec][fb][gc][gd][ge])
(;N[490]C[对杀题：黑先胜]AB[ce][fe][ff][gb][gc][gd][gf][ha][if][jb][jc][jd][je]AW[cc][fb][fc][fd][ge][hb][hc][he][ib][ic][id])
(;N[491]C[对杀题：黑先胜]AB[bc][cc][cd][dd][ec][ee][fe][gb][gd][hc]AW[bb][bd][be][ce][dc][de][ed][fb][fc][fd][gc])
(;N[492]C[对杀题：黑先胜]AB[ab][ad][ba][bd][cd][db][dc][eb][fb][fc]AW[ae][bc][be][cb][cc][ce][dd][ec][ed][fd])
(;N[493]C[对杀题：黑先劫]AB[ae][ba][bd][bf][ca][ce][db][dd][de][eb][ec][fb]AW[ab][ad][bb][bc][cb][cc][cd][dc][ed][fa][fc][fd][gb][hc])
(;N[494]C[基础题：黑先最佳着手]AB[dd][de][ec][ee][fe][gb][gc][gd]AW[bf][cc][cd][dc][ed][fb][fc][fd][ge][he][ic])
(;N[495]C[手筋题：黑先最佳着手]AB[ba][bb][bc][cd][dd][de][ec][fb][fc][fe]AW[bd][be][cb][cc][ce][cg][dc][ea][eb][fa][gb][gc][gd])
(;N[496]C[基础题：黑先最佳着手]AB[bc][be][bg][cc][cd][ce][df][dg][dh]AW[ag][bb][bf][bi][cb][cf][ci][dc][dd][de][di][ef][eg][ei][fe])
(;N[497]C[对杀题：黑先胜]AB[bb][bc][bd][cd][db][de][ee][fa][fb][fc][fd]AW[cb][cc][da][dd][ea][eb][ec][ed][fe][gb][ge][hc][hd])
(;N[498]C[基础题：黑先最佳着手]AB[bb][bc][cd][dd][df][dg][ea][fb][gb][gc][gd]AW[ca][cb][cc][ec][ee][ef][fc][ge][hb][he][ic])
(;N[499]C[基础题：黑先最佳着手]AB[bf][cb][cc][cd][cg][dd][dg][fd][fe][gb][gc][gd]AW[db][de][df][ec][ed][eg][eh][gg])
(;N[500]C[基础题：黑先最佳着手]AB[bb][bc][ca][cd][db][dd][df][dg][ed][fb][gb][gc][gd]AW[cb][cc][dc][eb][ec][ee][ef][fc][fd][ge][he][ib][ic])
(;N[501]C[基础题：黑先最佳着手]AB[db][dc][dd][de][ea][hb][hc][he]AW[bb][bd][ce][cf][df][eb][ec][ee][fc][fe][gc][ge])
(;N[502]C[手筋题：黑先最佳着手]AB[cb][cd][ce][dc][de][df][eb][ec][eg][fc][fg][gc][ge][gg][hb]AW[bb][bc][bf][cc][cg][da][db][dd][dg][ed][ef][fe][gd][hc][he][hf][ib][ic][ig])
(;N[503]C[对杀题：黑先胜]AB[bd][bf][cb][cd][cf][cg][dc][de][dg][ee][ef]AW[ae][be][bg][bh][ce][ch][dd][dh][ed][eh][fd][fe][ff][fg])
(;N[504]C[基础题：黑先最佳着手]AB[bb][bc][ca][cc][ce][db][dd][df][ed][ee]AW[bd][bf][cd][cf][dc][dg][eb][ec][ef][fd][ff])
(;N[505]C[基础题：黑先最佳着手]AB[bf][cb][cc][cd][cg][dd][dg][eg][fd][gb][gc][gd]AW[db][dc][de][df][ed][ef][fc][fg][fh][ge][hg])
(;N[506]C[基础题：黑先最佳着手]AB[ab][ba][bc][cb][cc][dc][ed][ee][gd][hb][hc][hd]AW[ac][ad][bd][cd][cf][da][db][dd][eb][ec][gb][gc])
(;N[507]C[基础题：黑先最佳着手]AB[bb][bc][bd][cc][dc][df][ed][fd][ff][gd][ge][gf][if]AW[ba][cb][cd][ch][db][dd][de][dg][ec][ee][eg][fb][fe][fg][hc][id])
(;N[508]C[基础题：黑先最佳着手]AB[be][cb][cf][cg][db][dc][dd][eb][ef][fa][ff][gb][gf][hc][hd][he]AW[bb][bc][cc][cd][ce][de][ec][ed][ee][fb][fc][gc][ge])
(;N[509]C[基础题：黑先最佳着手]AB[bc][cd][cg][ch][dc][dd][de][df][eb][fc]AW[bb][bd][bg][cb][cc][ce][cf][db])
(;N[510]C[手筋题：黑先最佳着手]AB[ba][bb][bc][cd][dd][eb][ed][fa][fc]AW[bd][be][ca][cc][cf][da][dc][ea][ec][fb][gb])
(;N[511]C[基础题：黑先最佳着手]AB[ab][bc][bd][ca][cb][ce][dd][de][eb][ee][fc]AW[ad][ba][be][bf][cc][cd][cg][db][dc][ea][ed][ha][hb][hc][hd])
(;N[512]C[对杀题：黑先胜]AB[bc][bd][cc][ce][db][de][ee][fa][fb][fc][fd][fe]AW[aa][ab][bb][be][bf][cb][cd][da][dd][ea][eb][ec][ed])
(;N[513]C[对杀题：黑先劫]AB[ab][af][ba][bf][cb][cf][da][db][dc][dd][df][ee][ef]AW[ac][ae][bb][bc][be][cc][cd][ce][de][eb][ec][ed][fb][fd])
(;N[514]C[基础题：黑先最佳着手]AB[cc][db][dc][ec][ed][fa][fe][ff][gc][gd][id]AW[bc][bd][dd][de][eb][ee][eg][fb][fc][fd][fg][ge][gf][gg])
(;N[515]C[手筋题：黑先最佳着手]AB[bb][cc][cd][ce][cf][df][dh][eg][fd][fg][gb][gf][hc][hd][hf][id][jf]AW[cb][db][dc][dd][de][ef][ff][gc][gd][ge][gg][gh][hb][ib][ic][ih][jd][kd])
(;N[516]C[对杀题：黑先劫]AB[ab][ba][bc][bd][cd][ce][df][ec][ed][ee][ef]AW[bb][be][bf][ca][cb][cc][cf][ch][db][dc][dd][de])
(;N[517]C[手筋题：黑先最佳着手]AB[bc][bd][ca][cb][ce][cf][df][eb][ed][ef]AW[ab][bb][be][bf][cc][cd][cg][db][dd][de][ec][fd])
(;N[518]C[基础题：黑先最佳着手]AB[bc][be][ca][cc][cd][ce][db][de][eb][fb]AW[aa][ab][bb][bd][cb][da][dc][dd][ec][fc][fd][ga][gb][hc])
(;N[519]C[对杀题：黑先胜]AB[cb][cc][cd][dd][ee][fb][fe][gc][ge][hc]AW[bb][bc][bd][be][ce][dc][de][eb][ed][fc][fd])
(;N[520]C[对杀题：黑先胜]AB[ae][be][cb][ce][cg][db][dc][dd][ea][eb]AW[bb][bd][cc][cd][de][ec][ed][ee][fa][fb][fc])
(;N[521]C[对杀题：黑先胜]AB[cb][cc][cd][ce][dc][df][eb][ef][fa][fd][fe][ff][ge][hc][he]AW[bb][bc][bd][be][bf][cf][dd][de][ec][ed][ee][fb][fc][gd][hd][ic][id][jb])
(;N[522]C[基础题：黑先最佳着手]AB[ae][af][bb][bf][cc][cf][dd][df][ea][ee][fa][fb][fc][fd]AW[ab][ad][bc][bd][be][cb][ce][da][de][eb][ec][ed])
(;N[523]C[基础题：黑先最佳着手]AB[be][bf][cf][dc][dd][df][eb][ed][gd][gf][hb][hc]AW[ba][bb][bd][cc][cd][ce][da][db][ec][fc][gc])
(;N[524]C[基础题：黑先最佳着手]AB[ab][bb][bd][cb][db][ec][ed]AW[bc][cc][da][dc][de][eb][fb][gc])
(;N[525]C[手筋题：黑先最佳着手]AB[bc][bd][be][cd][dd][df][ec][ef][fc][fe]AW[bb][ca][cc][ce][cf][db][dc][de][ed][ee][gb][hc][hd][he])
(;N[526]C[死活题：黑先净杀]AB[ag][ba][bg][ca][cf][cg][db][dc][de][ec][ee]AW[ab][af][bb][be][bf][cb][cc][cd])
(;N[527]C[对杀题：黑先胜]AB[cb][cc][da][dd][ed][fb][fd][ga][gc]AW[ba][bd][ca][cd][cf][db][dc][fa])
(;N[528]C[基础题：黑先最佳着手]AB[ca][cb][cc][da][dd][de][ee][fb][ge]AW[bd][cd][db][dc][ea][eb][ed][fc])
(;N[529]C[对杀题：黑先胜]AB[ab][bb][ca][cb][cc][cd][de][df][ed]AW[bc][bd][be][ce][cg][da][db][dc][dd][eb])
(;N[530]C[基础题：黑先最佳着手]AB[bg][cb][cc][cd][cf][eb][fc][gc][hd]AW[dc][dd][de][ec][eg][eh][fb][fd][gf][ie][jb][jc][jd])
(;N[531]C[基础题：黑先最佳着手]AB[dh][ec][ee][eh][fh][gc][gd][gg][he][hg][ie][if]AW[ce][ch][ci][db][dc][de][di][ed][ei][fd][fi][ge][gf][gi][hf][ig][ih])
(;N[532]C[基础题：黑先最佳着手]AB[cb][cc][da][db][dd][ed][fa][fd][gb][gd][hc][hd]AW[dc][ea][eb][ec][fc][ga][ha][hb][ib][ic])
(;N[533]C[对杀题：黑先胜]AB[ba][bb][bc][bd][ca][cd][db][dd][eb][ee][ef][fc][ff][hc]AW[ab][ac][ad][be][cb][cc][ce][dc][de][ec][ed][fb][fd][fe])
(;N[534]C[基础题：黑先最佳着手]AB[dd][de][df][dg][eb][ec][fd][fe][fg][hd][he][hf]AW[bg][cb][cd][ce][cf][dc][ed][ee][ef][fc][ff][gc][gf][hc])
(;N[535]C[对杀题：黑先胜]AB[ae][be][cc][ce][da][db][dc][de][ed][ee]AW[ab][ad][bc][bd][cd][dd][ea][eb][ec][fc][fd])
(;N[536]C[对杀题：黑先胜]AB[bb][cb][cc][dc][ea][ed][fd][gb][gc][gd]AW[ac][bc][bd][cd][da][db][dd][ec][fa][fb][fc])
(;N[537]C[基础题：黑先最佳着手]AB[bb][bc][cc][cd][ce][cf][de][fc][gb][gc][hd]AW[ba][cb][da][db][dc][dd][df][eb][ee][fb][fe][ge])
(;N[538]C[死活题：黑先净活]AB[bc][bd][cd][dc][dd][eb][ec][fe][gd]AW[bb][bf][cb][cc][cf][db][ea][ef][ff][gb][hc][hd][he])
(;N[539]C[手筋题：黑先最佳着手]AB[cb][cc][cd][de][ec][ee][fe][gc]AW[bb][bc][bd][ce][cf][dd][eb][ed][fc])
(;N[540]C[基础题：黑先最佳着手]AB[ab][ac][ad][bd][cd][ce][da][db][dc][de][ec]AW[ba][bb][bc][cc][dd][ea][eb][ed][fb][fc][fd])
(;N[541]C[手筋题：黑先最佳着手]AB[bg][cd][ce][cf][dc][dg][ec][ee][eg][fc][ff][gd][hd][id][ie]AW[bd][be][cb][cc][ci][dd][de][df][di][ed][fe][fg][fh][ge][he][hf][hg])
(;N[542]C[对杀题：黑先胜]AB[bb][bc][cc][cd][dd][ed][fa][fb][fd][gb][gc]AW[ba][ca][cb][dc][ea][ec][fc][gd][hb][hc][hd])
(;N[543]C[对杀题：黑先胜]AB[ac][bb][bd][cd][dc][ec]AW[bc][bf][cb][cc][db][dd][de])
(;N[544]C[对杀题：黑先胜]AB[bd][cb][cc][cd][da][de][ee][fa][fb][fc][fd]AW[ac][ad][bb][bc][be][ce][cf][db][dc][dd][df][eb][ec])
(;N[545]C[手筋题：黑先最佳着手]AB[ba][bb][bc][bd][ce][de][ec][ed][ee][ef][fb][fc]AW[be][bf][cb][cc][cd][cf][da][dc][df][eb][fa][fd][fe][gb][gc][hd])
(;N[546]C[对杀题：黑先劫]AB[eb][fa][fb][fc][gb][hc][ic][jc][kb]AW[db][ec][ed][fd][ga][gc][gd][hb][ia][ib][jb])
(;N[547]C[手筋题：黑先最佳着手]AB[bb][cb][dc][dd][dg][dh][di][eb][ee][ef]AW[bc][cc][ce][cg][ch][ci][de][df])
(;N[548]C[基础题：黑先最佳着手]AB[ad][ba][bc][bd][cd][dd][ea][eb][ec][fc][fd]AW[ae][bb][be][cb][ce][da][db][dc][de][ed][ee])
(;N[549]C[对杀题：黑先胜]AB[ab][ad][ba][be][ca][ce][da][dc][dd][de][eb][fb]AW[ae][af][bb][bc][bf][cb][cc][cf][db][df][ec][ed][ee])
(;N[550]C[对杀题：黑先胜]AB[bb][bc][cc][cd][db][dd][ee][ef][fa][fb][fc][fd]AW[ab][ba][bd][be][ca][cb][ce][cg][de][ea][eb][ec][ed])
(;N[551]C[基础题：黑先最佳着手]AB[bb][bc][cc][cd][ce][cf][ed][fc][gb][gc][hd]AW[ba][cb][da][db][dc][dd][df][eb][ee][fb][fe][ge])
(;N[552]C[基础题：黑先最佳着手]AB[bb][bc][bd][ca][de][df][ea][fc][ff][ga][gc][hc][hf][id][ie]AW[cc][ec][ed][fb][fd][gb][gd][hd][ic][jc])
(;N[553]C[基础题：黑先最佳着手]AB[cf][cg][db][df][eb][ec][ed][ee][fb][fe][fh][gf][hf][hg]AW[bb][bd][cb][dc][dd][de][dg][ef][fc][fd][ff][fg][gb][gd][ge][gg][hh][ic])
(;N[554]C[对杀题：黑先胜]AB[ab][bb][bc][bd][be][cc][da][dd][ea][eb][ed][fb][fc][fd]AW[ba][cb][cd][ce][db][dc][de][ee][fa][fe][ga][gb][gc][gd][ge])
(;N[555]C[基础题：黑先最佳着手]AB[be][cf][eb][ed][ef][fd][ff]AW[cd][dc][dd][fb][gc][gd][ge])
(;N[556]C[基础题：黑先最佳着手]AB[bc][bd][be][cf][cg][dd][ec][fb][fd][gc][gd]AW[bb][cb][cd][db][dc][de][df][eb][fe][ff])
(;N[557]C[对杀题：黑先胜]AB[bb][be][bf][cb][cc][cd][cg][ch][dh]AW[bc][bd][bg][ca][ce][cf][db][dc][dd][de][dg][ef][eg])
(;N[558]C[对杀题：黑先胜]AB[bb][bd][cd][cf][db][dc]AW[ab][ba][cb][cc][dd][ec][ed][fb])
(;N[559]C[基础题：黑先最佳着手]AB[bg][cb][cc][cd][cf][eb][gc][hd]AW[db][dc][dd][de][eg][fd][gf][ie][jb][jc][jd])
(;N[560]C[基础题：黑先最佳着手]AB[db][dc][de][df][ed][eg][eh][fc][ge][gg]AW[bf][cb][cc][cd][cg][dd][dg][fd][gb][gc][gd])
(;N[561]C[手筋题：黑先最佳着手]AB[bb][bc][cc][cg][db][dd][de][df]AW[bd][bg][cd][cf][dc][dg][dh][ec][fc][gd][gf])
(;N[562]C[基础题：黑先最佳着手]AB[ce][cf][dd][dg][ec][ed][fc][ff][gc]AW[bd][cd][db][dc][de][df][eb][eg][fd][fe])
(;N[563]C[基础题：黑先最佳着手]AB[ba][bb][be][cb][ce][da][de][ea][ec][ed][ee][gc]AW[ab][ad][bc][bd][cc][db][dc][dd][eb])
(;N[564]C[对杀题：黑先胜]AB[ac][bd][be][ce][da][db][dc][de][ed][fd]AW[aa][bc][ca][cb][cc][cd][dd][ec][fc][gc])
(;N[565]C[基础题：黑先最佳着手]AB[bb][cb][ce][dc][dd][dg][dh][di][eb][ee][ef]AW[bc][cc][cd][cf][cg][ch][ci][de][df])
(;N[566]C[基础题：黑先最佳着手]AB[bd][cc][dd][de][ec][ef][eg][fc][fg][gc][ge]AW[bb][cb][db][dc][df][dg][dh][ed][ee][ff][gd][gf][hf])
(;N[567]C[对杀题：黑先胜]AB[ab][bb][bc][cd][dd][ed][fb][fc][fd]AW[ba][bd][be][cb][cc][ce][db][dc][ea][eb][ec])
(;N[568]C[基础题：黑先最佳着手]AB[db][dd][de][eb][ec][ee][fe][ge][ha][hb][hc][hd][he]AW[ba][cb][cc][cd][ce][da][dc][ed][fb][fd][ga][gb][gc][gd])
(;N[569]C[对杀题：黑先胜]AB[ac][ba][bc][cc][dc][ed][ee][fa][fb][fc]AW[ab][bb][bd][ca][cd][da][dd][ea][eb][ec])
(;N[570]C[对杀题：黑先胜]AB[bc][ca][cb][cc][dd][ec][ed][fc][gb]AW[bd][cd][cf][da][db][dc][ea][fb][gc][hb][hc])
(;N[571]C[基础题：黑先最佳着手]AB[be][cf][de][df][dg][ec][ed][fb][fc][fg][gf]AW[bd][cd][ce][db][dc][dd][eb][ee][ef][fd][ff][ge])
(;N[572]C[对杀题：黑先胜]AB[ab][ad][be][ce][db][dc][dd][fd]AW[ac][bc][bd][bg][cb][cd][de][dg][ee])
(;N[573]C[对杀题：黑先胜]AB[cb][cc][cd][db][de][ee][gc][ge][hd]AW[bb][bc][bd][be][ce][dc][dd][eb][ed][fc][gd])
(;N[574]C[对杀题：黑先胜]AB[cd][ce][cf][db][dc][de][eb][ef][eg][eh][fe][gf]AW[bc][bg][cc][cg][dd][df][dg][ec][ed][ee][fb][fd][ib])
(;N[575]C[基础题：黑先最佳着手]AB[bb][bc][bd][ce][cf][cg][dc][dd][dg][eb]AW[ba][be][bf][bg][bi][cb][cc][cd][ch][db][de][ec][ef])
(;N[576]C[基础题：黑先最佳着手]AB[be][ce][dc][dd][de][eb][fc][gb][hb][hc][hd]AW[bg][cd][dg][ed][fb][fd][ff][ga][gc][gd][he][ie][jb][jc])
(;N[577]C[手筋题：黑先最佳着手]AB[cc][ce][dc][df][ec][fc][fe][gd][gf][gg][he][ie]AW[bf][cd][cg][de][dg][ed][ef][eg][fd][gc][gh][hb][hf][hg][hh][ic][jd][je][jf])
(;N[578]C[基础题：黑先最佳着手]AB[ab][ae][bb][bc][bf][cb][ce][dc][ec][ee]AW[ac][ad][bd][cc][cd][cf][db][de][dg][eb][fb])
(;N[579]C[手筋题：黑先最佳着手]AB[ba][bd][cb][cd][dd][ea][eb][ec]AW[ac][bb][cc][da][db][dc][ed][fd][gb][gc])
(;N[580]C[对杀题：黑先胜]AB[ac][bc][ca][cb][cc][dc][dd][ee][fb][fd][fe][gb]AW[ab][ad][ba][bd][bf][cd][db][de][df][eb][ec][ed])
(;N[581]C[死活题：黑先净杀]AB[ae][bc][be][ca][cb][ce][db][de][ea][ed][fb][fc][fd]AW[ac][ad][ba][bb][bd][cd][dc][dd][eb][ec])
(;N[582]C[基础题：黑先最佳着手]AB[ag][bc][bd][bh][cc][ce][cf][ch][ci][dg][dj][eb][ef]AW[be][bf][bg][cd][cg][dd][dh][ee][eh][ff])
(;N[583]C[基础题：黑先最佳着手]AB[cc][cd][cf][cg][ed][fb][fe][gb][gc][ge][hc][he]AW[dd][eb][ec][ee][eg][fc][ff][gf][hf])
(;N[584]C[基础题：黑先最佳着手]AB[ad][bd][ca][cd][cf][da][db][dc]AW[aa][ab][ac][bc][cc][dd][ea][eb][ec][ed])
(;N[585]C[对杀题：黑先劫]AB[ac][ba][bd][cd][dc][ec][fa][fb][fc]AW[bb][bc][ca][cc][db][dd][eb][ed][fd][gb][gc][gd])
(;N[586]C[手筋题：黑先最佳着手]AB[ac][ad][bd][cb][cd][dc][ec][ed][ee][ef][fb]AW[ab][bb][bc][bf][cc][cf][db][dd][de][eb][fc][gb])
(;N[587]C[对杀题：黑先胜]AB[ac][bd][cd][db][dd][eb][ed][fc][fd]AW[bc][ca][cc][dc][ec][fb][gb][gc])
(;N[588]C[基础题：黑先最佳着手]AB[ag][bb][bf][bh][cc][cd][ce][cg][dg]AW[af][be][cb][cf][db][dc][dd][de][df])
(;N[589]C[对杀题：黑先胜]AB[ac][ba][bc][cc][dc][ed][ee][fa][fb][fc]AW[ab][bb][bd][ca][cb][cd][dd][ea][eb][ec])
(;N[590]C[基础题：黑先最佳着手]AB[id][jc][kb]AW[ie][jd][kc])
(;N[591]C[对杀题：黑先胜]AB[ba][bb][bc][ca][cd][ce][dc][de][ee][fe][gb][gc][gd]AW[ac][bd][be][bf][bg][cb][cc][da][db][dd][ed][fc])
(;N[592]C[手筋题：黑先最佳着手]AB[cb][db][dc][eb][fb][fc][ga][gd][ge][ha][hf][ib][jf][kd]AW[bb][bd][cc][dd][ec][ed][fd][gb][gc][hb][hc][hd][ic][id])
(;N[593]C[手筋题：黑先最佳着手]AB[be][cb][cc][cd][cg][ch][ci]AW[bd][ce][db][dc][dd][de][df][dg])
(;N[594]C[基础题：黑先最佳着手]AB[ae][af][bc][bd][bf][cb][cd][cg][db][dg][eb]AW[ac][bb][be][cc][ce][cf][dc][dd][de])
(;N[595]C[基础题：黑先最佳着手]AB[bb][ca][cc][db][dc][ed][fb][fd][gc]AW[bd][cd][da][dd][eb][ec][fa][gd][ha][hb][hc][hd])
(;N[596]C[基础题：黑先最佳着手]AB[ba][bb][bc][bd][cd][da][eb][gc][gd]AW[ad][be][cb][cc][ce][db][dc][dd][ed][ef][fd])
(;N[597]C[基础题：黑先最佳着手]AB[cb][cc][cd][dd][df][ec][ee][fb][fe]AW[db][dc][ed][fc][fd][gb][gd])
(;N[598]C[基础题：黑先最佳着手]AB[bb][bc][bd][ce][cf][dc][dd][fc][fd][hc]AW[ba][be][bg][cb][cc][cd][db][de][df][dg][ff])
(;N[599]C[基础题：黑先最佳着手]AB[dc][ec][fc][gd][ge][hc][he][ie][kf]AW[eb][fb][fd][fe][gb][gc][gf][hd][id][if][jd])
(;N[600]C[基础题：黑先最佳着手]AB[bb][bh][cc][cg][ci][dc][de][dg][ec][ee][fg][fh][gc][gd][gh][hc]AW[bc][bg][cd][ce][cf][dd][ed][ef][fd][ge][gf][gg][ig])
(;N[601]C[基础题：黑先最佳着手]AB[bc][bd][be][cc][cf][cg][dd][ec][ed][eg][fd]AW[bb][cb][cd][ce][db][dc][de][df][eb][ee][fc][gc])
(;N[602]C[对杀题：黑先胜]AB[ab][ac][ah][bc][bh][cc][ch][dd][de][df][dg][dh][ed][fa][fb][fc][fd]AW[ae][af][ag][bb][bd][be][bg][cb][cd][ce][cf][cg][dc][ea][eb][ec])
(;N[603]C[基础题：黑先最佳着手]AB[ca][db][dc][dd][de][df][ea][ed][ga][gd][ge][gf][hb][hc][hg]AW[bb][bd][be][cb][cf][dg][eb][ec][ee][ef][eg][fc][fd][fe][gb][gc][gg][gh])
(;N[604]C[对杀题：黑先胜]AB[cd][dc][dd][ed][fe][gb][gc][ge][hd][he]AW[cf][ec][ee][ef][fc][fd][gd][hb][hc][ic])
(;N[605]C[手筋题：黑先最佳着手]AB[bc][cb][db][dc][dd][ee][fb][fc][fd][fe]AW[ba][bf][cc][cd][ce][da][de][ea][eb][ec][ed])
(;N[606]C[基础题：黑先最佳着手]AB[cd][dc][ec][ee][fb][gb][gc][hb][hd][hf][id][jf]AW[bc][cc][db][eb][fc][fd][fe][gd][hc][ic][jc][je][kc][ke])
(;N[607]C[基础题：黑先最佳着手]AB[cd][ce][cf][db][dc][dg][eb][ef][fb][fd][ff][gd]AW[bb][bd][cb][cc][dd][de][df][ed][fc][fe][gb][ge][hc][he])
(;N[608]C[对杀题：黑先胜]AB[ab][ac][ad][ae][bc][be][cd][ce][de][eb][ec][ed][gb]AW[af][ba][bb][bf][cb][cc][cf][db][dc][dd][df][ea][ee][ef])
(;N[609]C[基础题：黑先最佳着手]AB[dc][dd][eb][ee][fa][ff][gd][ge][gf][hb][hc][id]AW[bc][cb][ce][db][df][ec][ef][fb][fd][fe][gb][gc][ha][ib][jc])
(;N[610]C[手筋题：黑先最佳着手]AB[bb][bc][bh][bj][cd][ce][cf][cg][ch][ci]AW[ac][af][ah][ai][bd][be][bf][bg][bi][cj][ck])
(;N[611]C[对杀题：黑先胜]AB[bb][bc][cc][dd][ea][ed][fb][fc]AW[cb][da][dc][ec][fa][fd][gb][gc][gd])
(;N[612]C[基础题：黑先最佳着手]AB[ce][cg][ch][dd][df][di][ef][fd][fh][gf][gg]AW[bd][be][bf][cc][cf][dg][dh][eb][eg][fe][ff][fg])
(;N[613]C[基础题：黑先最佳着手]AB[bb][cb][cc][cg][ch][dd][df][ec][ef][gc][hc]AW[bc][cd][ce][cf][db][de][dg][eg][ff][fg])
(;N[614]C[对杀题：黑先胜]AB[bb][bc][be][ce][db][dc][dd][fd]AW[ad][bd][bg][cb][cc][cd][de][dg][ee])
(;N[615]C[手筋题：黑先最佳着手]AB[bc][cc][cd][ce][df][eb][ee][ef][fc][ge][gf]AW[bd][be][cf][cg][dd][de][ec][fb][fd][gd][hb][hd])
(;N[616]C[手筋题：黑先最佳着手]AB[ab][ad][bb][bc][bd][cb][ce][cf][eb][ee][fc][fd]AW[be][bf][bg][cc][cd][cg][db][ec][ed][fb][fe][gb][ge])
(;N[617]C[基础题：黑先最佳着手]AB[ab][ba][bd][db][dc][dd][ed][fb][fc][gb]AW[cb][da][ea][eb][ec][fd][ga][gd][hb][hc])
(;N[618]C[基础题：黑先最佳着手]AB[ac][ba][bb][bc][cc][dc][ed][fb][fc][fd]AW[ab][ad][bd][ca][cd][db][dd][df][ea][eb][ec])
(;N[619]C[对杀题：黑先劫]AB[ab][ad][ba][bd][cd][dd][ea][eb][ec][gc][hb]AW[ac][bb][bc][be][cb][cf][da][db][dc][de][ed][fd])
(;N[620]C[手筋题：黑先最佳着手]AB[ce][db][dd][de][df][eb]AW[be][cc][cd][cf][dg])
(;N[621]C[基础题：黑先最佳着手]AB[be][cb][cc][cd][de][eb][ec][ed][ee][fd][ha][hb]AW[da][db][dc][dd][ea][fb][fc][ga][gb][hc][hd][ic])
(;N[622]C[基础题：黑先最佳着手]AB[bd][cc][dd][de][ec][ef][eg][fc][fg][gc][ge]AW[bb][cb][db][dc][df][dg][dh][ed][ee][ff][gd][he][hf])
(;N[623]C[对杀题：黑先劫]AB[ba][bc][bd][bg][cb][cd][dd][dg][ec][fc][fd][fe][fg]AW[ab][bb][be][cc][ce][db][dc][de][ed][ee])
(;N[624]C[基础题：黑先最佳着手]AB[bb][bc][bd][bh][cb][ce][cf][dd][dh][ee][ef][eh]AW[be][bf][bg][cc][cd][ci][db][dc][de][di][ec][ei][gc])
(;N[625]C[对杀题：黑先劫]AB[ab][ac][bc][cc][dc][ea][eb][fc][gb]AW[aa][bb][bd][ca][cb][ce][db][dd][ec][ed][fb])
(;N[626]C[对杀题：黑先胜]AB[bd][be][bf][cd][db][dc]AW[bc][bg][cc][ce][cf][cg][dd][ec][ed])
(;N[627]C[基础题：黑先最佳着手]AB[bc][cd][cf][ed][ee][fb][fc][gb][gd][hd]AW[cb][db][eb][ec][fd][fe][gc][hb][hc])
(;N[628]C[基础题：黑先最佳着手]AB[ca][cb][cc][dd][ed][fc][fd][ff][gb][gc][gd]AW[bd][cd][cf][da][db][dc][ec][fb][ga][hb][hc][hd][he])
(;N[629]C[基础题：黑先最佳着手]AB[bc][be][cc][cg][ch][ci][de][df]AW[bb][cb][ce][dc][dd][dg][dh][eb][ee][ef])
(;N[630]C[对杀题：黑先胜]AB[ab][ac][ad][ae][bc][be][cd][ce][da][dd][ec][fc][fd][hc]AW[af][ba][bb][bf][cb][cc][cf][dc][de][df][ed][ee])
(;N[631]C[基础题：黑先最佳着手]AB[cc][cd][db][dd][de][eb][gc][gd]AW[be][ce][cg][dc][df][ec][ed][ef][fb][fd][ff])
(;N[632]C[对杀题：黑先胜]AB[ba][bb][bc][cc][da][dd][ed][fd][ga][gc][hb]AW[ac][bd][ca][cb][cd][cf][db][dc][eb][ec][fc][gb])
(;N[633]C[对杀题：黑先劫]AB[ba][ca][cb][db][dc][ed][ee][fc][gc][hb][hc]AW[ab][bb][bc][cc][dd][de][df][eb][ec][fa][fb][gb])
(;N[634]C[基础题：黑先最佳着手]AB[ba][bb][bc][cd][db][dd][ec][ed][fb]AW[bd][be][ca][cb][cc][ce][ea][eb][fc][gb][gc])
(;N[635]C[手筋题：黑先最佳着手]AB[bd][be][cb][cc][ce]AW[bc][cd][db][dc][dd][fc])
(;N[636]C[手筋题：黑先最佳着手]AB[af][bc][be][bg][cc][ce][dd][de][ef][ei][ff][fg][fh][fi]AW[bb][bf][bh][cb][cf][ch][dc][df][di][ec][ed][ee][eg][eh][ej])
(;N[637]C[基础题：黑先最佳着手]AB[bc][cc][cf][ch][db][de][dh][eb][fc][fd]AW[bd][cd][dc][ed][ee][ef][fe][ge][hb][hd])
(;N[638]C[对杀题：黑先胜]AB[bb][cc][da][db][dc][ed][fb][fd][gc]AW[ab][ac][bc][cd][dd][ea][eb][ec])
(;N[639]C[手筋题：黑先最佳着手]AB[bf][cd][ce][cf][db][dc][ed]AW[ac][bb][bd][be][cb][cc][dd][de][fc][ff])
(;N[640]C[对杀题：黑先胜]AB[ae][be][cd][ce][db][dd][eb][ec]AW[ac][ad][bb][bd][bg][cc][cf][dc][de][df][ed][fd])
(;N[641]C[对杀题：黑先胜]AB[ab][ba][bb][be][ca][ce][da][de][ea][eb][ec][ed]AW[bc][bd][cb][cd][db][dc][dd][ee][fa][fb][fc][fd][fe])
(;N[642]C[死活题：黑先净活]AB[bc][be][cc][cd][ce][df][dg][dh]AW[bb][bf][cb][cf][ci][dc][dd][de][di][ef][eg][ei])
(;N[643]C[手筋题：黑先最佳着手]AB[gd][ge][hb][hc][ia][ic][if][jb][jc][je][kd][ke]AW[ec][gb][gc][ha][hd][id][ja][jd][ka][kb][kc])
(;N[644]C[对杀题：黑先胜]AB[bb][bc][ca][cd][dd][ed][fb][fc][ga]AW[cb][cc][dc][ea][eb][ec][fa][fd][gd][hb])
(;N[645]C[基础题：黑先最佳着手]AB[bd][be][bf][ce][cg][db][dc][dd][dg][ee]AW[ad][ae][bc][bg][bh][cb][cc][cd][ch][ck][de])
(;N[646]C[对杀题：黑先胜]AB[ab][bc][be][cd][db][dd][ec][fa][fc][ga][gb][gc]AW[bb][ca][cb][cc][dc][ea][ed][fb][fd][gd][ha][hb][hc][hd])
(;N[647]C[基础题：黑先最佳着手]AB[bc][bd][cc][db][fb][fc][fd][fe]AW[be][cd][cf][dd][ea][eb][ed][ef])
(;N[648]C[对杀题：黑先胜]AB[ba][bb][bc][bf][cc][cf][da][db][dd][de]AW[ab][ac][ad][bd][be][cd][dc][ea][eb][ec])
(;N[649]C[基础题：黑先最佳着手]AB[bg][bi][cd][ce][cf][cg][ci][dc][dg][di][eb][ed][eh]AW[ae][ag][ah][bd][be][bf][bh][cb][cc][ch][db][dh])
(;N[650]C[基础题：黑先最佳着手]AB[bc][bd][be][cc][cf][cg][dd][ec][ed][eg][fd]AW[bb][cb][cd][ce][db][dc][de][df][eb][fc][ff][gc])
(;N[651]C[对杀题：黑先劫]AB[ab][bc][bd][cd][db][dd][ea][ec][fc][hc]AW[ba][bb][be][cb][cc][ce][cf][dc][de][ed][ee])
(;N[652]C[手筋题：黑先最佳着手]AB[ba][bb][bc][cd][dd][ec][ed][ee][fa][fb][fd]AW[bd][be][ca][cb][cc][ce][dc][ea][eb][fc][gb][gc][hc])
(;N[653]C[对杀题：黑先胜]AB[ad][bb][bd][cc][cd][de][ed][ee][fa][fb][fc]AW[ab][ae][ba][be][cb][ce][cg][da][dc][dd][ea][eb])
(;N[654]C[基础题：黑先最佳着手]AB[ba][bb][bc][bd][ca][ce][de][ec]AW[be][bf][cb][cc][cd][cf][da][dc][eb][gb][gc][gd])
(;N[655]C[基础题：黑先最佳着手]AB[bc][be][cf][ed][ef][fb][fd][ff]AW[cd][dc][dd][fc][gc][gd][ge])
(;N[656]C[基础题：黑先最佳着手]AB[bb][bc][cc][cd][da][dd][ed][fb][fd][gb][gc]AW[ba][cb][dc][ea][ec][fc][gd][hb][hc][hd])
(;N[657]C[对杀题：黑先胜]AB[cb][cc][db][dd][de][ee][fd][fe]AW[bc][bd][cd][cf][dc][eb][ec][ed][hb][hc][hd])
(;N[658]C[基础题：黑先最佳着手]AB[ab][ad][ba][bd][cd][dd][ea][eb][ec][fc][fd]AW[ae][bb][be][cb][cc][ce][da][db][dc][de][ed][ee])
(;N[659]C[对杀题：黑先胜]AB[cb][cc][dc][ec][fd][ga][gb][gc][gd]AW[ba][bb][bc][cd][dd][ea][ed][fa][fb][fc])
(;N[660]C[基础题：黑先最佳着手]AB[cd][ce][cf][db][dc][dg][eb][ef][fb][fd][ff][gd]AW[bb][bd][cb][cc][dd][de][df][ed][ee][fc][fe][gb][hc][he])
(;N[661]C[对杀题：黑先胜]AB[cb][cc][db][dd][eb][ed][fd][gd][hc][hd]AW[bb][bc][cd][ce][dc][ec][fb][fc][gc][hb])
(;N[662]C[手筋题：黑先最佳着手]AB[bg][cb][cf][db][dc][dd][de][df]AW[bb][bf][bh][cc][cd][ce][cg][dg])
(;N[663]C[对杀题：黑先劫]AB[ac][ae][ba][bd][bf][cd][ce][db][dc][eb]AW[ab][bc][ca][cb][cc][dd][ed][fb][fc])
(;N[664]C[对杀题：黑先胜]AB[ge][gf][gg][gh][hb][hc][hd][hi][ie][if][jh][kg]AW[gb][gc][gd][he][hf][hg][hh][id][ii][jb][jd][jg][ke])
(;N[665]C[对杀题：黑先胜]AB[ab][ae][af][bb][bf][cb][cf][db][df][ec][ed][ee][ef]AW[ba][bc][be][ca][cc][ce][da][dc][dd][de][eb][fc][gb])
(;N[666]C[对杀题：黑先胜]AB[ad][bb][bd][cc][cd][dd][ec][fc][gc]AW[ae][ba][be][cb][ce][db][dc][de][ed][ee])
(;N[667]C[对杀题：黑先胜]AB[ba][bb][bc][cd][ce][de][ea][ee][fb][fe][gb][gc][gd]AW[ab][ac][bd][be][bf][cb][cc][db][dc][dd][eb][ed][fc][fd])
(;N[668]C[死活题：黑先净杀]AB[ae][be][ca][ce][da][db][dc][dd][de]AW[ad][ba][bd][cb][cc][cd])
(;N[669]C[基础题：黑先最佳着手]AB[cc][cd][dd][de][eb][gc][gd]AW[be][ce][dc][df][ec][ed][ef][fd][ff])
(;N[670]C[手筋题：黑先最佳着手]AB[ba][bb][bc][cd][ce][db][de][ea][ed][fc]AW[bd][be][bf][ca][cb][cc][cf][dc][dd][eb][fb][gb])
(;N[671]C[对杀题：黑先胜]AB[ab][ad][bd][bf][cc][ce][db][dc][df][ea][ec][fa][fb]AW[aa][bb][bc][ca][cb][cd][dd][ed][fc][fd][ga][gb][hc])
(;N[672]C[对杀题：黑先胜]AB[cb][cc][cd][ce][df][ec][ef][fe]AW[bd][be][cf][cg][db][dc][dd][de][ee][gb][gc][gd])
(;N[673]C[基础题：黑先最佳着手]AB[bc][bd][cc][db][fb][fc][fd][fe]AW[be][cd][cf][dd][eb][ec][ed][ef])
(;N[674]C[基础题：黑先最佳着手]AB[ad][bd][ca][cd][cf][db][dd][eb][ec][fa][fb]AW[ac][ba][bb][bc][cc][dc][ea][ed][fc][fd][ga][gb][hc])
(;N[675]C[基础题：黑先最佳着手]AB[af][ag][ah][bf][bh][cd][ch][dc][di][dj][ec][ed][ee][ef][eg][eh][fb][gc]AW[ai][be][bg][bi][cb][cc][cg][ci][cj][db][dd][de][df][dg][dh][eb])
(;N[676]C[死活题：黑先净杀]AB[bc][bd][be][cc][cf][df][eb][fa][fd][ff][gd][gg][hb][hc][ic]AW[cd][ce][db][dc][de][ec][ed][ee][fc][gb][gc])
(;N[677]C[基础题：黑先最佳着手]AB[bg][cb][cc][cd][cf][db][eb][fc][gc][hd]AW[dc][dd][de][ec][eg][fb][fd][gb][gf][ie][jb][jc][jd])
(;N[678]C[对杀题：黑先胜]AB[bb][bc][cc][ce][dd][ed][fb][fc][ga]AW[ba][cb][dc][ea][eb][ec][fa][fd][gd][hb])
(;N[679]C[对杀题：黑先劫]AB[ab][ba][bb][bc][cb][cd][dd][ed][fc][gc]AW[ac][ae][bd][be][bf][ca][cc][ce][da][db][dc][dg])
(;N[680]C[对杀题：黑先胜]AB[af][be][bg][cb][cc][cd][cf]AW[bc][bd][ce][db][dc][dd][de])
(;N[681]C[手筋题：黑先最佳着手]AB[bd][be][cc][cf][cg][eb][ec][ef][fb][gc][gd][ge][gf]AW[ce][ee][eg][fc][fd][ff][fg][gb][gg][hb][hg][ic][id][ie])
(;N[682]C[对杀题：黑先胜]AB[eb][fa][fb][gb][gc][hd][id][jc][ka][kb][kc]AW[db][dc][ec][fc][ga][gd][ge][hb][hc][ib][ja][jb])
(;N[683]C[对杀题：黑先胜]AB[cb][cc][da][dc][ec][fd][ga][gb][gd][hc]AW[ba][bb][bc][ca][cd][dd][ed][fa][fb][fc])
(;N[684]C[基础题：黑先最佳着手]AB[bc][cd][ce][dc][eb][ed][ee]AW[bd][be][cb][cc][cf][cg][db])
(;N[685]C[对杀题：黑先胜]AB[ab][ac][ad][bb][bd][cb][cd][dd][ec][fb][fc][fd][fe]AW[ba][bc][be][ca][cc][ce][db][dc][de][eb][ed][ee][fa])
(;N[686]C[基础题：黑先最佳着手]AB[bb][bc][bd][cf][eb][ec][ef][ff][gc][ge]AW[cb][cc][dd][ed][gd][hc][hd][jd])
(;N[687]C[对杀题：黑先胜]AB[cc][cd][ce][db][df][eb][ef][fd][ff][hc]AW[bb][bf][cb][cf][cg][dc][dd][de][ed][fe][gd])
(;N[688]C[基础题：黑先最佳着手]AB[bg][cd][ce][cf][dc][dg][ec][eg][fc][ff][gd][hd][id][ie]AW[bd][be][cb][cc][ci][dd][de][df][di][ee][fe][fg][fh][he][hg][if])
(;N[689]C[对杀题：黑先胜]AB[bc][be][cc][ce][da][db][dc][de][ed][ee]AW[aa][ac][ad][bb][bd][cb][cd][dd][eb][ec][fc])
(;N[690]C[对杀题：黑先胜]AB[ab][ac][bd][be][bf][db][de][df][eb][ec][ed]AW[bb][bc][cb][cd][da][dc][dd][ee][fb][fd][fe][gb][gd])
(;N[691]C[基础题：黑先最佳着手]AB[dd][de][df][dg][eb][ec][fd][fe][hd][he][hf]AW[bg][cb][cd][ce][dc][ed][ee][ef][fc][ff][gc][hc][jc])
(;N[692]C[对杀题：黑先胜]AB[ab][ae][bb][bc][bf][cb][dc][dd][ec][ee]AW[ac][ad][bd][cc][cd][ce][db][de][eb][fb])
(;N[693]C[基础题：黑先最佳着手]AB[cb][cd][ce][dc][ec][fc][fe]AW[bb][bc][cc][db][dd][ed][fd][hc][he])
(;N[694]C[基础题：黑先最佳着手]AB[ba][bb][bc][cd][ce][db][de][ec][ee][fd]AW[bd][be][bf][ca][cb][cc][cf][da][ed][fb][fc])
(;N[695]C[基础题：黑先最佳着手]AB[fc][ge][gf][hf][id][ie][jc][kb]AW[hc][hd][he][if][ig][jd][je][kc])
(;N[696]C[基础题：黑先最佳着手]AB[ba][cb][cd][ch][db][dd][df][dg][ec][eg][fb][fg][hc][id]AW[bb][bc][bd][cc][dc][de][ed][ef][fd][ff][gd][ge][gf][if])
(;N[697]C[对杀题：黑先劫]AB[ac][bc][cc][dc][ea][eb][fc][gb][gd]AW[aa][bb][bd][ca][cb][ce][db][dd][ec][ed])
(;N[698]C[基础题：黑先最佳着手]AB[bb][bc][bd][cc][ch][dc][df][ed][fd][ff][gd][ge][gf][hf][if]AW[ba][cb][cd][db][dd][dg][ec][ee][ef][eg][fb][fe][fg][hc][id])
(;N[699]C[基础题：黑先最佳着手]AB[bc][be][cf][eb][ed][ef][fd][ff]AW[cd][db][dd][ea][gc][gd][ge])
(;N[700]C[基础题：黑先最佳着手]AB[bg][bh][cf][eb][ec][ed][gd]AW[bc][be][bi][cb][cd][ch][ci][dc][dg][ef])
(;N[701]C[手筋题：黑先最佳着手]AB[ba][bb][bc][bd][ca][ce][dc][dd][de][eb][ec][fd]AW[be][bf][cb][cc][cd][cf][da][db][df][ea][fa][fb][hc])
(;N[702]C[对杀题：黑先胜]AB[ac][bd][cd][cf][db][dc]AW[ab][bc][cc][dd][eb][ec][ed])
(;N[703]C[手筋题：黑先最佳着手]AB[bb][bc][bd][ca][cb][cd][ea][eb][ee][fb][fd]AW[be][cc][cf][da][db][dc][de][df][ed][ef][fc][ff])
(;N[704]C[对杀题：黑先胜]AB[cd][ce][da][db][dc][de][ee][fe][gb][gc][gd]AW[bd][be][ca][cb][cc][dd][eb][ed][fb][fc][fd])
(;N[705]C[对杀题：黑先胜]AB[ba][bb][bc][cd][dc][de][eb][ee][ef][fb][fd]AW[bd][be][bf][cb][cc][db][df][dg][ec][fc][gc])
(;N[706]C[基础题：黑先最佳着手]AB[bc][bd][cb][ce][cf][db][df][ea][ed][ef][fb]AW[be][bf][bg][cc][cd][cg][de][eb][ec][ee][fe][gc][ge])
(;N[707]C[手筋题：黑先最佳着手]AB[ba][bb][bc][bd][ca][ce][dd][de][ea][eb][fd]AW[be][bf][cb][cc][cd][cf][db][df][ec][fa][fb][hc])
(;N[708]C[对杀题：黑先胜]AB[ab][ad][bb][bd][cc][cd][dd][ee][fb][fd][fe][gb][gc][gd]AW[ba][be][ca][cb][ce][db][dc][de][df][eb][ec][ed][fa][fc])
(;N[709]C[对杀题：黑先胜]AB[ab][bc][bd][cd][dd][ed][fb][fc]AW[bb][cc][dc][ec][fd][fe][gb][gc])
(;N[710]C[基础题：黑先最佳着手]AB[bg][bh][bj][cf][cj][df][dj][ef][ej]AW[bi][ch][ci][ck][dg][di][dk][eh][ek][fh][fi][fj])
(;N[711]C[基础题：黑先最佳着手]AB[cc][cd][cf][dc][eb][gc]AW[db][dd][ec][ee][fd][ge][ic][id])
(;N[712]C[对杀题：黑先胜]AB[aa][bb][bf][ca][cf][db][dc][df][ec][ed][ee]AW[bd][be][cb][cc][ce][dd][de][ef][fb][fc][fd][fe][ff])
(;N[713]C[基础题：黑先最佳着手]AB[bb][cb][cd][dc][dd][dg][dh][di][eb][ee][ef]AW[bc][bd][cc][ce][cg][ch][de][df])
(;N[714]C[基础题：黑先最佳着手]AB[cc][cd][db][dd][fb][gc][gd][ge]AW[be][cf][dc][ec][ed][ef][fc][fd][ff])
(;N[715]C[手筋题：黑先最佳着手]AB[cd][ce][dc][de][df][eb][ee][fe][ga][gb][gc][gd][ge]AW[bc][bd][be][cc][cf][cg][db][dg][ec][ed][ef][fb][fc][fd])
(;N[716]C[对杀题：黑先胜]AB[ad][bd][cc][cd][de][ed][ee][fa][fb][fc]AW[ab][ae][be][cb][ce][cg][da][dc][dd][ea][eb])
(;N[717]C[基础题：黑先最佳着手]AB[ab][ba][bc][bf][cb][cc][cf][dd][de]AW[ac][ad][bd][cd][da][db][dc][ec][fb][fd])
(;N[718]C[手筋题：黑先最佳着手]AB[ac][bb][ca][cb][cc][cd][da][de][ea][ec][ee]AW[ae][bc][bd][bf][ce][cf][dc][dd][eb][fa][fc][ha][hb][hc][hd])
(;N[719]C[对杀题：黑先胜]AB[cb][cc][da][dc][eb][ec][fa][fd][gd][hb][hc]AW[ba][bb][bc][cd][dd][ed][fb][fc][ga])
(;N[720]C[手筋题：黑先最佳着手]AB[be][cd][cg][ch][dc][dd][de][df][di][eb][fc]AW[bd][bf][bg][cb][cc][ce][cf][db][dg][eg])
(;N[721]C[对杀题：黑先胜]AB[ae][be][bf][bg][ca][cb][ce][db][dc][dd]AW[ad][bb][bd][bh][cc][cd][cf][cg][ch][de][ee])
(;N[722]C[对杀题：黑先胜]AB[ac][ad][ba][bd][cd][ce][da][db][dc][de][ec]AW[bb][bc][ca][cc][dd][eb][ed][fb][fc][fd])
(;N[723]C[死活题：黑先净杀]AB[bb][bf][cb][cc][cf][db][ea][ef][fb][ff][gb][hc][hd][he]AW[ab][bc][bd][cd][dc][dd][eb][ec][fe][gd])
(;N[724]C[对杀题：黑先胜]AB[ba][cb][db][dc][ed][ee][fd][ga][gb][gc][gd][ge]AW[ac][bb][bd][cc][cd][da][dd][ea][ec][fa][fb][fc])
(;N[725]C[基础题：黑先最佳着手]AB[cd][dd][de][ec][fc][ff][gc][hd][ic][id][ie]AW[ed][fd][fe][gd][gf][hb][hc][he][ib][jc][jd])
(;N[726]C[基础题：黑先最佳着手]AB[bd][be][cc][cf][cg][eb][ec][ed][ef][fb][gc][gd][ge][gf]AW[ce][df][ee][eg][fc][fd][fe][fg][gb][gg][hb][hg][ic][ie])
(;N[727]C[对杀题：黑先胜]AB[bc][cc][cd][de][eb][ee][fd]AW[bd][ce][cf][db][dc][dd][ed][gb][gc][hd])
(;N[728]C[手筋题：黑先最佳着手]AB[bb][bd][be][cb][cd][da][de][ea][ee][fb][fd]AW[bc][bf][cc][ce][cf][db][dd][eb][ed][fc])
(;N[729]C[基础题：黑先最佳着手]AB[dd][ec][ed][ee][fb][fe][gb][hb][id]AW[cd][ce][db][dc][de][eb][fc][fd][gc][ge][hd])
(;N[730]C[基础题：黑先最佳着手]AB[bd][cb][cc][ce][da][dg][eg][fb][fc][ff][gd][ge]AW[db][eb][ed][ee][ef][fd][gb][gc][hc][id])
(;N[731]C[对杀题：黑先劫]AB[ae][ba][be][bf][ca][cb][cf][db][dc][dd][df][ee][fe]AW[ac][ad][bb][bd][cc][cd][ce][de][eb][ec][ed][gc])
(;N[732]C[手筋题：黑先最佳着手]AB[ib][ic][id][je][kd][ke]AW[gb][gc][he][ie][jc][jd][jf][kc][kf])
(;N[733]C[对杀题：黑先胜]AB[ac][bb][bd][cd][dc][ec]AW[bc][bf][ca][cb][cc][dd][de])
(;N[734]C[基础题：黑先最佳着手]AB[bg][cd][dg][ed][fb][ff][gc][gd][ge][he][ie][jb][jc]AW[be][ce][dc][dd][de][eb][gb][hb][hc][hd])
(;N[735]C[对杀题：黑先胜]AB[ba][bb][bg][bi][cb][cc][cg][dd][de][df][ed][fb][fd][gc]AW[ab][bc][bf][cd][ce][da][db][dc][eb])
(;N[736]C[对杀题：黑先劫]AB[ba][bb][bc][cb][cd][dd][ed][fc][fd][ga][gb][hc]AW[ac][ad][bd][bf][ca][cc][ce][db][dc][df][ea][ec][fa][fb])
(;N[737]C[基础题：黑先最佳着手]AB[ai][bb][bc][bd][bh][cb][ce][cf][ch][dd][df][dh][ee][ef][eh]AW[ag][ah][be][bf][bg][cc][cd][ci][db][dc][di][ec][ei][gc])
(;N[738]C[对杀题：黑先胜]AB[bb][bd][be][bf][cd][db][dc]AW[ab][bc][bg][cc][ce][cf][cg][dd][ec][ed])
(;N[739]C[对杀题：黑先胜]AB[ab][ad][ba][bd][ce][db][dc][dd][de]AW[ae][bc][be][bf][cb][cc][cd][cf][df][eb][ec][fd])
(;N[740]C[基础题：黑先最佳着手]AB[bb][bc][cd][db][dd][df][dg][ea][fb][gb][gc][gd]AW[ca][cb][cc][da][ec][ee][ef][fc][ge][hb][he][ic])
(;N[741]C[对杀题：黑先胜]AB[ac][bb][bc][bd][ca][cc][dc][ed][fb][fd][gb][gc][gd]AW[ad][ae][ba][be][cb][cd][cf][db][dd][df][eb][ec][fa][fc])
(;N[742]C[对杀题：黑先胜]AB[ca][da][dc][dd][eb][ed][ee][fa][fb][fe][gf][hb][hc][hd][he][hf]AW[ba][bb][cb][cc][cd][db][de][df][ef][fd][ff][ga][gb][gc][gd][ge])
(;N[743]C[对杀题：黑先胜]AB[bb][be][bg][cb][cc][cd][cf][df]AW[ab][bc][bd][ce][db][dc][dd][de])
(;N[744]C[基础题：黑先最佳着手]AB[bc][cc][cf][cg][dc][df][dh][ec][ee][ef][eh][fc][fg][gf][gg]AW[ae][be][ce][de][eb][ed][fb][fd][fe][ff][gc][gd][ge])
(;N[745]C[基础题：黑先最佳着手]AB[bc][cd][cf][ed][ee][fb][fc][gb][gd][hd]AW[cb][eb][ec][fd][fe][ff][gc][hc])
(;N[746]C[基础题：黑先最佳着手]AB[bh][cd][ch][db][dc][dg][ed][ee][ef][eg]AW[bf][bg][ce][cg][ci][dd][de][df][dh][di][ec][fc][gd])
(;N[747]C[对杀题：黑先胜]AB[ae][ba][be][ca][cb][ce][da][dd][ea][eb][ed][fb][fc]AW[ab][ad][bb][bd][bf][bg][cc][db][dc][de][df][ec][ee][fd][fe][hc])
(;N[748]C[基础题：黑先最佳着手]AB[ba][bb][bc][cd][da][dd][ed][fb][fc]AW[bd][be][ca][cb][cc][ce][dc][eb][fa][ga][gb][gc][gd])
(;N[749]C[死活题：黑先净杀]AB[af][ba][bf][cb][cc][ce][cf][da][de][eb][ec][ed][ee]AW[ab][ae][bb][bc][bd][be][cd][db][dc][dd])
(;N[750]C[基础题：黑先最佳着手]AB[be][bg][cb][cc][ce][cg][ch][dd][de][df]AW[ac][ae][af][bb][bc][bd][bf][cd][cf][dc][dg][ec][eg][fd][ff])
(;N[751]C[死活题：黑先净杀]AB[bb][bd][cd][cg][dd][df][eb][ee][ef][fc][fd]AW[bc][cb][cc][ce][dc][de][ec][ed])
(;N[752]C[基础题：黑先最佳着手]AB[ab][bb][cb][cc][dc][ed][ef][fb][fd][gc][hb][hd]AW[ac][bc][bd][cd][cf][db][dd][eb][ec][fa][fc][hc][ia][ib][ic][id][ie])
(;N[753]C[对杀题：黑先胜]AB[ba][bb][cc][cd][eb][ec][ed]AW[ab][bc][bd][be][cb][db])
(;N[754]C[基础题：黑先最佳着手]AB[bd][cb][cc][ce][da][dg][eg][fa][fb][fc][ff][gd][ge]AW[db][ea][eb][ed][ee][ef][fd][gb][gc][hc][id])
(;N[755]C[对杀题：黑先胜]AB[ab][bb][be][cb][cf][dc][df][ec][ed][ee]AW[ac][bc][bd][ca][cc][db][dd][de][eb][fb])
(;N[756]C[手筋题：黑先最佳着手]AB[be][cb][cc][cd][de][eb][ec][ed][ee][fd][ha][hb]AW[da][db][dc][dd][ea][fb][fc][gb][hc][hd][ic])
(;N[757]C[基础题：黑先最佳着手]AB[bb][cc][cd][cf][dd][ed][ef][fa][fb][fc][gf][hd][he]AW[ba][bc][bd][be][cb][dc][ea][eb][ec][fd][gd][hb][hc])
(;N[758]C[对杀题：黑先胜]AB[bb][bc][cc][dd][ed][fa][fb][fc]AW[ba][bd][cb][cd][cf][cg][da][dc][eb][ec])
(;N[759]C[基础题：黑先最佳着手]AB[be][bf][bh][cf][dc][df][eb][ed][ee]AW[bb][bd][cb][cc][ce][ch][ci][cj][db][de][dg][ef][eg])
(;N[760]C[基础题：黑先最佳着手]AB[bb][bf][cb][cc][cf][db][ea][ef][ff][ga][hc][hd][he]AW[bc][bd][cd][dc][dd][eb][ec][fe][gb][gd])
(;N[761]C[对杀题：黑先胜]AB[bc][cb][cc][cd][ce][de][eb][ec][ed][fb][fd][gb][gd]AW[da][db][dc][dd][ea][ee][fe][ga][gc][ge][hb][hc][hd])
(;N[762]C[基础题：黑先最佳着手]AB[bb][bc][cc][ce][cf][df][ed][fc][gc][hb][hc][he]AW[cb][db][dd][de][eb][ee][ef][eg][fb][fe][gb])
(;N[763]C[基础题：黑先最佳着手]AB[cb][dc][ec][fb][fc][gc][hc][ib][jb]AW[bb][cc][cd][db][eb][fa][gb][hb][ic][id][kb][kc])
(;N[764]C[基础题：黑先最佳着手]AB[ca][cb][cc][cd][de][eb][ee][fc][fd]AW[be][ce][cg][db][dc][dd][df][ec][fb][gb][gc])
(;N[765]C[基础题：黑先最佳着手]AB[ec][ed][gc][if][jb][jc][jf][kd][ke]AW[ge][hf][hg][ib][ic][ie][ih][jd][kh])
(;N[766]C[基础题：黑先最佳着手]AB[aa][bb][bd][be][ca][ce][ch][da][de][ea][eb][ec][ed]AW[ac][bc][cb][cc][cd][dc][dd][ee][ef][fa][fb][fc][fd])
(;N[767]C[基础题：黑先最佳着手]AB[bd][be][cc][cf][cg][eb][ec][ef][fb][fe][gc][gd][ge][gf]AW[ce][ed][ee][eg][fc][fd][ff][fg][gb][gg][hb][hg][ic][ie])
(;N[768]C[基础题：黑先最佳着手]AB[ca][ce][db][dc][dd][de][df][ea][ed][gd][ge][gf][hb][hc][hg]AW[bb][bd][be][cb][cf][dg][eb][ec][ee][ef][eg][fb][fd][fe][gb][gc][gg][gh])
(;N[769]C[基础题：黑先最佳着手]AB[ba][bb][be][ce][de][ea][ec][ed][ee][gc]AW[ab][ad][bc][bd][cc][da][dc][dd])
(;N[770]C[手筋题：黑先最佳着手]AB[ba][bc][cc][da][dd][ea][ed][fc][fd][gb]AW[ad][bd][cd][cf][dc][eb][ec][fb][gc][hb][hc])
(;N[771]C[手筋题：黑先最佳着手]AB[be][cf][dc][eb][ed][ef][fc][fd][ff]AW[bd][cc][cd][dd][ea][fb][gc][gd][ge][hb])
(;N[772]C[基础题：黑先最佳着手]AB[fd][gc][ge][gf][gg][gh][hc][hh][ic][ig][jd][je][jf][jg][jh]AW[hd][he][hf][hg][id][ih][ii][jc][ji][kc][kd][ke][kf][kg][kh])
(;N[773]C[基础题：黑先最佳着手]AB[be][cb][cf][cg][db][dc][dd][eb][ef][fb][fc][ff][gf][hc][hd][he]AW[ba][bb][bc][ca][cc][cd][ce][de][ec][ed][ee][fd][gb][gc][ge])
(;N[774]C[基础题：黑先最佳着手]AB[bc][be][cf][ed][ef][fb][fd][ff]AW[cd][dc][dd][eb][gc][gd][ge])
(;N[775]C[基础题：黑先最佳着手]AB[ad][bc][cb][cc][da][dc][dd][ed][fa][gb][hc][ic][jd]AW[bd][bf][cd][db][de][eb][ec][ee][fb][fc][fd][gc][ge][hd])
(;N[776]C[对杀题：黑先劫]AB[ac][ad][bd][cd][cf][db][dc][ea][ec][fb][fc]AW[ab][ba][bc][cb][cc][dd][ed][fa][fd][ga][gb][gc])
(;N[777]C[基础题：黑先最佳着手]AB[ad][bb][bd][cc][cf][dc][de][df][ed][fd]AW[ae][be][cb][cd][ce][db][dd][eb][ec])
(;N[778]C[手筋题：黑先最佳着手]AB[bb][bd][cf][df][eb][ec][ef][fc][fe][gc][ha][hb][hd][id]AW[da][db][dc][dd][de][ea][fa][fb][gb][hc][ic][jd][kd])
(;N[779]C[对杀题：黑先胜]AB[bd][cb][cd][da][db][dd][eb][ec][fb]AW[bb][bc][ca][cc][dc][ed][ee][fa][fc][gb][gc])
(;N[780]C[基础题：黑先最佳着手]AB[dh][ec][ee][ef][eh][fh][gc][gd][gg][he][hg][ie][if]AW[ce][db][dc][de][fd][fe][ff][ge][gf][hf])
(;N[781]C[基础题：黑先最佳着手]AB[af][bb][bf][bg][cc][cg][dc][dd][de][df][dg]AW[ab][ae][bc][be][cb][cd][ce][cf][db][ec][fc])
(;N[782]C[基础题：黑先最佳着手]AB[ah][ai][bb][bi][cb][cd][ce][ci][db][dd][dh][ec][eh][fb][fd][fe][ff]AW[ab][ag][bc][be][bg][bh][cc][cf][ch][dc][df][dg][ed][ee])
(;N[783]C[基础题：黑先最佳着手]AB[ee][fb][fc][fe][gd][ge][hc][he]AW[cd][ec][ed][fd][gb][gc][hd][ic][id])
(;N[784]C[基础题：黑先最佳着手]AB[ab][bb][bc][bd][cc][dd][de][ee][fa][fb][fc][fd][fe]AW[ac][ae][ba][be][cb][cd][ce][cf][da][dc][df][ea][eb][ec][ed])
(;N[785]C[对杀题：黑先胜]AB[ab][bb][cc][cd][ce][cg]AW[ba][bc][bd][cb][db][ec][gc])
(;N[786]C[基础题：黑先最佳着手]AB[be][cd][ce][dd][eb][ed][fb][fc][ge][hd]AW[ba][bc][bd][cc][cf][db][dc][ec][fd][gd][hc][ic])
(;N[787]C[手筋题：黑先最佳着手]AB[bh][ce][cf][ch][dc][dh][ec][ed][eg][eh][fd][fe][ff][fh]AW[bd][be][bf][bg][cb][cc][cg][dd][dg][ee][ef][fb][fg][gc][gd][ge][gf][gg])
(;N[788]C[基础题：黑先最佳着手]AB[bc][bd][be][cf][ec][ed][ef][fb][fd][ff]AW[cd][dc][dd][eb][fc][gc][gd][ge][ic])
(;N[789]C[基础题：黑先最佳着手]AB[bc][bg][cc][cg][db][de][dg][ec][eg][fc][gb]AW[ae][be][ce][dc][dd][ee][fe][gd][hc][he])
(;N[790]C[手筋题：黑先最佳着手]AB[ba][bb][bc][cd][dd][eb][ec][fc]AW[bd][be][ca][cb][cc][cf][ea][fb][gc][hb])
(;N[791]C[对杀题：黑先胜]AB[ba][bb][bc][ca][cd][ce][de][eb][ee]AW[bd][be][bf][cb][cc][cf][da][db][dc][dd][gc][gd])
(;N[792]C[基础题：黑先最佳着手]AB[ba][bc][be][ca][cc][cd][da][dc][eb][ec][gc]AW[ab][ac][ad][bb][bf][cb][ce][cg][db][de][ed])
(;N[793]C[基础题：黑先最佳着手]AB[ba][bb][bc][cd][dc][dd][eb][ed][fc][fe][gc][hb][hc]AW[ac][bd][be][ca][cb][cc][ce][da][de][ea][fb][gb][ha][ib][ic][id])
(;N[794]C[对杀题：黑先胜]AB[bb][bc][bd][cd][db][dd][ed][fa][fb][fc]AW[cb][cc][dc][ea][eb][ec][fd][gc][gd][hb])
(;N[795]C[手筋题：黑先最佳着手]AB[cc][cd][db][de][eb][ed][fb][fd][hc]AW[bb][bc][bd][cb][dc][ec][fc][gc])
(;N[796]C[基础题：黑先最佳着手]AB[ab][bc][bd][ca][cb][ce][dd][de][ee][fb][fc]AW[ad][be][bf][cc][cd][cg][db][dc][eb][ec][ed][ga][hb][hc][hd])
(;N[797]C[基础题：黑先最佳着手]AB[bb][bc][be][bh][ce][ch][df][dg][eg]AW[ae][bf][cb][cc][cf][dd][de][ef][ff])
(;N[798]C[手筋题：黑先最佳着手]AB[ba][ca][cd][db][de][ed][fa][fb][fc][fd]AW[bb][bd][be][cb][cf][dc][dd][ea][eb][ec])
(;N[799]C[死活题：黑先净杀]AB[ad][ba][bc][bd][cd][dd][ed][fa][fb][fc]AW[ab][ac][bb][ca][cc][da][dc][ea][eb][ec])
(;N[800]C[对杀题：黑先劫]AB[bb][bc][ca][cc][dd][ec][ed][fb][gc]AW[ab][ac][ba][bd][cd][ce][db][dc][de][eb])
(;N[801]C[死活题：黑先净杀]AB[ab][ae][bf][bh][cb][cf][da][db][dc][dd][de]AW[ac][ad][ba][bb][be][ca][cc][cd][ce])
(;N[802]C[基础题：黑先最佳着手]AB[ca][cb][cc][dd][de][ea][fc]AW[bd][cd][da][db][dc][ec][fb])
(;N[803]C[对杀题：黑先胜]AB[bb][bc][be][cc][cd][de][ee][fc][fe][gc][gd]AW[bf][cb][ce][cf][db][dd][df][dg][ec][ed][fd][fg][ge][gf])
(;N[804]C[对杀题：黑先胜]AB[bc][ca][cb][cc][cd][dd][ea][ee][fe][gb][gd][ge][hb][hc]AW[bd][be][ce][da][db][dc][de][ed][fa][fb][fc][fd][gc])
(;N[805]C[手筋题：黑先最佳着手]AB[cc][cd][ce][dc][eb][ee][fb][gc][gd][ge]AW[bc][bf][cb][cf][db][de][ec][ed][fc][fe][gf][hf])
(;N[806]C[基础题：黑先最佳着手]AB[bc][bd][be][bg][cc][cg][dc][dh][ec][ef][eg][eh][fd][fe]AW[bb][bf][bh][cb][cd][cf][ch][db][dd][df][dg][eb][ed][ee][fc][gc])
(;N[807]C[基础题：黑先最佳着手]AB[bc][bi][cc][cf][ci][db][dd][de][df][dg][di][ed][eg][fd][fe][ff][fh]AW[be][bf][cd][ce][cg][dc][dh][ec][eh][fc][fg][gc][gd][ge][gf][gg])
(;N[808]C[对杀题：黑先胜]AB[cc][cd][db][de][ec][ee][fe][ga][gd][hb][hc]AW[bb][bc][bd][ce][cf][dd][ea][eb][ed][fc][fd][gb][gc])
(;N[809]C[基础题：黑先最佳着手]AB[af][bh][bi][bk][cd][cg][ch][ck][dd][de][di][dk][ef][eg][eh][ei]AW[ag][ai][bd][bf][bj][cb][cc][ce][cf][ci][cj][df][dg][dh])
(;N[810]C[基础题：黑先最佳着手]AB[bc][bd][be][cb][cf][cg][de][eb][ec][gc]AW[cc][cd][ce][db][df][ed][ef][eh])
(;N[811]C[基础题：黑先最佳着手]AB[db][dd][de][df][dg][ec][fc][ff][gc][he]AW[be][cb][cc][ch][dc][dh][ed][ee][ef][eh][fd][gg])
(;N[812]C[基础题：黑先最佳着手]AB[bb][bd][ca][cc][cd][cf][cg][db][df][eb][ec]AW[be][ce][ci][dc][dd][di][ed][fd][ff][fh])
(;N[813]C[对杀题：黑先劫]AB[ae][ba][be][cb][ce][da][dd][eb][ed][fb][fc]AW[ab][ac][ad][bb][bd][bf][bg][cc][db][dc][de][df][ec][fd][fe][hc])
(;N[814]C[基础题：黑先最佳着手]AB[bd][be][bf][cb][cc][ch][db][dd][de]AW[cd][ce][cf][dc][eb][ec][ee])
(;N[815]C[基础题：黑先最佳着手]AB[db][dc][dd][de][ea][hb][hc][he]AW[bb][bd][ce][cf][df][ec][ee][fc][fe][ga][gc])
(;N[816]C[对杀题：黑先胜]AB[ae][bc][be][ce][da][db][dc][de][ed][ee]AW[ab][ad][bd][cb][cd][dd][ea][eb][ec][fc][fd])
(;N[817]C[手筋题：黑先最佳着手]AB[ab][ac][ad][bb][bd][cb][ce][cf][eb][ee][fc][fd]AW[bc][be][bf][bg][cc][cd][cg][ec][ed][fb][fe][gb][gd][ge])
(;N[818]C[死活题：黑先净杀]AB[bb][bf][cb][cf][ci][dc][dd][de][di][ef][eg][ei]AW[bc][be][cc][cd][ce][ch][df][dg][dh])
(;N[819]C[手筋题：黑先最佳着手]AB[ac][bb][ca][cb][cc][cd][da][db][de][ea][ee][fd]AW[ae][bc][bd][bf][ce][cf][dc][dd][eb][ec][ed][fa][fc][hb][hc][hd])
(;N[820]C[手筋题：黑先最佳着手]AB[ab][bb][bf][bi][cc][cd][cg][ch][db][dc][de][df][dg]AW[ac][bc][bd][be][bg][bh][cb][ce][cf][ci][cj][dd][ed][ei][fe][fg])
(;N[821]C[基础题：黑先最佳着手]AB[bb][bc][bd][cc][dd][ec][ed][ee][fb][gb][hc][hg]AW[cb][cd][ce][cf][db][dc][de][eb][ef][fc][fd])
(;N[822]C[死活题：黑先净杀]AB[be][cb][cf][cg][db][dc][eb][ef][ff][gb][gf][hc][hd][he]AW[bb][bc][cc][cd][ce][dd][ec][ed][fa][fb][fe])
(;N[823]C[基础题：黑先最佳着手]AB[be][bf][cc][cd][cf][dg][ec][ef][eg][fe][ge]AW[bg][ce][cg][ci][dc][de][df][ee][ei][fb][fd][ff][fh][gc][gg])
(;N[824]C[对杀题：黑先劫]AB[cb][cc][da][dc][eb][ec][fa][fd][gd][hb][hc]AW[ba][bb][bc][ca][cd][dd][ed][fb][fc][ga])
(;N[825]C[基础题：黑先最佳着手]AB[bb][bc][be][cd][dc][dd][fb][fd][fe]AW[cb][cc][db][eb][ec][gc][gd][hb])
(;N[826]C[基础题：黑先最佳着手]AB[cd][de][ec][fc][gc][ge][hd][ic][id][ie]AW[cg][ed][ee][fd][gd][hb][hc][ib][jc][jd])
(;N[827]C[基础题：黑先最佳着手]AB[dd][ed][fc][gb][hc][ic][id][jc]AW[bc][ce][df][fd][ff][gc][gd][hd][ie][je])
(;N[828]C[对杀题：黑先胜]AB[ab][bb][bf][bg][bh][cb][ce][cf][dc][dd]AW[ac][ae][af][ah][bc][be][bi][cc][cd][ci][de][df][dg])
(;N[829]C[基础题：黑先最佳着手]AB[be][cb][cc][ce][db][ff][ge][hb][hc][hd][he][hg][ig][jb][jc][jd][je][jf]AW[dc][dd][de][df][eb][ee][eg][fc][fe][fh][gb][gc][gd][gh][hf][hh][if][ih][jg][jh])
(;N[830]C[对杀题：黑先胜]AB[ae][bc][be][cb][ce][da][db][dc][de][eb][ed][fd]AW[ac][ad][ba][bb][bd][ca][cd][dd][ec][fb][fc][hc])
(;N[831]C[基础题：黑先最佳着手]AB[ba][bf][cb][cg][db][dd][df][ec][eg][fc][ff][gc][hc]AW[bb][bc][cc][cd][de][ed][fd][gd][gf][hd][hf])
(;N[832]C[手筋题：黑先最佳着手]AB[ae][bd][be][bf][cd][dc][de][df][ec][fc]AW[bc][bg][cb][cc][ce][cf][cg][dd][ed][ge])
(;N[833]C[对杀题：黑先胜]AB[ab][ac][bb][bd][be][cb][da][de][ee][fa][fb][fc][fd]AW[bc][cc][db][dd][ea][eb][ed][fe][gb][gc][gd][ge])
(;N[834]C[手筋题：黑先最佳着手]AB[bd][be][bf][cd][cf][de][df][ed][ef][fd][fg][fh][gd][hd][id][ig]AW[bc][bg][cc][cg][cj][dc][dd][dg][ec][ee][eg][fe][ff][gb][gg][gh][he])
(;N[835]C[基础题：黑先最佳着手]AB[ce][dd][de][df][ed][fd][ff][gb][gd][hb][hc][hf][id][ie]AW[cc][cd][dc][ec][ef][fc][fe][gc][ge][gf][hd][he][ic][jc])
(;N[836]C[死活题：黑先净杀]AB[bd][cb][cd][cf][dc][dd][df][ee][ef][fb][fc][fd][fe]AW[ad][bb][be][ce][db][de][eb][ec][ed])
(;N[837]C[对杀题：黑先胜]AB[bg][cc][cd][cg][de][df][eb][eg][ff][gf]AW[bd][ce][cf][ch][dd][dg][dh][ed][fe])
(;N[838]C[基础题：黑先最佳着手]AB[ba][cb][cc][da][ec][ee][ef][fc][ge][he][ic][jb]AW[bb][bc][cd][db][dc][dd][df][dh][fb][gb][gc][gd])
(;N[839]C[基础题：黑先最佳着手]AB[ab][ac][ae][bb][bd][cc][cd][cf][cg][db][df][eb]AW[af][be][ce][ci][dc][dd][de][di][fd][ff][fh])
(;N[840]C[基础题：黑先最佳着手]AB[ah][bh][ce][ch][dc][dd][de][df][dg][ea][eb][ec]AW[af][ag][be][cb][cc][cd][cf][cg][da][db])
(;N[841]C[基础题：黑先最佳着手]AB[be][bf][ce][cj][dc][dd][de][di][fc][fd][ff][fh]AW[ae][bb][bd][bg][cc][cd][cf][cg][db][df][eb])
(;N[842]C[基础题：黑先最佳着手]AB[bc][cd][dc][dd][eb][gc][gd][ge]AW[be][cf][db][ec][ed][ef][fd][ff])
(;N[843]C[对杀题：黑先胜]AB[bc][bd][be][bf][da][dd][de][eb][ec]AW[bb][ca][cc][cd][db][dc][ed][fd][gb][gd])
(;N[844]C[对杀题：黑先胜]AB[bb][bd][cd][cf][db][dc]AW[ab][ad][bc][cc][dd][eb][ec][ed])
(;N[845]C[基础题：黑先最佳着手]AB[be][ce][dc][dd][de][eb][gb][hb][hc][hd]AW[bg][cd][dg][ed][fb][fc][ff][gc][gd][ge][he][ie][jb][jc])
(;N[846]C[基础题：黑先最佳着手]AB[ad][bd][bf][cc][ce][db][dc][df][ea][ec][fa][fb]AW[aa][ac][bb][bc][ca][cd][dd][ed][fc][fd][ga][gb][gc])
(;N[847]C[手筋题：黑先最佳着手]AB[bb][bd][ca][cc][cd][da][db][de][df][dg][ea][ed][ee][ff][gc][gd][gf][hf][id][ie][if]AW[dc][dd][eb][ec][fa][fc][fd][fe][gb][ge][hc][he][ic][jc])
(;N[848]C[对杀题：黑先劫]AB[ac][bb][bc][bd][cc][dd][ec][ed][fc][ga][gb][gc]AW[ae][ba][be][cb][cd][ce][da][db][dc][eb][fa][fb])
(;N[849]C[基础题：黑先最佳着手]AB[fc][gb][hb][ic][jd][ke][kf]AW[hc][hd][ib][jb][jc][je])
(;N[850]C[对杀题：黑先胜]AB[ba][be][ca][cb][cd][ce][dc][de][ea][eb][ec]AW[aa][ad][bb][bc][bd][cc][db][dd][ed][fb][fc][fd])
(;N[851]C[对杀题：黑先胜]AB[bb][bc][be][cb][ce][de][ec][ee][fa][fb][fc][fd]AW[bd][ca][cc][db][dd][ea][eb][ed][fe][gb][gc][gd][ge])
(;N[852]C[对杀题：黑先胜]AB[ba][ca][cb][cc][cd][da][dd][ee][fc][fd][fe][ga][gb][gc]AW[aa][bb][bc][bd][be][ce][db][de][eb][ec][ed][fa][fb])
(;N[853]C[基础题：黑先最佳着手]AB[ba][bb][bc][bf][cc][cd][cf][dc][df][ec][ed][ef][fc][fe][ff]AW[ab][ac][ad][ae][be][ca][cb][ce][db][dd][de][eb][ee][fb][fd][gc][gd])
(;N[854]C[基础题：黑先最佳着手]AB[bb][bc][cc][ce][cf][df][ed][fc][gc][hb][hc][he]AW[cb][db][dc][dd][de][eb][ef][eg][fb][fe][gb])
(;N[855]C[基础题：黑先最佳着手]AB[ba][bb][bc][ca][cd][ce][de][eb][ee][fe][gd][ge]AW[bd][be][bf][cb][cc][cf][da][db][dd][ec][ed][fd][gc][hc])
(;N[856]C[基础题：黑先最佳着手]AB[ac][be][cb][cf][db][dc][dd][de][df]AW[ag][bb][bf][bh][cc][cd][ce][cg][dg])
(;N[857]C[对杀题：黑先胜]AB[ca][cb][cc][cd][de][eb][ee][fd]AW[be][ce][cg][db][dc][dd][df][ea][gb][gc])
(;N[858]C[基础题：黑先最佳着手]AB[bc][bd][be][bf][cf][df][ec][fb][fc][gd][ge]AW[cb][cd][db][de][eb][ee][fe][fg])
(;N[859]C[基础题：黑先最佳着手]AB[ac][ag][bc][bd][bf][cd][cg][ch][db][dc][fc][hc]AW[ab][bb][cb][cc][ce][cf][dd][de][df][dg][fe])
(;N[860]C[基础题：黑先最佳着手]AB[bf][cb][ce][de][df][ec][ed][eg][eh][fh][ge][gh][hi]AW[bd][bg][cd][cg][cj][dd][dg][ee][ef][fg][gc][gf][gg][hd])
(;N[861]C[对杀题：黑先胜]AB[bb][bc][be][cd][da][dd][eb][ec]AW[ba][ca][cb][cc][dc][ed][ee][fb][fc][gb][gd])
(;N[862]C[对杀题：黑先劫]AB[ab][ac][bb][bd][cd][cf][da][dc][ec][fa][fb][fc]AW[ba][bc][ca][cb][cc][db][dd][ed][fd][gb][gc])
(;N[863]C[基础题：黑先最佳着手]AB[bd][cd][cg][dc][dd][eb][ed][ef][fb][ff][gc][ge]AW[bb][bc][ca][cc][db][de][dg][ec][ee][fc][fd][fe])
(;N[864]C[基础题：黑先最佳着手]AB[bd][cc][cd][db][dd][de][ee][fb][fd][fe]AW[bf][cb][cf][dc][df][ec][ed][ef][fc][ff][gb][gd][gf][hc][hd][he])
(;N[865]C[基础题：黑先最佳着手]AB[be][ce][db][dc][dd][df][eg][ff][fh][gc][ge]AW[cf][cg][de][dg][ec][ed][ee][eh][fg])
(;N[866]C[基础题：黑先最佳着手]AB[be][cb][cf][cg][db][dc][dd][eb][ef][fc][ff][gd][gf][hc][hd][he]AW[bb][bc][cc][cd][ce][de][ec][ed][ee][fd][gb][gc])
(;N[867]C[对杀题：黑先胜]AB[ac][bd][cb][cc][cd][dd][ea][eb][ec]AW[ad][ba][bb][bc][ca][da][db][dc][ed][fb][fd])
(;N[868]C[手筋题：黑先最佳着手]AB[ad][ba][bc][bd][be][ce][dc][ea][eb][fb][fc][fd]AW[ab][ac][bb][cc][cd][da][db][ec][ed][ee])
(;N[869]C[手筋题：黑先最佳着手]AB[bc][bf][bg][cb][cc][ce][cf][dg][ed][fe][ff][he]AW[bh][cg][ch][db][dc][dd][df][ee][ei][fc][fd][fh][hc][hg][id][jf])
(;N[870]C[基础题：黑先最佳着手]AB[be][cb][cf][cg][db][dc][dd][eb][ef][fb][ff][gf][hc][hd][he]AW[bb][bc][cc][cd][ce][de][ec][ed][ee][fc][gc][ge])
(;N[871]C[对杀题：黑先胜]AB[ba][bb][bc][bd][be][ce][dd][eb][ec][ed]AW[ca][cb][cc][cd][de][ea][ee][fd][fe][ga][gb][gc])
(;N[872]C[基础题：黑先最佳着手]AB[gc][gd][ge][hf][ie][kb][kc][kd][ke][kf]AW[gg][hg][ib][ic][id][if][ig][jc][je][jg][kg])
(;N[873]C[对杀题：黑先胜]AB[bb][bd][cd][cf][da][dd][ea][eb][ec][ee]AW[ab][bc][ca][cc][db][dc][ed][fc][fd])
(;N[874]C[基础题：黑先最佳着手]AB[db][dd][de][df][dg][ec][fc][fe][ff][gc][he]AW[be][cb][cc][ch][dc][dh][ed][ef][eh][fd][ge][gf][gg])
(;N[875]C[基础题：黑先最佳着手]AB[cd][dc][ec][ee][fb][gb][gc][hb][hd][hf][id][jf]AW[bc][cc][db][eb][fc][fd][ff][gd][hc][ic][jc][je][ke])
(;N[876]C[基础题：黑先最佳着手]AB[bc][bd][be][cf][ea][eb][ec][ed][ef][fd][ff]AW[cb][cd][db][dd][de][ee][fb][gc][gd][ge])
(;N[877]C[基础题：黑先最佳着手]AB[ab][bb][bc][bd][ca][cb][cd][dd][ea][ee][fa][fe][gb][gc][gd][ge][ib]AW[ac][ad][ae][be][ce][da][db][dc][de][dg][eb][ed][fb][fc][fd])
(;N[878]C[基础题：黑先最佳着手]AB[bb][bc][cd][db][dd][df][dg][ea][ed][fb][gb][gc][gd]AW[cb][cc][dc][eb][ec][ee][ef][fc][fd][ge][he][ib][ic])
(;N[879]C[对杀题：黑先胜]AB[ae][ba][be][cb][cd][ce][db][dc][eb][fa]AW[ab][ac][bb][bc][bd][ca][cc][dd][de][ec][ed][fb][fc][ga][gb][gd])
(;N[880]C[基础题：黑先最佳着手]AB[ec][ed][gc][hd][if][jb][jc][jf][kd][ke]AW[ge][hf][hg][ib][ic][id][ie][ih][jd][kh])
(;N[881]C[手筋题：黑先最佳着手]AB[be][cb][cf][de][df][ec][ed][eg][eh][fh][ge][gh][hi]AW[bd][bg][cd][cg][cj][dd][dg][ee][ef][fe][fg][gc][gg][id])
(;N[882]C[对杀题：黑先胜]AB[aa][ac][ba][bb][bc][bf][cb][cc][cf][db][dd][de]AW[bd][be][ca][cd][da][dc][ea][eb][ec][gc])
(;N[883]C[手筋题：黑先最佳着手]AB[ab][ba][bb][bc][ca][cc][cd][da][de][ea][ee][eg][fa][fb][fd][fe]AW[bd][bf][cb][ce][cg][db][dd][eb][ed][fc][gb][gc][gd])
(;N[884]C[手筋题：黑先最佳着手]AB[bc][cb][cc][dd][ed][ee]AW[bd][cd][db][dc][de][df][gb][gc][gd])
(;N[885]C[对杀题：黑先胜]AB[db][dc][dd][ee][fb][fe][gb][gd]AW[bb][bc][ce][de][ea][eb][ec][ed])
(;N[886]C[基础题：黑先最佳着手]AB[bd][bf][cd][cf][dc][eb][ec][ef][fd][ff]AW[bb][bc][ca][cc][ce][db][dd][df][ed][ee][gc][hc][he])
(;N[887]C[对杀题：黑先胜]AB[ba][ca][cc][cd][db][dc][de][ea][ee][ff][ga][gb][gc][gd][ge][gf]AW[aa][ab][bb][bc][bd][cb][ce][cf][df][ed][ef][fa][fb][fc][fd][fe])
(;N[888]C[基础题：黑先最佳着手]AB[ec][ed][fc][hb][hc][id][jc][jd][kb][kd]AW[cc][de][ee][fd][gb][gd][hd][ib][ic][ie][jb])
(;N[889]C[对杀题：黑先胜]AB[ad][bc][be][ce][db][dc][dd]AW[ab][bd][bg][cb][cc][cd][cf][de][ee])
(;N[890]C[对杀题：黑先胜]AB[bb][cd][ce][cf][db][dc][eb]AW[ba][cb][cc][da][dd][ed][fb][fc])
(;N[891]C[基础题：黑先最佳着手]AB[cb][cc][cd][dd][de][df][dg][ee][eg][fh][gc][gh][hd][he][hg][ie]AW[bf][ch][ci][dc][ec][ed][ef][eh][ei][fb][fe][ff][fg][gb][ic][id])
(;N[892]C[对杀题：黑先胜]AB[bb][bc][cc][dd][ed][fa][fc][fd][gb]AW[bd][cb][cd][cf][dc][eb][ec][fb][gc][hc])
(;N[893]C[基础题：黑先最佳着手]AB[bb][bc][bd][cf][ec][ef][ff][gc][ge]AW[cb][cc][dd][ed][fd][hc][hd][jd])
(;N[894]C[对杀题：黑先胜]AB[db][dc][ed][fd][gb][gd]AW[cb][cc][cd][dd][df][ec][ee][fb])
(;N[895]C[对杀题：黑先劫]AB[bb][bc][cb][cd][dd][ed][fc][fd][ga][gb][hc]AW[ad][bd][bf][ca][cc][ce][db][dc][df][ea][ec][fa][fb])
(;N[896]C[手筋题：黑先最佳着手]AB[ad][ba][bb][bc][cd][ce][de][eb][ee][fc][fe][gd]AW[bd][be][bf][ca][cb][cc][cf][db][dd][ed][fb][fd][gc][hc])
(;N[897]C[手筋题：黑先最佳着手]AB[bd][bf][cd][db][de][ec][ee][fb][fc][fd][gc][ge][hb][hd]AW[ad][bc][cb][cc][dc][dd][ea][ed][fa][ga][gb][hc][ic][jd])
(;N[898]C[基础题：黑先最佳着手]AB[bd][be][ce][cg][dc][dd][df][eb][ec][ef][fb][ff]AW[cb][cc][cd][db][de][ed][ee][fd][id])
(;N[899]C[手筋题：黑先最佳着手]AB[gd][ge][gg][hd][id][ig][jd][ke][kf]AW[hb][he][hg][ie][ii][jc][je][jg][kc][kd][kh])
(;N[900]C[对杀题：黑先胜]AB[gb][gc][gd][ge][ha][hc][hf][hg][jb][kb][kc][kd][ke][kg]AW[fb][fc][fd][fe][ff][gf][hb][hd][he][ib][id][jc][jd])
(;N[901]C[对杀题：黑先胜]AB[eb][ec][ed][ee][ff][fg][gd][ge][hd]AW[fb][fc][fd][fe][gf][he][hf][id][jd][kc])
(;N[902]C[基础题：黑先最佳着手]AB[cc][cd][dd][de][eb][gc][gd]AW[be][ce][cg][db][dc][df][ed][ef][fd][ff])
(;N[903]C[对杀题：黑先胜]AB[ba][bc][cd][dd][ea][eb][ec]AW[ab][bb][ca][cc][db][dc][ed][fc][fd][gb])
(;N[904]C[手筋题：黑先最佳着手]AB[cc][cd][db][eb][ed][fd][gd]AW[bb][cb][dc][ec][fc])
(;N[905]C[基础题：黑先最佳着手]AB[cc][cd][ce][cf][dc][dg][ed][eg][fg][gc][gf][hc][he][ic]AW[bg][cg][ci][db][dd][de][df][ec][ef][ei][fc][fd][ff][gb][hb])
(;N[906]C[基础题：黑先最佳着手]AB[ae][bb][be][ce][da][db][dc][de][ed][ee]AW[ab][ad][ba][bc][bd][cd][dd][ea][eb][ec][fc][fd])
(;N[907]C[基础题：黑先最佳着手]AB[bd][be][cc][cf][cg][eb][ec][ef][fb][ff][gc][gd][ge]AW[ce][df][ed][ee][eg][fc][fd][fg][gb][gg][hb][hg][ic][ie])
(;N[908]C[基础题：黑先最佳着手]AB[ab][bc][bf][cc][cd][cf][dc][df][ec][ed][ef][fc][fe][ff]AW[ac][ae][bb][be][cb][ce][db][dd][de][eb][ee][fb][fd][gc][gd][ge])
(;N[909]C[手筋题：黑先最佳着手]AB[cc][cd][ce][df][dh][ec][ee][eg][fd][fg][gf]AW[bb][cb][dc][dd][ed][ef][fe][ff][ge][gg][he][hg])
(;N[910]C[基础题：黑先最佳着手]AB[ah][ai][bb][bi][cb][cd][ce][ci][db][dd][dh][ec][eh][fb][fd][fe][ff]AW[ab][ad][ag][bc][bg][bh][cc][cf][ch][dc][df][dg][ed][ee])
(;N[911]C[基础题：黑先最佳着手]AB[ac][ba][bc][bd][be][ca][ce][de][ea][eb][ec][ed]AW[aa][ab][bb][cb][cc][cd][dd][ee][ef][fa][fb][fc][fd])
(;N[912]C[死活题：黑先劫杀]AB[be][cb][cf][cg][db][dc][dd][eb][ef][ff][gb][gf][hc][hd][he]AW[bb][bc][cc][cd][ce][de][ea][ec][ed][ee][fb][ga][ge])
(;N[913]C[对杀题：黑先胜]AB[ba][bb][bc][ca][cd][dc][dd][fa][fb][fc][fd]AW[ab][ac][ad][bd][be][cb][cc][ce][db][de][eb][ee])
(;N[914]C[基础题：黑先最佳着手]AB[cb][cc][ce][cg][dd][df]AW[bd][cd][dc][ec][ee][fd])
(;N[915]C[基础题：黑先最佳着手]AB[cc][cd][dd][de][ee][eg][fa][fc][fd][ga][gb]AW[aa][bc][bd][be][ca][cb][ce][cg][da][dc][eb][ec][ed][fb])
(;N[916]C[对杀题：黑先胜]AB[cb][dc][dd][ed][fa][fd][gb][gc][ge][he][ic][id][jb]AW[bb][cc][cd][db][ea][eb][ec][fc][gd][hb][hc][hd][ia])
(;N[917]C[对杀题：黑先胜]AB[ac][bc][ca][cc][db][eb]AW[ab][bb][be][cb][cd][da][dc][dd])
(;N[918]C[对杀题：黑先劫]AB[ab][ad][bd][ca][cd][dd][ea][eb][ec]AW[ac][ba][bc][cb][cc][dc][ed][ee][fb][fc])
(;N[919]C[手筋题：黑先最佳着手]AB[ba][bb][bc][cd][dd][ed][fd]AW[bd][be][ca][cb][cc][cf][ec][fc][gc])
(;N[920]C[对杀题：黑先胜]AB[ab][ac][ad][ae][bb][be][ca][ce][dc][dd][de][ec][fb][gb]AW[aa][af][bc][bd][bf][cb][cc][cd][cf][db][df][eb][ed][ee][fc][gd])
(;N[921]C[对杀题：黑先劫]AB[ad][bd][ca][cd][cf][db][dd][ea][eb][ec]AW[ac][ba][bb][bc][cb][cc][dc][ed][fb][fc][fd])
(;N[922]C[手筋题：黑先最佳着手]AB[bb][bc][bd][cd][dc][ec][fc][gb][gc]AW[ca][cb][cc][db][dd][de][ea][fb][fe][ga][ge][hb][hc][hd])
(;N[923]C[基础题：黑先最佳着手]AB[af][be][ca][cb][cc][cd][cf][cg][db]AW[ag][bh][ce][ch][da][dc][dd][de][df][dg][ea][eb][fc])
(;N[924]C[手筋题：黑先最佳着手]AB[bb][bc][bd][cb][dc][ec][fc]AW[cc][cd][ce][db][eb][ed][fd][gc][gd])
(;N[925]C[对杀题：黑先劫]AB[ab][ba][bc][cb][ce][db]AW[ac][ad][bd][cc][da][dc][eb][ec])
(;N[926]C[对杀题：黑先胜]AB[ac][bd][ca][cd][ce][db][dc][de][eb]AW[ba][bb][bc][cc][dd][ec][ed][fb][gc])
(;N[927]C[手筋题：黑先最佳着手]AB[ba][bb][bc][bd][ce][db][dc][de][ec]AW[be][bf][ca][cb][cc][cd][cf][ch][da][eb][gb][gc][gd])
(;N[928]C[基础题：黑先最佳着手]AB[ag][be][bg][cd][ce][cf][cg][db][dc][dg][eb][ef][fb][fe][gb][gc]AW[ac][bb][bd][bh][cb][cc][ch][dd][de][df][dh][ec][eg][fc][fd][fg][gd][ge][gf][hb][hc])
(;N[929]C[手筋题：黑先最佳着手]AB[ed][fc][fe][gc][hc][hf][ic][ig][jd][kd][ke]AW[fd][gd][hd][ib][id][if][ih][jc][je][jh][kc][kf][kg])
(;N[930]C[基础题：黑先最佳着手]AB[db][ec][ee][fd][gb][gc][gd][he][ie][jc][kb][kd]AW[cb][cc][cd][cf][ea][eb][fb][fc][ga][ha][hb][hc][hd])
(;N[931]C[基础题：黑先最佳着手]AB[dc][dd][de][dh][eh][fd][fg][ge][gg][he][hf]AW[be][cb][cc][ce][cg][ch][ci][ee][ef][ff][gf])
(;N[932]C[基础题：黑先最佳着手]AB[ba][bb][bc][cd][dd][eb][ee][fb][fe][ge]AW[bd][be][cb][cc][cf][db][dc][ec][gc][hc])
(;N[933]C[基础题：黑先最佳着手]AB[bg][ce][cg][ci][dc][de][df][ee][ei][fb][ff][fh][gc][gg]AW[be][bf][cc][cd][cf][dd][dg][ef][eg][fe][ge])
(;N[934]C[对杀题：黑先胜]AB[ab][ae][be][cb][ce][cg][da][dc][dd][eb][ed]AW[ad][ba][bb][bd][cc][cd][de][ea][ee][fb][fc][fd][fe])
(;N[935]C[基础题：黑先最佳着手]AB[dd][ed][fc][gb][hc][ic][id][jc]AW[bc][ce][df][fb][ff][gc][gd][hd][he][ie][je])
(;N[936]C[对杀题：黑先胜]AB[ae][ba][be][cc][ce][da][db][dc][de][ed][ee]AW[aa][ab][ad][bb][bd][cd][dd][ea][eb][ec][fc][fd])
(;N[937]C[对杀题：黑先胜]AB[bb][bc][cd][ce][dd][ed][fb][fc]AW[ad][bd][cc][cf][dc][ec][ee][fd][gd])
(;N[938]C[死活题：黑先净杀]AB[bb][be][ca][ce][dd][de][eb][ec][fb]AW[bc][cb][cd][cf][db][dc][df][ed][ee][ef][fc][gb][gd])
(;N[939]C[基础题：黑先最佳着手]AB[ac][af][bb][bd][be][bf][cb][db][eb]AW[ag][bc][bg][cc][cd][ce][cf][cg][dc][ec])
(;N[940]C[对杀题：黑先胜]AB[dc][ed][fd][ga][gb][gc]AW[bb][bd][cd][db][ec][fa][fb][fc][gd][hd])
(;N[941]C[基础题：黑先最佳着手]AB[be][cb][cf][cg][db][dc][dd][eb][ef][fb][ff][gf][hc][hd][he]AW[bb][bc][cc][cd][ce][de][ec][ed][ee][fc][gb][ge])
(;N[942]C[基础题：黑先最佳着手]AB[gb][gc][gd][hd][ic][ja][jb][jc]AW[ha][hb][hc][he][id][jd][ka][kb][kc][ke])
(;N[943]C[手筋题：黑先最佳着手]AB[bg][cd][ce][cf][dc][dg][ec][eg][fc][ff][gd][hd][id][ie]AW[bd][be][cb][cc][dd][de][df][fe][fg][fh][gf][hg][if])
(;N[944]C[对杀题：黑先胜]AB[ab][ad][bb][bd][bf][bg][cc][db][dc][de][df][ec][fd][fe][hc]AW[ae][ba][be][ca][cb][ce][da][dd][ea][eb][ed][fb][fc])
(;N[945]C[基础题：黑先最佳着手]AB[bc][cc][cd][de][eb][ee][fd]AW[ae][bd][bf][ce][cf][db][dd][ed][fc][gc][hd])
(;N[946]C[对杀题：黑先胜]AB[aa][bb][bc][ca][cd][ce][de][eb]AW[bd][be][bf][cb][cc][cf][da][db][ed][fb][fd])
(;N[947]C[基础题：黑先最佳着手]AB[ba][bb][be][ce][de][ea][ec][ed][ee][gc]AW[ab][ad][bc][bd][ca][cc][dc][dd])
(;N[948]C[对杀题：黑先胜]AB[bd][be][cd][da][de][ea][ee][fb][fc][fd]AW[bc][bf][cc][ce][cf][db][dd][eb][ec][ed])
(;N[949]C[基础题：黑先最佳着手]AB[af][be][bg][cc][cd][cf]AW[bd][cb][ce][dc][dd][de])
(;N[950]C[手筋题：黑先最佳着手]AB[cc][cd][dd][de][ee][eg][fa][fc][fd][ga][gb]AW[aa][ad][bc][bd][be][ca][cb][ce][cg][da][dc][eb][ec][ed][fb][fe])
(;N[951]C[对杀题：黑先胜]AB[cb][db][dc][eb][fb][fc][ga][gd][ge][hf][ib][jf][kc][kd]AW[bb][bd][cc][dd][ec][ed][fd][gb][gc][hb][hd][ic][id])
(;N[952]C[手筋题：黑先最佳着手]AB[ab][bb][cb][cc][cf][dd][de][df][dg][fe]AW[ac][ag][bc][bd][bf][cd][cg][ch][db][dc][fc][hc])
(;N[953]C[对杀题：黑先胜]AB[ba][bb][bc][cc][cd][da][de][ed][ee][fb][fc]AW[ab][ac][bd][be][cb][ce][cg][db][dc][dd][ea][eb][ec][hb][hc])
(;N[954]C[对杀题：黑先胜]AB[ad][be][ce][db][de][eb][ec][ed]AW[bd][bg][cb][cd][cf][dc][dd][df][ee][fb][fc][fd][fe])
(;N[955]C[基础题：黑先最佳着手]AB[cc][cd][ce][cf][df][eb][ec][ef][fb][fe][gc][ge][hd]AW[bb][cb][db][dc][de][ed][ee][fc][fd][gb][hb])
(;N[956]C[基础题：黑先最佳着手]AB[dd][ec][ed][fb][fd][fe][gb][gd][hb][id]AW[cd][ce][db][dc][eb][fc][gc][ge][hc][hd])
(;N[957]C[基础题：黑先最佳着手]AB[bd][be][ce][dc][de][ea][ed][fd][gb][gc][gd][hd][ib][ic][ie]AW[bc][cb][cc][cd][dd][eb][ec][fb][fc][ga][ha][hb][hc][id][jd][kc])
(;N[958]C[对杀题：黑先胜]AB[ad][bb][be][ce][dd][eb][ec][ed]AW[bc][bd][bg][cb][cd][cf][dc][de][ee][fb][fc][fd][fe])
(;N[959]C[基础题：黑先最佳着手]AB[bb][bc][bd][cf][eb][ec][ef][ff][gc][gd][ge]AW[cb][cc][dd][ed][fc][gb][hc][hd][jd])
(;N[960]C[基础题：黑先最佳着手]AB[bd][be][cf][cg][db][dc][dd][de][ec][gb]AW[cb][cc][cd][ce][da][df][eb][ef][fc])
(;N[961]C[基础题：黑先最佳着手]AB[ce][dc][dd][de][eb][ee][fe][gc][gf][gg][he]AW[cb][cc][cd][db][ec][ed][fd][gd][ge][hc][hf][if][jd])
(;N[962]C[基础题：黑先最佳着手]AB[be][bf][bh][cd][cg][dd][dh][ee][fe][ff][fg]AW[bc][bd][bg][bi][cb][ce][cf][ci][df][di][ef][eh][ei])
(;N[963]C[手筋题：黑先最佳着手]AB[ab][ac][ba][bc][ca][cd][ce][de][eb][ee][fe][gd][ge][hc][ic]AW[bb][bd][be][cb][cc][cf][db][dd][ec][ed][fd][gb][gc][hb][ib][jc])
(;N[964]C[基础题：黑先最佳着手]AB[ab][bb][bd][cb][db][ec][ed]AW[bc][cc][dc][dd][eb][fb][gc])
(;N[965]C[对杀题：黑先胜]AB[ac][bd][be][bf][cb][cc][da][db][dd][eb][ec][ed][fc]AW[ba][bb][bc][ca][cd][ce][de][ea][ee][fb][fd][fe][gb][gc][gd])
(;N[966]C[基础题：黑先最佳着手]AB[cb][cc][cd][dd][ee][fb][fe][gd][hc]AW[bc][bd][be][ce][dc][de][eb][ed][eg][fc][fd][ge][gf])
(;N[967]C[基础题：黑先最佳着手]AB[bd][cc][ce][cf][dc][df][eb][fc][gd]AW[bb][bc][cd][dd][de][ec][ef][fd][ff][gb][gc][gf][hd])
(;N[968]C[基础题：黑先最佳着手]AB[bc][cc][cd][de][ed][ee][fa][fc][fd][gb][hb]AW[bd][be][ce][cg][dc][dd][df][ea][eb][ec][fb][hc][hd][he][ib][ic])
(;N[969]C[基础题：黑先最佳着手]AB[cc][cd][dd][de][eb][fc][gc][gd]AW[be][ce][cg][dc][df][ec][ed][ef][fb][fd][ff])
(;N[970]C[基础题：黑先最佳着手]AB[ab][ac][bb][be][cb][cf][db][dc][dg][ed][ee][ef][eg]AW[ad][bc][bd][bf][cc][cd][cg][ch][dd][de][df][dh][ec][fc][gd])
(;N[971]C[基础题：黑先最佳着手]AB[gb][gd][ge][gg][hb][hc][jb][jd][kd]AW[dd][fb][fc][gc][hd][ic][id][ie][ig])
(;N[972]C[基础题：黑先最佳着手]AB[gc][gd][he][hf][ib][ic][id]AW[ec][ed][gb][hb][hc][hd][ie][je][kb][kd])
(;N[973]C[对杀题：黑先劫]AB[ba][bc][ca][cb][db][dc][ea][ed][fd][gb][gc]AW[ab][bb][bd][cc][cd][dd][df][eb][ec][fa])
(;N[974]C[对杀题：黑先胜]AB[bb][bc][be][ca][ce][de][ea][eb][ec][ee][fd][fe]AW[cb][cd][da][db][dd][ed][fb][fc][gc][gd])
(;N[975]C[对杀题：黑先胜]AB[ab][ae][be][cb][ce][da][dc][dd][eb][ed]AW[ad][ba][bb][bd][cc][cd][de][ee][fb][fc][fd][fe])
(;N[976]C[对杀题：黑先胜]AB[bb][bc][bd][be][ce][dd][ed]AW[bf][cb][cc][cd][cf][de][ee][fe][gc][gd])
(;N[977]C[死活题：黑先劫活]AB[bc][cb][cc][da][dc][eb][ec]AW[aa][ac][ae][bb][bd][ce][dd][ed][fb][fc][fd])
(;N[978]C[基础题：黑先最佳着手]AB[bc][bd][be][cf][dd][df][ec][fb][fc][gd][ge]AW[cb][cd][db][dc][de][eb][ee][eg][fe])
(;N[979]C[对杀题：黑先胜]AB[bc][cd][dc][dd]AW[bd][be][cb][cc][ce][fc])
(;N[980]C[基础题：黑先最佳着手]AB[ba][ca][cb][cc][dc][ea][eb][ga][gb][ic][id][ie]AW[bb][bc][cd][dd][ec][ed][fb][gc][gd][hb])
(;N[981]C[对杀题：黑先胜]AB[bd][be][cb][cc][cf][dc][dg][ea][eb][ec][ee][ff]AW[bb][bc][ca][cd][ce][de][ed][ef][fa][fb][fc][gc])
(;N[982]C[基础题：黑先最佳着手]AB[cb][cd][ce][cf][db][dc][ec][ef][fd][gd]AW[bb][bc][cc][dd][df][ed][eg][ff])
(;N[983]C[对杀题：黑先胜]AB[ba][bb][bc][ca][cc][da][dd][de][ee][fa][fc][gc]AW[bd][bf][cb][cd][cf][db][dc][ed][fd][gb][gd][hb][hc][hd])
(;N[984]C[基础题：黑先最佳着手]AB[ba][bb][bc][bd][cd][db][eb][gc][gd]AW[ad][be][cb][cc][ce][dc][dd][ec][ed][ef][fd])
(;N[985]C[基础题：黑先最佳着手]AB[bb][bc][bd][cf][ec][ef][fc][ff][gc][gd][ge]AW[cb][cc][cd][dd][ed][fb][fd][gb][hc][hd][jd])
(;N[986]C[基础题：黑先最佳着手]AB[ah][ai][bb][bc][bi][bj][cc][ce][cg][cj][db][dd][de][df][dj]AW[bd][be][bg][bh][cd][cf][ci][dc][dg][dh][ec][fd][ff][fh])
(;N[987]C[基础题：黑先最佳着手]AB[bb][bc][cc][cd][ce][cf][ed][fc][gb][gc][hd]AW[cb][db][dd][df][eb][ec][ee][fb][fe][ge])
(;N[988]C[基础题：黑先最佳着手]AB[ba][bb][bc][bd][cd][db][eb][fc][gc][gd]AW[ad][be][cb][cc][ce][dc][dd][ec][ed][ef][fb][fd])
(;N[989]C[对杀题：黑先劫]AB[ab][ba][bc][be][cc][cf][dc][eb][ed][ee]AW[ac][ad][bb][bd][cb][cd][dd][ec][fb][fc])
(;N[990]C[基础题：黑先最佳着手]AB[ba][be][bf][bg][bi][cb][cc][cd][ch][de][ef]AW[bb][bc][bd][ce][cf][cg][db][dd][dg][eh][fh])
(;N[991]C[基础题：黑先最佳着手]AB[bc][bd][bg][cb][ce][cf][ch][ci][df][di][ef][ei]AW[be][bf][bh][cd][cg][dd][dg][dh][ee][fe][ff][fg])
(;N[992]C[对杀题：黑先胜]AB[ac][bb][bd][be][cd][dc][eb][ec][fc]AW[ba][bc][bf][cb][cc][cf][db][dd][de])
(;N[993]C[基础题：黑先最佳着手]AB[ib][ic][if][jd][je]AW[gd][id][jc][kc][kd][ke])
(;N[994]C[基础题：黑先最佳着手]AB[bc][be][cf][db][eb][ed][ef][fd][ff]AW[cd][dd][ec][fc][gc][gd][ge])
(;N[995]C[基础题：黑先最佳着手]AB[bc][cd][ce][cf][db][dg][ed][eg][ff][fg]AW[bb][cb][cc][dd][de][df][ec][ef][gc])
(;N[996]C[基础题：黑先最佳着手]AB[bd][be][cc][ce][da][db][dc][fa][gb][gc]AW[bb][bc][ca][cb][cd][dd][ec][ed][fc][ga])
(;N[997]C[基础题：黑先最佳着手]AB[ec][fb][fd][ge][hb][hd][ia][ic][id]AW[fc][ga][gb][gc][gd][hc][ib][jb][jc][kb])
(;N[998]C[对杀题：黑先胜]AB[ba][be][ce][da][dd][de][ea][eb][ec][fc]AW[bc][bd][ca][cb][cd][db][dc][ed][fd][gb][gd][hc])
(;N[999]C[对杀题：黑先胜]AB[bb][cb][cc][dd][de][ea][ee][fb][fc][fd]AW[ba][ca][da][db][dc][ec][ed][fe][gb][gc][gd][ge])
(;N[1000]C[基础题：黑先最佳着手]AB[cd][ce][db][dc][de][eb][fc][gc][ge][hd]AW[dd][ec][ed][fb][fe][gb][gf][hb][he][id])
(;N[1001]C[手筋题：黑先最佳着手]AB[bc][ca][cb][cc][dd][ed]AW[bd][cd][cf][db][dc][fa][gb][gc][gd])
(;N[1002]C[基础题：黑先最佳着手]AB[bc][bd][cd][dc][dd][eb][ec][fa][fe][gd]AW[bb][bf][cb][cc][cf][da][db][ea][ef][ff][gb][hc][hd][he])
(;N[1003]C[基础题：黑先最佳着手]AB[ab][ae][bb][bf][cb][ce][cg][db][de][ed]AW[bc][be][ca][cc][cd][da][dc][eb][ec][gc])
(;N[1004]C[基础题：黑先最佳着手]AB[bb][bh][cc][cf][cg][ch][dc][dd][de][fc][fd]AW[ba][bc][bf][bg][cb][cd][ce][db][eb])
(;N[1005]C[对杀题：黑先胜]AB[ab][bb][cb][cc][ce][cf][dd][ec][ee][fc][gb][gc]AW[ba][bc][bd][ca][cd][db][dc][ea][eb][fb])
(;N[1006]C[基础题：黑先最佳着手]AB[be][ce][dc][dd][de][eb][gb][hb][hc][hd]AW[bg][cd][dg][ed][fb][ff][ga][gc][gd][ge][he][ie][jb][jc])
(;N[1007]C[基础题：黑先最佳着手]AB[ac][ad][ba][bd][cd][ce][da][db][dc][de][ec]AW[ab][bb][bc][cc][dd][ea][eb][ed][fb][fc][fd])
(;N[1008]C[基础题：黑先最佳着手]AB[bb][bd][be][cb][cf][dg][eb][ec][ee][eg][fd][fe][ga][gb][gc][gg][gh]AW[ca][ce][db][dc][dd][de][df][ea][ed][fa][gd][ge][gf][ha][hb][hc][hg])
(;N[1009]C[对杀题：黑先胜]AB[ab][ad][bd][cd][da][db][de][df][eb][ec][ed]AW[ac][ba][bc][ca][cb][cc][dc][dd][ee][fb][fd][fe][gb])
(;N[1010]C[手筋题：黑先最佳着手]AB[be][cd][cf][dc][dd][eb][ed][ef]AW[bc][bd][cc][db][ec][fb][fc][fd][fe])
(;N[1011]C[基础题：黑先最佳着手]AB[bd][ca][cb][cc][dd][ed][fb][fd][gc][ha][hc][hd][jc]AW[cd][ce][da][db][dc][de][df][ea][ec][fa][fc][gb][gd][ge][gf])
(;N[1012]C[对杀题：黑先胜]AB[ad][ae][be][cb][cd][ce][db][dd][eb][ed][fa][fc][fd]AW[ab][ac][bb][bc][bd][ca][cc][dc][ec][fb][gb][gc][gd][hb])
(;N[1013]C[对杀题：黑先胜]AB[bb][bc][be][ca][cd][da][de][ee][fc][fe][gc][gd][he]AW[bf][cb][ce][cf][db][dc][dd][dg][ea][ec][ed][fb][fd][fg][ge][gf])
(;N[1014]C[对杀题：黑先胜]AB[ba][bb][bc][bd][cd][ce][da][de][ee][fa][fb][fc][fd]AW[cb][cc][db][dd][eb][ec][ed][fe][gb][gc][gd][ge][hc])
(;N[1015]C[基础题：黑先最佳着手]AB[cc][cd][db][dd][gc][gd][ge]AW[be][cf][dc][ec][ed][ef][fd][ff])
(;N[1016]C[基础题：黑先最佳着手]AB[bb][bc][bd][ca][de][df][ea][fc][ff][ga][gc][hc][hf][id][ie]AW[cc][ec][ed][fa][fb][fd][gd][hd][ic][jc])
(;N[1017]C[基础题：黑先最佳着手]AB[bb][bd][cc][ce][db][df][eb][ee][fd]AW[bc][cd][dc][dd][de][ec][ed][fc])
(;N[1018]C[手筋题：黑先最佳着手]AB[cf][cg][db][df][eb][ec][ed][ee][eh][fb][fe][gf][hf][hg]AW[bb][bd][cb][dc][dd][de][dg][ef][eg][fc][fd][ff][gb][gd][ge][gg][hh][ic])
(;N[1019]C[手筋题：黑先最佳着手]AB[bb][bc][bd][ce][cf][cg][ef][eg]AW[ba][be][bf][bh][cb][cc][cd][ch][dh][ec])
(;N[1020]C[对杀题：黑先胜]AB[aa][ab][ba][bc][cb][cc][dd][ec][ed][fc][gb][gc]AW[ac][ad][bd][ca][cd][cf][db][dc][eb][fa][fb])
(;N[1021]C[基础题：黑先最佳着手]AB[db][dc][de][df][ed][fc][fg][fh][ge][hg]AW[bf][cb][cc][cd][cg][dd][dg][eg][fd][gb][gc][gd])
)