((;N[1]C[基础题：黑先最佳着手]AB[db][dc][dd][de][ea][fb][hb][hc][he]AW[bb][bd][ce][cf][df][ec][ee][fa][fc][fe][gb][gc])
(;N[2]C[手筋题：黑先最佳着手]AB[ce][cg][ch][dd][df][di][ef][fd][fh][ge][gf][gg]AW[bd][be][bf][cc][cf][dg][dh][eb][ed][eg][fe][ff][fg])
(;N[3]C[死活题：黑先净活]AB[bb][bc][bd][cb][cd][dc][dd]AW[ac][ad][ae][be][ce][db][de][eb][ec][ed])
(;N[4]C[手筋题：黑先最佳着手]AB[cb][cc][dd][de][ee][fd][gc][hb][hc]AW[bb][bc][bd][cd][dc][ec][ed][fc][gb])
(;N[5]C[1&黑先，死活问题，净活]AB[dc][dd][de][eb][ed][fb][fd][gd][hd][ic]AW[be][cb][cc][db][ec][fc][gc][hb][hc])
(;N[6]C[死活题：黑先净活]AB[dc][ec][ed][fa][fb][fd][gc][gd]AW[cb][cc][cd][de][ee][fe][ga][gb][ge][hb][hc][hd])
(;N[7]C[对杀题：黑先胜]AB[ab][bc][bd][cd][db][dc][eb][fb]AW[ba][bb][cb][cc][dd][ec][ed][fc][ga][gb][gc])
(;N[8]C[对杀题：黑先胜]AB[cb][cc][cd][dd][ee][ef][fb][gc][gd][ge]AW[bb][bc][bd][bf][ce][de][eb][ed][fc][fd])
(;N[9]C[手筋题：黑先最佳着手]AB[ce][dd][de][df][ec][eg][fd]AW[bf][cf][dg][dh][ef][fb][fc][fe][gd])
(;N[10]C[手筋题：黑先最佳着手]AB[ce][dc][dd][de][ec][eg][fb][ff][gb][gd][gf][hd][ie]AW[cc][cd][db][eb][fa][fc][fd][fe][gc])
(;N[11]C[死活题：黑先净活]AB[bc][cb][cc][dc][eb][ec][fa][fb][ga][gb]AW[aa][ac][ad][bb][bd][ca][ce][da][db][ea][ed][ee][fc][gc][ha][hb][ic])
(;N[12]C[手筋题：黑先最佳着手]AB[cd][de][fc][gc][ge][hd][ic][id][ie]AW[cg][ed][fd][gd][hb][hc][ib][jc][jd])
(;N[13]C[手筋题：黑先最佳着手]AB[be][bf][cb][cc][cd][de][eb][ec][ed][ee][fd][ff][gf][ha][hb][hf][id][ie][if]AW[ce][cf][cg][da][db][dc][dd][ea][eg][fb][fc][fg][gb][gg][hc][hd][hg][ig][jc][jg][kc][ke])
(;N[14]C[死活题：黑先净活]AB[ea][eb][ed][fb][fd][gb][gc][hc][ia][ib][ic]AW[cb][cd][db][dd][df][fc][fe][ff][ga][gd][ha][hd][id][jb][jc][jd])
(;N[15]C[手筋题：黑先最佳着手]AB[cb][dc][de][ea][ed][ef][fb][fd][gc][gg][hg][ib][ic][id][ie][if]AW[bb][bc][cd][da][db][dd][eb][ec][gb][hb][hc][hd][he][hf])
(;N[16]C[死活题：黑先净活]AB[ac][bd][cb][cc]AW[bb][be][cd][ce][dc][ec][gc])
(;N[17]C[手筋题：黑先最佳着手]AB[db][dc][dd][ea][ee][fe][ge][hb][hc][hd]AW[bc][cb][cd][ce][de][eb][ed][fb][fd][gb][gd])
(;N[18]C[对杀题：黑先胜]AB[ab][ba][cb][dc][ea][ec][fc][gd][hb][hc][hd]AW[ad][bb][bc][be][cc][ce][dd][eb][ed][fb][fd][gb][gc])
(;N[19]C[手筋题：黑先最佳着手]AB[ba][bb][bc][ca][cd][ce][ee]AW[bd][be][bf][cb][cc][da][dc])
(;N[20]C[基础题：黑先最佳着手]AB[ca][cb][cc][dd][de][ec][fc][gd]AW[bd][cd][db][dc][eb][fb])
(;N[21]C[对杀题：黑先胜]AB[ba][bb][bc][cc][da][dd][ed][fb][fc]AW[ab][ac][bd][cb][cd][cf][db][dc][eb])
(;N[22]C[对杀题：黑先胜]AB[ca][cb][cc][dd][ec][gd]AW[bd][cd][da][db][dc][ed])
(;N[23]C[死活题：黑先净杀]AB[bb][bc][ca][cd][ce][cf][dg][eg][fb][fd][fg][gb][ge][gf][hc][hd]AW[cb][cc][db][dd][de][df][eb][ed][ef][fc][fe][ff][gc])
(;N[24]C[对杀题：黑先胜]AB[bb][bc][cd][dd][ed][fb][fc]AW[cb][cc][dc][eb][ec][fd][gd][hb][hc])
(;N[25]C[1&黑先，死活问题，净活]AB[bc][bd][ce][cf][dc][dd][eb][ec][fb][gd][hb][hc][hd]AW[cb][cc][cd][db][de][ed][ee][fc][gb][gc])
(;N[26]C[手筋题：黑先最佳着手]AB[bb][bc][bd][cd][dc][eb][ec][fc][gb][gc]AW[ca][cb][cc][dd][de][ea][fa][fb][fe][ga][ge][hb][hc][hd])
(;N[27]C[对杀题：黑先劫]AB[bb][bc][cb][cd][ce][de][ee][fa][fb][fc][fd][gb]AW[cc][db][dc][dd][ea][eb][ed][fe][ff][ga][gc][gd][hb][hc][jb])
(;N[28]C[死活题：黑先净杀]AB[ac][af][be][bf][ca][cd][ce][da][db][dc][dd]AW[ab][ae][ba][bb][bc][bd][cb][cc])
(;N[29]C[死活题：黑先净活]AB[de][df][eb][ec][ed][ef][fd][fe][ga][gb][gc]AW[ca][cd][ce][cf][db][dc][dg][ea][eg][fb][fg][gd][ge][gf][ha][hb][hc])
(;N[30]C[死活题：黑先净杀]AB[ba][bb][bd][be][bf][cc][cd][cf][de][ed][ee][fa][fc][gb][gc][hc][jc]AW[ab][ad][bc][ca][cb][dc][dd][ea][eb][ec][fb])
(;N[31]C[基础题：黑先最佳着手]AB[ab][ac][ae][be][cb][ce][db][dd][de][eb][ee][fb][fd][gc][gd][ge][gf]AW[ba][bb][bc][bf][cc][cd][cf][dc][df][ec][ed][ef][fc][fe][ff])
(;N[32]C[死活题：黑先净杀]AB[ae][be][ca][cb][cc][ce][dd][ed][fb][fc]AW[aa][ac][ad][ba][bb][bd][cd][da][dc][eb])
(;N[33]C[对杀题：黑先胜]AB[cb][cd][ce][dc][eb][ec][fb][gc][gd][ge]AW[bb][bc][ca][cc][dd][ed][fc][fd][gb][hb])
(;N[34]C[死活题：黑先净活]AB[bc][bd][bf][cd][ce][dd][df][ed][ee][ef]AW[ac][bb][bg][bi][cb][cc][cf][cg][dc][dg][ec][eg][fc][fg][gd][gf])
(;N[35]C[手筋题：黑先最佳着手]AB[cd][ce][dc][df][eb][ec][fc][gd][ge]AW[bc][ca][cc][cg][db][dd][dg][ed][eg][fe][fg][hg])
(;N[36]C[对杀题：黑先劫]AB[ab][af][be][bf][ca][cc][cd][cf][db][dc][ea][eb]AW[ad][ae][ba][bb][bc][bd][cb][ce][dd][de][ec][fc][gb])
(;N[37]C[对杀题：黑先胜]AB[ac][bd][ca][cd][ce][db][dc][de][eb]AW[ab][bb][bc][cc][dd][ec][ed][fb][gc])
(;N[38]C[基础题：黑先最佳着手]AB[ba][bb][be][bf][ca][ce][da][de][ea][eb][ec][ed]AW[ad][bc][bd][cb][cd][db][dc][dd][ee][fb][fc][fd][fe])
(;N[39]C[死活题：黑先净杀]AB[cc][cd][ce][db][df][dg][eb][eh][fc][fh][gc][gd][gh][he][hf][hg]AW[dc][dd][de][ec][ee][fd][fg][ge][gf][gg])
(;N[40]C[基础题：黑先最佳着手]AB[bc][bd][cc][ce][dc][de][eb][ee][fc][fd][ge][hb][he][ib][ic][id]AW[be][bf][cd][cf][df][ed][ef][fb][fe][ff][gb][gc][gd])
(;N[41]C[对杀题：黑先胜]AB[aa][ad][af][ba][bd][bf][ca][cb][cc][cd][cf][df][ec][ed][ee][fb]AW[ab][ae][bb][bc][be][ce][da][db][dc][dd][de])
(;N[42]C[基础题：黑先最佳着手]AB[ad][ba][bd][be][ce][cg][db][dc][de][ea][ed][fb][fc][fd][gc]AW[ac][bc][ca][cb][cc][cd][dd][eb][ee][fe][ga][gb][gd][hb][hc][hd])
(;N[43]C[死活题：黑先净杀]AB[ad][af][bf][cb][cf][db][dc][dd][de]AW[ab][ae][ba][bb][be][cc][cd])
(;N[44]C[对杀题：黑先胜]AB[ab][bb][bc][be][cd][dd][eb][ec][fc]AW[ba][ca][cb][cc][dc][ed][fb][fd][gb][gc][gd])
(;N[45]C[对杀题：黑先胜]AB[aa][ad][bb][bc][bd][cc][cd][dc][ec][fb][gb][gc]AW[ae][be][ca][cb][ce][db][dd][de][eb][ed][fc][fd])
(;N[46]C[基础题：黑先最佳着手]AB[ec][ed][ee][ef][eg][fc][gd][ge][gh][hc][hd][hh][id][ih][je][jf][jg][jh]AW[fd][fe][ff][gb][gc][gg][hb][hg][ic][ie][if][ig][jb][jd][kd])
(;N[47]C[对杀题：黑先胜]AB[bd][be][cd][cf][da][db][dc][de]AW[ab][ac][bc][cb][cc][dd][ed][fb][fc][gc])
(;N[48]C[手筋题：黑先最佳着手]AB[ab][bb][bc][bd][cb][cd][fb][ga][gb][gc][gd]AW[ac][ad][ae][be][cc][ce][dc][dd][de][eb][fc])
(;N[49]C[手筋题：黑先最佳着手]AB[dc][df][ec][ee][fd][fe][gc][gf]AW[bc][be][cd][dd][ed][fb][fc][gd][hd][ic])
(;N[50]C[对杀题：黑先劫]AB[ba][bb][bc][cd][dd][eb][ed][fc][fe][gc][hb][hc]AW[bd][be][ca][cb][cc][ce][db][de][ea][fa][fb][gb][ha][ia][ib][ic][id])
(;N[51]C[死活题：黑先净活]AB[dc][ea][eb][ed][fb][fd][gb][gc][hc][ia][ib][ic]AW[cd][db][dd][df][ec][fe][ff][ga][gd][ha][hd][id][jb][jc][jd])
(;N[52]C[对杀题：黑先胜]AB[bc][bd][ce][dc][de][ea][eb][ec]AW[bb][be][bf][cc][cd][cf][da][db])
(;N[53]C[对杀题：黑先胜]AB[bd][be][cb][cc][ce][da][dc][eb][fb]AW[ba][bb][bc][ca][cd][dd][ed][fc][gb][gc])
(;N[54]C[对杀题：黑先胜]AB[ab][bb][bc][ca][cc][cd][da][de][ed][ee][fc][gc]AW[ad][ba][bd][bf][ce][db][dc][dd][df][ea][ec][fb])
(;N[55]C[对杀题：黑先胜]AB[ae][bc][be][ce][da][db][dc][de][ed][ee]AW[ab][ad][bd][cc][cd][dd][ea][eb][ec][fc][fd])
(;N[56]C[对杀题：黑先胜]AB[bd][be][cb][cc][ce][da][dc][eb][ec][fb]AW[ba][bb][bc][ca][cd][dd][ed][fa][fc][fd][gb][hc])
(;N[57]C[对杀题：黑先胜]AB[bb][be][cb][cc][ce][dc][de][ea][eb][ee][fc][fd][fe]AW[ab][ac][ba][bc][bd][cd][dd][ec][ed][fa][fb][gb][gc][gd])
(;N[58]C[对杀题：黑先胜]AB[ba][bb][bc][cd][dd][ec][ed][fc][gb][gd]AW[bd][be][ca][cb][cc][ce][da][dc][eb])
(;N[59]C[死活题：黑先净杀]AB[be][ca][cb][ce][da][de][ed][fa][fc][gd]AW[ba][bb][bd][cc][dc][ec][fb])
(;N[60]C[对杀题：黑先胜]AB[bb][bc][cd][ce][df][dg][ea][ee][fb][fc][fd][fe]AW[ca][cb][cc][dd][de][eb][ec][ef][ff][gb][gc][gd][gf][he])
(;N[61]C[死活题：黑先净活]AB[bb][cb][cc][cd][db][dc][de][ec][ed][ee][fb][gb]AW[ab][bc][bd][bf][ca][ce][cf][df][ea][eb][ef][fc][fd][fe][ga][gc][hb][hc])
(;N[62]C[手筋题：黑先最佳着手]AB[fe][gc][ge][ib][jc][kc][kd]AW[gf][he][ic][id][jb][jd][jf][ke])
(;N[63]C[手筋题：黑先最佳着手]AB[cc][cd][db][de][ee][fe][ga][gd][hb][hc]AW[bb][bc][bd][be][ce][dd][ea][eb][ed][fd][gb][gc])
(;N[64]C[对杀题：黑先胜]AB[bb][bc][bd][be][cb][de][ee][fb][fc][fd][gb]AW[cc][cd][db][dd][ec][ed][fe][gc][gd][ge][hb][hc])
(;N[65]C[死活题：黑先净杀]AB[ba][bb][bc][cc][dd][eb][ed][fd][gd][hb][hc][jb]AW[ca][cb][dc][ea][ec][fb][fc][gb])
(;N[66]C[死活题：黑先净杀]AB[ad][bc][bd][cd][dd][ec][fb][fc]AW[ac][bb][ca][cc][dc][ea][eb])
(;N[67]C[手筋题：黑先最佳着手]AB[bb][bc][ca][cd][ce][db][eb][fb][gc][gd]AW[bd][be][cb][cc][cf][dc][ec][fc][gb][hb])
(;N[68]C[对杀题：黑先胜]AB[ba][be][cb][cd][ce][db][dd][eb][ed][fc][fd]AW[ad][bb][bc][bd][cc][dc][ec][fb][gb][hc])
(;N[69]C[对杀题：黑先胜]AB[bb][bc][cc][cd][dd][ea][ed][fb][fd][gb][gc]AW[ba][cb][db][dc][ec][fc][ga][gd][hb][hc][hd])
(;N[70]C[对杀题：黑先胜]AB[ac][bc][bd][cd][dd][ea][eb][ec]AW[ab][bb][ca][cc][dc][ed][fb][fd][gc])
(;N[71]C[手筋题：黑先最佳着手]AB[ba][bb][bc][ca][cd][ce][de][ee][fc][fe][gd][hc][hd]AW[bd][be][bf][cb][cc][cf][da][db][dd][ed][fd][gb][gc][hb][ib])
(;N[72]C[对杀题：黑先胜]AB[cd][dc][ed][fd][gd][hb][hc]AW[ec][fc][gc][hd][ib][ic][id])
(;N[73]C[基础题：黑先最佳着手]AB[bf][cb][cf][de][df][eb][ec][ed][eg][eh][fh][ge][gh][hi]AW[bd][bg][cd][cg][cj][dd][dg][ee][ef][fd][fg][gc][gg][hd])
(;N[74]C[对杀题：黑先劫]AB[ba][bd][be][cd][cf][da][db][dc][de]AW[ab][ad][bc][ca][cb][cc][dd][ed][fb][gd])
(;N[75]C[对杀题：黑先胜]AB[ab][ad][bd][cd][dd][ea][eb][ec][fc][fd]AW[ae][be][cb][ce][da][db][dc][de][ed][ee])
(;N[76]C[死活题：黑先净活]AB[ac][ad][af][bc][be][bg][cd][cg]AW[ab][ag][ah][bb][bh][cc][ch][dc][dd][de][df][dg])
(;N[77]C[对杀题：黑先胜]AB[bb][cc][da][db][dc][ed][fd][gb][gc]AW[ba][bc][bd][cb][cd][dd][eb][ec][fb])
(;N[78]C[手筋题：黑先最佳着手]AB[ab][bb][cb][cc][dc][ed][fb][fd][ff][gc][hd]AW[bc][bd][cd][db][dd][df][eb][ec][gb][ha][hc][ib][ic][id])
(;N[79]C[死活题：黑先劫杀]AB[aa][ae][bb][bd][be][ca][cb][cd][dd][ec][fc][ga][gb][gc]AW[ab][ac][ad][bc][cc][db][dc][eb][fa][fb])
(;N[80]C[基础题：黑先最佳着手]AB[ab][ad][bc][bg][cb][cc][cf][dd][de]AW[ae][bd][ca][cd][da][db][dc][fc])
(;N[81]C[手筋题：黑先最佳着手]AB[bc][cb][cc][cd][dd][ec][ed][fe][fg][gc][ge][hg]AW[be][ce][db][dc][de][dg][ea][eb][ee][fc][fd][ga][gb][ic])
(;N[82]C[手筋题：黑先最佳着手]AB[ab][ac][ae][bb][bf][cb][cc][dd][ed]AW[ad][bc][bd][cd][ce][dc][ec][fc])
(;N[83]C[对杀题：黑先劫]AB[ab][bc][bd][be][ce][dd][de][ea][eb][ec]AW[bb][ca][cc][cd][da][db][dc][ed][fb][fd][gb][gd])
(;N[84]C[死活题：黑先净杀]AB[ae][af][bf][ca][cb][cc][cd][cf][de][df][ec][ed][fc][gb][gc]AW[aa][ac][ad][ba][bb][bd][be][ce][db][dc][dd][eb][fb])
(;N[85]C[死活题：黑先净杀]AB[af][bf][cb][cf][db][dc][dd][de]AW[ac][ae][bb][bc][be][cc][cd])
(;N[86]C[死活题：黑先净活]AB[cd][ce][cf][dc][df][dg][ec][eg][fc][ff][fg][gc][gd][ge]AW[bd][be][bf][cb][cc][cg][ch][db][dh][eb][ee][eh][fb][fh][gb][gf][gg][gh][hc][hd][he])
(;N[87]C[对杀题：黑先胜]AB[cb][dc][dd][ed][fa][fd][gb][gc][ge][he][ic][id][jb]AW[bb][cc][cd][db][ea][eb][ec][fc][gd][ha][hb][hc][hd])
(;N[88]C[死活题：黑先净活]AB[dc][dd][df][dg][ec][ee][fc][fd][fe][fg][ge]AW[cc][cd][ce][cf][cg][db][de][dh][eb][eh][fb][fh][gc][gh][hd][he][hf][hg])
(;N[89]C[对杀题：黑先胜]AB[cd][ce][dc][df][eb][ec][fb][fc][fe][ga][gb][ge][hc][he][ic][id][ie]AW[bd][ca][cb][cc][db][dd][ea][ed][fa][fd][gc][gd][hb][hd])
(;N[90]C[手筋题：黑先最佳着手]AB[ae][bd][cc][cd][ce][de][dg][ef][eg][eh][ei]AW[be][bf][bi][cb][cf][db][dc][df][dh][di][dj][ed][ee][ej])
(;N[91]C[对杀题：黑先劫]AB[bb][bf][cb][ce][cf][db][dc][dd][df][ea][eb]AW[ab][ac][ba][bd][be][cc][cd][de][ec][ed][ee][fa][fb][fc])
(;N[92]C[对杀题：黑先胜]AB[cc][cd][dd][ee][ef][fa][fb][fc][fd]AW[bb][bd][be][ce][de][ea][eb][ec][ed])
(;N[93]C[对杀题：黑先胜]AB[ba][bd][be][cb][cc][ce][db][ea][eb]AW[ab][bb][bc][cd][dc][dd][ec][fa][fb][fc])
(;N[94]C[对杀题：黑先胜]AB[bd][be][cb][cc][cf][db]AW[bb][bc][cd][dd][eb][ec])
(;N[95]C[基础题：黑先最佳着手]AB[ba][bb][bc][bd][cd][da][eb][fc][gc][gd]AW[ad][be][cb][cc][ce][db][dd][ec][ed][ef][fb][fd])
(;N[96]C[死活题：黑先净杀]AB[aa][ab][ae][bb][be][ce][db][de][ec][ed][ee][fa][fb]AW[ad][bc][bd][cb][cd][dc][dd][ea][eb])
(;N[97]C[手筋题：黑先最佳着手]AB[ba][bb][bc][bd][ce][db][de]AW[be][bf][cb][cc][cd][cg][dc][gb][gc][gd])
(;N[98]C[死活题：黑先净杀]AB[ae][af][bc][bf][ca][cf][da][db][dc][dd][de][df]AW[ad][ba][bb][be][cb][cc][cd][ce])
(;N[99]C[对杀题：黑先胜]AB[bb][bc][cc][da][dd][ed][fb][fc]AW[ac][bd][cb][cd][ce][db][dc][de][eb])
(;N[100]C[手筋题：黑先最佳着手]AB[bc][ca][cc][db][dc][dd][ec][ed][fe][ge][hc][hd][id]AW[bb][bd][cd][cf][da][de][ea][eb][ee][fa][fb][fd][gc][gd][ha][hb][ic][jc])
(;N[101]C[死活题：黑先净杀]AB[cb][cc][dc][ed][fa][fd][gc][hc][ib][ic]AW[db][ea][ec][fb][fc][gb][hb])
(;N[102]C[对杀题：黑先胜]AB[ab][bc][bd][ca][ce][dc][de][ea][ee][fb][fc][fd]AW[bb][be][bf][cb][cd][cg][db][dd][eb][ec][ed])
(;N[103]C[死活题：黑先劫杀]AB[ca][cb][db][ec][ed][ee][ff][gf][ha][hf][ia][ib][ic][id][ie]AW[da][eb][fa][fc][fd][fe][ga][gc][ge][hb][hc][hd])
(;N[104]C[死活题：黑先净杀]AB[ad][bd][cb][cc][cd][dc][ed][fd][ga][gb][gc]AW[aa][ac][bb][bc][ca][da][db][fa][fb][fc])
(;N[105]C[对杀题：黑先胜]AB[cd][ce][db][dc][df][eb][fe][ff][ga][gb][gc][gd][hd][id]AW[dd][de][ec][ee][fa][fb][fc][fd][ge][hb][he][ic][ie][jd])
(;N[106]C[手筋题：黑先最佳着手]AB[ba][bb][bc][cd][ce][da][de][ee][fb][fd][fe]AW[ca][cb][cc][dd][eb][ed][fc][gb][gc][gd])
(;N[107]C[手筋题：黑先最佳着手]AB[bf][cb][cf][db][df][ec][ef][fc][gc][hc]AW[bb][bc][cc][cd][ed][fd][ff][gd][gf])
(;N[108]C[死活题：黑先净杀]AB[cb][cc][cd][db][de][ee][fe][gd][hb][hc][hd]AW[dc][dd][eb][ed][fc][fd][gb][gc])
(;N[109]C[死活题：黑先净杀]AB[ad][bb][be][ce][dd][de][ea][eb][ec]AW[ba][bd][cb][cc][cd][da][db][dc])
(;N[110]C[手筋题：黑先最佳着手]AB[ca][cb][cc][cd][de][ee][fc]AW[bb][bc][bd][be][ce][dc][dd][fa][gb][gc])
(;N[111]C[死活题：黑先净活]AB[ad][bb][bc][bf][cd][ce]AW[ba][bg][cb][cc][cf][cg][dd][de][ec])
(;N[112]C[手筋题：黑先最佳着手]AB[bc][cb][cc][cd][dd][ec][ed][fe][fg][gc][ge][hg]AW[bd][be][cf][db][dc][ea][eb][ee][ef][fa][fc][fd][ga][gb][ic])
(;N[113]C[1&黑先，死活问题，净活]AB[aa][ac][bb][bc][cb][dc][dd][ed][fc][fd][gb][gc]AW[ad][ba][bd][ca][cc][cd][cf][cg][db][ea][eb][ec][fb])
(;N[114]C[对杀题：黑先胜]AB[ae][bb][bc][be][cc][cd][ce][de][ed][fb][fd]AW[ab][af][ba][bf][cb][cf][da][db][dc][dd][df][ee][ef])
(;N[115]C[死活题：黑先净活]AB[ae][ba][bd][be][cb][cc]AW[ab][bb][bf][ce][cf][da][db][dc][dd])
(;N[116]C[对杀题：黑先胜]AB[ba][bb][bc][cc][dd][ed][fc][gc]AW[ac][bd][ca][cb][cd][cf][dc][eb][ec])
(;N[117]C[死活题：黑先净活]AB[ad][af][bc][bd][bg][cc][cd][ce][cg][dc][df][dg][ed][ee]AW[ab][ac][ag][ah][bb][be][bf][bh][cb][ch][db][dh][ec][ef][eg][eh][fc][fd][fe])
(;N[118]C[手筋题：黑先最佳着手]AB[bf][bj][ce][ci][cj][dd][de][df][dg][dh][eb][ec][ed]AW[be][bg][bi][cc][cd][cf][cg][ch][dc])
(;N[119]C[死活题：黑先净杀]AB[af][bf][ca][cb][cc][cf][dc][dd][de][df]AW[ad][ba][bb][bc][be][cd][ce])
(;N[120]C[手筋题：黑先最佳着手]AB[ab][bc][bd][ca][cb][ce][dd][de][ee][fc]AW[ad][be][bf][cc][cd][cg][db][dc][ed][fb][hb][hc][hd])
(;N[121]C[对杀题：黑先胜]AB[cb][cc][cd][db][de][df][ef][fe][gc][gd][hb][hc]AW[bb][bc][bd][be][ce][dc][dd][eb][ee][fc][gb])
(;N[122]C[对杀题：黑先胜]AB[aj][bb][bc][bg][bh][bi][cd][ce][cf]AW[ac][bd][be][bf][bj][bk][cg][ch][ci])
(;N[123]C[对杀题：黑先胜]AB[ab][ad][ae][bb][be][ce][da][db][dc][dd]AW[af][bc][bf][ca][cb][cc][cd][cf][de][ee])
(;N[124]C[死活题：黑先净活]AB[ad][ae][bd][bf][cc][ce][cf][de][ee]AW[ac][ag][bb][bc][bg][cb][cd][cg][db][df][dg][eb][ef][fc][fd][fe])
(;N[125]C[死活题：黑先净杀]AB[ad][ba][bc][bd][cd][db][dd][ed][fa][fb][fc]AW[ab][ac][bb][ca][cc][dc][ea][eb][ec])
(;N[126]C[对杀题：黑先胜]AB[ba][bb][cb][cc][dd][ed][ee][fc][gc][ha][hb][hc]AW[ab][ad][af][bc][be][cd][cf][db][dc][de][df][eb][ec][fb][ga][gb])
(;N[127]C[死活题：黑先净杀]AB[ag][ah][bb][bh][cb][cc][cd][ch][de][dg][ee][eg]AW[ab][ae][af][bc][bd][be][bg][ce][cf][cg])
(;N[128]C[对杀题：黑先胜]AB[ba][bb][bc][ca][cd][ce][de][eb][ee][fe][gc][ge][hd]AW[bd][be][bf][cb][cc][cf][db][dd][ec][ed][fb])
(;N[129]C[对杀题：黑先胜]AB[bb][cc][dc][ea][eb][ec][fd][gd][hb][hc]AW[ba][bc][cb][cd][db][dd][ed][fb][fc][gb])
(;N[130]C[对杀题：黑先胜]AB[ad][ae][bc][be][cd][ce][db][de][eb][ec][ed][gc]AW[af][ba][bb][bf][cb][cc][cf][da][dc][dd][df][ee][fe])
(;N[131]C[死活题：黑先净活]AB[ab][ac][ad][bd][ca][cc][cd][da][db][dc][ea][eb][ec][fb]AW[ae][bb][be][ce][dd][ed][fc][fd][gb][hc])
(;N[132]C[手筋题：黑先最佳着手]AB[bc][bd][cb][da][db][ec][fc][gc][ha][hb][hc]AW[ba][bb][be][ca][cc][ce][dc][de][eb][fb][ga][gb])
(;N[133]C[对杀题：黑先胜]AB[bb][bc][bd][cc][dc][ed][fc][fd][gb][hb][hd]AW[ba][be][cb][cd][cf][da][db][dd][df][ea][eb][ec][fb])
(;N[134]C[手筋题：黑先最佳着手]AB[ba][bb][bc][ca][cd][ce][de][ee]AW[bd][be][cb][cc][cf][da][db][dd][gc][gd])
(;N[135]C[死活题：黑先净杀]AB[ad][be][bg][cd][ce][db][dc]AW[ab][ae][bc][bd][ca][cb])
(;N[136]C[对杀题：黑先胜]AB[ae][ba][be][cb][cc][ce][db][dc][de][ea][eb][ed][fd][gd][hb][hc]AW[bb][bc][bd][cd][dd][ec][fa][fb][fc])
(;N[137]C[对杀题：黑先劫]AB[ad][bb][bc][be][cc][ce][dd][ea][eb][ed][fb][fd][gb][gc]AW[ab][ba][ca][cb][db][dc][ec][fc][ga][gd][hb][hc][hd])
(;N[138]C[基础题：黑先最佳着手]AB[ba][bb][bc][cd][da][ea][ee][fa][fb][fc][fd]AW[bd][ca][cb][cc][db][dd][eb][ec][ed])
(;N[139]C[死活题：黑先净杀]AB[bb][cb][cc][ce][cf][db][df][ec][ef][fa][fc][fd][gf][hf][ic][id][ie][if][ja][jb]AW[da][dc][dd][de][eb][ee][fb][fe][gc][ge][ha][hc][hd][he][ib])
(;N[140]C[对杀题：黑先胜]AB[bd][be][ca][ce][de][ea][eb][ec][ed]AW[cb][cc][cd][dd][ee][ef][fa][fb][fc][fd])
(;N[141]C[对杀题：黑先胜]AB[ac][bd][cd][cf][da][db][dc]AW[ba][bc][ca][cb][cc][dd][ed][fb][fc])
(;N[142]C[手筋题：黑先最佳着手]AB[ac][bd][be][ca][cb][cc][cf][da][eb][ec][ef][ga][hb][hc][hd]AW[bb][bc][cd][db][dc][dd][ed][fb][fc][fe][gd][he][ie][jb][jc])
(;N[143]C[对杀题：黑先胜]AB[ba][cb][db][dc][ec][fc][gd][hb][hc][hd]AW[bb][bc][cc][cd][dd][eb][ed][fb][fd][gb][gc])
(;N[144]C[对杀题：黑先胜]AB[ab][ac][ae][ba][be][ce][da][db][dc][dd][fd]AW[af][bb][bf][ca][cb][cc][cd][cf][de][df])
(;N[145]C[对杀题：黑先胜]AB[ac][bc][be][cc][dc][dd][de][eb][fa][fb]AW[ab][bb][ca][cb][db][ea][ec][ed][gb][gc][gd])
(;N[146]C[死活题：黑先净杀]AB[ae][be][cb][cc][ce][dd][ed][fb][fc][fd]AW[aa][ab][ac][ad][ba][bd][ca][cd][db][dc][ea][eb][ec])
(;N[147]C[手筋题：黑先最佳着手]AB[bc][bd][be][cb][cc][dd][eb][ec][ed][fc][hc][ib]AW[ab][bf][cd][ce][cf][da][db][dc][ea][fb][fe][gb][hb][ic][jc])
(;N[148]C[对杀题：黑先胜]AB[be][cb][ce][db][dc][de][ed][ee]AW[bb][bd][bg][cc][cd][dd][dg][ec][fc][fd][fe][fg])
(;N[149]C[手筋题：黑先最佳着手]AB[af][bd][bf][cc][cf][db][df][ee][fa][fb][fc][fd][ff]AW[ae][bb][bc][be][cb][ce][de][ea][eb][ec][ed])
(;N[150]C[对杀题：黑先胜]AB[bb][cc][cd][dd][ed][fb][fd][gb][gc]AW[cb][da][dc][ec][fc][ga][gd][hb][hc][hd])
(;N[151]C[死活题：黑先净活]AB[ab][bc][cc][db][dc]AW[ac][ad][bd][cd][dd][eb][ec][gb])
(;N[152]C[对杀题：黑先胜]AB[ba][bb][bc][ca][cd][ce][de][ee][fc][fe][gc][ge][hd]AW[bd][be][bf][cb][cc][cf][db][dc][dd][ea][ec][ed][fb])
(;N[153]C[手筋题：黑先最佳着手]AB[cb][dc][de][ed][ef][fb][fd][gc][gg][hg][ib][ic][id][ie][if]AW[bb][bc][cd][db][dd][eb][ec][gb][hb][hc][hd][he][hf])
(;N[154]C[死活题：黑先净杀]AB[ab][ad][ah][bb][bd][be][bh][cb][ch][db][dc][dd][de][df][dg]AW[ac][ag][bc][bf][bg][cc][cd][ce][cf])
(;N[155]C[手筋题：黑先最佳着手]AB[cb][cc][dd][de][df][ef][fe][ff][gc][ge][hc][hd]AW[bb][bd][cd][cf][cg][db][dc][dh][ee][fc][fd][fh][gd][gf][he][hf])
(;N[156]C[对杀题：黑先胜]AB[ac][bc][bd][ca][cd][db][dc][eb][fa][fb][ga]AW[ab][bb][cb][cc][da][dd][de][ec][fc][gb][gc][ib])
(;N[157]C[对杀题：黑先胜]AB[ac][ba][bc][cb][cc][cd][de][eb][ed][ee][fb]AW[ab][ad][bb][bd][be][ce][cg][da][db][dc][dd])
(;N[158]C[死活题：黑先净活]AB[ca][cb][db][dc][ed][fa][fb][fd][gb][gc][gd]AW[ba][bb][bc][be][cd][de][ea][eb][ec][ee][fe][ga][ge][ha][hb][hc][hd])
(;N[159]C[死活题：黑先净杀]AB[ad][bd][bg][cc][cf][ch][da][db][dc][dd][de][df]AW[aa][bb][bc][be][bf][ca][cb][cd][ce])
(;N[160]C[手筋题：黑先最佳着手]AB[bc][bd][cd][dc][eb][ec][ed][fd][gb][gc]AW[bb][be][cb][cc][ce][db][dd][de][ea][fa][fb][fc][gd])
(;N[161]C[死活题：黑先净活]AB[ca][cb][dc][ec][fb][fc][gb][ha][hb]AW[ba][bb][bc][cd][da][dd][eb][fa][fd][ga][gc][ge][hc][ia][ib][ic])
(;N[162]C[基础题：黑先最佳着手]AB[cb][cc][da][ec][ee][ef][fc][ge][he][ib][ic]AW[bb][bc][ca][cd][dc][dd][df][dg][fb][gb][gc][gd])
(;N[163]C[手筋题：黑先最佳着手]AB[bc][bd][cd][dd][eb][ee][fc][fd][fe]AW[bb][cc][db][dc][ed][fb][gb][gc][ic])
(;N[164]C[手筋题：黑先最佳着手]AB[bb][bd][cc][ce][db][df][ee]AW[bc][cd][dc][dd][de][ed])
(;N[165]C[死活题：黑先净杀]AB[ba][bb][bc][cd][dd][ec][ed][fd][gd][hb][hc][jb]AW[ca][cb][dc][ea][eb][fc][ga][gb][gc])
(;N[166]C[死活题：黑先净杀]AB[ag][bc][bg][cd][ce][cf][cg][da][db][dc][dd]AW[aa][ab][ac][af][ba][bd][be][bf][ca][cb][cc])
(;N[167]C[手筋题：黑先最佳着手]AB[bb][cc][cd][eb][gc][hd]AW[bc][bd][be][ce][dd][ec][ee][fd])
(;N[168]C[对杀题：黑先胜]AB[ad][ba][bb][bd][cc][cd][dc][ec][fb][gb][gc]AW[ab][ac][ae][be][ca][cb][ce][db][de][eb][ed][fc][fd])
(;N[169]C[对杀题：黑先胜]AB[cc][cd][da][dd][df][ea][eb][ec][ee]AW[aa][ab][ac][ba][bc][be][cb][db][dc][ed][fb][fd][gc])
(;N[170]C[手筋题：黑先最佳着手]AB[bc][ca][cb][cc][dd][ed][fc][gb]AW[bd][cd][cf][da][db][dc][ea][fb][hb][hc][hd])
(;N[171]C[对杀题：黑先胜]AB[ba][bb][bc][cd][dd][fc][fd][gb][hc]AW[ab][bd][be][cb][cc][ce][eb][fb])
(;N[172]C[对杀题：黑先胜]AB[cb][cc][cd][de][eb][ee][fd]AW[bb][bd][be][ce][db][dc][dd][gb][gc])
(;N[173]C[对杀题：黑先胜]AB[ba][bc][cb][cc][cd][da][dc][ed][fc][fd][gb][gc]AW[ab][ac][ae][bb][bd][bf][ce][db][dd][de][eb][ec][fb])
(;N[174]C[对杀题：黑先胜]AB[ad][ae][ba][bb][be][ce][db][dc][de][ed][ee]AW[ab][ac][bc][bd][ca][cb][cd][dd][ec][fb][fc][fd])
(;N[175]C[手筋题：黑先最佳着手]AB[bb][bc][cd][dd][df][dg][ea][fb][gb][gc][gd]AW[cb][cc][da][ec][ee][ef][fc][ge][hb][he][ic])
(;N[176]C[死活题：黑先净活]AB[ca][cb][cc][dc][ea][ec][fc][gb][gc]AW[ba][bb][bc][cd][dd][eb][ed][fd][ga][gd][hb][hc])
(;N[177]C[手筋题：黑先最佳着手]AB[bc][bd][cc][ce][cf][ch][ci][de][dg][dj][eb][ef]AW[be][bf][bg][cd][cg][dd][dh][ed][eh][fd])
(;N[178]C[死活题：黑先净活]AB[bb][cc][cd][da][dd][eb][ed][fa][fc][fd]AW[bc][bd][cb][ce][db][de][ee][fb][fe][gb][gc][gd])
(;N[179]C[1&黑先，死活问题，净活]AB[bc][cc][cd][dd][ee][fe][gb][gd][hc]AW[bb][bd][be][ce][dc][de][eb][ed][fc][fd][gc])
(;N[180]C[对杀题：黑先胜]AB[ab][bb][bc][bg][cc][ce][cf][cg][dd][ec][ed][fd]AW[ad][ba][bd][be][bf][cb][cd][db][dc])
(;N[181]C[手筋题：黑先最佳着手]AB[bb][bd][be][ce][dd][de][ea][eb][ec]AW[cc][cd][dc][ed][fa][fb][fc][fd])
(;N[182]C[基础题：黑先最佳着手]AB[bg][cb][cc][cg][dd][de][df][fb][fd][gc]AW[bc][bf][cd][ce][db][dc][eb])
(;N[183]C[对杀题：黑先胜]AB[bc][cb][cc][cf][dd][de]AW[ba][bd][cd][db][dc][fc])
(;N[184]C[对杀题：黑先胜]AB[ab][bc][cc][dd][eb][ec][ed]AW[ac][bd][cb][cd][cf][db][dc])
(;N[185]C[基础题：黑先最佳着手]AB[bd][be][bf][cb][cc][db][df][dg][gc][gd][ic]AW[ba][bb][bc][cd][dc][de][eb][ee][ef][fd])
(;N[186]C[手筋题：黑先最佳着手]AB[ab][ba][bb][cc][cd][dd][de][ee][fb][fd][fe][gb][gc]AW[bc][bd][be][ca][cb][ce][da][dc][eb][ec][ed][fc][gd][hd])
(;N[187]C[手筋题：黑先最佳着手]AB[cf][cg][db][df][eb][ec][ed][ee][fb][fe][fh][gf][hf]AW[bb][bd][cb][dc][dd][de][dg][ef][eh][fc][fd][ff][gb][gd][ge][gg][ic])
(;N[188]C[对杀题：黑先胜]AB[cc][dc][ec][ed][fa][fe][ff][gc][gd][id]AW[bc][bd][dd][de][ee][eg][fb][fc][fd][ga][ge][gf][gg])
(;N[189]C[对杀题：黑先胜]AB[bb][bg][cd][ce][cf][db][dc][eb]AW[bc][bh][cb][cc][ch][dd][de][df][dg][fb][fd][gc])
(;N[190]C[死活题：黑先净杀]AB[bb][bc][be][ca][cb][cd][ce][de][ed][fb][fc][fd]AW[ac][ad][ba][bd][cc][da][db][dc][dd][ec])
(;N[191]C[对杀题：黑先胜]AB[ba][be][cb][cd][ce][cf][da][dc][df][ea][eb][ec][ed]AW[ab][ae][bb][bc][bd][cc][dd][de][ee][fa][fb][fc][fd][fe])
(;N[192]C[死活题：黑先净杀]AB[ae][be][cc][cd][ce][da][db][dc]AW[ab][ad][bc][bd][cb])
(;N[193]C[对杀题：黑先胜]AB[eb][fc][fd][fe][fg][ge][hd][ia][ic][id][ja][jb]AW[dc][de][dg][fb][ga][gc][gd][ha][hb][hc][he][hf][ib][je][kc][ke])
(;N[194]C[基础题：黑先最佳着手]AB[bc][bf][ca][cb][cc][cd][cf][de][df]AW[ac][ad][ae][bb][be][ce][da][db][dc][dd][fc])
(;N[195]C[对杀题：黑先胜]AB[ab][ad][bb][bd][cd][dd][ea][eb][ec][fc][fd]AW[ae][ba][bc][be][cb][ce][da][db][dc][de][ed][ee])
(;N[196]C[死活题：黑先净活]AB[bb][bc][cc][cd][ce][de][ec][ed][ee][fb][ge]AW[be][cb][cf][cg][db][dc][dd][eb][ef][fa][ff][gf][hc][hd][he])
(;N[197]C[死活题：黑先净活]AB[de][ef][fc][fd][ff][gc][ge][hd][he]AW[cd][ce][cf][dc][dg][ec][eg][fb][fe][fg][gb][gf][gg][hb][ic][id][ie][if])
(;N[198]C[基础题：黑先最佳着手]AB[bb][bh][cc][cg][ci][dc][de][dg][ec][ee][fg][fh][gc][gd][gh][hc]AW[bc][bg][cd][ce][cf][df][ed][ef][fd][ge][gf][gg][ig])
(;N[199]C[死活题：黑先净活]AB[ca][cb][dc][ec][ed][fb][fd][ga][gb][gc][gd]AW[bb][bd][cc][da][db][dd][de][ee][fe][ge][ha][hb][hc][hd])
(;N[200]C[对杀题：黑先胜]AB[bb][bc][bd][ce][de][ee][fc][fd]AW[ab][ac][ad][be][bf][cd][cg][dd][ec][ed][gb])
(;N[201]C[死活题：黑先净杀]AB[ac][ae][be][cb][ce][db][dd][de][ec][fa][fb][fc]AW[ad][ba][bb][bc][bd][cc][cd][dc][ea][eb])
(;N[202]C[对杀题：黑先胜]AB[ab][bb][bd][ca][cd][dd][ea][eb][ec]AW[ac][bc][cb][cc][dc][ed][ee][fa][fb][fc])
(;N[203]C[死活题：黑先净杀]AB[ba][be][ca][cc][cd][cf][dd][ed][fa][fb][fc][fd]AW[ac][bb][bc][cb][dc][ea][eb][ec])
(;N[204]C[对杀题：黑先胜]AB[ba][bc][cb][cc][dd][ed][fa][fd][ga][gb][gc]AW[ac][ad][bd][cd][cf][db][dc][ea][ec][fb][fc])
(;N[205]C[死活题：黑先净杀]AB[ad][af][bg][cb][cf][cg][db][dc][dd][de]AW[ba][bb][bd][be][bf][bi][cc][cd][di])
(;N[206]C[死活题：黑先净活]AB[ab][bd][cb][cc][cd][db]AW[ba][be][ce][dc][dd][de][eb][fc])
(;N[207]C[对杀题：黑先胜]AB[ac][bc][ca][cd][dd][ea][eb][ec]AW[aa][bb][cb][cc][dc][ed][fb][fc][fd])
(;N[208]C[对杀题：黑先胜]AB[cb][cd][ce][da][dc][eb][ec][fb][gc][gd][ge]AW[ba][bb][bc][cc][dd][ed][fa][fc][fd][gb][hb])
(;N[209]C[手筋题：黑先最佳着手]AB[ba][bb][bc][bd][ca][cc][dd][de][ea][ee][fb][fe][ge]AW[ad][be][cb][cd][ce][cf][ch][da][db][dc][ec][ed][fc][hb][hc])
(;N[210]C[死活题：黑先净杀]AB[ab][ad][af][bc][bf][cf][db][dc][dd][de][df]AW[ae][ba][bb][bd][be][cb][cc][cd])
(;N[211]C[对杀题：黑先胜]AB[cb][cc][db][dd][de][ee][fc][fe]AW[bc][bd][cd][cf][dc][eb][ec][ed][hb][hc][hd])
(;N[212]C[手筋题：黑先最佳着手]AB[bd][be][bf][cb][cc][db][df][ee][fb][fc][fd][gb][hb]AW[ch][de][dg][ea][eb][ec][ed][ef][fg][gf][hd][he][ib][ic])
(;N[213]C[手筋题：黑先最佳着手]AB[bf][bg][cd][ce][cf][dc][dg][ec][eg][fc][ff][gd][hd][id][ie]AW[bd][be][cb][cc][ci][dd][de][df][di][fe][fg][fh][ge][he][hf][hg])
(;N[214]C[对杀题：黑先胜]AB[bb][bc][cc][dc][ea][eb][ec][fd][fe][hb][hd][he]AW[ac][ba][bd][ca][cd][da][db][dd][ed][fa][fb][fc][gc])
(;N[215]C[死活题：黑先净活]AB[bd][cc][ce][dc][de][df][ed][ef][fd][fe]AW[ad][ae][bb][bc][bf][cb][cd][cf][db][dg][eb][eg][fc][fg][gd][ge][gf])
(;N[216]C[对杀题：黑先胜]AB[ad][bb][bd][cd][ce][da][dc][de][ea][eb][ec]AW[ab][ac][bc][ca][cb][cc][db][dd][ed][fc][fd][gb])
(;N[217]C[死活题：黑先净杀]AB[ac][ba][bc][cc][da][dc][ec][fa][fb][fc]AW[ab][bb][cb][db][ea][eb])
(;N[218]C[对杀题：黑先胜]AB[ba][bc][bd][cc][ce][db][de][ee][fa][fb][fc][fd][fe]AW[ab][bb][be][bf][cb][cd][cf][da][dd][ea][eb][ec][ed])
(;N[219]C[对杀题：黑先胜]AB[ab][ac][bb][bd][bg][cc][cd][dd][dg][ec][fc][fd][fe][fg]AW[ba][be][ca][cb][ce][db][dc][de][ed][ee])
(;N[220]C[对杀题：黑先胜]AB[ab][bb][ca][cb][cc][cd][de][ee][fd][gb][gc][gd]AW[bc][bd][bf][ce][da][db][dc][dd][df][ed][fb][fc])
(;N[221]C[死活题：黑先净活]AB[ad][ba][bc][bd]AW[ae][be][cc][ce][db][dc][de])
(;N[222]C[死活题：黑先净活]AB[bc][bd][ca][cb]AW[be][bg][cd][ce][da][db][dc])
(;N[223]C[对杀题：黑先胜]AB[ab][ae][be][ce][db][dc][dd][eb]AW[ad][bb][bd][cc][cd][de][ec][ed][ee][fb][fc])
(;N[224]C[对杀题：黑先胜]AB[bd][cb][cc][cd][de][ee][fa][fb][fc][fd]AW[ac][ad][bb][bc][be][ce][cf][dc][dd][df][eb][ec])
(;N[225]C[手筋题：黑先最佳着手]AB[ab][bb][bc][bd][ca][cd][db][de][eb][ee][fe][gb][hc]AW[ac][ad][ae][be][cb][cc][ce][cg][dc][dd][ec][fb][gc][jg])
(;N[226]C[对杀题：黑先胜]AB[ac][ad][ae][ba][bb][be][ce][de][ea][eb][ec][ed]AW[bc][bd][cb][cd][db][dc][dd][ee][fb][fc][fd][fe])
(;N[227]C[死活题：黑先净杀]AB[bb][bc][cd][db][dd][ed][fc][gc][hb][hc]AW[ba][cb][cc][da][dc][ec][fb][gb])
(;N[228]C[死活题：黑先净杀]AB[ad][ae][af][bb][bc][bf][cf][dc][df][eb][ef][fb][fc][fd][fe]AW[bd][be][ca][cb][cc][ce][db][de][ec][ed][ee])
(;N[229]C[手筋题：黑先最佳着手]AB[bc][bd][be][cf][cg][ec][fb][fd][gc][gd]AW[bb][cb][cd][db][de][df][eb][fe][ff])
(;N[230]C[对杀题：黑先胜]AB[bd][cd][cf][dc][df][ec][fc][ff][gb][gd][ge][hb]AW[bc][cb][cc][db][dd][de][ed][fd][gc][hc][ib][ic][ie])
(;N[231]C[死活题：黑先净活]AB[db][eb][fc][fd][gb][gc][gd][ha][hd][ib][ic][id]AW[bb][cc][dc][de][ed][fa][fe][ff][hb][he][hf][ia][ja][jb][jc][jd][je])
(;N[232]C[手筋题：黑先最佳着手]AB[bg][cb][cc][cd][cf][eb][gc][hd]AW[dc][dd][de][eg][fb][fd][gf][ie][jb][jc][jd])
(;N[233]C[对杀题：黑先胜]AB[ab][ac][be][cb][ce][cg][db][dc][dd]AW[ad][ba][bb][bd][cc][cd][de][ec][ed][ee][fb])
(;N[234]C[基础题：黑先最佳着手]AB[bb][bc][be][cd][ce][dc][ea][ec][fc]AW[ca][cb][cc][dd][ed][fb][fd][gb][gc][gd])
(;N[235]C[手筋题：黑先最佳着手]AB[bc][cd][ce][cf][db][dg][eg][ff][fg]AW[bb][cb][cc][cg][ch][dd][df][ec][ef][gc])
(;N[236]C[对杀题：黑先胜]AB[ab][bb][bd][be][ce][da][db][dc][dd]AW[ac][ba][bc][cb][cc][cd][de][eb][ed][ee][fb])
(;N[237]C[对杀题：黑先胜]AB[bb][cc][dc][eb][ec][fd][gd][hb][hc]AW[ba][bc][cb][cd][dd][ed][fb][fc][gb])
(;N[238]C[对杀题：黑先胜]AB[ab][af][bb][bc][bg][cc][ce][cf][dd][de][ee]AW[ad][ba][bd][be][bf][cb][cd][dc][eb][ed][fd][ge])
(;N[239]C[对杀题：黑先胜]AB[ba][cb][cc][dc][ea][ed][fd][gb][gc]AW[bb][bc][cd][dd][eb][ec][fa][fb][fc])
(;N[240]C[手筋题：黑先最佳着手]AB[bb][bd][cc][cf][ef][fc][fe]AW[be][cd][db][dc][dd])
(;N[241]C[死活题：黑先净杀]AB[bb][bc][bd][cb][ce][cf][da][df][ea][eg][fa][fg][ga][gf][hb][hc][hd][he][hf]AW[cc][cd][db][dd][de][eb][ec][ef][fb][fe][ff][gb][ge])
(;N[242]C[手筋题：黑先最佳着手]AB[bc][bd][ce][de][ea][eb][ec][ed]AW[ab][bb][db][dc][dd][ee][fb][fe][gb][gc])
(;N[243]C[手筋题：黑先最佳着手]AB[bb][ca][cc][cd][da][de][ef][fb][fc][gd]AW[ba][cb][db][dc][ec][ee][fd][ge][hb][he][ic])
(;N[244]C[对杀题：黑先胜]AB[bc][cc][dc][ed][fa][fb][fc][fd]AW[ad][ba][bd][ca][cd][dd][ea][eb][ec])
(;N[245]C[手筋题：黑先最佳着手]AB[ec][ed][ee][fc][ff][fg][gb][hc]AW[dc][dd][de][df][ef][fd][fe][gc][hb][he][ib][ic][id])
(;N[246]C[对杀题：黑先胜]AB[ad][bd][cc][cd][de][ed][ee][fa][fb][fc]AW[ab][ae][be][cb][ce][cg][dc][dd][ea][eb])
(;N[247]C[手筋题：黑先最佳着手]AB[be][cc][cf][cg][dc][eg]AW[bd][bf][ce][eb][ec][ee])
(;N[248]C[手筋题：黑先最佳着手]AB[ee][fe][ff][gc][gd][gg][id][ie]AW[dc][eg][fb][fc][fd][fg][ge][gh][he][hh][if][ig])
(;N[249]C[死活题：黑先净杀]AB[ab][af][ag][bg][ca][ce][cf][cg][db][dc][dd][fb]AW[ac][ad][ba][bb][be][bf][cb][cc][cd])
(;N[250]C[手筋题：黑先最佳着手]AB[bb][bc][bd][ca][da][de][df][ea][fc][ff][ga][gc][hc][hf][id][ie]AW[cc][db][eb][ec][ed][fb][fd][gd][hd][ic][jc])
(;N[251]C[对杀题：黑先胜]AB[ca][cb][cc][cd][da][de][ea][ee][fc][fd][fe][gb][hb]AW[ba][bb][bc][bd][ce][cf][db][dd][eb][ec][ed][fb][ga])
(;N[252]C[对杀题：黑先胜]AB[ac][ad][bd][be][bf][cb][cc][cf][db][dd][ed]AW[ab][ba][bb][bc][cd][ce][de][eb][ec][ee][fe][gc][gd])
(;N[253]C[死活题：黑先净杀]AB[aa][ac][ad][bd][cd][dc][ea][eb][ec]AW[ab][bb][bc][cc][da][db])
(;N[254]C[死活题：黑先净活]AB[ea][fb][gb][hb][ib][ja][jb]AW[db][eb][fc][ga][gc][hc][ic][jc][ka][kb][kc])
(;N[255]C[死活题：黑先净活]AB[ba][bb][cc][cd][ce][de][eb][ec][ee][fb][fe][gd][ha][hb][hc][hd]AW[ca][cb][db][dc][dd][ed][fa][fc][fd][gb][gc])
(;N[256]C[死活题：黑先净杀]AB[ab][bc][ca][cc][cd][ce][cf][df][ef][fa][fb][ff][gb][gc][gd][ge]AW[ba][bb][cb][dd][de][ea][eb][ec][ee][fc][fd][fe])
(;N[257]C[对杀题：黑先胜]AB[ba][bb][cb][cc][dd][ec][ed][fc][ga][gb][gc]AW[ab][bc][bd][cd][cf][da][db][dc][eb][fb])
(;N[258]C[对杀题：黑先胜]AB[ba][bb][cc][dc][de][ed][fd][gb][gc]AW[cb][db][ea][ec][fc][gd][hb][hc][hd])
(;N[259]C[对杀题：黑先胜]AB[ab][ad][bd][cd][da][db][dc]AW[ae][ba][be][ca][cb][cc][ce][dd][de])
(;N[260]C[对杀题：黑先胜]AB[ac][ba][bb][bd][cd][dd][ec][fb][fc][fd]AW[bc][be][cc][cf][da][db][dc][de][df][ed][ee])
(;N[261]C[对杀题：黑先胜]AB[bd][be][ca][ce][da][db][dc][dd]AW[aa][ac][ba][bc][cb][cc][cd][de][eb][ed][ee][fb])
(;N[262]C[死活题：黑先净杀]AB[ac][ae][bd][be][bg][ch][dc][dg][eb][ec][ed][ee]AW[af][cb][cc][cd][ce][cf][db])
(;N[263]C[死活题：黑先净杀]AB[ca][cb][cc][cd][de][df][ed][ef][fc][ff][ga][gf][ha][hb][he][ic][id][ie][jb]AW[da][db][dc][dd][eb][ee][fa][fd][fe][gb][gc][hc][hd])
(;N[264]C[对杀题：黑先胜]AB[ac][bb][bc][cb][dc][ec][fc][gb][gc]AW[ad][bd][ca][cc][cd][db][ea][eb][fb])
(;N[265]C[对杀题：黑先胜]AB[bb][bc][bd][cd][dd][ec][fb][fc]AW[ae][ba][be][cb][cc][ce][db][dc][de][ea][eb][ed][fd][gd][hb][hc])
(;N[266]C[对杀题：黑先胜]AB[cc][cd][db][dd][ec][ed][fe][gc][gd][ge][hb][hc]AW[bb][bc][bd][be][cb][ce][de][ee][fb][fc][fd][gb])
(;N[267]C[死活题：黑先净活]AB[cc][cd][ce][dc][de][ea][ec][ed][fb][fd]AW[bb][bc][bd][be][cf][df][eb][ef][fc][ff][gb][gc][gd])
(;N[268]C[死活题：黑先劫杀]AB[ad][ba][bd][ca][cb][cd][dd][ec][fa][fb][fc]AW[ac][bb][bc][cc][db][dc][ea][eb])
(;N[269]C[死活题：黑先净杀]AB[bc][be][cb][cc][ce][dc][de][ed][fb][fc][fd]AW[aa][ab][ac][ad][ba][bd][ca][cd][dd][ea][eb][ec])
(;N[270]C[对杀题：黑先胜]AB[bd][ce][da][de][eb][ec][ed]AW[cb][cd][db][dc][dd][ee][fd][fe][gb][gc])
(;N[271]C[对杀题：黑先胜]AB[bc][bd][cb][ce][de][ea][eb][ec][ed]AW[ab][bb][ca][da][db][dc][dd][ee][fb][fe][gb][gc])
(;N[272]C[对杀题：黑先胜]AB[ab][af][bb][bf][cc][cf][db][dc][dd][df][ee][fe]AW[ae][ba][be][cb][cd][ce][da][de][ea][eb][ec][ed])
(;N[273]C[死活题：黑先净活]AB[ag][bd][bf][bh][cd][cf][cg][dd][dg][dj][dk][ed][ee][ef][ei][ek][el][ff][fg][fh][fi][fj][fk]AW[ad][ae][bb][bc][be][bi][ce][ch][ci][cj][ck][cl][db][dc][df][dh][dl][eg][eh][em][fc][fl][ge][gf][gg][gh][gi][gj][gk][gl])
(;N[274]C[对杀题：黑先胜]AB[ab][bb][bf][cb][cd][cf][dd][df][ea][eb][ec][ed][ee]AW[bc][bd][be][cc][ce][db][de][ef][fa][fb][fc][fd][fe][ff])
(;N[275]C[死活题：黑先净杀]AB[ad][be][cd][dd][ea][eb][ec][ed]AW[ba][bb][bd][cc][da][db][dc])
(;N[276]C[手筋题：黑先最佳着手]AB[bb][bc][bd][ce][cf][dc][dd][ee][fd][fe][gb][gd]AW[cb][cc][cd][db][ec][gc][ge][hb][hc][hd][he])
(;N[277]C[手筋题：黑先最佳着手]AB[bb][bc][bh][bj][cd][ce][cf][cg][ch][ci]AW[ac][ah][ai][bd][be][bf][bg][bi][cj][ck])
(;N[278]C[对杀题：黑先胜]AB[bb][bc][bd][be][cb][ce][dd][ed][fb][fc][fd][ga][gb]AW[cc][cd][db][dc][de][eb][ee][fa][fe][gd][ge][ha][hb][hc])
(;N[279]C[对杀题：黑先胜]AB[bb][bc][bd][be][ce][db][de][ea][ec][ed][fa][fb]AW[ab][ba][ca][cb][cc][cd][dd][ee][fc][fd][fe][ga][gb][gc])
(;N[280]C[手筋题：黑先最佳着手]AB[bb][bc][cd][db][dc][dd][ed][fc][fe][gd][he][ie][jb][jc]AW[ac][bd][be][ca][cb][cc][cf][da][eb][ec][ef][gb][hb][hc][hd])
(;N[281]C[手筋题：黑先最佳着手]AB[ab][bc][bd][bh][ce][cg][ci][df][dg][ee][fe]AW[bb][be][bf][bg][cb][cc][cf][dd][de][ed][gc])
(;N[282]C[1&黑先，死活问题，净活]AB[ae][bc][be][ca][cd][ce][da][db][dc]AW[ab][ad][ba][bd][cb][cc][dd][eb][ec][ed])
(;N[283]C[手筋题：黑先最佳着手]AB[be][ce][cf][dd][df][ec][ed][ef][fb][fc][fg][gc][gg][ic]AW[bc][cc][cd][cg][ch][db][dc][de][eb][ee][eg][eh][fe][ff][gd][id])
(;N[284]C[手筋题：黑先最佳着手]AB[bd][bf][cc][cd][db][dd][eb][fc]AW[ab][ba][bc][cb][dc][ec][ed][gf][hc][hd])
(;N[285]C[死活题：黑先净活]AB[fb][gb][gc][hc][ib][jb]AW[dc][eb][fc][fd][gd][hd][ic][jc][kb][kc])
(;N[286]C[死活题：黑先净活]AB[ac][ag][bc][bd][bf][bg][ce][de]AW[ah][bb][bh][cb][cc][cd][cf][cg][ch][dd][df][ee])
(;N[287]C[手筋题：黑先最佳着手]AB[ab][bb][ca][cb][cc][dd][eb][ec][ed][fc][ha]AW[bc][bd][cd][cf][da][db][dc][ea][fa][fb][fe][ga][gb])
(;N[288]C[对杀题：黑先劫]AB[ba][ca][cb][cc][dc][ea][ed][fd][gd][hb][hc][hd]AW[bb][bc][bd][cd][dd][de][eb][ec][ee][fa][fc][ga][gb][gc])
(;N[289]C[手筋题：黑先最佳着手]AB[bc][bd][cd][db][dd][df][eb][ec][hc][ib][ic][id][ie]AW[ab][bb][cb][cc][dc][ed][fd][ff][gb][hb][hd])
(;N[290]C[手筋题：黑先最佳着手]AB[db][dd][de][df][dg][ec][fc][ff][gc][he]AW[be][cb][cc][ch][dc][dh][ed][ef][eh][fd][fe][gg])
(;N[291]C[手筋题：黑先最佳着手]AB[bc][bd][cc][dc][ed][ee][ge]AW[cb][cd][ce][db][dd][ec][fb][gc])
(;N[292]C[对杀题：黑先胜]AB[bb][bc][bd][cd][dd][ea][ec][fb][fc]AW[ab][ba][be][cb][cc][ce][dc][de][eb][ed][fd][gd][hc])
(;N[293]C[对杀题：黑先劫]AB[da][db][dc][de][ec][ed][ee][fe][gb][gc][gd][he][ic]AW[bf][ca][cb][cc][ce][dd][df][ea][ef][fb][fc][fd][ff][ge][gf])
(;N[294]C[手筋题：黑先最佳着手]AB[ab][bb][cb][cc][dc][ed][fd][ff][gc][hb][hd]AW[bc][bd][cd][db][dd][df][eb][ec][gb][hc][ib][ic][id][ie])
(;N[295]C[对杀题：黑先胜]AB[bb][bc][cc][dd][de][eb][ec][fa][fb][gb]AW[ba][ca][cb][da][db][dc][ed][ee][fc][gc][hb][hc])
(;N[296]C[手筋题：黑先最佳着手]AB[bc][bd][cb][ce][cf][da][df][eb][ef]AW[be][bf][cc][cd][cg][ch][db][de][ec][fe][gc][ge])
(;N[297]C[对杀题：黑先劫]AB[ac][ad][bd][cc][cd][dc][eb][fb]AW[ab][ae][ba][be][cb][ce][db][de][ec][ed])
(;N[298]C[手筋题：黑先最佳着手]AB[bb][bc][bd][cd][de][eb][ed][fa][fc][fd][fe][gd]AW[be][cb][cc][ce][da][dc][dd][ec][fb][gb][gc][hc][hd])
(;N[299]C[对杀题：黑先胜]AB[bb][be][ce][da][de][ea][eb][ec][ed]AW[ac][bc][ca][db][dc][dd][ee][fd][fe][gb])
(;N[300]C[对杀题：黑先胜]AB[ag][bb][bf][bh][cc][cd][ce][cg][dg]AW[ad][be][cb][cf][db][dc][dd][de][df])
(;N[301]C[对杀题：黑先胜]AB[ac][ae][ba][bb][be][ca][ce][db][dd][eb][ed][fd]AW[af][bd][bf][cb][cc][cd][cf][da][de][df][ea][fa][fb][gc][gd][ge])
(;N[302]C[死活题：黑先净杀]AB[ba][bb][bc][cd][dd][ec][ed][fd][ga][gc][hb][hd][ib]AW[ca][cb][cc][da][dc][eb][fb][fc][gb][ha])
(;N[303]C[对杀题：黑先胜]AB[bb][bf][cb][cd][cf][da][db][dd][ec][ed]AW[ab][bc][bd][cc][dc][ea][eb][fb][fc][fd])
(;N[304]C[对杀题：黑先胜]AB[ad][bd][cd][db][dc][dd][ed][fb][fc][gc]AW[aa][ac][bb][bc][be][bf][cb][da][de][ea][eb][ec][ee][fd][fe])
(;N[305]C[死活题：黑先净杀]AB[ba][be][ce][da][db][de][eb][ec][ed][ee]AW[bb][bc][bd][cb][cd][dc][dd])
(;N[306]C[手筋题：黑先最佳着手]AB[bc][bd][be][cc][ce][dc][df][dg][dh][di][ed][fd][ff][fg][gd][gg][hd]AW[bf][cd][cf][cg][ci][cj][db][dd][de][ec][ee][ef][fc][fe][gc][ge][gf][ic][jb])
(;N[307]C[死活题：黑先净杀]AB[ba][bb][bc][bd][ce][da][db][de][ed][ee][gd][ha][hb][hc][hd]AW[ca][cb][cc][cd][dc][dd][eb][ec][fa][ga][gb][gc])
(;N[308]C[死活题：黑先净活]AB[dc][dd][df][ec][eg][fd][fe][ff][fg]AW[cc][cd][ce][cf][db][dg][dh][eb][ed][ef][eh][fb][fh][gc][gd][gh][he][hf][hg])
(;N[309]C[死活题：黑先净杀]AB[ba][bb][bc][ca][cc][cd][dd][ee][fc][fe][ge][hb][hd][he][ib][ic]AW[cb][da][db][dc][ec][ed][fd][gb][gc][gd][hc])
(;N[310]C[对杀题：黑先胜]AB[ab][bb][bc][cd][dc][dd][ec][fb][fc]AW[ba][bd][be][cb][cc][ce][db][de][ea][eb])
(;N[311]C[对杀题：黑先胜]AB[ac][ad][bb][bd][cc][cd][dc][eb][fb]AW[ae][ba][be][ca][cb][ce][db][dd][de][ec][ed])
(;N[312]C[死活题：黑先净杀]AB[ab][ae][bc][be][ce][db][de][ea][eb][ec][ed]AW[ac][ad][ba][bd][ca][cb][cc][cd][da][dc][dd])
(;N[313]C[对杀题：黑先胜]AB[bc][ca][cb][cc][dc][ed][fb][fd][gc]AW[aa][ac][ad][bb][bd][cd][db][dd][eb][ec])
(;N[314]C[死活题：黑先净杀]AB[ac][ad][bd][ca][cb][cd][dd][ed][fb][fc]AW[ab][ba][bc][cc][dc][ea][ec])
(;N[315]C[死活题：黑先净杀]AB[ba][bb][bc][cc][ce][de][eb][ee][fe][ga][gd][ge][hc][ia][ib][ic]AW[ca][cb][db][dd][ed][fb][fd][gb][gc][ha][hb])
(;N[316]C[1&黑先，死活问题，净活]AB[bc][cc][dc][ed][fa][fb][fc][fd]AW[ad][bb][bd][cb][cd][dd][ea][eb][ec])
(;N[317]C[手筋题：黑先最佳着手]AB[bb][bc][be][cd][dc][dd][fd][fe]AW[cb][cc][db][ec][gc][gd][hb])
(;N[318]C[1&黑先，死活问题，净活]AB[ab][ad][bb][bd][cb][db][de][ed]AW[ac][bc][cc][cf][dd][df][ee][fb][fc][fd][fe])
(;N[319]C[对杀题：黑先胜]AB[bc][cb][cd][db][dc][dd][ee][fb][fc][fd][fe]AW[ba][bd][be][ca][ce][da][de][ea][eb][ec][ed])
(;N[320]C[1&黑先，死活问题，净活]AB[cd][dc][dd][ed][fe][gb][gc][ge][hd][he]AW[cf][ec][ee][ef][fb][fc][fd][gd][hc][ic])
(;N[321]C[对杀题：黑先胜]AB[ba][cb][db][dc][ed][fe][ga][gb][gc][gd]AW[ab][bb][cc][cd][cf][da][dd][ec][fa][fb][fc])
(;N[322]C[手筋题：黑先最佳着手]AB[bb][bd][cb][cd][db][de][ec][ee][fd][fe][gc]AW[ac][bc][cc][ce][cf][dc][dd][df][eb][ed][ef][ff][gf][hb][hc][hd])
(;N[323]C[基础题：黑先最佳着手]AB[db][dc][dd][de][ea][ga][hb][hc][he]AW[bb][bd][ce][cf][df][eb][ec][ee][fc][fe][gb][gc])
(;N[324]C[死活题：黑先净杀]AB[bf][cb][ce][cg][db][dc][dd][de]AW[bb][bd][be][cc][cd])
(;N[325]C[对杀题：黑先胜]AB[bb][ca][cd][ce][cf][db][dc][eb]AW[ba][bc][cb][cc][dd][ed][fb][fc])
(;N[326]C[死活题：黑先净活]AB[ab][af][bc][bd][be][ca][cb][cc][cd][db]AW[ae][ba][bb][bf][bg][ce][da][dc][dd][df][eb][fc])
(;N[327]C[手筋题：黑先最佳着手]AB[be][cf][de][df][dg][ec][ed][fb][fc][fe][fg]AW[bd][cd][ce][db][dc][dd][eb][ee][ef][fd][ff])
(;N[328]C[死活题：黑先净杀]AB[bc][bd][cd][dd][ec][fa][fb][fc]AW[ab][ba][bb][cc][db][dc][eb])
(;N[329]C[手筋题：黑先最佳着手]AB[bc][bd][bg][ce][cf][cg]AW[ad][ag][be][bf][bh][cb][cc][cd][ch])
(;N[330]C[死活题：黑先劫杀]AB[ab][ah][bb][bh][cc][cg][dc][de][df][dg][ec][ed][ff]AW[ac][af][bc][bd][be][bg][bi][cd][ce][cf][ci][dd][di][eh])
(;N[331]C[手筋题：黑先最佳着手]AB[bc][bd][ca][cb][ce][dc][ee][fc]AW[ab][bb][be][cc][cd][db][dd][fd])
(;N[332]C[死活题：黑先净活]AB[cb][cc][cd][ce][db][df][ef][ff][gb][gd][gf][hb][hf][ic][id][ie]AW[dc][dd][eb][ee][fb][fe][gc][ge][hd][he])
(;N[333]C[手筋题：黑先最佳着手]AB[ad][be][ce][dd][eb][ec][ed]AW[bd][bf][cb][cd][de][df][fb][fc][fd][fe])
(;N[334]C[死活题：黑先净活]AB[ad][bc][bd][ca][cb][cd][dd][ea][eb]AW[ab][ac][ae][ba][be][ce][db][de][ec][ed][ee][fa][fb])
(;N[335]C[手筋题：黑先最佳着手]AB[ba][bb][bc][fb][fc][fd]AW[ca][cd][ce][db][ea][ed][ee])
(;N[336]C[手筋题：黑先最佳着手]AB[bb][bc][bd][cd][dc][ec][fc][gb][gc]AW[ca][cb][cc][dd][de][ea][fb][fe][ga][ge][hb][hc][hd])
(;N[337]C[死活题：黑先净活]AB[ad][ba][bb][bd][cd][da][dc][dd][ea][eb]AW[ab][ac][ae][bc][be][cb][ce][db][de][ed][ee][fa][fb][fc])
(;N[338]C[手筋题：黑先最佳着手]AB[bc][cc][cf][dd][de][df][ed][fc][fd][gb][hc]AW[bd][cb][cd][ce][dc][eb][ec][fb])
(;N[339]C[手筋题：黑先最佳着手]AB[ba][bb][bc][cd][ce][da][de][ef][eg][fb][gb][ha][ia][ib][ic]AW[ca][cb][cc][dc][dd][ea][eb][ee][fa][fe][ff][ga][gd][hb][hc][hd])
(;N[340]C[死活题：黑先净活]AB[ab][bc][cb][cc][db]AW[ac][ad][bd][cd][dc][dd][eb][fc])
(;N[341]C[对杀题：黑先胜]AB[ab][ac][bc][bf][cd][ce][dd][df][dg][ea][ec][ed][fb]AW[bb][bd][be][bg][cb][cc][cf][cg][ch][db][dc][eb])
(;N[342]C[手筋题：黑先最佳着手]AB[cc][cd][cf][eb][fc][gc]AW[db][dd][ec][fd][ge][ic][id])
(;N[343]C[死活题：黑先净杀]AB[ab][af][bf][cc][cd][ce][cf][da][db][ec]AW[ac][ae][bb][bc][bd][be][cb])
(;N[344]C[对杀题：黑先胜]AB[ac][bd][cd][cf][da][db][dc][de][eb]AW[bb][bc][cc][dd][ec][ed][fb][fc])
(;N[345]C[基础题：黑先最佳着手]AB[ba][bb][bc][bf][cc][cd][cf][dc][df][ec][ed][ef][fc][fe][ff]AW[ab][ac][ae][be][ca][cb][ce][db][dd][de][eb][ee][fb][fd][gc][gd])
(;N[346]C[对杀题：黑先胜]AB[aa][ac][ba][bc][cb][db][dc][ed][fd][gb][gc]AW[cc][cd][da][dd][de][df][ea][eb][ec])
(;N[347]C[手筋题：黑先最佳着手]AB[bf][bg][cf][cj][ck][df][dk][ef][ek][ff][fi][fj][gf][gh][gj]AW[bh][bi][cg][ch][di][eg][fh][gg][gi][hg][hi][hj])
(;N[348]C[1&黑先，死活问题，净活]AB[cb][cc][cd][db][de][ee][fe][gb][ge][hb][hc][hd]AW[bb][bc][bd][ce][cf][dc][dd][eb][ed][fc][gc][gd])
(;N[349]C[对杀题：黑先胜]AB[ac][ad][bb][bd][cc][cd][dd][ec][fc][gb][gc]AW[aa][ae][ba][be][ca][cb][ce][da][db][dc][de][eb][ed][ee])
(;N[350]C[死活题：黑先净活]AB[ab][ba][bb][be][cc][cd]AW[af][bc][bf][ca][cb][cf][db][dc][dd][de])
(;N[351]C[手筋题：黑先最佳着手]AB[bb][bc][bd][cf][eb][ec][ef][ff][gc][ge]AW[cb][cc][dd][ed][gb][hc][hd][ib][jd])
(;N[352]C[手筋题：黑先最佳着手]AB[ac][ad][bd][cb][cd][dc][dd][ec][fb]AW[ab][bb][bc][cc][db][eb][fc][gc])
(;N[353]C[手筋题：黑先最佳着手]AB[bd][cd][dd][ea][ec][ee][fa][fb][fc][hd]AW[ab][bc][cc][cf][da][db][dc][eb][ed][fd][gf][hc][ic])
(;N[354]C[手筋题：黑先最佳着手]AB[bj][cc][ce][cf][cj][dd][dj][eb][ec][ef][eg][fh][fj][gh]AW[cg][df][dh][ed][eh][fc][fd][fe][ff][fg])
(;N[355]C[手筋题：黑先最佳着手]AB[dd][de][df][ec][ef][fe][ff][gc][ge][hc][hd]AW[bd][cd][cf][cg][db][dc][dh][eb][ee][fc][fd][fh][gd][gf][he][hf])
(;N[356]C[1&黑先，死活问题，净活]AB[dd][de][df][ec][fb][fc][ff][gb][gd][hd]AW[cc][db][dc][dg][dh][di][ed][ef][fd][fe][fh][gc][hb][hc])
(;N[357]C[手筋题：黑先最佳着手]AB[bc][bd][cd][da][dd][eb][ed][fc]AW[ab][bb][ca][cc][db][dc][fb][gb][gc][gd])
(;N[358]C[对杀题：黑先胜]AB[ab][ac][bc][bd][ca][cb][cd][dd][ec][fb][fc][fd]AW[ad][ae][ba][bb][be][ce][da][db][dc][de][ed][ee])
(;N[359]C[对杀题：黑先胜]AB[bd][ca][cc][dd][ea][eb][ec][ed][fe][gd][ge][hb][hc]AW[bb][bc][cb][cd][ce][de][ee][fa][fb][fc][fd])
(;N[360]C[对杀题：黑先胜]AB[bb][bf][cb][ce][db][dd][df][ec][ed][fb][fc][gd][ha][hd][id][jc][kc]AW[ab][ad][bc][be][cc][cd][dc][ea][eb][fa][ga][gb][gc][hc][ic])
(;N[361]C[死活题：黑先净活]AB[cc][cd][db][dd][eb][ec][ed][fa][gb][hb][ib][jb]AW[bb][bc][bd][cb][ce][de][ea][ee][fb][fc][fd][gc][ge][ic][jc][kb][kc])
(;N[362]C[手筋题：黑先最佳着手]AB[bc][bd][cb][ce][cf][db][df][ea][ed][ef][fb]AW[be][bf][bg][cc][cd][cg][de][eb][ec][fc][fe][gc][ge])
(;N[363]C[对杀题：黑先胜]AB[ab][ad][bd][cd][db][dd][eb][ec][fb][gc]AW[ac][bc][be][bg][cb][cc][cf][da][dc][de][ed][ee])
(;N[364]C[死活题：黑先净杀]AB[ad][bd][cc][dc][eb][ec]AW[ac][ba][bc][cb][db])
(;N[365]C[手筋题：黑先最佳着手]AB[cd][ed][ee][fc][gc]AW[bc][cc][eb][ec][fd][gf])
(;N[366]C[1&黑先，死活问题，净活]AB[fa][fb][fc][gd][ge][hb][he][id]AW[fd][fe][ff][fg][ga][gb][gc][ha][hd][jb][jc])
(;N[367]C[死活题：黑先净活]AB[fb][gc][gd][ha][hb][hd][ic][id]AW[db][dc][dd][eb][ed][fa][fe][ge][he][ib][ie][jb][jc][jd])
(;N[368]C[对杀题：黑先胜]AB[bb][bc][cb][ce][de][ee][fa][fb][fc][fd]AW[cc][db][dd][eb][ed][fe][gb][gc][gd][ge][hd])
(;N[369]C[对杀题：黑先胜]AB[ad][bb][bd][cc][cd][dd][eb][ec][fc][fd]AW[ba][bc][be][cb][ce][db][dc][de][ed][ee])
(;N[370]C[对杀题：黑先胜]AB[ad][ae][bb][be][ce][dc][de][ea][eb][ec][ed]AW[ab][bc][bd][cb][cd][da][db][dd][ee][ef][fb][fd][gb])
(;N[371]C[对杀题：黑先胜]AB[bc][cb][cc][db][dd][ed][fc][fd][gb][gc]AW[aa][ac][bb][bd][cd][ce][dc][de][ea][eb][ec][fb])
(;N[372]C[死活题：黑先净杀]AB[aa][ac][ba][bc][cc][da][dc][ed][fd][ga][gb][gc]AW[ab][bb][cb][db][ea][ec][fb][fc])
(;N[373]C[手筋题：黑先最佳着手]AB[bc][bd][cc][db][fb][fc][fd][fe]AW[be][cd][cf][dc][dd][eb][ed][ef])
(;N[374]C[死活题：黑先净活]AB[ab][bc][ca][cb][cc][eb][ec]AW[ba][bd][cd][db][dd][ea][ed][fb][fc][fd])
(;N[375]C[手筋题：黑先最佳着手]AB[be][cb][ce][dc][de][ed][ee]AW[bb][bd][bg][cd][dd][dg][ec][fc][fd][fe][fg])
(;N[376]C[对杀题：黑先胜]AB[ba][bb][bc][bd][cd][db][de][ea][ee][fd][fe][ga][gb][gc][gd]AW[ad][ae][be][ca][cb][cc][ce][cg][dc][dd][ec][ed][fa][fb][fc])
(;N[377]C[对杀题：黑先胜]AB[ba][be][ca][cb][ce][db][dc][de][ed][ee]AW[ab][ac][bb][bd][bg][cc][cd][dd][dg][ec][fb][fc][fd][fe][fg])
(;N[378]C[对杀题：黑先胜]AB[ad][bb][bc][bd][cd][dd][ec][fb][fc][fd][gc]AW[ae][ba][be][cb][ce][db][dc][de][eb][ed][ee])
(;N[379]C[死活题：黑先净活]AB[eb][ed][ee][fc][fe][gb][gc][gd][ge][hb]AW[bb][db][dc][dd][de][ec][ef][ff][gf][ha][hd][he][hf][ib][ic])
(;N[380]C[手筋题：黑先最佳着手]AB[bb][cc][da][db][dc][ed][fd][gb][gc]AW[ab][bc][bd][cb][cd][dd][eb][ec][fb])
(;N[381]C[对杀题：黑先胜]AB[ae][bb][be][ce][da][db][dc][de][ed][ee]AW[ab][ad][bd][cc][cd][dd][ea][eb][ec][fc][fd])
(;N[382]C[对杀题：黑先胜]AB[ac][ad][bd][cc][cd][cf][db][de][eb][fa][fb]AW[ab][ba][bb][bc][cb][dc][dd][ea][fc][fe][gb][gc])
(;N[383]C[对杀题：黑先劫]AB[ba][bd][be][cd][cf][da][db][dc][de]AW[ad][bb][bc][ca][cb][cc][dd][ed][fb][gd])
(;N[384]C[死活题：黑先净杀]AB[ag][bc][bg][ca][cb][cc][cd][ce][cf][cg]AW[ab][ac][af][ba][bb][bd][be][bf])
(;N[385]C[死活题：黑先净活]AB[db][dc][de][df][dg][eb][ed][eg][fe][ff][fg][gb][gc][gd]AW[cb][cc][cd][ce][cf][cg][ci][da][dd][dh][fb][fc][fh][ge][gf][gg][gh][hc][ic][ie][kc])
(;N[386]C[对杀题：黑先胜]AB[ac][ae][bc][be][ce][dd][de][ea][eb][ec]AW[bb][bd][cc][cd][dc][ed][fc][fd][gb])
(;N[387]C[手筋题：黑先最佳着手]AB[ab][bc][bd][cd][dd][eb][ed][fb][fc][hb][ic][ie]AW[ba][bb][cc][db][dc][ec][fd][gb][gc][gd])
(;N[388]C[死活题：黑先净杀]AB[ae][ag][bb][be][bg][cb][cg][db][df][eb][ec][ef][fd][fe][ff]AW[af][bf][cc][cd][ce][cf][dc][de][ed][ee])
(;N[389]C[对杀题：黑先劫]AB[ad][bc][bd][be][cd][db][dd][de][ec][fa][fb][fc]AW[ac][bb][cb][cc][da][dc][ed][fd][gb][gc][gd])
(;N[390]C[手筋题：黑先最佳着手]AB[bc][bd][bf][bh][cb][ch][df][ef][gb][gc][gi][gj][hc][hd][he][hf][hg][hh]AW[bi][ci][dc][dh][dj][eg][fc][fd][ff][fh][fi][fj][gg])
(;N[391]C[对杀题：黑先胜]AB[ab][ac][bb][bf][cb][cd][dc][df][ec][ee]AW[ad][bc][bd][be][cc][cf][db][de][eb][fb])
(;N[392]C[手筋题：黑先最佳着手]AB[fb][fc][fd][gd][he][ib][id][ja][jc][jd]AW[gb][gc][ha][hc][hd][ic][jb][kb][kc])
(;N[393]C[对杀题：黑先胜]AB[ab][ac][ae][be][cb][ce][db][de][eb][ed][fc][fd]AW[ad][bb][bc][bd][cc][cd][dc][ec][fb][gb][gc])
(;N[394]C[1&黑先，死活问题，净活]AB[bc][bd][ce][cf][dc][dd][eb][ec][fb][gd][hb][hc][hd]AW[cb][cc][cd][db][de][ed][ee][fc][fd][gc])
(;N[395]C[死活题：黑先净活]AB[aa][ad][bb][bc][bd][cb][cd][dd]AW[ab][ae][be][ce][db][dc][de][ec][ed][ee])
(;N[396]C[对杀题：黑先胜]AB[ba][be][bf][cb][cc][cd][cf][db][ea][eb]AW[ab][bb][bc][bd][ce][da][dc][dd][de][ec][fb][fc])
(;N[397]C[死活题：黑先净活]AB[ac][ae][ba][bb][bd][bf][cd][ce][cf]AW[bc][bg][bh][cb][cc][ch][dc][dd][de][df][dg])
(;N[398]C[对杀题：黑先胜]AB[ca][cb][cc][dd][de][gd]AW[bd][cd][da][db][dc])
(;N[399]C[对杀题：黑先胜]AB[ba][bf][cc][cd][cf][dc][df][ec][ed][ef][fe][ge]AW[ae][bb][be][ce][db][dd][de][eb][ee][fc][fd][gb])
(;N[400]C[死活题：黑先净杀]AB[ac][ae][be][ca][ce][db][de][eb][ec][ed]AW[ad][ba][bb][bd][cb][cd][dc][dd])
(;N[401]C[手筋题：黑先最佳着手]AB[ba][cb][da][db][dc][gb][ha][ja][jd][kb][kc][kd]AW[bb][bc][cc][cd][de][fb][fc][fe][hb][hc][id][jc][je])
(;N[402]C[手筋题：黑先最佳着手]AB[bb][bc][bd][be][ce][dd][ed]AW[bf][cc][cd][cf][dc][de][ee][fe][gc][gd])
(;N[403]C[死活题：黑先净杀]AB[ba][bb][bc][ca][cd][dd][eb][ed][fd][gc][hc][ib][ic]AW[cb][cc][db][dc][ec][fa][fc][gb][ha][hb])
(;N[404]C[手筋题：黑先最佳着手]AB[af][cd][ce][cf][db][dc][dg][ed][eg]AW[ae][bc][bf][bg][cb][cc][cg][ci][dh])
(;N[405]C[对杀题：黑先胜]AB[bb][bc][cc][da][dd][ed][fc][fd][gb]AW[ad][bd][cb][cd][cf][dc][eb][ec][fb][gc][hc])
(;N[406]C[对杀题：黑先胜]AB[ab][bc][bd][cd][dd][eb][ec]AW[ba][bb][ca][cc][dc][ed][fb][fc][fd])
(;N[407]C[对杀题：黑先胜]AB[ac][bc][bd][cb][cd][db][dc][ed][fc][fd][gb][gc]AW[ab][ad][ae][bb][be][ce][dd][de][ea][eb][ec][fb])
(;N[408]C[对杀题：黑先胜]AB[ac][bd][cd][db][dc][eb][ed][fc]AW[be][cb][cc][ce][da][dd][de])
(;N[409]C[手筋题：黑先最佳着手]AB[bb][cb][dc][dd][ee][fe][gd][ge]AW[bc][bd][ce][de][ec][ed][gc][hc])
(;N[410]C[手筋题：黑先最佳着手]AB[bc][cc][ce][dd][de][ec][ee][fc][fe]AW[bd][be][bf][cd][cf][db][dc][ed][gb][gc][gd])
(;N[411]C[对杀题：黑先劫]AB[bd][cb][cd][cf][da][dc][ea][eb][ec]AW[ac][bb][bc][cc][dd][ed][fa][fb][fc][fd])
(;N[412]C[死活题：黑先净杀]AB[ad][ba][bc][be][bf][ca][cb][cd][ce][cg][dg][ef][eg][fc][fd][gb][hc]AW[ab][bb][cc][cf][db][dc][dd][de][df][ea][ec][fb])
(;N[413]C[1&黑先，死活问题，净活]AB[fa][fb][fc][gd][ge][hb][he][id]AW[fd][fe][ff][ga][gb][gc][hc][hd][jb][jc])
(;N[414]C[基础题：黑先最佳着手]AB[ba][be][ca][cc][cd][da][dc][eb][ec][gc]AW[ab][ae][bb][bd][cb][ce][cg][db][de][ed])
(;N[415]C[死活题：黑先劫杀]AB[ba][bb][cc][dc][de][ee][fc][fe][gd][ha][hd][ib][id][ja][jb][jc][jd]AW[cb][db][eb][fa][fb][fd][ga][gc][hb][hc])
(;N[416]C[死活题：黑先净杀]AB[ac][ba][bd][be][ce][de][ea][eb][ec][ed][ee]AW[ab][bb][bc][cd][da][db][dc][dd])
(;N[417]C[手筋题：黑先最佳着手]AB[bb][bd][cc][ce][db][df][ee][fd]AW[bc][cd][dc][dd][de][ec][ed])
(;N[418]C[死活题：黑先净杀]AB[bb][bc][cc][dc][eb][ed][fd][gc][hc][ib][id]AW[ca][cb][db][ec][fb][fc][gb][hb])
(;N[419]C[对杀题：黑先胜]AB[ac][ad][bb][bd][cb][cd][dd][ec][fb][fc]AW[ab][bc][be][bf][ca][cc][db][dc][de][eb][ed][ee])
(;N[420]C[手筋题：黑先最佳着手]AB[dd][ed][fc][hc][ic][id][jc]AW[bc][ce][df][fb][ff][gc][hd][he][ie][je])
(;N[421]C[对杀题：黑先胜]AB[bd][cb][cc][cd][dd][ed][fa][fb][fc]AW[bb][be][ca][ce][da][dc][de][ea][eb][ec][ee][fd][gd])
(;N[422]C[基础题：黑先最佳着手]AB[bd][be][cb][cc][cf][dd][dg][eb][ed][fb][fd][fg][gc][hc][id]AW[aa][bb][bc][ca][cd][ce][dc][de][ee][fc][fe][gd])
(;N[423]C[手筋题：黑先最佳着手]AB[bb][bc][bd][cd][db][ed][fa][fb][fc][fd]AW[be][ca][cb][cc][ce][dd][df][ea][eb][ec])
(;N[424]C[手筋题：黑先最佳着手]AB[ab][bc][bd][ca][cb][ce][dd][de][ee][fd]AW[ad][be][bf][cc][cd][cg][db][dc][ed][eg][fb][hb][hc][hd])
(;N[425]C[对杀题：黑先胜]AB[ab][bb][bc][cd][da][dd][ed][fb][fc][fd]AW[ba][bd][be][cb][cc][ce][dc][ea][eb][ec])
(;N[426]C[死活题：黑先净杀]AB[ae][bf][cb][cf][db][dc][dd][de][df]AW[ac][ba][bb][be][cc][cd][ce])
(;N[427]C[对杀题：黑先胜]AB[ab][ad][ae][bb][be][ce][da][db][dc][dd]AW[af][ba][bf][ca][cb][cc][cd][cf][de][ee][fc][fe][gb])
(;N[428]C[对杀题：黑先胜]AB[ad][ae][bc][be][ca][cd][ce][db][de][eb][ec][ed]AW[ab][af][bb][bf][cb][cc][cf][dc][dd][df][ee][fe])
(;N[429]C[对杀题：黑先胜]AB[bb][be][cb][ce][db][dd][eb][ed][fc][fd]AW[ad][bc][cc][cf][dc][de][df][ec][fb][fe][ff][gb][gc][gd])
(;N[430]C[死活题：黑先净活]AB[ac][bb][bd][cb][cc][da][db]AW[ad][ae][be][cd][ce][dc][dd][eb][fc])
(;N[431]C[死活题：黑先净活]AB[ac][ba][bb][bc][ca][db][fc][gb][gc][ge]AW[ab][ad][bd][cb][cd][dc][eb][ec][ee][fb])
(;N[432]C[对杀题：黑先胜]AB[cb][db][ea][ec][fc][gd][hb][hc][hd]AW[ba][bb][cc][dc][de][ed][fb][fd][gb][gc])
(;N[433]C[手筋题：黑先最佳着手]AB[bc][cc][ce][cf][gb][gc][ge][he]AW[bb][eb][ec][ee][eg][ff][gg])
(;N[434]C[对杀题：黑先胜]AB[bc][bd][cb][cd][dd][ec][fa][fb][fc]AW[bb][be][cc][ce][db][dc][de][eb][ed][fd])
(;N[435]C[对杀题：黑先胜]AB[ab][bb][bc][cd][dd][ea][ec][ed][fb]AW[ac][ad][bd][bf][cb][cc][ce][da][dc])
(;N[436]C[死活题：黑先净杀]AB[ae][ba][bc][be][ca][cd][ce][de][ee][fb][fd][fe][gb]AW[ab][ad][bb][bd][cc][dd][ea][eb][ec][ed])
(;N[437]C[手筋题：黑先最佳着手]AB[bb][bc][cd][dd][eb][ed][fa][fc][fd]AW[bd][be][cb][cc][cf][da][dc][ec][fb][gb][hb])
(;N[438]C[死活题：黑先净杀]AB[ae][be][ca][cd][ce][da][db][dc][dd]AW[ad][ba][bb][bd][cb][cc])
(;N[439]C[死活题：黑先净杀]AB[ac][bd][cb][cc][cd][ce][de][ee][fe][ge][ha][hb][hc][hd]AW[ba][bb][bc][ca][db][dc][dd][ea][eb][ed][fa][fb][fd][ga][gb][gc])
(;N[440]C[对杀题：黑先胜]AB[aa][ac][bb][bc][cb][dc][ec][fc][gb][gc]AW[ad][bd][ca][cc][cd][cf][da][db][eb][fb])
(;N[441]C[死活题：黑先净活]AB[da][dc][dd][de][df][dg][eb][ec][eg][ff][fg][gc][gd][ge][gf][ha][hc][ib][ic]AW[bb][cb][cc][ce][cf][cg][db][dh][ea][ed][ee][ef][eh][fb][fh][ga][gb][gg][hd][hf][hg][id][jb][jc][jd])
(;N[442]C[死活题：黑先净杀]AB[ab][bc][bd][be][ca][ce][de][ed][fb][fc][fd][hb]AW[aa][bb][cb][cc][cd][da][db][dd][eb][ec][fa])
(;N[443]C[对杀题：黑先胜]AB[bc][bd][cb][cd][db][dc][dd][ee][fb][fc][fd][fe]AW[ad][af][ba][bb][be][bf][ca][ce][da][de][dg][ea][eb][ec][ed])
(;N[444]C[手筋题：黑先最佳着手]AB[cd][ce][cg][dc][de][dg][eb][ec][gd]AW[bc][bd][ca][cc][db][dd][ed][ff][hb][hc][hd][he])
(;N[445]C[手筋题：黑先最佳着手]AB[ad][bc][bg][bh][cb][cc][cd][ch][cj][de]AW[bd][be][bf][ce][cg][db][dc][dd][dg][ee])
(;N[446]C[对杀题：黑先胜]AB[ba][bb][bc][cd][ce][dc][ec][fc][ga][gb][gc]AW[ca][cb][cc][dd][ea][ed][fb][fd][gd][ha][hb][hc][hd])
(;N[447]C[对杀题：黑先胜]AB[ad][bb][bd][cd][db][dc][eb][fb]AW[ab][ba][cb][cc][dd][ec][ed][fc][gb][gc])
(;N[448]C[对杀题：黑先劫]AB[ab][bc][bd][cd][db][dd][ec][fc][hc]AW[ba][bb][be][cb][cc][cf][dc][de][ed][ee])
(;N[449]C[对杀题：黑先胜]AB[bc][bd][bf][ca][ce][da][db][dc][dd][df][eb][ed]AW[ab][ba][bb][cb][cc][cd][de][ea][ec][ee][ef][fd][ga][gc])
(;N[450]C[对杀题：黑先胜]AB[ad][ba][bd][cd][db][dc][eb][fb][fc]AW[ae][be][cb][cc][ce][dd][ec][ed])
(;N[451]C[死活题：黑先净活]AB[fc][fd][fe][ff][gc][gf][gg][hc][hd][hg][ic][jc][jd]AW[ec][ed][ee][ef][eg][fb][fh][gb][gd][ge][gh][hb][hf][hh][ib][ig][jb][je][jf][jh][kc][kd])
(;N[452]C[死活题：黑先劫杀]AB[ab][ad][bc][be][ce][dd][eb][ed][fd][ga][gb][gc][gd]AW[bb][ca][cc][cd][da][db][dc][ec][fa][fb][fc])
(;N[453]C[对杀题：黑先劫]AB[ba][bd][cb][cd][cf][dc][ec][fa][fb][fc]AW[ab][bb][bc][cc][db][dd][eb][ed][fd][gb][gc][gd])
(;N[454]C[死活题：黑先净杀]AB[bb][bc][bd][ca][ce][da][dc][df][ea][ed][ef][fb][ff][gc][gd][ge]AW[cb][cc][cd][db][ec][ee][fc][fd][fe])
(;N[455]C[手筋题：黑先最佳着手]AB[be][cf][de][df][dg][ec][ed][fb][fe]AW[bd][cd][ce][db][dc][dd][dj][eb][ee][ef])
(;N[456]C[手筋题：黑先最佳着手]AB[dc][dd][de][fb][hc][hd][he]AW[cc][cd][ce][df][ed][ef][fc][fe][ff][gd])
(;N[457]C[基础题：黑先最佳着手]AB[gb][hc][he][hf][ib][ic][id][je][jg][kd][ke]AW[ec][fb][ga][gc][gd][hd][ie][jb][jc][jd][kc])
(;N[458]C[对杀题：黑先胜]AB[ac][ae][bc][bf][cc][cd][ce][da][dc][eb][fc][gb]AW[ab][ag][bb][be][bg][cb][cf][cg][db][dd][de][ec][ed])
(;N[459]C[手筋题：黑先最佳着手]AB[cc][cd][db][de][eb][ed][fd][hc]AW[bb][bc][bd][cb][dc][ec][fc])
(;N[460]C[死活题：黑先净活]AB[ac][bd][ca][cc][cd][db][ea][eb][ec]AW[ae][bb][be][ce][dc][dd][ed][fa][fb][fc][fd])
(;N[461]C[手筋题：黑先最佳着手]AB[bc][cc][cd][ce][df][eb][ee][ef][ge][gf]AW[bd][be][cf][cg][dd][de][ec][fb][gd][hb][hd])
(;N[462]C[对杀题：黑先胜]AB[ac][ad][bd][cd][ce][da][db][dc][de][ec]AW[bb][bc][cc][dd][eb][ed][fb][fc][fd])
(;N[463]C[对杀题：黑先胜]AB[ab][bc][be][cd][dc][de][df][ea][eb][ec][fb][ga][gb]AW[ba][bb][cb][cc][db][dd][ed][ee][fc][gc][ha][hb][hc])
(;N[464]C[死活题：黑先净活]AB[ab][bc][cb][cc][db][ea][eb]AW[ac][ad][ba][bd][cd][dc][ec][fb][fc][hb])
(;N[465]C[死活题：黑先净活]AB[ac][aj][bc][bd][be][bj][cd][cf][cg][ch][ci][cj]AW[ab][ag][ai][bb][bf][bg][bh][bi][cc][ce][dc][dd][de])
(;N[466]C[死活题：黑先净杀]AB[aa][ab][af][bf][ca][cb][cc][cf][dd][de][df][ec]AW[ae][ba][bb][bc][be][cd][ce])
(;N[467]C[对杀题：黑先胜]AB[ba][bb][bc][cc][cd][de][ed][ee][fb][fc]AW[ab][ac][bd][be][cb][ce][cg][dc][dd][ea][eb][ec][hb][hc])
(;N[468]C[死活题：黑先净活]AB[gd][ge][gf][hd][hg][id][ie][ig][jf]AW[fc][fd][fe][ff][fg][gb][gh][hb][he][hh][ib][if][ih][jc][jd][jg][ke][kf])
(;N[469]C[死活题：黑先净杀]AB[bc][bg][cc][cg][dc][dg][ed][eg][fd][fe][ff]AW[bd][bf][cd][ce][cf][dd][df][ee][ef])
(;N[470]C[对杀题：黑先胜]AB[ba][bb][bc][cd][dd][ec][fc][fd][gb][hc]AW[ab][bd][be][cb][cc][ce][da][dc][eb][fb])
(;N[471]C[手筋题：黑先最佳着手]AB[ab][ac][bb][be][cb][db][dc][dg][ed][ee][ef][eg]AW[ad][bc][bd][cc][cd][cg][ch][dd][de][df][dh][ec][fc][gd])
(;N[472]C[基础题：黑先最佳着手]AB[cd][ee][fb][fc][fe][gd][ge][he]AW[bd][ce][de][ed][fd][gb][gc][hb][hd][ic][id])
(;N[473]C[手筋题：黑先最佳着手]AB[bc][cc][ce][cf][ed][gb][gc][ge][he]AW[bb][dd][eb][ec][ee][eg][ff][gg])
(;N[474]C[死活题：黑先净活]AB[ca][cb][cc][da][dc][ec][fb][fc]AW[ba][bb][bc][cd][db][dd][ea][eb][ed][fa][fd][gc][gd][ib][ic])
(;N[475]C[对杀题：黑先胜]AB[bb][bc][bd][cd][da][dd][ec][fb][fc]AW[ae][ba][be][ca][cb][cc][ce][dc][de][eb][ed][fd][gd][hc])
(;N[476]C[对杀题：黑先胜]AB[cb][cd][db][dd][ee][fb][fc][fd][fe][gb][ha]AW[ba][bb][bc][bd][ce][da][de][eb][ec][ed][ga])
(;N[477]C[手筋题：黑先最佳着手]AB[ba][bc][be][cb][cd][ce][de][ed][fb][fd][ga][gc][gd]AW[bd][cc][db][dc][dd][ea][ec][fc][gb][hb][hc][hd])
(;N[478]C[死活题：黑先劫活]AB[ac][ba][bc][bd][cc][cd][db][dd][ea][eb][ec]AW[ae][bb][be][ca][cb][ce][de][ed][fa][fb][fc][fd])
(;N[479]C[死活题：黑先净杀]AB[ba][bb][bc][bd][ca][ce][db][de][ee][fe][gc][ge][ha][hd][ia][ib][ic][id]AW[cb][cc][cd][da][dd][ea][ed][fb][fd][ga][gb][gd][hb][hc])
(;N[480]C[死活题：黑先净活]AB[cd][ce][cf][dc][df][dg][ed][eg][fd][fe][ff]AW[bc][bd][be][bf][bg][cc][ch][db][dh][eb][eh][fg][gc][gd][ge][gf][gg])
(;N[481]C[手筋题：黑先最佳着手]AB[eb][fb][fd][fe][gb][gc][gf][hd][if][jd]AW[db][dc][ec][fc][gd][ge][hc][he][ie][kf])
(;N[482]C[死活题：黑先劫杀]AB[bb][bc][cd][dd][df][fa][ff][gb][ha][hf][id][ie][ja][jc][kb][kc]AW[cc][dc][eb][ec][fb][fd][gc][gd][hb][hd][ib][ic][jb])
(;N[483]C[死活题：黑先净活]AB[ca][cb][db][ec][fc][gb][hb][ia]AW[bb][bc][cc][dc][de][ed][fa][gc][ge][hc][ib][id][jb])
(;N[484]C[对杀题：黑先胜]AB[ae][bb][bc][be][cc][cd][ce][de][ed][fb][fd]AW[ad][af][ba][bf][cb][cf][da][db][dc][dd][df][ee][ef])
(;N[485]C[死活题：黑先净杀]AB[ad][bf][cb][cf][db][dc][dd][de][df]AW[ae][ba][bb][be][cc][cd][ce])
(;N[486]C[对杀题：黑先胜]AB[ae][bc][be][ca][cd][ce][da][db][dc]AW[ad][bb][bd][cb][cc][dd][eb][ec][ed])
(;N[487]C[手筋题：黑先最佳着手]AB[dd][de][ec][ee][fc][gc]AW[bc][cd][db][dc][ed][fd][ic][id][ie])
(;N[488]C[手筋题：黑先最佳着手]AB[bc][bd][cb][cc][da][dd][de][ec][ee][fe][ge][hd][he]AW[be][bf][cd][ce][cg][db][dc][df][eb][ed][fd][gd][hb][hc][ic][id])
(;N[489]C[手筋题：黑先最佳着手]AB[ba][ca][cd][ce][de][ed][ee][fa][fb][fc]AW[bb][bc][bd][be][cb][cf][dd][ea][eb][ec])
(;N[490]C[1&黑先，死活问题，净活]AB[cb][cc][db][dd][de][ee][fb][fd][fe]AW[bc][bd][cd][cf][dc][eb][ec][ed][fa][hb][hc][hd])
(;N[491]C[死活题：黑先净杀]AB[ae][af][bh][cc][cd][ce][cf][cg][ci][db][ec]AW[aa][ac][ag][ba][bb][bc][bd][be][bf][cb])
(;N[492]C[死活题：黑先净杀]AB[bf][bg][cf][db][dc][de][ee][fc][fe][gb]AW[ac][ad][af][bb][bc][be][cb][cc][ce][dd])
(;N[493]C[死活题：黑先净杀]AB[ab][ae][bb][be][cb][ce][de][ed][fa][fb][fc][fd]AW[ac][ba][bd][ca][cc][cd][db][dd][ea][eb][ec])
(;N[494]C[死活题：黑先净杀]AB[af][bf][cb][cc][ce][cg][da][de][eb][ec][ed][ff]AW[ae][bb][bc][bd][be][cd][db][dc][dd])
(;N[495]C[手筋题：黑先最佳着手]AB[bf][cb][cc][cf][dd][de][ef][ff]AW[bb][bc][be][bh][ce][ch][df][dg][eg])
(;N[496]C[手筋题：黑先最佳着手]AB[bc][be][cf][ec][ed][ef][fd][ff]AW[cd][dc][dd][eb][gc][gd][ge])
(;N[497]C[死活题：黑先净杀]AB[ad][ae][be][cc][cd][ce][da][dc][ea][ec][fb][fc][hb]AW[ac][bb][bc][bd][ca][cb][db][eb])
(;N[498]C[手筋题：黑先最佳着手]AB[ag][ah][bg][bj][bk][cg][ck][dk][ei][ej]AW[ai][bh][bi][ch][cj][dj][eh][ek][fh][fk])
(;N[499]C[死活题：黑先净杀]AB[bd][be][cb][cc][cf][db][df][eb][ef][fb][fd][fg][gb][gg][hc][hf][hg][ic][id][ie]AW[cd][ce][dc][de][ec][ee][fc][fe][ff][gc][gf][hd][he])
(;N[500]C[手筋题：黑先最佳着手]AB[bc][ce][ci][dc][dd][di][ed][fc][fd][ff][fh]AW[bb][ca][cc][cd][cf][db][df][dg][eb][ec])
(;N[501]C[手筋题：黑先最佳着手]AB[bc][bg][cb][cc][cg][ci][dh]AW[cd][ce][cf][db][dc][dg][ec][ed][eg])
(;N[502]C[死活题：黑先净活]AB[ae][ag][ah][bd][bf][cc][cd][ce][dc][de][ed][ee]AW[ac][ai][bb][bc][bg][bh][bi][cb][cf][db][df][ec][ef][fc][fd][fe])
(;N[503]C[手筋题：黑先最佳着手]AB[be][cd][ce][cf][dc][dg][ec][eg][fc][gc][gd][gf][gg][hg]AW[cb][cc][dd][de][df][ed][ef][fd][ff][ge][hb][hc][hd][hf][if][ig])
(;N[504]C[对杀题：黑先胜]AB[ad][bc][bd][cc][cd][dd][ea][eb][ec]AW[ab][ac][bb][cb][da][db][dc][ed][fd][gb][gc])
(;N[505]C[基础题：黑先最佳着手]AB[ab][bb][bg][cc][cg][dc][dd][df][eb][ef][fc]AW[ac][ae][bc][bf][cb][cd][ce][db])
(;N[506]C[对杀题：黑先胜]AB[ca][cb][cc][cd][de][ee][fa][fc][fd][fe][gb][gc][ha]AW[ba][bb][bc][bd][be][ce][db][dd][eb][ec][ed][fb])
(;N[507]C[1&黑先，死活问题，净活]AB[dc][ea][eb][ed][fe][ga][gd][hc]AW[ec][fa][fb][fc][fd][gb][gc][hb][id][jb])
(;N[508]C[对杀题：黑先胜]AB[aa][bb][bc][bf][ca][cb][ce][cf][db][de][ec][ed][ee]AW[ac][ad][bd][be][cc][cd][da][dc][ea][eb][fb][fc])
(;N[509]C[手筋题：黑先最佳着手]AB[cd][ce][dc][de][df][ee][fe][ga][gb][gc][gd][ge]AW[bc][bd][be][cc][cf][cg][db][dg][ed][ef][fb][fc][fd])
(;N[510]C[手筋题：黑先最佳着手]AB[ac][ad][bc][cb][cd][db][eb][fc][gd]AW[bb][bd][ca][cc][dc][dd][ec][fb][gb])
(;N[511]C[手筋题：黑先最佳着手]AB[ba][bb][bc][ca][cd][dd][ed][fa][fd]AW[bd][be][cb][cc][da][dc][ea][ec][gb][gc])
(;N[512]C[1&黑先，死活问题，净活]AB[bc][cb][cc][cd][de][eb][ee][fd]AW[bd][ce][cf][db][dc][dd][ec][ed][gb][gc][he])
(;N[513]C[对杀题：黑先胜]AB[bb][cd][cf][db][dd][eb][ec]AW[bc][cb][cc][dc][ed][fb][fd][gc])
(;N[514]C[手筋题：黑先最佳着手]AB[bc][be][cf][ed][ef][fd][ff]AW[cd][db][dd][gc][gd][ge])
(;N[515]C[死活题：黑先净活]AB[ab][bb][ca][db][dc][dd][ea][ec][fa][fb]AW[bc][cb][cc][cd][ce][de][ed][fc][fd][ga][gb][hc])
(;N[516]C[死活题：黑先净杀]AB[bc][bd][be][bf][bg][cc][cg][db][dg][eb][ef][eg][fb][ff][gb][gf][hb][hc][hd][he][hf]AW[cd][ce][cf][dc][df][ec][ee][fc][fe][gc][gd][ge])
(;N[517]C[基础题：黑先最佳着手]AB[cb][cc][ec][ee][ef][fc][ge][hb][he][ic]AW[bb][bc][cd][db][dd][df][dg][fb][gb][gc][gd])
(;N[518]C[对杀题：黑先胜]AB[ab][ba][bb][bc][cd][dd][ed][fa][fb][fc]AW[ac][bd][be][cb][cc][cf][da][dc][ea][eb][ec])
(;N[519]C[对杀题：黑先胜]AB[ab][ac][bc][be][cd][db][dd][eb][ec][fa][fb]AW[ba][bb][bd][cb][cc][da][dc][ed][fd][gb][gc])
(;N[520]C[死活题：黑先净杀]AB[bb][bc][cc][ce][de][eb][ee][fe][gc][gd][ge][hb][ic]AW[ca][cb][db][dc][dd][ea][ed][fc][fd][gb])
(;N[521]C[死活题：黑先净杀]AB[ae][ba][be][ce][da][db][dc][dd][de]AW[ab][ad][bd][ca][cb][cc][cd])
(;N[522]C[手筋题：黑先最佳着手]AB[cc][cd][db][dd][eb][ee][hb][hd][ic]AW[bb][bc][bd][be][cb][dc][ec][ed][fb][hc])
(;N[523]C[对杀题：黑先胜]AB[bb][cc][cd][dd][eb][ed][fc][fd]AW[bc][bd][be][cb][ce][db][dc])
(;N[524]C[死活题：黑先净活]AB[ag][bc][bd][be][bg][ce][cf][cg]AW[ah][bb][bh][cb][cc][cd][ch][dd][de][df][dg])
(;N[525]C[手筋题：黑先最佳着手]AB[ab][ac][bb][cb][ce][dc][ec][ee][fd]AW[ad][bc][cc][cd][db][dd][eb][ed][fb])
(;N[526]C[死活题：黑先净杀]AB[cc][cd][db][de][df][eb][ef][eh][ei][fb][ff][fi][gc][gi][hc][hi][id][ie][if][ig][ih]AW[dc][dd][ec][ee][fe][fg][fh][gd][gf][gh][hd][he][hf][hg][hh])
(;N[527]C[对杀题：黑先胜]AB[ac][bb][bc][cb][cc][dc][ed][ee][fb][fc]AW[ab][ad][bd][ca][cd][db][dd][ea][eb][ec])
(;N[528]C[手筋题：黑先最佳着手]AB[bb][ca][cc][cd][da][de][ef][fb][fc][gd]AW[cb][db][dc][ea][ec][ee][fd][ge][hb][he][ic])
(;N[529]C[对杀题：黑先胜]AB[be][ca][cb][ce][da][dd][de][eb][ec]AW[bb][bd][cc][cd][db][dc][ed][fd][gb][gc])
(;N[530]C[对杀题：黑先胜]AB[ca][cb][cc][da][dc][eb][ed][fd][gc][hc][ib][ic]AW[ba][bb][bc][cd][dd][ec][fa][fb][fc][gb][hb])
(;N[531]C[基础题：黑先最佳着手]AB[ba][bd][be][ca][ce][ch][da][de][ea][eb][ec][ed]AW[ab][bb][cc][cd][db][dd][ee][ef][fa][fb][fc][fd])
(;N[532]C[对杀题：黑先胜]AB[bb][bc][bd][be][ca][ce][de][ed][fa][fb][fc][fd]AW[cb][cc][cd][da][db][dd][eb][ec][ee][fe][gb][ge][hb][hd])
(;N[533]C[对杀题：黑先胜]AB[ab][be][ce][db][dc][dd][fd]AW[bc][bd][bg][cb][cd][de][dg][ee])
(;N[534]C[对杀题：黑先胜]AB[bc][cb][cc][db][eb][fc][gc][ha][hc][ib][ic]AW[aa][ac][bb][bd][cd][dc][dd][ea][ec][fa][fb][gb][hb])
(;N[535]C[对杀题：黑先胜]AB[bc][be][cd][dc][de][eb][ec][fa][fc][ga][gb]AW[cb][cc][da][db][dd][ed][fd][gc][ha][hb][hc])
(;N[536]C[对杀题：黑先胜]AB[ac][af][ba][bf][ca][ce][cf][da][db][dc][dd][df][eb][fb]AW[ab][bb][bd][be][cb][cc][cd][de][ec][ed][ee][fc][gb][gc])
(;N[537]C[对杀题：黑先胜]AB[ad][ae][be][cc][ce][db][dc][de][ed][ee]AW[aa][ab][ac][bc][bd][ca][cb][cd][dd][ec][fb][fc][fd])
(;N[538]C[死活题：黑先净活]AB[ac][ae][bc][bd][be][bg][cf][cg]AW[ab][ah][bb][bf][bh][cb][cc][cd][ce][ch][de][dh][eg])
(;N[539]C[死活题：黑先净活]AB[ac][ad][bc][cc][db][dc][eb][fa][fb]AW[aa][ab][ae][bd][be][ca][cb][cd][da][dd][ec][fc][ga][gb][gc])
(;N[540]C[对杀题：黑先劫]AB[ab][bc][cd][da][db][dc][dd][ee][fb][fe][gb]AW[ad][bb][bd][be][ca][ce][de][ea][eb][ec][ed])
(;N[541]C[手筋题：黑先最佳着手]AB[ab][bc][bd][ca][cb][ce][dd][de][ee][fc]AW[ad][be][bf][cc][cd][cg][db][dc][eb][ed][hb][hc][hd])
(;N[542]C[死活题：黑先净活]AB[ac][ag][bc][bf][bg][cd][ce]AW[ah][bb][bh][cb][cc][cg][ch][dd][de][df])
(;N[543]C[对杀题：黑先胜]AB[ad][bc][bf][cc][cf][dc][df][ec][fb][fe][ff][gb][gc][gd]AW[ae][bb][be][cb][ce][db][dd][eb][ed][fc][fd])
(;N[544]C[手筋题：黑先最佳着手]AB[cc][cd][db][dd][ed][fd][gd][hc]AW[bb][bc][bd][cb][ce][dc][ec][fc][gc])
(;N[545]C[手筋题：黑先最佳着手]AB[cb][cd][ce][cf][db][dc][de][eb][fc][fd]AW[bb][bc][bd][cc][dd][ec][ed][ee][fb][gb][gg][hc])
(;N[546]C[死活题：黑先净杀]AB[ac][ae][bc][be][ce][df][eb][ef][fa][fb][fc][fd][fe]AW[ab][ad][bd][cd][da][db][dc][de][ea][ec][ed][ee])
(;N[547]C[对杀题：黑先劫]AB[cc][db][dc][dd][eb][ee][fa][fe][gc][gd][ge][hb][ic]AW[bb][bc][cb][cd][ce][de][ea][ed][fb][fc][fd][gb])
(;N[548]C[死活题：黑先净活]AB[bb][bc][ca][cb]AW[ab][ad][ba][bd][cd][db][dc])
(;N[549]C[基础题：黑先最佳着手]AB[cb][cd][ce][dc][df][eb][ec][fa][fd][gb][gc][gf][hb]AW[bb][bc][bd][cc][da][db][dd][ed][ee][fe][ha][hc][hd][ib][jc])
(;N[550]C[基础题：黑先最佳着手]AB[bc][cb][dc][dd][de][df][eg][fd][fe][gd][hb][hd][ib][ic][id]AW[cg][db][dg][ea][ec][ed][ee][eh][fc][ff][fh][gb][gc][ge][gf][hc])
(;N[551]C[对杀题：黑先胜]AB[bb][cc][dc][ec][fb][fc][fe]AW[ad][bc][cb][cd][ce][cg][db][eb])
(;N[552]C[1&黑先，死活问题，净活]AB[ic][id][jb][je]AW[ec][hb][hc][ib][jc])
(;N[553]C[死活题：黑先净杀]AB[ad][bc][bd][cd][dd][eb][ed][fb][fc][fd]AW[ab][ac][bb][cc][db][dc][ea][ec])
(;N[554]C[对杀题：黑先胜]AB[bb][bc][cc][dd][ed][fa][fc][fd][gb]AW[ba][bd][cb][cd][cf][cg][dc][de][eb][ec][fb][gc][hc])
(;N[555]C[死活题：黑先净杀]AB[fd][fe][gc][gf][gg][gh][hc][hi][ic][ii][jd][ji][kd][ke][kf][kg][kh]AW[ge][hd][hf][hg][id][ie][ig][je][jf])
(;N[556]C[对杀题：黑先胜]AB[ba][bb][ca][cc][dc][de][ed][fd][gb][gc]AW[cb][db][ea][eb][ec][fc][gd][hb][hc][hd])
(;N[557]C[手筋题：黑先最佳着手]AB[cb][cd][ce][dc][df][eb][ec][fa][fd][gb][gc][gf][hb]AW[bb][bc][cc][da][db][dd][ed][ee][ef][ha][hc][hd][ib][jc])
(;N[558]C[对杀题：黑先胜]AB[ba][bd][be][cb][cc][cf][db]AW[bb][bc][ca][cd][dd][eb][ec])
(;N[559]C[手筋题：黑先最佳着手]AB[ca][cb][cc][cd][de][ee][fd]AW[be][ce][cg][db][dc][dd][df][gb][gc])
(;N[560]C[对杀题：黑先胜]AB[bb][bc][cc][cd][de][ec][ed][ee][fb][gc]AW[ac][bd][be][cb][ce][cg][da][db][dc][dd][eb])
(;N[561]C[对杀题：黑先胜]AB[ba][bb][be][bf][ca][cc][da][dc][de][ea][eb][ec][ee][fd][gd]AW[ab][ac][bc][bd][cb][cd][dd][ed][fa][fb][fc][hb][hc])
(;N[562]C[手筋题：黑先最佳着手]AB[bc][cc][cd][dd][ec][fc]AW[bb][bd][be][ce][de])
(;N[563]C[对杀题：黑先劫]AB[ab][ad][bd][cd][db][dd][eb][ec][fb][gc]AW[ac][ba][bc][be][cb][cc][cf][da][dc][ed][ee])
(;N[564]C[死活题：黑先净杀]AB[bb][bc][cd][ce][de][ee][fc][fe][gb][gc][hc][ia][ib][ic]AW[cb][cc][da][dd][eb][ec][ed][fb][ha][hb])
(;N[565]C[对杀题：黑先胜]AB[aa][ab][ba][bc][cb][cc][dd][ea][ec][ed][fc][gb][gc]AW[ac][ad][bd][cd][cf][db][dc][de][eb][fa][fb])
(;N[566]C[对杀题：黑先胜]AB[ab][ad][bd][cb][cc][dd][eb][ec][ed]AW[ae][bc][be][ca][cd][ce][da][db][dc])
(;N[567]C[手筋题：黑先最佳着手]AB[ac][ad][bb][bd][cd][dd][ec][fb][fc][fd][fe]AW[bc][be][cc][ce][db][dc][de][eb][ed][ee])
(;N[568]C[死活题：黑先净活]AB[ac][ad][bd][cb][cd][db][dc][dd]AW[ab][ae][bb][bc][be][ce][da][de][eb][ec][ed][ee])
(;N[569]C[对杀题：黑先胜]AB[ae][be][ca][cd][ce][da][db][dc]AW[ab][ad][bd][cb][cc][dd][eb][ec][ed])
(;N[570]C[对杀题：黑先胜]AB[ac][ba][bb][bc][cc][dc][ea][ed][fc][fd][hc]AW[aa][ad][bd][ca][cd][cf][db][dd][eb][ec][fa])
(;N[571]C[对杀题：黑先胜]AB[bb][bc][cc][cd][dd][ee][ef][fa][fb][fc][fd]AW[ba][bd][be][ca][cb][ce][de][ea][eb][ec][ed])
(;N[572]C[死活题：黑先净活]AB[bb][bc][cc][cd][da][db]AW[ba][bd][be][ce][dc][de][eb][ec])
(;N[573]C[手筋题：黑先最佳着手]AB[ca][ce][db][dc][dd][de][df][ea][ed][fa][fb][gd][ge][gf][ha][hb][hc][hg]AW[bb][bd][be][cb][cf][dg][eb][ec][ee][eg][fc][fd][fe][ga][gb][gc][gg][gh])
(;N[574]C[对杀题：黑先胜]AB[ab][bb][da][db][dc][eb][ed][ee][gc][gd][hb]AW[bc][cc][cd][dd][ea][ec][fa][fb][fc])
(;N[575]C[手筋题：黑先最佳着手]AB[ad][be][cd][cf][dc][dd][df][eb][ed][fb][ff][gb][hc]AW[bb][bg][cb][db][dg][di][ec][ef][eg][fc][fe][gc])
(;N[576]C[基础题：黑先最佳着手]AB[ab][ac][ba][bb][cb][cc][dc][ed][fd][gb][gc][gd]AW[ad][bc][bd][be][cd][da][db][dd][de][ec][fa][fb][fc])
(;N[577]C[对杀题：黑先胜]AB[af][bd][bf][cb][cc][cf][db][df][eb][ed][ee][fc]AW[ad][ae][bb][bc][be][ca][ce][dc][dd][de][ec][fb][gb])
(;N[578]C[基础题：黑先最佳着手]AB[ac][bc][cb][cc][dd][ec][ed]AW[ad][bd][cd][cf][db][dc][eb][gc][gd])
(;N[579]C[对杀题：黑先劫]AB[aa][ac][bc][cc][dd][eb][ec][ed]AW[ad][ba][bd][ca][cd][cf][cg][da][db][dc])
(;N[580]C[对杀题：黑先胜]AB[ad][bc][bd][ce][da][dc][dd][de][ea][eb][fb][gb]AW[ac][bb][cb][cc][cd][db][ec][fc][ga][gc][hb][hc])
(;N[581]C[对杀题：黑先胜]AB[bc][ca][cc][da][db][dc][ed][fd][ga][gc][hb][hc]AW[aa][ac][ad][bb][bd][cb][cd][dd][ea][ec][fb][fc][gb])
(;N[582]C[死活题：黑先净杀]AB[ab][ag][bb][be][bh][bj][cc][cd][ch][db][dd][dh][ed][eh][fe][ff][fg]AW[ad][ae][bc][bd][bg][ce][cf][cg][de][dg][ee][ef])
(;N[583]C[手筋题：黑先最佳着手]AB[bb][cb][cc][cd][de][ed][fc]AW[bc][bd][ce][cf][db][dc][dd][fb])
(;N[584]C[死活题：黑先净活]AB[bb][bc][bd][cd][da][db][dc][dd]AW[ab][ac][ad][ae][be][ca][cc][ce][de][ea][eb][ec][ed][ee])
(;N[585]C[手筋题：黑先最佳着手]AB[ce][cg][ch][dd][df][di][ef][fd][fh]AW[bd][be][bf][cc][cf][dg][dh][eb][eg][fg])
(;N[586]C[手筋题：黑先最佳着手]AB[cb][db][dd][de][df][eb][ec][eg][ff][fg]AW[bb][bd][be][cc][cg][dc][dg][ed][ee][ef][fd][hc][he][hg])
(;N[587]C[手筋题：黑先最佳着手]AB[bf][bg][cd][ce][ch][ci][dd][di][ec][ee][fc][gc][hd][he]AW[cf][cg][db][dc][de][dg][dh][ed][ei][fd][fe][fh][gd][gg][hc][ic][if][jd])
(;N[588]C[对杀题：黑先胜]AB[ac][ba][bb][bc][cd][dd][ec][ed][fc][ga][gb][gc]AW[ab][ad][bd][be][cb][cc][ce][da][dc][fb])
(;N[589]C[手筋题：黑先最佳着手]AB[bd][be][cb][cd][cf][db][dc][df][ec][fc][gd][ge]AW[ba][bb][bc][cc][ce][dd][de][ed][ef][fb][fd][gc][gf][hc])
(;N[590]C[手筋题：黑先最佳着手]AB[ba][cb][cc][cd][dd][ed][fb][fd][gb][hc][hd][jc]AW[bb][bc][bd][be][cf][db][ec][ef][fc][ff][gc][gd][ge][hb])
(;N[591]C[手筋题：黑先最佳着手]AB[ba][bb][bc][bd][cd][eb][gc][gd]AW[ad][be][ca][cb][cc][ce][dd][ed][ef][fd])
(;N[592]C[手筋题：黑先最佳着手]AB[bg][cg][ci][dd][de][df][ec][ef][ei][fa][fc][ff][gb][gh][hb][ib]AW[cd][ce][cf][db][dc][dg][ed][eg][fg][gc][gf][hc][he][ic])
(;N[593]C[对杀题：黑先胜]AB[eb][fa][fb][gb][gc][ha][hd][ia][id][jc][kb][kc]AW[db][dc][ec][fc][gd][ge][hb][hc][ib][ja][jb])
(;N[594]C[死活题：黑先净杀]AB[ba][bb][cc][cd][db][de][ed][fd][gd][ha][hb][hc][hd]AW[ca][cb][da][dc][ea][ec][ga][gb][gc])
(;N[595]C[对杀题：黑先胜]AB[bb][bc][ca][cc][dd][ed][fc][fd][ga][gb][gc]AW[ad][bd][cb][cd][ce][db][dc][de][ea][ec][fa][fb])
(;N[596]C[基础题：黑先最佳着手]AB[ba][bb][cc][da][db][dc][dd][fb][gc][hc][hd][he]AW[ab][bc][bd][ce][de][eb][ee][fa][fc][fd][gd])
(;N[597]C[对杀题：黑先胜]AB[bc][bd][be][ce][da][db][dd][de][ec][fa][fb][fc]AW[aa][ac][bb][cb][cc][cd][dc][ed][fd][ga][gb][gc][gd])
(;N[598]C[死活题：黑先净杀]AB[be][ca][cb][cd][ce][da][de][ed][fb][fc][fd]AW[ac][ad][ba][bb][bd][cc][db][dc][dd][ec])
(;N[599]C[死活题：黑先净杀]AB[ab][ac][ba][bb][bd][cd][db][dd][ea][ed][fd][gc][ha][hb][hc]AW[ca][cb][cc][dc][eb][ec][fb][fc][ga][gb])
(;N[600]C[对杀题：黑先胜]AB[ab][ad][ba][bd][cd][dd][ea][eb][ec][fc][fd]AW[ae][bc][be][cb][ce][da][db][dc][de][ed][ee])
(;N[601]C[对杀题：黑先劫]AB[cb][cc][db][dd][ed][fd][gc][ha][hb][hc]AW[bc][be][cd][da][dc][de][eb][ec][fa][fc][ga][gb])
(;N[602]C[手筋题：黑先最佳着手]AB[db][dc][dd][de][ea][hb][hc][he]AW[bb][bd][ce][cf][df][ec][ee][fa][fc][fe][gc])
(;N[603]C[手筋题：黑先最佳着手]AB[ba][bb][cc][da][dc][ec][fd][gb][gc][gd]AW[ab][bc][bd][cd][dd][eb][ed][fb][fc][ga][hb][ic][ie])
(;N[604]C[对杀题：黑先胜]AB[ba][bb][ca][cd][ce][cf][db][dd][df][eb][ec][ef]AW[ab][ac][bc][cb][cc][dc][de][ed][ee][fb][fd][gc][gd])
(;N[605]C[死活题：黑先净杀]AB[ag][bg][cb][ce][cf][cg][db][dc][dd]AW[ab][ac][ba][bb][bc][be][bf][cc][cd])
(;N[606]C[对杀题：黑先胜]AB[ab][bc][bd][ca][ce][dc][de][ea][ee][fb][fc][fd]AW[bb][be][bf][bg][cb][cc][cd][cg][dd][eb][ec][ed])
(;N[607]C[手筋题：黑先最佳着手]AB[bd][cd][dc][eb][ec][fd][ff][gd]AW[bc][cb][cc][dd][ed][ef][fc][gc][hc])
(;N[608]C[对杀题：黑先胜]AB[ac][bb][bc][bd][ca][cc][dc][ec][fb][gb][hb]AW[ad][ae][ba][be][cb][cd][ce][db][dd][eb][ed][fa][fc][fd])
(;N[609]C[手筋题：黑先最佳着手]AB[cc][dc][ed][ee][fe][ge][hd][ic][id]AW[bc][be][cd][dd][ec][fd][gb][gd][hc])
(;N[610]C[对杀题：黑先胜]AB[ac][bd][be][cd][dc][eb][ec][fc]AW[ab][bc][bf][cc][cf][db][dd][de])
(;N[611]C[死活题：黑先净杀]AB[bb][bc][cc][dd][ed][fb][fd][gc][hc][ia][ib][ic]AW[ca][cb][db][ea][ec][fa][fc][gb][hb])
(;N[612]C[死活题：黑先净杀]AB[ae][ba][be][cc][ce][da][de][eb][ec][ed][ee]AW[ab][ad][bb][bc][bd][cd][db][dc][dd])
(;N[613]C[对杀题：黑先胜]AB[ac][bc][ca][cc][db][dc][ed][fc][fd][gd][hb][hc]AW[ab][ad][bb][bd][cd][cf][da][dd][eb][ec][fb][gb][gc])
(;N[614]C[手筋题：黑先最佳着手]AB[bh][cf][ch][db][dc][dg][ed][ee][ef][eg]AW[bf][bg][cg][ci][dd][de][df][dh][di][ec][fc][gd])
(;N[615]C[对杀题：黑先胜]AB[ae][ba][bc][be][cd][ce][de][ea][eb][ec][ed][gc]AW[ab][af][bb][bf][ca][cf][db][dc][dd][df][ee][fe])
(;N[616]C[手筋题：黑先最佳着手]AB[ac][ba][bb][bc][bg][cb][cd][ce][cf][cg][cj][dh][di]AW[af][ah][bd][be][bh][cc][ch][dc][df][dg][ed][ff])
(;N[617]C[手筋题：黑先最佳着手]AB[ac][ba][bc][cc][db][dd][eb][ed][fd][gd][ha][hb][hc][hd]AW[ab][bb][cb][cd][ce][da][dc][de][ea][ec][fa][fc][ga][gb][gc])
(;N[618]C[死活题：黑先净杀]AB[bc][bd][ca][ce][cf][df][ea][ef][fb][fc][fd][fe]AW[ab][bb][cb][cc][cd][dc][de][ec][ed][ee])
(;N[619]C[手筋题：黑先最佳着手]AB[bc][cc][dc][de][ec][fc][gd][ge][hf][if][je][jf]AW[bd][be][bg][dd][dg][ee][eh][fd][gb][gc][gh][hd][id][ih][jd][kd][ke][kf][kg])
(;N[620]C[对杀题：黑先劫]AB[ad][bc][be][ca][cd][ce][cg][db][dd][ec][fa][fb][fc][gb]AW[ab][ba][bb][cb][cc][dc][ed][ee][ga][gc][gd][gf][ha][hb][hc])
(;N[621]C[死活题：黑先净杀]AB[bb][bc][cd][dd][ea][ee][fa][fe][gd][ge][ha][hb][hc]AW[ca][cb][cc][ec][ed][fb][fd][ga][gb][gc])
(;N[622]C[对杀题：黑先胜]AB[ac][bb][bc][cb][dc][ec][fc][gb]AW[ad][bd][ca][cc][cd][db][ea][eb])
(;N[623]C[死活题：黑先净杀]AB[ab][bc][bd][cc][ce][da][db][de][eb][ee][fe][gd][hd][ia][ib][ic]AW[ba][bb][cb][cd][dc][dd][ec][ed][fa][fb][fc][fd][gb][gc][ha][hb])
(;N[624]C[对杀题：黑先劫]AB[bb][bd][ce][de][eb][ec][ed][fa][fc][gc][hb][hc][ia]AW[da][db][dc][dd][ea][ee][fd][fe][ga][gd][hd][ib][ic][id][jb])
(;N[625]C[对杀题：黑先胜]AB[ab][ac][bc][ca][cc][db][dd][ed][fc][fd][gb]AW[ad][bb][bd][cd][ce][da][dc][de][ea][eb][ec])
(;N[626]C[死活题：黑先净杀]AB[ad][ba][bd][cd][dd][ea][ed][fa][fb][fc][fd]AW[ac][bc][ca][cc][da][dc][eb][ec])
(;N[627]C[死活题：黑先净杀]AB[ad][bb][bd][ce][da][de][ec][ed][ee][fa][fb]AW[ac][bc][cb][cd][db][dc][dd][ea][eb])
(;N[628]C[对杀题：黑先胜]AB[ba][bd][be][cb][ce][cg][da][db][dc][dd][eb]AW[ab][bb][bc][cc][cd][de][ec][ed][ee][fb][gc])
(;N[629]C[对杀题：黑先胜]AB[bb][bc][cd][dd][eb][ee][fa][fc][fd]AW[cb][cc][da][dc][ec][ed][fb][gb])
(;N[630]C[对杀题：黑先胜]AB[bb][cc][cd][dd][ed][fb][fc]AW[cb][da][dc][eb][ec][fd][gd][hb][hc])
(;N[631]C[对杀题：黑先胜]AB[bc][be][cd][db][dd][eb][ed][fb][fd][gb][gd][hc][hd]AW[bb][cb][cc][da][dc][ec][fc][gc][hb][ib][ic][id])
(;N[632]C[手筋题：黑先最佳着手]AB[bb][bc][bd][ce][de]AW[be][bf][cc][cd][cf][ch][fb][fc][ge])
(;N[633]C[死活题：黑先净杀]AB[ba][bb][bc][bd][cd][dd][ec][fc][gc][ha][hb][hc]AW[ca][cb][cc][dc][eb][fb][ga][gb])
(;N[634]C[1&黑先，死活问题，净活]AB[dc][ec][fc][gd][ge][hb][hc]AW[cc][db][dd][ed][fd][gb][gc])
(;N[635]C[基础题：黑先最佳着手]AB[ec][ed][fc][hb][id][jc][jd][kb][kd]AW[cc][de][ee][fd][gd][hc][hd][ic][ie][jb])
(;N[636]C[死活题：黑先劫活]AB[fb][fc][gc][hc][ib][ja][jb]AW[db][dc][ed][fd][ga][gb][gd][hb][hd][ia][ic][jc][kb][kc])
(;N[637]C[手筋题：黑先最佳着手]AB[cd][ce][cf][cg][dg][eh][fd][fh][gc][gd][ge][gf][gg]AW[bc][cc][dc][de][df][dh][di][ed][eg][fb][fc][fe][ff][fg][gh][gi])
(;N[638]C[对杀题：黑先胜]AB[aa][bf][ca][cb][cc][cd][cf][dd][df][ee][ef]AW[bc][bd][be][ce][da][db][dc][de][ec][ed])
(;N[639]C[死活题：黑先净杀]AB[bb][bc][bd][ce][db][de][ee][fd][fe][gc][ha][hb][hc]AW[ca][cc][cd][dd][ea][eb][ed][fb][fc][ga][gb])
(;N[640]C[死活题：黑先净杀]AB[ac][ai][bc][bi][cb][cd][ch][dd][dg][dh][ee][ef]AW[ad][ah][bd][bf][bh][ce][cg])
(;N[641]C[对杀题：黑先胜]AB[ae][bc][be][cd][ce][cg][ch][cj][df][ef]AW[ad][bb][bf][bg][cc][cf][dc][dd][de])
(;N[642]C[手筋题：黑先最佳着手]AB[bb][bd][cc][ce][ed][gc][ge][hb][he]AW[cb][dd][eb][ec][ee][ff][gf])
(;N[643]C[对杀题：黑先胜]AB[af][bd][bf][ca][cb][cc][cd][cf][de][ee][fc][fe][gb]AW[ab][ac][ad][ae][bb][be][ce][da][db][dc][dd])
(;N[644]C[死活题：黑先净活]AB[ac][ae][bc][bd][be][bg][cf][cg]AW[ab][ah][bb][bf][bh][cb][cc][cd][ce][ch][df][dh][ee][eh])
(;N[645]C[死活题：黑先净杀]AB[ab][ba][cb][cc][dc][dd][ed][fd][gb][gd][gf][ha][hf][if][ja][jc][je][kb][kc]AW[ca][da][db][eb][ec][fb][fc][ga][gc][hc][hd][he][ia][ib][jb])
(;N[646]C[死活题：黑先净活]AB[ag][be][bg][cd][ce][cf][cg][db][dc][dg][eb][fb][fe][gb][gc]AW[ac][bb][bd][bh][cb][cc][ch][dd][de][df][dh][ec][eg][fc][fg][gd][ge][gf][hb][hc])
(;N[647]C[对杀题：黑先胜]AB[cb][cc][cd][da][dd][eb][ec][ee][fe][gb][gd][ge][hb][hd]AW[ba][bb][bc][bd][ca][ce][de][ed][fa][fb][fc][fd])
(;N[648]C[对杀题：黑先胜]AB[ae][be][cb][cc][ce][da][dd][de]AW[ac][bc][bd][cd][db][dc][eb][ed][fc])
(;N[649]C[对杀题：黑先胜]AB[ab][bb][bd][bg][cb][ce][cf][cg][db][de][ed]AW[ad][af][ba][be][bf][ca][cc][cd][da][dc][eb][ec][gc])
(;N[650]C[对杀题：黑先胜]AB[ba][bb][bc][bd][be][ce][dd][eb][ed][fa][fd][gb][gc]AW[cb][cc][cd][db][de][ee][fc][fe][ga][gd][ha][hb][hc][hd])
(;N[651]C[对杀题：黑先胜]AB[af][ag][bb][bc][bg][cb][cd][ce][cf][cg][db][ec]AW[ah][bd][be][bh][cc][ch][dc][dd][de][df][dg][dh])
(;N[652]C[对杀题：黑先胜]AB[bd][be][cb][ce][cg][da][db][dc][dd][eb]AW[bb][bc][cc][cd][de][ec][ed][ee][fb][gc])
(;N[653]C[手筋题：黑先最佳着手]AB[bf][cb][cc][cd][dd][eb][fa][fd][ga][gb][gc][gd]AW[db][dc][de][ec][ed][ef][fb][fc][fe][hf][ic][id])
(;N[654]C[对杀题：黑先胜]AB[ab][ae][be][cb][cd][ce][da][db][dc][de][eb][ee][fb]AW[ad][ba][bb][bc][bd][ca][cc][dd][ec][ed][fc][gb][gc])
(;N[655]C[死活题：黑先净杀]AB[ce][db][dc][ec][ee][fb][fe][ge][hb][he][ib][ic][id]AW[ea][eb][fc][fd][gb][gd][hc][hd])
(;N[656]C[对杀题：黑先胜]AB[ba][bc][bd][cd][dc][eb][ec]AW[cb][cc][dd][ed][fb][fc])
(;N[657]C[手筋题：黑先最佳着手]AB[ab][ac][ad][ae][be][ce][dc][de][ec][ed][fc]AW[aa][ba][bb][bc][bd][ca][cd][dd][eb][fb][gc][gd])
(;N[658]C[死活题：黑先净杀]AB[ba][bb][bc][cc][dc][ed][fd][gc][hc][ia][ib][ic]AW[cb][db][ec][fa][fb][fc][gb][ha][hb])
(;N[659]C[对杀题：黑先劫]AB[ad][bc][be][ce][db][dc][dd][fd]AW[bb][bd][bg][cb][cc][cd][de][dg][ee])
(;N[660]C[死活题：黑先净杀]AB[bd][be][cc][ce][db][de][eb][ee][fd][fe][gc][hb][hc]AW[ba][bb][bc][cd][dc][dd][ec][ed][fa][fb][fc][ga][gb])
(;N[661]C[对杀题：黑先胜]AB[ac][bb][bd][cd][dd][eb][ed][fa][fc][gb]AW[bc][cc][da][db][dc][ec][fd][gd][hb][hc])
(;N[662]C[对杀题：黑先胜]AB[ab][bb][bf][da][db][dc][df][ed][fd][gb][gc]AW[ac][ba][bd][cd][dd][ea][eb][ec])
(;N[663]C[对杀题：黑先胜]AB[bd][be][cd][da][de][ea][ee][fb][fc][fd]AW[bc][bf][cc][ce][cf][dd][eb][ec][ed])
(;N[664]C[死活题：黑先净杀]AB[ba][bf][cb][ce][cg][db][dc][dd][de]AW[ae][bb][bd][be][cc][cd])
(;N[665]C[手筋题：黑先最佳着手]AB[bb][bc][cc][cd][de][ee][fd]AW[bd][be][cb][ce][cf][db][dd][ed][gb][gc][hc])
(;N[666]C[手筋题：黑先最佳着手]AB[bb][bc][cb][cd][ce][db][de][eb][fb]AW[bd][be][bf][cc][cg][dc][dd][fc][gb][ge][hd])
(;N[667]C[手筋题：黑先最佳着手]AB[bf][cb][cc][ce][fe][ge][hb][hc][hd][he]AW[db][ec][ee][ef][fc][ff][gb][gd])
(;N[668]C[手筋题：黑先最佳着手]AB[fc][gb][gd][gg][hd][hg][ic][if][ih][jh][kh]AW[eb][ec][ed][fd][ge][hf][ig][jb][jg][kc][ke][kg])
(;N[669]C[对杀题：黑先胜]AB[ca][cb][cc][dc][dd][de][eb][ec][ef][ff][gb][gc][gd][gf][he]AW[ba][bb][bc][cd][ce][df][dg][ea][ed][ee][fb][fc][fd][fe])
(;N[670]C[手筋题：黑先最佳着手]AB[fa][fb][fc][gd][ge][he][id]AW[fd][fe][ff][ga][gb][gc][hd][jb][jc])
(;N[671]C[手筋题：黑先最佳着手]AB[bc][bd][cd][dc][dd][eb][ec][fe][gd]AW[bb][bf][cb][cc][cf][db][ea][ef][fb][ff][hc][hd][he])
(;N[672]C[死活题：黑先净杀]AB[ba][bb][cb][cf][ch][dd][de][eb][ec][gc]AW[bc][be][cc][cd][db][dc])
(;N[673]C[手筋题：黑先最佳着手]AB[bd][bf][cb][cc][cf][dd][de][ef][ff]AW[ad][bb][bc][be][bh][ce][cg][df][dg][eg])
(;N[674]C[对杀题：黑先胜]AB[ba][bc][cb][cc][cd][dc][ed][fc][fd][gb][gc]AW[ac][ae][bd][bf][ce][da][db][dd][de][eb][ec][fb])
(;N[675]C[死活题：黑先净活]AB[bb][bc][bd][cb][cc][da][dc][eb][ed]AW[ad][ba][be][ca][cd][cf][dd][ec][ee][fa][fb][fc][gc])
(;N[676]C[手筋题：黑先最佳着手]AB[ad][bc][bd][be][cc][ce][db][de][eb][fb][gc]AW[ab][ac][bb][bf][cb][cd][cf][dc][df][ec][ee])
(;N[677]C[手筋题：黑先最佳着手]AB[bb][bc][bf][ca][cd][dd][df][dg][fb][gb][gc][gd]AW[bd][cb][cc][db][ec][ed][ee][ef][fc][ge][hb][he][ic])
(;N[678]C[对杀题：黑先劫]AB[bd][bg][cb][cc][cd][de][dg][ee]AW[ad][bc][be][ce][db][dc][dd][fd])
(;N[679]C[对杀题：黑先胜]AB[ad][ba][bc][bd][be][bg][cb][cd][cf][cg][db][ea][eb][ec][fb]AW[ab][bb][bf][cc][ce][dc][dd][de][df][ed][fa][fc][fd][ga][gb])
(;N[680]C[对杀题：黑先胜]AB[aa][bb][bc][cc][dc][dd][ed][fd][gb][gc][hb]AW[ba][cb][db][ea][ec][fc][gd][hc][hd][ib][jc])
(;N[681]C[对杀题：黑先胜]AB[bb][bc][be][cd][dd][eb][ed][fc][fd]AW[ba][cb][cc][dc][ec][fb][gb][gc][gd])
(;N[682]C[对杀题：黑先胜]AB[cb][cc][dc][ed][fa][fb][fd][gd]AW[ad][bb][bc][bd][cd][dd][eb][ec])
(;N[683]C[对杀题：黑先胜]AB[ac][ba][bc][bd][cd][dd][ec][ed][fb][gb][gc][gd]AW[be][ca][cb][cc][ce][dc][de][ea][eb][ee][fc][fd][fe])
(;N[684]C[对杀题：黑先胜]AB[ba][bb][bc][bd][be][ce][dd][eb][ec][ed][fb]AW[ca][cb][cc][cd][de][ee][fa][fc][fd][fe][gb][ha][hc])
(;N[685]C[死活题：黑先净活]AB[ba][bc][cb][dc][dd][de][ea][ec][ee][fc][fd][gb]AW[ab][bb][bd][cc][cd][cf][db][dg][fe][fg][ga][gc][ge][hb][hc][he])
(;N[686]C[死活题：黑先净杀]AB[bc][be][cd][dd][ed][fa][fb][fc]AW[ab][ba][bb][da][dc][eb][ec])
(;N[687]C[对杀题：黑先胜]AB[ba][bc][cd][dd][ea][eb][ec]AW[ab][bb][ca][cc][dc][ed][fc][fd][gb])
(;N[688]C[死活题：黑先净活]AB[db][eb][fc][ga][gc][hb][ib]AW[bb][cb][cd][dc][ed][fd][gd][hc][ia][ic][jb][jd])
(;N[689]C[手筋题：黑先最佳着手]AB[cc][cd][ce][df][dh][eg][fg][gf]AW[bb][cb][dc][ed][ef][ff][gg][hg])
(;N[690]C[对杀题：黑先胜]AB[cb][cc][dd][ed][fa][fb][fd]AW[bb][bc][bd][cd][dc][ea][eb][ec])
(;N[691]C[对杀题：黑先胜]AB[ab][bb][bc][bd][ca][cd][db][dd][eb][ee][ff][hc]AW[ac][ad][ae][be][cb][cc][ce][dc][de][ec][ed][gc])
(;N[692]C[对杀题：黑先胜]AB[bc][be][cc][ce][db][dc][de][ed][ee]AW[ac][ad][bb][bd][cd][dd][eb][ec][fc][fd])
(;N[693]C[对杀题：黑先胜]AB[ba][bc][cb][cc][db][dd][ed][fd][gb][gc]AW[ab][ac][bb][bd][cd][cf][da][dc][ec][fa][fb][fc])
(;N[694]C[对杀题：黑先胜]AB[ca][cb][cc][dd][ed][fc][gc][ic]AW[bd][cd][da][db][dc][ec][fb][gb])
(;N[695]C[对杀题：黑先胜]AB[bb][bc][be][cd][da][de][eb][ed][fc][fd]AW[ba][ca][cb][cc][dc][dd][ec][fb][gb][gc])
(;N[696]C[对杀题：黑先胜]AB[aa][ab][bb][bc][bd][cb][ce][cf][df][ef][fa][fb][fc][fd][fe]AW[ba][ca][cc][cd][db][dc][de][ea][ee][ff][ga][gb][gc][gd][ge][gf])
(;N[697]C[对杀题：黑先胜]AB[bc][bd][ca][cb][ce][cf][dc][df][eb][ef]AW[ab][bb][be][bf][cc][cd][cg][db][dd][de][fd])
(;N[698]C[死活题：黑先净杀]AB[ab][ae][ba][bc][be][ce][da][de][eb][ec][ed]AW[ac][ad][bb][bd][cb][cd][db][dc][dd])
(;N[699]C[对杀题：黑先胜]AB[ac][ae][be][ce][dd][eb][ec][ed]AW[bc][bd][bf][cb][cd][cg][db][dc][de][df][dg])
(;N[700]C[对杀题：黑先胜]AB[bb][be][ca][ce][dd][de][ea][eb][ec]AW[ab][bc][bd][cb][cd][db][dc][ed][fb][fd][gc])
(;N[701]C[对杀题：黑先胜]AB[da][db][dc][dd][ee][fe][ga][gb][ge][hb][hc][hd][he]AW[bb][ca][cc][cd][ce][de][eb][ec][ed][fb][fd][gc][gd])
(;N[702]C[手筋题：黑先最佳着手]AB[cc][dc][ec][ed][fa][fe][ff][gc][gd][id][jc]AW[bc][bd][dd][de][ee][eg][fb][fc][fd][gb][ge][gf][gg])
(;N[703]C[手筋题：黑先最佳着手]AB[cb][cc][cd][de][ed][ee]AW[bd][be][ce][cg][dc][dd][df][eb][ef])
(;N[704]C[对杀题：黑先劫]AB[ba][ca][cb][cc][cd][de][ee][fa][fc][fd][fe][gb][ha][hc]AW[aa][bb][bc][bd][be][ce][da][db][dd][eb][ec][ed][fb])
(;N[705]C[对杀题：黑先胜]AB[ae][ba][be][cb][cd][ce][db][dc][eb][fa]AW[ac][bb][bc][bd][ca][cc][dd][ec][ed][fb][gb][gd])
(;N[706]C[手筋题：黑先最佳着手]AB[be][cd][cf][db][dd][ed][ef]AW[bc][bd][cb][cc][fb][fc][fd][fe])
(;N[707]C[对杀题：黑先胜]AB[ab][bb][bc][bg][cc][ce][cf][cg][dd][ec][ed][fd]AW[ba][bd][be][bf][ca][cb][cd][db][dc][de])
(;N[708]C[对杀题：黑先胜]AB[cb][cc][cd][db][de][ee][fa][fe][ga][gb][gc][gd]AW[bb][bc][bd][ce][cf][dd][ea][eb][ed][fb][fc][fd])
(;N[709]C[对杀题：黑先胜]AB[cb][cc][da][ea][eb][ec][fd][gd][hb][hd]AW[bb][bc][cd][ce][db][dc][de][ed][ee][fa][fb][fc])
(;N[710]C[对杀题：黑先胜]AB[ab][bc][bd][ce][db][dd][de][ec][fa][fb][fc]AW[ba][bb][cb][cc][cd][dc][eb][ed][fd][gb][gc][gd])
(;N[711]C[对杀题：黑先胜]AB[cc][cd][da][dd][df][eb][ec][ee]AW[aa][ac][ba][bc][cb][db][dc][ed][fd][gc])
(;N[712]C[对杀题：黑先胜]AB[ad][ba][bd][be][cb][cc][ce][db][de][eb][ee]AW[bb][bc][ca][cd][dc][dd][ea][fa][fb][fc][fd])
(;N[713]C[对杀题：黑先胜]AB[fa][fb][fc][fd][ga][ge][he][ie][ja][jb][jc][jd]AW[dc][eb][ed][ee][fe][gb][gc][gd][ha][hd][ib][ic])
(;N[714]C[基础题：黑先最佳着手]AB[ba][be][ca][cb][ce][dc][de][df][ea][eb][ec][ed][fc]AW[ab][ad][bb][bd][cc][cd][dd][ee][fa][fb][fd][fe][gb][gc][gd])
(;N[715]C[对杀题：黑先胜]AB[ac][ad][ba][bc][be][ce][de][eb][ed][ee][fb][fc]AW[ae][af][bb][bd][bf][cd][cf][ch][da][db][dc][dd][ec])
(;N[716]C[手筋题：黑先最佳着手]AB[ba][bb][bc][cd][dd][eb][ed][fc][fe][gc][hb][hc]AW[bd][be][ca][cb][cc][ce][da][de][ea][fb][gb][ha][ib][ic][id])
(;N[717]C[死活题：黑先净杀]AB[ab][ae][af][bc][bf][cf][da][db][dc][dd][de][df]AW[ad][ba][bb][bd][be][cb][cc][cd][ce])
(;N[718]C[对杀题：黑先胜]AB[ab][ac][ae][bd][be][cd][da][dc][eb][ec][fc]AW[aa][ba][bb][bc][bf][cc][cf][db][dd][de])
(;N[719]C[死活题：黑先净杀]AB[af][bb][bg][cb][cg][dc][de][dg][ec][eg][fb][fd][ff][fg][gd][hf]AW[ad][bc][be][bf][cc][cd][cf][dd][df][ed][ef][fe])
(;N[720]C[对杀题：黑先胜]AB[be][ca][cc][ce][dd][de][ea][eb][ec][fc]AW[ba][bd][cb][cd][db][dc][ed][fd][gb][gd][hc])
(;N[721]C[死活题：黑先净杀]AB[ad][ba][bd][ca][cc][dc][ec][fa][fb][fc]AW[ac][bb][bc][cb][db][ea][eb])
(;N[722]C[死活题：黑先净活]AB[da][db][dd][ec][ed][fa][fc][gc][ha][hb][hc]AW[bd][cb][cc][cd][cf][dc][eb][ee][ef][fb][fd][gd][hd][ib][ic][id])
(;N[723]C[手筋题：黑先最佳着手]AB[cc][cd][ce][cf][cg][ch][dh][ed][eg][fg][gg][hd][he][hf][hh]AW[bc][bi][cb][ci][db][dd][de][df][dg][di][eh][ei][fb][gc][gd][ge][gf])
(;N[724]C[对杀题：黑先胜]AB[bb][bc][cd][ce][cf][ee][ef][fb][fc][fd]AW[cb][cc][db][dd][ec][ed][fe][gb][gc][ge][hc])
(;N[725]C[手筋题：黑先最佳着手]AB[bb][bc][cb][dc][ec][fc][gb][gc][hc][ic]AW[cc][cd][db][dd][de][ea][eb][fb][fe][ga][hb][he][ib][jc][jd])
(;N[726]C[基础题：黑先最佳着手]AB[ae][bb][be][ca][ce][da][db][dc][de][ed][ee]AW[ab][ad][bd][cb][cc][cd][dd][ea][eb][ec][fd][gc])
(;N[727]C[对杀题：黑先胜]AB[ac][bb][bd][ca][cd][dd][eb][ed][fa][fc][gb]AW[bc][cc][da][db][dc][ec][fd][gc][gd][hb][hc])
(;N[728]C[对杀题：黑先胜]AB[bb][be][cb][ce][cg][da][dc][dd][ea][eb]AW[ab][ac][ba][bc][cc][cd][de][ed][ee][fa][fb][fc])
(;N[729]C[死活题：黑先净活]AB[ae][bc][be][cb][cc][ce][dc][dd][de]AW[af][bb][bf][ca][cf][db][df][ec][ed][ee][fb])
(;N[730]C[手筋题：黑先最佳着手]AB[bc][bd][be][cb][cf][db][eb][fc][fd]AW[ba][bb][cc][cd][ce][dc][df][ec][fb][gb])
(;N[731]C[手筋题：黑先最佳着手]AB[cd][db][dd][ea][gc][gd][ge]AW[be][cf][eb][ed][ef][fa][fd][ff])
(;N[732]C[对杀题：黑先胜]AB[ac][ad][bb][bd][be][ce][de][ec][ed][fc][gc][gd]AW[bc][bf][cb][cc][cd][cf][db][dc][dd][df][ee][fd][fe])
(;N[733]C[死活题：黑先净杀]AB[ad][be][cc][cd][ce][dc][ea][eb][ec]AW[ba][bc][bd][cb][da][db])
(;N[734]C[对杀题：黑先胜]AB[aa][ae][bb][be][bf][cb][cd][cf][ch][dd][ea][eb][ec][ed]AW[bc][bd][cc][ce][db][de][ee][fa][fb][fc][fd][fe])
(;N[735]C[对杀题：黑先胜]AB[be][bf][cb][cd][dd][eb][ec][ed][fe][ff]AW[bc][bd][cc][ce][de][ea][ee][fb][fc][fd])
(;N[736]C[1&黑先，死活问题，净活]AB[ba][bb][bc][ca][cc][da][dd][de][ec][ee][fa][fc][gc]AW[bd][bf][cb][cd][cf][db][dc][eb][ed][fd][gb][gd][hb][hc][hd])
(;N[737]C[死活题：黑先净杀]AB[ab][ah][bb][bh][cc][cg][ch][dc][df][ed][eg]AW[ac][ag][bc][be][bg][cd][ce][cf])
(;N[738]C[对杀题：黑先劫]AB[ba][bc][cb][cc][cd][dd][ee][fa][fe][ga][gb][gd][ge][hb][hc]AW[ab][ac][bd][be][ce][db][dc][de][ea][ed][fb][fc][fd][gc])
(;N[739]C[手筋题：黑先最佳着手]AB[bc][bd][cd][da][dd][eb][ed][fc]AW[ab][bb][cc][db][dc][fa][fb][gb][gc][gd])
(;N[740]C[手筋题：黑先最佳着手]AB[ba][bb][bc][bd][ca][ce][dd][de][eb][fd]AW[be][bf][cb][cc][cd][cf][db][ec][fb][hc])
(;N[741]C[死活题：黑先净杀]AB[cb][cc][dd][de][ee][fe][gd][ha][hb][hc][hd]AW[db][dc][ed][fc][fd][ga][gb][gc])
(;N[742]C[对杀题：黑先胜]AB[ab][bc][be][cd][dc][de][df][eb][ec][fb][ga][gb]AW[ba][bb][cb][cc][dd][ed][ee][fc][gc][ha][hb][hc])
(;N[743]C[死活题：黑先净杀]AB[ac][ad][bd][cb][cd][db][dd][ec][fc][ga][gb][gc]AW[ab][ba][bb][bc][ca][cc][dc][eb][fb])
(;N[744]C[死活题：黑先净活]AB[ad][ae][af][bc][bf][cc][da][dc][ea][eb][ec][ed][fb][fd][gd]AW[ab][ac][ba][bd][be][bh][ca][cb][cd][cf][cg][db][dd][de][df][fa][ff][gb][gc][hd][he][ic])
(;N[745]C[对杀题：黑先胜]AB[ac][ba][bd][cc][cd][dd][ea][eb][ec]AW[ab][bb][bc][cb][da][db][dc][ed][fd][gb][gc])
(;N[746]C[对杀题：黑先胜]AB[bd][be][ca][cb][cc][cf][dc][eb][fa]AW[ba][bb][bc][cd][dd][ed][fb][fc][ga])
(;N[747]C[对杀题：黑先胜]AB[ba][bb][bc][cd][dd][ec][ed][ee][fb][fc]AW[ac][bd][be][ca][cb][cc][ce][dc][de][ea][eb])
(;N[748]C[手筋题：黑先最佳着手]AB[ac][bc][be][cb][db][eb][ee][fc][fd]AW[bb][bd][ca][cc][dc][de][ec][ed][fb][gb][hc])
(;N[749]C[对杀题：黑先胜]AB[bb][bc][bd][ce][de][ed][ee][fc][fd][gb]AW[ab][ac][ad][be][bf][cd][cf][db][dd][df][ec][fb])
(;N[750]C[对杀题：黑先胜]AB[cc][cd][da][dd][de][df][eb][ec]AW[aa][ac][ba][bc][cb][db][dc][ed][fd][gb][gc])
(;N[751]C[对杀题：黑先胜]AB[af][ba][bb][bf][cb][ce][cg][da][dd][de][ea][eb][ec]AW[ab][ac][ae][bc][bd][be][cc][cd][db][dc][ed][fd][gb])
(;N[752]C[死活题：黑先净杀]AB[be][bg][ca][cb][ce][da][de][ea][ed][fa][fc][gb][gd]AW[ac][ae][ba][bb][bd][cc][dc][eb][ec][fb])
(;N[753]C[手筋题：黑先最佳着手]AB[ca][cb][da][ea][ec][fc][gc][ha][hb][hc]AW[ba][bb][bc][cc][dc][eb][fb][ga][gb])
(;N[754]C[基础题：黑先最佳着手]AB[bb][bc][bg][cd][ce][dh][eb][ec][fc][fh][gg][hc][hd][he]AW[cc][dc][dd][df][ed][ef][fb][gb][gc][hb][ic][id][ie])
(;N[755]C[手筋题：黑先最佳着手]AB[ac][ae][bb][bc][be][ca][cb][ce][da][de]AW[ad][bd][cc][cd][db][ea][ec][ga][ia][ib])
(;N[756]C[基础题：黑先最佳着手]AB[bf][cb][cc][cd][ce][dc][df][ed][ef]AW[cf][cg][db][dd][de][dh][eb][ec][fd][fe])
(;N[757]C[1&黑先，死活问题，净活]AB[bd][bf][cd][cf][dc][de][eb][ec][fd][ff]AW[bb][bc][ca][cc][db][dd][ed][ee][fe][gc][hc][he][hf])
(;N[758]C[对杀题：黑先胜]AB[ab][ac][bb][bd][cd][dc][ec]AW[ad][ba][bc][bf][cb][cc][cf][dd][de])
(;N[759]C[死活题：黑先净杀]AB[ba][bb][bc][cc][dd][de][fd][fe][gc][ha][hb][hc]AW[ca][cb][dc][eb][ec][fc][ga][gb])
(;N[760]C[死活题：黑先净杀]AB[aa][ab][ac][af][ah][bi][bj][cc][cd][ce][cf][cg][ch][ea][eb][ec][fd]AW[bb][bc][bd][be][bf][bg][bh][ca][cb][da][db])
(;N[761]C[对杀题：黑先劫]AB[bd][be][ca][cb][cc][ce][dc][eb][fa]AW[ba][bb][bc][cd][db][dd][ec][ed][fb][fc][hb])
(;N[762]C[手筋题：黑先最佳着手]AB[ba][bb][be][ce][db][de][ea][ec][ed][ee][gc]AW[ab][ac][ad][ae][af][bc][bd][bf][cc][cg][da][dc][dd][eb])
(;N[763]C[对杀题：黑先胜]AB[ab][bb][bc][cd][dd][fa][fb][fc][fd]AW[ba][bd][be][cb][cc][ce][da][ea][eb])
(;N[764]C[死活题：黑先净活]AB[ab][ad][bd][cb][cc][cd][db][dd][eb][ec]AW[bb][bc][be][ca][ce][da][de][ea][ed][fb][fc][fd])
(;N[765]C[手筋题：黑先最佳着手]AB[bb][cc][cf][cg][fc][gc]AW[dc][dd][ee][ff][ic])
(;N[766]C[对杀题：黑先胜]AB[ab][bc][bd][ca][ce][dc][de][ea][ee][fb][fc][fd]AW[ba][bb][be][bf][cb][cd][cg][dd][eb][ec][ed])
(;N[767]C[对杀题：黑先劫]AB[bd][be][cb][cc][cf][dc][ea][eb][ec]AW[aa][bb][bc][ca][cd][db][dd][ed][fb][fc])
(;N[768]C[对杀题：黑先劫]AB[ba][bb][cb][cc][cd][dc][ed][fd][gb][gc][gd]AW[ab][bc][bd][ce][db][dd][de][ea][ec][fa][fb][fc])
(;N[769]C[手筋题：黑先最佳着手]AB[ab][bb][bd][cd][dd][ea][eb][ec]AW[ac][bc][cc][dc][ed][ee][fa][fb][fc])
(;N[770]C[死活题：黑先净活]AB[ab][af][ba][bb][bd][be][bf]AW[ag][bc][bg][ca][cb][cd][ce][cf][cg][dc])
(;N[771]C[死活题：黑先净杀]AB[bc][cb][db][dc][dd][de][eb][ef][ga][gb][ge][hd][hf][id][ja][jb][jc][jd]AW[ec][ed][fa][fb][fd][gc][gd][hc][ia][ib][ic])
(;N[772]C[死活题：黑先净杀]AB[ab][be][bf][cb][cf][ch][dc][dg][ea][eb][ec][eh][fa][fd][fe][gb][gc][gg]AW[ac][ba][bd][ca][cc][cd][ce][da][db][dd][df][ed][ee][ef])
(;N[773]C[对杀题：黑先胜]AB[da][db][dc][dd][ea][ee][fd][fe][gd][ha][hd][ib][ic][id][ja]AW[bb][bd][cb][ce][de][eb][ec][ed][fa][fc][gb][gc][hb][hc])
(;N[774]C[对杀题：黑先胜]AB[af][bc][bf][cb][cf][db][dc][df][ed][ee]AW[ae][ba][bb][be][cc][cd][ce][dd][ec][fc])
(;N[775]C[对杀题：黑先胜]AB[ae][be][cd][ce][db][dd][eb][ec]AW[ad][bb][bd][cc][cf][dc][de][df][ed][fd])
(;N[776]C[手筋题：黑先最佳着手]AB[cd][ce][dc][eb][ec][fc]AW[bb][bc][ca][cc][db][dd][ed][hc][he])
(;N[777]C[对杀题：黑先胜]AB[ae][be][cc][ce][da][db][dc][de][ed][ee]AW[ab][ad][ba][bd][cd][dd][ea][eb][ec][fc][fd])
(;N[778]C[1&黑先，死活问题，净活]AB[dd][de][ed][ef][fc][gc][hc][hd]AW[eb][ec][ee][fd][gd][hb][he][ic][id][ie])
(;N[779]C[对杀题：黑先胜]AB[ae][bb][be][ce][da][db][dc][de][ed][ee]AW[ab][ad][bd][cb][cd][dd][ea][eb][ec][fc][fd])
(;N[780]C[对杀题：黑先胜]AB[bb][be][ca][ce][dd][de][ea][eb][ec][fc]AW[ab][bc][bd][cb][cd][db][dc][ed][fd][gb][gd][hc])
(;N[781]C[对杀题：黑先胜]AB[ab][bc][cb][db][dc][ec][fc][gb][hb][hc][hd]AW[ba][bb][bd][cc][cd][dd][ea][ed][fa][fb][fd][gc][gd])
(;N[782]C[对杀题：黑先劫]AB[ac][ae][bb][be][ce][db][dc][dd][de][ea][eb]AW[ad][af][ba][bd][bf][ca][cb][cc][cd][cf][df][ef][fa][fb][fc][fd][fe])
(;N[783]C[对杀题：黑先胜]AB[dc][fc][gc][hd][he][ia][ib][ic][jc]AW[gb][hb][hc][id][jb][jd][kc][kd])
(;N[784]C[对杀题：黑先胜]AB[ac][bd][be][cb][cc][ce][db]AW[ab][bb][bc][cd][dd][eb][ec])
(;N[785]C[死活题：黑先净活]AB[bb][bc][cc][cd][ce][de][ec][ed][ee][gb][gc][ge]AW[be][cb][cf][cg][db][dc][dd][eb][ef][fc][ff][gd][gf][hc][hd][he][ib])
(;N[786]C[对杀题：黑先胜]AB[ad][ba][bd][cd][db][dc][ea][eb]AW[ae][be][cb][cc][ce][da][dd][de])
(;N[787]C[对杀题：黑先胜]AB[ab][ac][bc][ca][cc][dd][ed][fb][fd][gc][gd]AW[ad][bd][cb][cd][cf][da][dc][ea][eb][ec])
(;N[788]C[死活题：黑先净活]AB[ba][bc][ca][cb][dc][eb][ec][ed][fc][gb][gd][ge][hb][hc]AW[ab][bb][bd][cc][cd][da][db][dd][ea][ee][fa][fd][ff][gf][he][hf][ib][ic][id])
(;N[789]C[对杀题：黑先胜]AB[da][db][ec][fc][ga][gb][gc][gd][he][id][ie][jb][jc]AW[cb][dc][dd][ea][eb][ed][fd][fe][ge][ha][hb][hc][hd])
(;N[790]C[对杀题：黑先胜]AB[da][db][dc][ed][fd][gc][gd][hc][ib]AW[bb][cd][dd][ea][eb][ec][fa][fc][gb])
(;N[791]C[死活题：黑先净活]AB[ab][ac][ad][bc][ca][cd][da][db][dc][dd]AW[bb][bd][be][cb][ce][de][eb][ec][ed])
(;N[792]C[死活题：黑先净活]AB[cc][cd][ce][db][dd][eb][ec][ee][fc][fe][gd]AW[bb][bc][bd][be][bf][cb][cf][da][df][ea][ef][fb][fd][ff][gb][ge][hc][hd][he])
(;N[793]C[死活题：黑先劫活]AB[bc][bd][cb][cd][da][db][dd][ea][eb][ec]AW[aa][ac][ad][bb][be][ce][de][ed][fb][fc][fd])
(;N[794]C[死活题：黑先劫活]AB[bb][bc][bd][ca][cd][db][dd][ea][ed][fa][fb][fc]AW[ab][ac][ad][ba][be][cb][ce][dc][de][ec][ee][fd][ga][gb][gc][gd])
(;N[795]C[死活题：黑先劫杀]AB[bc][bg][cb][da][df][eb][ed][ef][fc][fe]AW[bb][be][cc][cd][db][dc][de])
(;N[796]C[手筋题：黑先最佳着手]AB[ba][bb][bc][da][ea][ee][fa][fb][fc][fd]AW[bd][ca][cb][cc][db][eb][ec][ed])
(;N[797]C[手筋题：黑先最佳着手]AB[bc][bd][be][cf][eb][ed][ef][fd][ff]AW[cd][dd][ec][fb][gc][gd][ge])
(;N[798]C[对杀题：黑先胜]AB[bb][bd][cd][dc][ec]AW[bc][bf][cb][cc][dd][de])
(;N[799]C[基础题：黑先最佳着手]AB[af][ba][bb][bf][cb][cc][cf][dc][dd][df][ee][fe]AW[ad][ae][bc][be][ca][cd][ce][db][de][eb][ec][ed][gc])
(;N[800]C[死活题：黑先净杀]AB[af][bb][bg][cb][cg][dc][dg][eb][ed][eg][fd][fg][ge]AW[ad][bc][be][bf][cc][cd][dd][df][ee][ef])
(;N[801]C[手筋题：黑先最佳着手]AB[cc][cd][ce][db][ed][gc][gd]AW[bb][bc][bd][be][cb][dc][ec])
(;N[802]C[对杀题：黑先胜]AB[ac][bc][cc][cf][dc][dg][ec][ed][eh][fe][ff]AW[bb][bd][cb][cd][ce][db][dd][df][eb][ee][ef][fc][fd])
(;N[803]C[对杀题：黑先胜]AB[bb][bc][cc][dd][ed][fa][fb][fc]AW[bd][cb][cd][cf][da][dc][ea][eb][ec])
(;N[804]C[对杀题：黑先胜]AB[ba][bb][bc][ca][cd][ce][de][ee][fb][fc][fd]AW[cb][cc][db][dd][ea][ed][fe][ff][gb][gc][gd])
(;N[805]C[对杀题：黑先胜]AB[ab][bc][bd][cd][dd][ec][fa][fb][fc]AW[bb][cb][cc][dc][ea][eb][ed][ee][gb][gc][gd])
(;N[806]C[对杀题：黑先胜]AB[bb][bc][cb][cd][dd][ed][fc][gb][gc]AW[bd][be][ca][cc][db][dc][ea][eb][ec][fb][fd][fe])
(;N[807]C[死活题：黑先劫杀]AB[ab][ad][bc][bd][cd][dd][ec][fa][fb][fc]AW[bb][ca][cc][db][dc][ea][eb])
(;N[808]C[对杀题：黑先胜]AB[ac][bc][cd][dd][ea][eb][ec]AW[bb][cc][da][db][dc][ed][fb][fd][gc])
(;N[809]C[对杀题：黑先胜]AB[ba][bb][bc][cc][db][dd][eb][ed][fd][gb][gc][gd]AW[ab][ac][bd][cb][cd][cf][dc][ea][ec][fa][fb][fc])
(;N[810]C[基础题：黑先最佳着手]AB[bd][be][bf][ca][cb][cc][dd][eb][ed][fc][gb][gc][gd]AW[ba][bb][bc][cd][ce][da][dc][de][ee][fb][fd][fe])
(;N[811]C[死活题：黑先净杀]AB[ab][ac][ah][bb][be][bh][cb][cf][cg][ch][db][eb][ef][fc][fd][fe]AW[ad][af][bc][bf][bg][cc][cd][ce][dc][de][ec][ed])
(;N[812]C[手筋题：黑先最佳着手]AB[cb][cc][da][ec][ee][ef][fc][ge][hb][he][ic]AW[bb][bc][cd][dc][dd][df][dg][ea][fb][gb][gc][gd])
(;N[813]C[对杀题：黑先胜]AB[af][ba][bb][bf][cb][ce][cg][da][dd][de][ea][eb][ec]AW[ab][ac][ad][ae][bc][be][cc][cd][db][dc][ed][fd][gb])
(;N[814]C[死活题：黑先净活]AB[cf][cg][dc][dd][de][dg][ec][ee][fd][fe][ff]AW[bf][bg][cc][cd][ce][ch][db][df][dh][eb][eh][fb][fc][fh][gd][ge][gf][gg])
(;N[815]C[对杀题：黑先劫]AB[ab][ac][bd][cd][cf][dc][ec][fa][fb][fc]AW[bb][bc][ca][cc][db][dd][eb][ed][fd][gb][gc][gd])
(;N[816]C[对杀题：黑先劫]AB[ad][ba][be][ce][da][dd][de][ea][eb][ec][fc]AW[bb][bc][bd][ca][cb][cd][db][dc][ed][fd][gb][gd][hc])
(;N[817]C[对杀题：黑先胜]AB[ac][bb][bc][bd][cc][dd][ed][fb][fc][fd]AW[ad][ae][be][cb][cd][ce][da][db][dc][ec])
(;N[818]C[对杀题：黑先胜]AB[bb][cc][cd][dd][ed][fa][fb][fc]AW[cb][da][dc][ea][eb][ec][fd][gd][hb])
(;N[819]C[手筋题：黑先最佳着手]AB[ff][fg][gc][gd][ge][gg][hc][hg][id][ig]AW[fc][fd][fe][gb][gf][hb][hd][hf][ib][jc][jd][je])
(;N[820]C[对杀题：黑先胜]AB[bb][bc][cd][de][ea][ee][fa][fb][fe][gb][gc][gd]AW[cc][da][db][dc][eb][ed][fc][fd][ge][hb][hd][he])
(;N[821]C[死活题：黑先净活]AB[ab][bd][ca][cb][cc][cd]AW[ad][ae][bb][be][ce][da][db][dc][dd])
(;N[822]C[死活题：黑先净活]AB[ac][bb][bd][be][cc][cd]AW[ae][bf][cb][ce][cf][db][dc][dd])
(;N[823]C[死活题：黑先净活]AB[ab][af][bb][bf][cc][cd][ce]AW[ba][bd][bg][cb][cf][cg][db][dc][dd][de])
(;N[824]C[对杀题：黑先胜]AB[ba][bb][cb][dc][dd][ed][fc][gb][gc]AW[ab][bc][bf][ca][cc][ce][db][eb][ec][fb][fd][fe])
(;N[825]C[对杀题：黑先胜]AB[bb][bc][cd][da][dd][ec][fa][fb][fc]AW[ba][ca][cb][cc][dc][ea][ed][fd][gb][gc][gd])
(;N[826]C[死活题：黑先净活]AB[gc][gd][ha][hb][hd][ic][id]AW[eb][ec][ed][fe][ge][he][ie][jb][jc][jd])
(;N[827]C[死活题：黑先净活]AB[ae][ah][ba][bc][bd][be][bf][bh][cg][ch]AW[ac][ad][ag][bb][bi][ca][cc][ce][ci][dc][de][di][eg])
(;N[828]C[对杀题：黑先胜]AB[ac][bc][be][cd][db][dd][eb][ec][fa][fb]AW[bb][bd][cb][cc][da][dc][ed][fd][gb][gc])
(;N[829]C[对杀题：黑先胜]AB[ba][bb][cb][cc][cd][db][ec][fc][ga][gc][hb][hc]AW[ab][ac][ad][bc][bd][ce][da][dc][dd][de][ea][eb][fb][gb])
(;N[830]C[对杀题：黑先胜]AB[ab][ad][bb][bc][bd][cd][dd][ed][fe][gb][gc][gd][ge]AW[ae][ba][be][ca][cc][ce][db][dc][de][ea][eb][ec][ee][fc][fd])
(;N[831]C[对杀题：黑先胜]AB[ab][ac][bc][be][bf][cc][da][db][dc][de][df][ee][fb][fd][fe][gb]AW[ad][ba][bb][bd][ca][cb][cd][dd][ea][eb][ec][ed])
(;N[832]C[手筋题：黑先最佳着手]AB[cb][cc][dd][ed]AW[bb][bc][be][cd][cf][dc])
(;N[833]C[死活题：黑先净杀]AB[bb][bf][ce][cf][dd][df][ea][eb][ec][ed]AW[ae][bc][bd][be][cb][cd][db][dc])
(;N[834]C[死活题：黑先净杀]AB[ab][af][bb][bf][ca][ce][cg][da][db][dc][dd][de]AW[ac][ae][ba][bc][be][cb][cc][cd])
(;N[835]C[对杀题：黑先胜]AB[ac][bc][cb][cc][dc][dd][ee][fb][fd][fe][gb]AW[ab][ad][bd][bf][cd][db][de][df][eb][ec][ed])
(;N[836]C[手筋题：黑先最佳着手]AB[bc][bd][ce][de][ee][fb][fc][fd]AW[be][bf][cd][db][dd][dg][ed][fe][ff])
(;N[837]C[对杀题：黑先胜]AB[bb][bc][bd][ce][dd][de][ec][fb][fd]AW[ba][be][bf][cb][cc][cd][cf][dc][eb])
(;N[838]C[死活题：黑先净杀]AB[ab][af][bf][ca][ce][da][db][dc][dd][de]AW[ac][ad][ba][bb][be][cb][cc][cd])
(;N[839]C[对杀题：黑先胜]AB[ac][ba][bb][bc][cb][cc][dc][ea][ed][fc][fd][gb][hc]AW[ab][ad][bd][ca][cd][cf][db][dd][eb][ec][fa][fb])
(;N[840]C[对杀题：黑先胜]AB[eb][ec][fb][fd][gb][gd][hd][ic][jd]AW[db][dc][ed][ee][fc][gc][hb][hc][ib])
(;N[841]C[手筋题：黑先最佳着手]AB[bb][bc][cc][cd][ce][cf][fc][gb][gc][hd]AW[ba][cb][db][dd][df][eb][ee][fb][fe][ge])
(;N[842]C[对杀题：黑先胜]AB[bb][bc][cc][dd][ed][fa][fc][fd][gb]AW[bd][cb][cd][cf][da][dc][de][eb][ec][fb][hc][hd])
(;N[843]C[手筋题：黑先最佳着手]AB[be][cd][ce][dc][df][ec][ed][fc]AW[ac][bb][bd][cb][cc][db][dd][de][ee][hf])
(;N[844]C[死活题：黑先净活]AB[ac][ba][bb][bd][be]AW[bc][cb][cd][cf][cg][db][dd][eb][ec][ed])
(;N[845]C[对杀题：黑先胜]AB[ac][ad][bd][be][cb][cc][ce][db][de][eb][ee]AW[bb][bc][ca][cd][dc][dd][ea][fa][fb][fc][fd])
(;N[846]C[对杀题：黑先胜]AB[ab][ac][bc][bd][be][ce][da][db][dd][eb][ec][ed]AW[bb][ca][cb][cc][cd][de][ee][fb][fc][fd][fe])
(;N[847]C[对杀题：黑先胜]AB[bc][bd][bf][ce][da][db][dc][dd][df][ed][fb][fc]AW[ab][bb][ca][cb][cc][cd][de][ee][fa][fd][fe][gb][gc][gd])
(;N[848]C[对杀题：黑先胜]AB[bb][cc][dd][eb][ed][fc]AW[bc][bd][cb][ce][cg][db])
(;N[849]C[对杀题：黑先胜]AB[ad][bb][bd][cc][cd][dd][eb][ec][fd][gc]AW[ac][ae][be][cb][ce][db][dc][de][ed][ee])
(;N[850]C[死活题：黑先净杀]AB[ae][be][ca][cb][ce][dc][dd][eb]AW[ab][ad][ba][bb][bd][cc])
(;N[851]C[对杀题：黑先胜]AB[ab][bb][bd][be][cd][da][db][dc][fc]AW[ac][ba][bc][bf][cb][cc][cf][dd][de])
(;N[852]C[死活题：黑先净杀]AB[bc][cd][dd][ea][ed][fa][fb][fc]AW[ab][bb][cc][da][dc][eb][ec])
(;N[853]C[对杀题：黑先胜]AB[bd][be][cc][db][dc][ea][ec][fb][fd][fe]AW[bb][bc][cb][cd][da][dd][ed][fc][gc][hd])
(;N[854]C[死活题：黑先净活]AB[ba][bb][bd][be][cc][cd]AW[ac][bf][bh][cb][ce][cf][db][dc][dd])
(;N[855]C[手筋题：黑先最佳着手]AB[cd][ce][cf][cg][dg][ef][eh][fd][fh][gc][gd][ge][gf][gg]AW[bc][bd][cc][ci][cj][dc][de][df][ed][ej][fb][fc][fe][ff][fg][gh][gi])
(;N[856]C[死活题：黑先净活]AB[cd][da][db][de][ea][ec][ee][fb][fe][gb][gc][gd]AW[bc][bd][cb][cc][ce][cf][dc][df][ed][ef][fd][ff][ge][ha][hb][hc][hd][he])
(;N[857]C[对杀题：黑先胜]AB[be][cb][cd][cf][db][de][eb][ed][fc][fd]AW[ab][ad][bb][bd][cc][dc][ec][fb][gb][hc])
(;N[858]C[对杀题：黑先胜]AB[aa][ab][ac][ba][bc][cb][db][dc][ed][fb][fd][gc]AW[bd][cc][cd][da][dd][df][ea][eb][ec][ee])
(;N[859]C[对杀题：黑先胜]AB[bd][be][bf][ca][cb][cd][cf][da][dc][eb][ec][ed][fb]AW[ba][bb][bc][cc][ce][dd][de][ee][fa][fc][fd][fe][gb][hc])
(;N[860]C[死活题：黑先净杀]AB[ae][be][ca][cb][ce][da][de][ea][eb][ec][ed]AW[ab][ad][ba][bb][bd][cd][db][dc][dd])
(;N[861]C[死活题：黑先净杀]AB[ac][be][cd][cf][db][dc]AW[ab][ba][bb][bc][bd])
(;N[862]C[死活题：黑先净杀]AB[ba][be][cc][cd][ce][dc][eb][ec]AW[ab][bb][bc][bd][cb][db])
(;N[863]C[死活题：黑先净活]AB[da][db][eb][ec][fc][ga][gc][hb]AW[ca][cb][cc][dc][dd][ed][fd][gd][hc][hd][ia][ib][ic])
(;N[864]C[手筋题：黑先最佳着手]AB[bc][bd][be][cf][cg][dc][dg][ee][fd][fe]AW[cd][ce][db][df][eb][ec][ed][eg][ff][gc][gd][gf][he])
(;N[865]C[对杀题：黑先劫]AB[ba][bc][bd][bg][cd][dd][dg][ec][fc][fd][fe][fg]AW[bb][be][ca][cc][ce][db][dc][de][ed][ee])
(;N[866]C[手筋题：黑先最佳着手]AB[ba][bb][bc][bd][ce][de][ec]AW[be][bf][cb][cc][cd][cf][eb][gb][gc][gd])
(;N[867]C[对杀题：黑先胜]AB[bd][be][cd][cf][db][dc][eb][ed][fc]AW[cb][cc][dd][de][ee][fb][fd][gc])
(;N[868]C[手筋题：黑先最佳着手]AB[cb][da][db][ec][fc][gc][ha][hb][hc]AW[ba][bb][bc][ca][cc][dc][eb][fb][ga][gb])
(;N[869]C[对杀题：黑先胜]AB[bc][bd][cb][cc][ce][de][ed][ee][fb][fc]AW[cd][da][db][dc][dd][ec][fd][gb][gc][gd])
(;N[870]C[手筋题：黑先最佳着手]AB[cb][cc][cd][dd][ed][gb][hc][hd][jd]AW[bb][bc][bd][cf][ec][ef][fd][ff][gc][ge])
(;N[871]C[对杀题：黑先胜]AB[ba][cb][dc][ea][eb][ec][ed][fe][ge][hb][hc][he]AW[bb][bc][cc][ce][dd][ee][ef][fb][fc][fd][ga])
(;N[872]C[手筋题：黑先最佳着手]AB[cc][cd][ce][db][ed][fd][gd][hc][hd][ib]AW[bb][bc][cb][dc][ec][gc][hb])
(;N[873]C[手筋题：黑先最佳着手]AB[bf][bg][bh][ce][dd][de][dh][di][ec][ef][eg][ej]AW[bd][be][cb][cd][cf][cg][ch][ci][dg])
(;N[874]C[对杀题：黑先胜]AB[cb][cc][dc][eb][ec][fd][gd][hb][hc]AW[bb][bc][ca][cd][dd][ed][fb][fc])
(;N[875]C[对杀题：黑先胜]AB[bb][bc][ce][da][de][eb][ec][ed][fa]AW[ca][db][dc][dd][ee][fb][fe][gb][gd][hc])
(;N[876]C[对杀题：黑先胜]AB[ab][ba][bb][bc][cd][dd][ea][ec][ed][gb][gd]AW[ac][ad][bd][be][cb][cc][ce][da][dc][df][eb])
(;N[877]C[死活题：黑先净活]AB[aa][ab][ba][bb][bc][ca][cc][cd][da][de][ea][ee][eg][fb]AW[ad][bd][bf][cb][ce][cg][db][dd][eb][ed][gb][gc][gd])
(;N[878]C[对杀题：黑先胜]AB[cb][cd][ce][db][dd][ec][fb][gc]AW[bc][bd][cc][cg][dc][df][ed][ee][ge])
(;N[879]C[死活题：黑先净活]AB[eb][ec][fc][gb][hb][ib]AW[db][dc][dd][ed][fd][gc][hc][ic][jb][jc])
(;N[880]C[对杀题：黑先胜]AB[ba][bb][cc][cd][dc][eb][ed][fd][gb][gc][gd]AW[ab][bc][bd][be][ce][da][dd][de][ec][fa][fb][fc])
(;N[881]C[死活题：黑先净杀]AB[ad][bd][cb][cc][cd][dc][ed][fd][ga][gb][gc]AW[aa][ac][bb][bc][ca][db][ec][fa][fb][fc])
(;N[882]C[对杀题：黑先胜]AB[ba][bb][bc][cd][dd][ed][fc][gc][hd]AW[bd][be][cb][cc][cf][dc][ec][fa][fb][fd][fe])
(;N[883]C[对杀题：黑先胜]AB[ac][ad][bd][cd][da][dd][eb][ec][gb][gc]AW[ab][ba][bc][ca][cc][dc][ed][ee][ge][hc][hd][ib])
(;N[884]C[死活题：黑先净杀]AB[ad][bd][cb][cc][cd][dc][ed][fd][gd][hb][hc]AW[aa][ac][bb][bc][ca][db][eb][fa][fb][fc])
(;N[885]C[死活题：黑先净活]AB[ac][ae][bb][bc][be][cd][ce]AW[aa][af][bf][cb][cc][cf][dc][dd][de][df])
(;N[886]C[死活题：黑先净杀]AB[dd][de][ed][ef][fc][ff][fg][gc][gh][hc][hh][ic][ih][jf][jg][kc][kd][ke]AW[ee][fe][gd][gf][he][hg][id][if][ig][jd][je])
(;N[887]C[死活题：黑先净杀]AB[ad][bd][cd][dd][ea][eb][ec][ed]AW[ac][bc][ca][cc][da][db][dc])
(;N[888]C[对杀题：黑先劫]AB[cd][da][db][dc][de][ec][ed][ee][fe][gb][gc][gd][he][ic]AW[bd][bf][ca][cb][cc][ce][df][ea][ef][fb][fc][fd][ff][ge][gf])
(;N[889]C[对杀题：黑先劫]AB[bb][bf][cb][cc][cf][db][dc][dd][df][ee][fe]AW[ad][bc][be][cd][ce][da][de][eb][ec][ed][ef][eg][gd][gf])
(;N[890]C[手筋题：黑先最佳着手]AB[ab][bb][bc][cd][dc][dd][ec][fc]AW[ba][cb][cc][db][ea][gb][gc][gd])
(;N[891]C[对杀题：黑先胜]AB[ab][bc][bd][cb][ce][de][ed][ee][fa][fb][fc]AW[ba][bb][cc][dc][dd][ea][eb][ec][fd][gd][hb])
(;N[892]C[1&黑先，死活问题，净活]AB[bc][cc][db][dc][ed][fa][fb][fc][fd]AW[ab][ac][bd][ca][cd][da][dd][ea][eb][ec])
(;N[893]C[对杀题：黑先胜]AB[cb][cc][dd][ed][fc][gb][gc]AW[bb][bc][bd][cd][dc][ea][ec][fb])
(;N[894]C[死活题：黑先净活]AB[cb][db][eb][ec][fa][fb][fd][gc][hb][hc]AW[ba][bb][bd][cc][dc][de][ee][fe][ga][gd][ha][hd][ib][ic][id])
(;N[895]C[对杀题：黑先劫]AB[ab][bc][bd][cc][dc][ea][eb][fb][fc]AW[ac][bb][bf][cb][cd][cf][da][db][dd][ec][ed])
(;N[896]C[对杀题：黑先胜]AB[aa][ac][ba][bc][cb][db][dc][ed][fd][gb][gc]AW[bf][cc][cd][da][dd][df][ea][eb][ec][ee])
(;N[897]C[对杀题：黑先胜]AB[ad][ba][bc][bd][cc][db][dd][eb][fb][gb][hb]AW[ab][ac][bb][cb][da][dc][ea][ec][fa][fc][gc][hc][ia][ib][ic])
(;N[898]C[对杀题：黑先胜]AB[ba][bf][cc][ce][da][de][ea][eb][ec][ed]AW[bc][cb][db][dc][dd][ee][fb][fc][fd][fe])
(;N[899]C[死活题：黑先净活]AB[bc][bd][be][ca][cb][cc]AW[ba][bb][bf][cd][ce][cf][da][db][dc][dd])
(;N[900]C[对杀题：黑先胜]AB[ba][bb][bc][cd][dd][ed][fa][fb][fc]AW[bd][be][cb][cc][cf][da][dc][eb][ec])
(;N[901]C[死活题：黑先净杀]AB[ab][ac][bd][be][ce][de][ec][ee][fb][fc][fe][gc][hb][hc]AW[ba][bb][bc][cd][db][dc][dd][eb][ed][ga][gb])
(;N[902]C[对杀题：黑先胜]AB[ad][ba][be][bf][cc][cd][cg][db][dc][ec][ed][fb][hb][hc][hd]AW[ab][bc][bd][ca][cb][ce][dd][de][eb][ee][fc][fd])
(;N[903]C[手筋题：黑先最佳着手]AB[ag][bb][bf][bh][cc][cd][ce][cg][dg]AW[ba][be][cb][cf][db][dc][dd][de][df])
(;N[904]C[对杀题：黑先劫]AB[ac][ae][ba][bd][bf][ce][db][dd][de][eb][ec][fb]AW[ab][bc][ca][cb][cc][cd][dc][ed][fc][fd][gb][hc])
(;N[905]C[死活题：黑先净杀]AB[af][bf][ca][cb][cc][cf][dd][de][ec]AW[ad][ba][bb][bc][be][cd])
(;N[906]C[对杀题：黑先胜]AB[bb][cc][da][db][dc][ed][fc][fd][hc]AW[ba][bc][bd][cb][cd][dd][eb][ec][fb])
(;N[907]C[死活题：黑先净杀]AB[ae][af][bg][ca][cb][cd][cf][cg][db][dd][ec]AW[ab][ad][ba][bb][bd][be][bf][cc])
(;N[908]C[对杀题：黑先胜]AB[bc][bd][cb][cd][db][dc][dd][ee][fb][fc][fd][fe]AW[ab][ba][bb][be][ca][ce][da][de][dg][ea][eb][ec][ed])
(;N[909]C[对杀题：黑先胜]AB[bb][be][ce][da][de][ea][eb][ec][ed]AW[ca][cb][db][dc][dd][ee][fb][fe][gb][gd])
(;N[910]C[死活题：黑先净活]AB[ad][ba][bb][bd][cc][dc][eb][ec]AW[bc][be][ca][cb][cd][ce][ea][ed][fa][fb][fc][fd])
(;N[911]C[死活题：黑先净活]AB[ad][ba][bd][cb][cc][cd][db]AW[af][bb][bc][bf][ce][da][de][eb][ec][ed])
(;N[912]C[手筋题：黑先最佳着手]AB[ca][ce][db][dc][dd][de][df][ea][ed][ef][gd][ge][gf][ha][hb][hc][hg]AW[bb][bd][be][cb][cf][cg][dg][eb][ec][ee][eg][fc][fd][fe][ff][gb][gc][gg][gh])
(;N[913]C[死活题：黑先劫活]AB[ce][dc][dd][ec][ee][eg][fd][fe][ff][fg][gf][hg]AW[be][cc][cd][cf][db][dg][eb][eh][fc][fh][gc][gd][ge][gg][gh][hf])
(;N[914]C[对杀题：黑先胜]AB[ac][bd][be][cb][cc][cf][da][db][df][ef][fd][fe][ff][ga][gb][gc]AW[ba][bb][bc][cd][ce][dc][de][eb][ed][ee][fa][fb][fc])
(;N[915]C[对杀题：黑先胜]AB[aa][ac][ad][bb][bd][cd][dd][eb][ec][fc]AW[bc][be][cc][ce][da][db][dc][de][ed][ee])
(;N[916]C[对杀题：黑先胜]AB[ab][ba][bc][cc][dc][ed][ee][gd][ge][hb][hc]AW[ac][ad][bd][cd][cg][db][dd][eb][ec][gb][gc])
(;N[917]C[对杀题：黑先胜]AB[bb][bd][cd][ce][dc][de][ea][eb][ec][fb]AW[bc][cb][cc][db][dd][ed][fc][fd][gb][gc])
(;N[918]C[对杀题：黑先胜]AB[ac][ad][ai][bc][be][bf][bi][cd][ce][ci][df][dh][ef]AW[ab][af][ag][ah][bb][bg][bh][cc][cf][cg][dc][dd][de])
(;N[919]C[死活题：黑先净杀]AB[bf][bh][ca][cb][cc][cd][ce][cf]AW[ba][bb][bc][bd][be])
(;N[920]C[对杀题：黑先劫]AB[ad][bb][bd][cb][cc][dd][eb][ec][ed]AW[ae][ba][bc][be][ca][cd][ce][da][db][dc])
(;N[921]C[对杀题：黑先胜]AB[cb][cc][da][db][dd][ed][fd][gb][gc][ic]AW[ba][bb][bc][ca][cd][de][ea][ee][fb][fc][fe][gd][ge])
(;N[922]C[死活题：黑先净杀]AB[bb][bc][cd][ce][de][ee][fa][fc][fe][gc][hc][ia][ib][ic]AW[cb][cc][da][dd][ea][ec][ed][fb][ha][hb])
(;N[923]C[基础题：黑先最佳着手]AB[ae][ba][bc][be][cd][ce][de][ea][eb][ec][ed][gc]AW[ab][af][bb][bf][cb][cf][da][db][dc][dd][df][ee][ef])
(;N[924]C[死活题：黑先净活]AB[da][db][eb][ec][fd][gb][gc][ha][hb]AW[cb][cc][dc][ed][ee][fc][ff][gd][ge][hc][ib][ic])
(;N[925]C[死活题：黑先净杀]AB[cb][cc][cd][de][ea][ee][fa][fe][ga][ge][he][ib][ic][id]AW[db][ec][fb][fd][gb][gc][gd][ha][hb])
(;N[926]C[对杀题：黑先胜]AB[bc][bd][be][cf][dd][de][eb][ec][fa][gb]AW[ba][bb][bf][bg][cc][cd][ce][ch][da][db][ea])
(;N[927]C[对杀题：黑先胜]AB[ab][ac][ae][be][cb][ce][db][de][eb][ed][fc][fd]AW[ad][ba][bb][bd][cc][cd][dc][ec][fb][gb][gc])
(;N[928]C[对杀题：黑先胜]AB[bb][bc][cc][dd][ed][fa][fc][fd][gb][hb]AW[cb][cd][ce][da][dc][eb][ec][fb][gc][gd][ge])
(;N[929]C[对杀题：黑先胜]AB[ab][ad][ae][bc][be][cd][ce][dd][ec][fa][fb][fc][fd]AW[af][bb][bf][cb][cc][cf][dc][de][df][ea][eb][ed][ee])
(;N[930]C[对杀题：黑先胜]AB[ac][ba][bc][cb][cc][dc][dd][ee][fb][fd][fe][gb]AW[ab][ad][bd][bf][cd][da][db][de][df][eb][ec][ed])
(;N[931]C[对杀题：黑先胜]AB[cb][cc][ce][df][ea][ef][fb][fc][fd][ff][ge][gf]AW[da][db][dc][ed][ee][fe][gb][gc][gd][he][ic])
(;N[932]C[对杀题：黑先胜]AB[bb][bc][cd][dd][eb][ed][fc][gc][hc]AW[bd][be][cc][db][dc][df][ec][eg][fb][fd][fe])
(;N[933]C[死活题：黑先净杀]AB[ad][ba][bd][cd][dd][ec][fa][fb][fc]AW[ac][bc][ca][db][dc][ea][eb])
(;N[934]C[对杀题：黑先胜]AB[ac][bb][bc][cd][dd][ec][fa][fb][fc]AW[ba][bd][be][cb][cc][ce][db][ea][eb])
(;N[935]C[手筋题：黑先最佳着手]AB[bb][bc][bd][bh][cb][ce][cf][dd][dh][ee][ef][eh]AW[be][bf][cc][cd][ch][ci][db][dc][de][di][ec][ei][gc])
(;N[936]C[死活题：黑先净杀]AB[ba][bb][bc][cd][da][db][dd][ed][fb][fe][ge][ha][hb][hc][hd][he]AW[ca][cb][cc][dc][eb][ec][fd][ga][gb][gc][gd])
(;N[937]C[对杀题：黑先胜]AB[ab][bb][bd][ca][cd][dd][ea][eb][ec]AW[ac][ba][bc][cc][dc][ed][ee][fa][fb][fc])
(;N[938]C[死活题：黑先劫活]AB[ab][ad][ba][bd][cc][cd][db][ea]AW[bb][bc][be][cb][ce][dc][dd][de][eb][fb])
(;N[939]C[对杀题：黑先胜]AB[aa][bb][bd][ca][cb][ce][db][dd][ec][ed]AW[ac][bc][cc][da][dc][ea][eb][fc][gb])
(;N[940]C[手筋题：黑先最佳着手]AB[bc][bd][cd][db][dc][de][eb][ee][hd][hf]AW[be][cc][ce][dd][df][ec][ed][fd][fg])
(;N[941]C[死活题：黑先净活]AB[af][be][bg][cd][ce][cg][de][df]AW[ab][bb][bh][cc][ch][dc][dd][dg][dh][ee][ef])
(;N[942]C[对杀题：黑先胜]AB[ac][ad][bd][cd][cf][db][dc][eb]AW[aa][ab][bc][ca][cb][cc][dd][ed][fb][fc])
(;N[943]C[手筋题：黑先最佳着手]AB[bb][bc][cc][dd][ed][fb][fc]AW[cb][da][dc][ec][fd][gb][gc][gd])
(;N[944]C[死活题：黑先净杀]AB[ae][bb][be][cd][cf][da][dd][ea][eb][ec][ed]AW[ab][ad][bc][bd][ca][cc][db][dc])
(;N[945]C[对杀题：黑先胜]AB[be][ca][cb][ce][dc][de][ea][eb][ec][ee][fd][gd]AW[bb][bd][cc][cd][dd][ed][fa][fb][fc][hb][hc])
(;N[946]C[对杀题：黑先劫]AB[bb][bd][cb][cc][cd][de][ee][fb][fc][fd][fe]AW[ab][ac][ad][ae][ba][bc][be][ce][db][dd][eb][ec][ed])
(;N[947]C[死活题：黑先净活]AB[ad][ba][bc][cb][cc][cd][ce][dd][eb][ec][ed][fd][gc][gd]AW[ab][ac][af][bd][be][bg][ca][cf][cg][da][db][dc][ea][ef][fb][fc][gb][gf][hc][he][ic][je])
(;N[948]C[手筋题：黑先最佳着手]AB[bb][bd][ca][cc][cd][da][db][de][df][dg][ea][ed][ee][ff][gc][gf][hf][id][ie][if]AW[dc][dd][eb][ec][fa][fc][fe][gb][ge][hc][he][ic][jc])
(;N[949]C[对杀题：黑先胜]AB[ab][bc][bf][cc][ce][da][db][eb][ec][fb][fd]AW[ba][bb][cb][dc][dd][ed][fa][fc][fe][gb][gc])
(;N[950]C[对杀题：黑先劫]AB[bb][bd][cb][cc][dd][de][ea][ee][fb][fc][fd]AW[ab][ba][ca][da][db][dc][ec][ed][fe][gb][gc][gd][ge])
(;N[951]C[手筋题：黑先最佳着手]AB[bb][bc][cd][dd][eb][ed][fa][fc][fd][fe]AW[bd][be][cb][cc][ce][da][dc][de][ec][fb][gb][gc][hb][he])
(;N[952]C[手筋题：黑先最佳着手]AB[bb][bc][bd][ca][cb][ce][de][ea][ee][fb][fc][fd]AW[cc][cd][db][dd][eb][ec][ed][fe][gb][gc][gd][ge])
(;N[953]C[手筋题：黑先最佳着手]AB[ba][bf][cb][cg][db][df][ec][eg][fc][ff][gc][hc]AW[bb][bc][cc][cd][ed][fd][gd][gf][hd][hf])
(;N[954]C[基础题：黑先最佳着手]AB[af][bc][bf][cb][cc][cf][dc][dd][df][ee][fe]AW[ab][ac][ad][ae][be][cd][ce][db][de][eb][ec][ed][gc])
(;N[955]C[对杀题：黑先胜]AB[ca][cb][cc][dd][ed][fd][gb][gc][gd]AW[ad][bb][bc][be][cd][ce][dc][ea][ec][fc])
(;N[956]C[1&黑先，死活问题，净活]AB[af][bg][cg][dc][dd][de][df][ef]AW[cb][cc][cf][db][dg][ec][ed][ee][eg][ff])
(;N[957]C[死活题：黑先净杀]AB[ad][bb][bd][be][ce][cg][ee][fc][fd][hc]AW[ac][bc][cb][cd][db][dc][dd][ed])
(;N[958]C[死活题：黑先净杀]AB[bc][bd][be][cb][cf][db][df][eb][ef][fb][ff][gb][gf][hc][hd][he]AW[cc][cd][dc][de][ed][ee][fc][fe][gc][gd])
(;N[959]C[手筋题：黑先最佳着手]AB[be][cd][ce][db][dc][df][eb][fg]AW[ac][bb][bd][cb][cc][dd][de][fd][hb][hc][hd][he])
(;N[960]C[死活题：黑先净活]AB[cc][cd][ce][cf][dc][df][dg][ec][eg][fc][ff][fg][gc][gd][ge][gf]AW[bc][bd][be][bf][cb][cg][ch][db][dh][eb][ee][eh][fb][fh][gb][gg][gh][hc][hd][he][hf])
(;N[961]C[死活题：黑先净杀]AB[ac][bd][be][ca][ce][de][ea][eb][ec][ed][ee]AW[ab][bb][bc][cd][da][db][dc][dd])
(;N[962]C[手筋题：黑先最佳着手]AB[bb][bc][bd][ce][de][ed]AW[be][bf][cc][cd][cf][df][ec][ef][fc])
(;N[963]C[手筋题：黑先最佳着手]AB[bd][cb][cd][ch][dc][de][dh][ef][eg][ff][gd]AW[be][ce][cf][dd][dg][ee][eh][fg][fh][gf])
(;N[964]C[对杀题：黑先胜]AB[bb][bc][bd][cd][db][dd][ed][fa][fb][fc]AW[ba][cb][cc][dc][eb][ec][fd][gd][hb][hc])
(;N[965]C[手筋题：黑先最佳着手]AB[bd][be][cd][cf][da][db][dc][df][ef][ff][gb][gc][ge][gf]AW[ca][cb][cc][ce][dd][de][ec][ee][fd][fe])
(;N[966]C[对杀题：黑先胜]AB[ba][bb][bc][cc][dd][ed][fc][ga][gb][gd]AW[ad][bd][ca][cb][cd][cf][db][dc][ec][fb])
(;N[967]C[对杀题：黑先胜]AB[cb][cc][dc][eb][ec][fd][gd][hb][hc]AW[bb][bc][cd][dd][ea][ed][fb][fc])
(;N[968]C[对杀题：黑先胜]AB[bc][cb][cc][dd][de][ea][ed][fd][gc][hc][ib][id]AW[bd][cd][cf][dc][df][eb][ec][fa][fc][ff][gb][gd][ge][hb])
(;N[969]C[对杀题：黑先劫]AB[ab][ad][bd][cd][db][de][df][eb][ec][ed]AW[ac][ba][bc][cb][cc][da][dc][dd][ee][fb][fd][fe][gb])
(;N[970]C[手筋题：黑先最佳着手]AB[ab][bb][be][ce][db][dc][dd][fd]AW[ae][bc][bd][bg][cb][cd][de][dg][ee])
(;N[971]C[对杀题：黑先胜]AB[bb][cb][cc][da][dd][de][df][ef][fc][fd][fe][ff][gc][hb][hc]AW[ab][ad][ba][bc][be][cd][ce][cf][dc][ea][eb][ec][ed][ee][fb][gb])
(;N[972]C[基础题：黑先最佳着手]AB[ac][ad][bd][cd][ce][da][db][dc][de]AW[ab][bb][bc][cc][dd][eb][ec][ed])
(;N[973]C[对杀题：黑先劫]AB[ba][bc][bd][cd][ce][df][ec][ed][ee][ef]AW[bb][be][bf][ca][cc][cf][ch][db][dc][dd][de])
(;N[974]C[死活题：黑先净活]AB[aa][ab][ac][ad][bd][ca][cd][dd][ea][eb][ec]AW[ae][bc][be][cb][cc][ce][dc][de][ed][fb][fc][fd])
(;N[975]C[对杀题：黑先胜]AB[ba][bb][ca][cc][cd][da][db][dc][ed][fd][gb][gc]AW[ab][ac][bc][bd][ce][dd][de][ea][eb][ec])
(;N[976]C[对杀题：黑先胜]AB[ab][ae][bc][be][ce][da][db][dc][dd][de]AW[ad][af][bd][bf][ca][cb][cc][cd][cf][df][ed][ee][ef][fb][fc])
(;N[977]C[死活题：黑先净杀]AB[ad][be][ca][ce][da][db][dc][dd][de]AW[ab][ac][ba][cb][cc][cd])
(;N[978]C[对杀题：黑先胜]AB[cc][cd][dd][ec][fc][gc]AW[db][dc][ed][fd][gd][hb][hc][hd])
(;N[979]C[对杀题：黑先胜]AB[cd][ce][da][db][dc][df][ec][fa][fc][gb][gd][ge][gf]AW[bd][ca][cb][cc][dd][ed][fb][fd][gc][ha][hb][hc][hd])
(;N[980]C[手筋题：黑先最佳着手]AB[ca][ce][db][dc][dd][de][df][ea][ed][gd][ge][gf][ha][hb][hc][hg]AW[bb][bd][be][cb][cf][dg][eb][ec][ee][eg][fa][fd][fe][ff][gb][gc][gg][gh])
(;N[981]C[死活题：黑先净活]AB[ba][bb][bc][cc][db][ea][eb]AW[ab][ad][bd][ca][cd][dc][dd][ec][fb][fc])
(;N[982]C[手筋题：黑先最佳着手]AB[bd][be][ca][cb][cc][cf][dc][eb][gb][gc]AW[ba][bb][bc][cd][dd][ec][ed][fb])
(;N[983]C[手筋题：黑先最佳着手]AB[ba][bb][bc][cb][cd][dd][fb][fc][fd]AW[bd][be][ca][cc][db][dc][fa][ga][gb][gc])
(;N[984]C[死活题：黑先净杀]AB[ad][af][bf][cb][cf][db][dc][dd][df]AW[ae][ba][bb][be][cc][cd][ce])
(;N[985]C[死活题：黑先净杀]AB[ea][eb][ec][ee][fa][fd][ge][he][ia][ib][ic][ie][je][ka][kb][kc][kd]AW[fb][fc][ga][gc][ha][hc][hd][id][ja][jb][jc][jd])
(;N[986]C[对杀题：黑先胜]AB[bb][bc][cd][dd][eb][ed][fc][gc][hd]AW[bd][be][cc][db][dc][ec][fb][fd][fe])
(;N[987]C[对杀题：黑先胜]AB[ba][bb][bc][cd][dd][ee][fe][ga][gd][ge][ha][hb][hc]AW[ca][cb][cc][da][dc][ea][ec][ed][fa][fc][fd][gb][gc][hd][id][jb][jc])
(;N[988]C[死活题：黑先净杀]AB[bb][bc][bd][ca][cd][db][dd][ed][fd][gd][ha][hb][hc]AW[cb][cc][dc][ea][ec][fb][fc][ga][gb])
(;N[989]C[对杀题：黑先胜]AB[be][cb][cd][ce][db][eb][ed][fc][fd][gd]AW[ab][ad][bb][bd][cc][dc][ec][fb][ga][gc][hb][hc])
(;N[990]C[对杀题：黑先胜]AB[ec][gb][gc][hd][id][ja][jd][kb][kc]AW[gd][ge][hb][hc][ia][if][jb][jc][je][kd][ke])
(;N[991]C[对杀题：黑先胜]AB[bd][cc][cd][da][dd][df][ea][eb][ec]AW[aa][ac][ba][bc][ca][cb][db][dc][ed][fc][fd][gb][gc])
(;N[992]C[死活题：黑先净杀]AB[ab][ad][bb][bf][bh][cb][cf][db][df][ec][ed][ee]AW[ac][bc][bd][be][cc][ce][dc][dd])
(;N[993]C[手筋题：黑先最佳着手]AB[cb][db][ea][ec][fc][gd][hb][hc][hd]AW[ba][bb][ca][cc][dc][de][ed][fd][gb][gc])
(;N[994]C[对杀题：黑先胜]AB[ab][ba][bb][bc][cd][ce][de][eb][ee][fe][gc][gd]AW[ac][ad][bd][be][bf][cb][cc][cf][db][dd][ed])
(;N[995]C[死活题：黑先净杀]AB[bc][cb][da][dc][dd][ed][fe][ge][ha][hb][hc][hd]AW[cc][db][ea][eb][ec][fd][ga][gb][gc][gd])
(;N[996]C[对杀题：黑先胜]AB[ba][cb][dc][ec][fc][gb][ha][hb][hc][hd]AW[ab][bb][bc][cc][ce][da][dd][ed][fa][fb][fd][ga][gc][gd])
(;N[997]C[手筋题：黑先最佳着手]AB[bb][bc][bd][ca][de][df][ea][eb][fc][ff][ga][gc][hc][hf][id][ie]AW[cc][db][ec][ed][fa][fb][fd][gd][hd][ib][ic][jc])
(;N[998]C[手筋题：黑先最佳着手]AB[ba][bb][bc][ca][cc][da][dd][de][ee][fa][fc][gc]AW[bd][bf][cb][cd][cf][db][dc][ed][fb][gb][gd][hb][hc][hd])
(;N[999]C[死活题：黑先净活]AB[dc][eb][ec][fc][ga][gc][hc][ia][ib]AW[cb][cc][db][dd][ea][ed][fb][fd][gd][hd][ic][ja][jb][jc])
(;N[1000]C[手筋题：黑先最佳着手]AB[dh][ec][ee][eh][fh][gc][gd][gg][gh][he][hg][ie][if]AW[ce][ch][ci][db][dc][de][di][ef][ei][fd][fi][ge][gf][gi][hf][ig][ih])
(;N[1001]C[死活题：黑先净活]AB[ba][bb][cc][da][db][dc][ec][fb][gb]AW[ab][bc][be][cd][dd][ea][ed][fc][ga][gc][hb][hc])
(;N[1002]C[死活题：黑先净活]AB[ae][bc][bd][bf][bg][ce]AW[bb][cb][cc][cd][cf][cg][ch][ci][dd][df][ed][ef][fe])
(;N[1003]C[死活题：黑先净杀]AB[bb][bf][cf][db][df][ea][fb][fe][gc]AW[be][ca][cb][ce][dd][eb][ec])
(;N[1004]C[死活题：黑先净杀]AB[bd][cd][dd][ea][eb][ec]AW[ba][bb][cc][da][db][dc])
(;N[1005]C[手筋题：黑先最佳着手]AB[bb][cb][cc][cd][dd][df][dg][ed][ee][eg][fd][ge][hd][hg]AW[bc][bd][be][bh][ce][cf][db][de][ec][ef][fc][fe][ff][gc][gd][gf][ii])
(;N[1006]C[死活题：黑先净杀]AB[be][ca][ce][da][db][dc][dd][de]AW[ba][bb][bd][cb][cc][cd])
(;N[1007]C[死活题：黑先净活]AB[ac][bc][be][bh][cc][cd][cf][cg]AW[ad][bd][bf][bi][cb][ce][ci][db][dc][dd][de][df][dg][dh])
(;N[1008]C[手筋题：黑先最佳着手]AB[cb][cc][cd][db][de][ee][gc][ge][hd]AW[bb][bc][bd][be][ce][dc][dd][eb][ed][gd])
(;N[1009]C[对杀题：黑先劫]AB[aa][ab][ac][ad][ae][be][ce][cg][db][dd][eb][ec][ed]AW[ba][bb][bc][bd][cb][cc][cd][da][de][ee][fb][fc][fd][fe])
(;N[1010]C[死活题：黑先净活]AB[ac][ad][af][bb][be][bg][bh][bi][cb][cc][cd][cg][dg]AW[bf][bj][ca][ce][cf][ch][ci][ck][db][dc][dd][de][dh][ef][eg][eh])
(;N[1011]C[对杀题：黑先胜]AB[ab][bb][bc][bd][be][cc][dd][ea][eb][ed][fb][fc][fd]AW[ba][cb][cd][ce][db][dc][de][ee][fe][ga][gb][gc][gd][ge])
(;N[1012]C[手筋题：黑先最佳着手]AB[db][dc][dd][de][hb][hc][he]AW[bb][bd][ce][cf][df][ec][ee][fc][fe][gc])
(;N[1013]C[死活题：黑先净杀]AB[af][bc][bf][ca][cb][cf][db][dc][dd][de][df]AW[ac][ad][ae][ba][bb][be][cc][cd][ce])
(;N[1014]C[对杀题：黑先胜]AB[ba][be][bf][cb][cd][ce][db][dc][de]AW[ac][ae][bc][bd][cc][da][dd][eb][ec][ed])
(;N[1015]C[死活题：黑先净活]AB[ad][bc][bd][bf][cc][cg][dd][de][df][dg]AW[ab][af][ag][bb][bg][bh][cb][cd][ch][dc][dh][ec][ed][ee][ef][eg][eh])
(;N[1016]C[对杀题：黑先胜]AB[gb][gc][gd][hd][ic][jb][jc]AW[ha][hb][hc][id][jd][kb][kc][ke])
(;N[1017]C[死活题：黑先净活]AB[bb][bd][ca][cc][cd]AW[be][cb][ce][db][dc][dd])
(;N[1018]C[死活题：黑先净活]AB[af][ag][bc][bd][be][bf][bh][bi][ch][cj][dh][di][dj]AW[ac][bb][bg][bj][bk][cc][ce][cg][ck][db][dc][de][dg][dk][eg][eh][ei][ej])
(;N[1019]C[对杀题：黑先胜]AB[ba][cb][cc][cd][db][de][ee][fe][ga][gd][ha][hb][hc][hd]AW[bb][bc][bd][be][ce][dd][eb][ed][fa][fd][gb][gc])
)