((;N[1]C[死活题：黑先劫活]AB[ba][be][cb][cd][ce][db][dd][eb][ec][ed]AW[ae][bb][bc][bd][bf][cc][cf][dc][df][fb][ff][gc][gd][ge])
(;N[2]C[对杀题：黑先胜]AB[ab][ad][ae][bb][bc][cb][cc][ce][dd][de][ec][fb][fc]AW[af][ba][bd][be][bf][ca][cd][cf][ch][da][db][dc][eb])
(;N[3]C[对杀题：黑先劫]AB[ad][bc][bg][cd][cf][ch][dd][df][ed][ee][ef]AW[bb][bd][be][bf][cb][cc][ce][de][ec][fc])
(;N[4]C[手筋题：黑先最佳着手]AB[be][cd][cf][dd][eb][ed][ef]AW[bc][bd][cc][ec][fb][fc][fd][fe])
(;N[5]C[手筋题：黑先最佳着手]AB[bd][cd][dd][df][ee][fe]AW[bb][bf][ce][ch][dc][de][dh][ec][ed][gc])
(;N[6]C[死活题：黑先净杀]AB[bb][bc][bf][cd][ce][df][eb][ec][ed][ee]AW[ab][ac][ad][ae][bd][cb][cc][dc])
(;N[7]C[死活题：黑先净活]AB[ac][bb][bc][cb][db][dc][eb]AW[ba][bd][cc][cd][dd][df][ea][ec][fb][fc])
(;N[8]C[死活题：黑先净活]AB[cb][db][dc][dd][ed][fb][ga][gb][gc][gd]AW[bb][bc][cc][ce][de][ee][fc][fd][ff][ge][ha][hb][hc][hd])
(;N[9]C[手筋题：黑先最佳着手]AB[dd][de][df][ec][fb][fc][gb][gd][hd]AW[cc][db][dc][dg][dh][di][ed][ef][fd][fh][gc][hb][hc])
(;N[10]C[死活题：黑先净杀]AB[bb][bc][bf][cd][cf][dd][eb][ec]AW[ba][bd][be][cb][cc])
(;N[11]C[死活题：黑先净杀]AB[bb][bc][cc][dd][ed][fa][fd][gd][hc][ib][ic]AW[ca][cb][dc][eb][ec][fc][gb][gc][hb])
(;N[12]C[死活题：黑先净活]AB[ba][bb][bc][cc][ce][dc][de][eb][ec][ed][ee]AW[ac][bd][be][bf][ca][cb][cd][cf][db][dd][df][ea][ef][fb][fc][fd][fe][hb])
(;N[13]C[手筋题：黑先最佳着手]AB[ba][bb][bc][ca][cd][ce][de][eb][ee][fc][fe][gd][hc][hd]AW[bd][be][bf][cb][cc][cf][da][db][dd][ed][fb][fd][gb][gc][hb][ib])
(;N[14]C[手筋题：黑先最佳着手]AB[cc][cd][dc][eb][fb][fc][fd]AW[bb][bd][ce][db][dd][de][ec][ed])
(;N[15]C[对杀题：黑先胜]AB[ab][ae][bb][bc][bf][cb][dc][ec][ee]AW[ac][ad][bd][cc][cd][db][de][eb][fb])
(;N[16]C[死活题：黑先净活]AB[ad][ba][bc][bd][cc][da][db][dc]AW[ab][bb][be][cb][cd][cf][dd][ea][eb][ec][ed])
(;N[17]C[死活题：黑先净杀]AB[bb][bc][bd][ce][da][db][de][ea][ee][fb][fe][ge][hb][hd][he][ib][ic]AW[ca][cb][cc][cd][dd][ec][ed][fa][ga][gb][gc][gd][hc])
(;N[18]C[手筋题：黑先最佳着手]AB[cb][cc][cd][de][ee][fe][gb][ge][hb][hc][hd]AW[bb][bc][bd][ce][cf][dd][eb][ed][gc][gd])
(;N[19]C[手筋题：黑先最佳着手]AB[be][cd][ce][dc][ec][ed][fc]AW[ac][bb][bd][cb][cc][db][dd][de][gg])
(;N[20]C[死活题：黑先劫杀]AB[bc][bd][ce][de][eb][ec][ed][fa]AW[ab][bb][ca][cc][db][dc])
(;N[21]C[对杀题：黑先胜]AB[bf][cc][cd][cf][db][de][ee][fe][gc][gd]AW[bb][bc][bd][be][ce][dd][eb][ed])
(;N[22]C[对杀题：黑先胜]AB[ab][bc][cc][cd][de][ed][fa][fb][fc]AW[bb][be][cb][ce][dc][dd][ea][eb])
(;N[23]C[对杀题：黑先胜]AB[bb][bc][bf][bh][ca][cb][ce][cf][db][de][ec][ed][ee]AW[ac][ae][bd][be][cc][cd][da][dc][ea][eb][fb][fc][fd])
(;N[24]C[手筋题：黑先最佳着手]AB[bc][be][ca][cb][cd][dd][ec][ed][fa][fb][gb]AW[cc][db][dc][eb][fc][ga][gc][ha][hb][hc])
(;N[25]C[死活题：黑先劫杀]AB[ba][bb][bc][bd][ca][ce][cf][db][ea][ef][ff][ge][ha][hb][hc][hd][he]AW[cb][cc][cd][dd][eb][ed][fa][fc][fd][ga][gb][gc][gd])
(;N[26]C[手筋题：黑先最佳着手]AB[bd][be][cc][cf][db][dd][ee][eg]AW[cd][ce][dc][de][df])
(;N[27]C[死活题：黑先净活]AB[ca][cb][db][dd][ed][fd][gb][gc][ha][hb]AW[ba][bb][bc][cc][ce][dc][de][ee][fe][ga][gd][ge][hc][ia][ib][ic])
(;N[28]C[死活题：黑先劫活]AB[ab][ad][bd][bf][cc][cd][cf][db][dc][de][df]AW[ac][bb][bc][bg][cb][cg][da][dg][eb][ec][ed][ee][ef])
(;N[29]C[对杀题：黑先胜]AB[ba][bb][bc][cd][dd][ec][fb][fc]AW[bd][be][ca][cb][cc][da][dc][eb])
(;N[30]C[死活题：黑先净活]AB[ae][ah][ba][bc][bd][be][bf][bh][cg][ch]AW[aa][ac][bb][bi][cb][cc][ce][ci][dc][de][di][eg])
(;N[31]C[对杀题：黑先胜]AB[bb][bc][cd][ce][db][de][ed][ee][fa][fb][fc]AW[cb][cc][da][dd][ea][eb][ec][fd][gd][hb][hd])
(;N[32]C[对杀题：黑先劫]AB[ab][bc][be][cc][cf][db][dc][eb][ed][ee]AW[ac][ad][bb][bd][cb][cd][dd][ec][fb][fc])
(;N[33]C[死活题：黑先净杀]AB[ad][ba][bb][bd][ca][cd][dd][ed][fc][ga][gc][ha][hb][hc]AW[ab][ac][bc][cb][cc][db][dc][ea][ec][fb][gb])
(;N[34]C[基础题：黑先最佳着手]AB[be][cf][de][dg][eg][fg][ge][gf]AW[ci][db][dd][df][ee][ef][ei][fc][ff][gg][gh][hc])
(;N[35]C[死活题：黑先净杀]AB[bc][ca][cc][db][dc][ec][gc][ha][hb][hc]AW[ab][bb][cb][da][ea][eb][fb][ga][gb])
(;N[36]C[对杀题：黑先胜]AB[ac][ba][bc][bd][cc][dd][ed][fb][fc][fd]AW[ad][ae][bb][be][cd][ce][cg][da][db][dc][ec])
(;N[37]C[手筋题：黑先最佳着手]AB[ge][gf][gg][jb][jc][jd][je]AW[ec][fb][gc][ie][ig][jf][kc][kd][ke][kg])
(;N[38]C[对杀题：黑先胜]AB[ab][ba][bc][cc][dc][ed][ee][ge][hc][hd][ib]AW[ac][ad][bd][ca][cd][cg][dd][eb][ec][gb][gc])
(;N[39]C[手筋题：黑先最佳着手]AB[bi][cg][cj][ck][df][dk]AW[bh][ci][dh][dj][ej][ek])
(;N[40]C[对杀题：黑先胜]AB[bd][cb][cd][dd][ea][ec][fa][fb][fc]AW[ab][bb][ca][da][db][dc][eb][ed][ee][gc][gd][hb])
(;N[41]C[对杀题：黑先胜]AB[ab][bb][bc][cd][dd][ed][fb][fc][fd]AW[ac][bd][be][cc][ce][da][db][dc][de])
(;N[42]C[死活题：黑先净活]AB[ba][bb][cc][cd][dd][ec][ed][fb][ga][ha]AW[ab][bc][bd][ca][cb][ce][de][ee][fc][fd][gb][hc][ib])
(;N[43]C[死活题：黑先净杀]AB[ba][be][cd][ce][dc][ea][eb][ec]AW[ab][ad][bb][bc][bd][cc][da][db])
(;N[44]C[手筋题：黑先最佳着手]AB[da][ea][eb][ec][gc][hb]AW[ca][ce][db][dc][dd])
(;N[45]C[死活题：黑先净杀]AB[ba][bb][bc][bd][ca][cf][dc][ed][ef][fd][ga][gb][ge][he][ic][id][ie][jb][kc]AW[cb][cc][cd][da][dd][ea][eb][ec][fb][fc][gd][hb][hc][hd][ia][ib])
(;N[46]C[手筋题：黑先最佳着手]AB[cb][cc][cd][dd][de][df][dg][ee][eg][fh][gc][gh][hd][he][hg][ie]AW[bf][ch][ci][dc][ec][ed][ef][eh][ei][fc][fe][ff][fg][gb][ic][id][kc][kd])
(;N[47]C[对杀题：黑先胜]AB[ca][cb][cc][cd][da][de][ee]AW[be][ce][cg][db][dc][dd][fb][hb][hc][hd])
(;N[48]C[对杀题：黑先胜]AB[ae][ba][be][cb][ce][dc][de][ed][ee]AW[ab][ad][bb][bd][cd][dd][eb][ec][fd][gc])
(;N[49]C[对杀题：黑先劫]AB[ab][ad][bc][cb][cc][ce][dd][de][ec][fb][fc]AW[ba][bd][be][bf][ca][cd][cf][da][db][dc][eb])
(;N[50]C[手筋题：黑先最佳着手]AB[bb][bc][bd][cf][ec][ef][ff][gc][ge]AW[cb][cc][dd][ed][fb][hc][hd][jd])
(;N[51]C[死活题：黑先净杀]AB[ad][be][ce][dc][dd][de][eb][fc]AW[ab][bd][cb][cc][cd][db])
(;N[52]C[对杀题：黑先胜]AB[cb][cd][dd][de][ed][fb][fc][gb][gc][hc][ib]AW[ea][eb][ec][ee][fa][fd][fe][hb][hd][ic][id][jc])
(;N[53]C[手筋题：黑先最佳着手]AB[bb][cc][cd][cf][dd][ed][ef][fa][fb][fc][gf][hd][he]AW[ba][bc][bd][be][cb][dc][eb][ec][fd][gc][gd][hb][hc])
(;N[54]C[手筋题：黑先最佳着手]AB[bc][bd][be][cd][dd][df][ec][ef][fc][fe]AW[ab][bb][cc][ce][cf][db][dc][de][eb][ed][ee][hc][he])
(;N[55]C[对杀题：黑先胜]AB[cc][cd][da][dd][df][eb][ec][ee]AW[aa][ab][ac][ba][bc][cb][db][dc][ed][fd][gc])
(;N[56]C[死活题：黑先净杀]AB[af][bf][cb][ce][cg][db][de][ec][ed][fb][ff]AW[ac][ae][bb][bd][be][cd][dd])
(;N[57]C[死活题：黑先净杀]AB[ae][ba][bb][be][cb][cc][ce][de][ec][ed][ee][fa][fb]AW[aa][ab][ad][bc][bd][cd][db][dc][dd][eb])
(;N[58]C[对杀题：黑先劫]AB[ab][bd][cb][cd][db][dd][eb][ec][fb]AW[bb][bc][ca][cc][da][dc][ed][ee][fc][gb][gc])
(;N[59]C[手筋题：黑先最佳着手]AB[ab][ae][be][cb][ce][db][dc][dd][eb]AW[ad][ba][bb][bd][ca][cc][cd][de][ec][ed][ee][fb][gc])
(;N[60]C[死活题：黑先净杀]AB[ae][ag][bc][bg][cd][ce][cf][cg]AW[bb][be][bf][bh][cb][ch][dc][dd][df][dg][dh][fd])
(;N[61]C[手筋题：黑先最佳着手]AB[ab][ad][bb][bd][cb][db][dc][de][df][ef][eg][ff]AW[ac][bc][cc][cf][dd][dg][ec][ee][eh][fc][fd][fe][fg][gf][gg])
(;N[62]C[手筋题：黑先最佳着手]AB[bh][bi][ch][cj][df][dh][dj][ef][ej][fg][fi][fj]AW[bj][bk][cg][ci][ck][dg][di][dk][eg][eh][ei][ek][gi][gk][hg][hi][hk])
(;N[63]C[对杀题：黑先胜]AB[bd][cd][dd][ec][ee][fc][fe][gc][hb][he][id][jd]AW[bc][cc][cf][dc][de][ed][fd][gd][hc][hd][ic][jf])
(;N[64]C[基础题：黑先最佳着手]AB[ba][bb][bc][cd][dd][ed][fa][fb][fc]AW[ab][bd][be][cb][cc][cf][da][dc][ea][eb])
(;N[65]C[手筋题：黑先最佳着手]AB[bc][cb][ce][cf][cg][de][ec][ee][fc][fd]AW[bb][cc][db][dd][df][ed][ef][fe][ff][gb][gc][gd])
(;N[66]C[死活题：黑先净活]AB[ca][cb][dc][ec][fb][fc][gb][ha]AW[ba][bb][bc][cd][da][dd][eb][ed][fa][fd][ga][gd][hb][ib][id])
(;N[67]C[手筋题：黑先最佳着手]AB[de][ef][fg][ga][gb][gc][gd][gg][he][ie][jf]AW[cd][ce][cf][db][dc][ff][ge][gf][hb][hc][hd][hf])
(;N[68]C[死活题：黑先净杀]AB[ac][bb][bd][ce][dd][ed][fb][fc][fd]AW[ad][bc][cb][cc][da][dc][eb][ec])
(;N[69]C[对杀题：黑先胜]AB[bb][bc][cd][ce][de][ee][fa][fb][fc][fd]AW[bd][ca][cc][dd][ea][eb][ec][ed][fe][gd][ge][hb][hc])
(;N[70]C[对杀题：黑先胜]AB[ca][cb][cc][cd][de][ee][fc][fd][fe][ga][gb][gc]AW[ba][bb][bc][bd][be][ce][dd][eb][ec][ed])
(;N[71]C[对杀题：黑先胜]AB[ba][ca][cb][cc][db][dd][de][ea][eb][fd][gb][gd][hc]AW[ab][bb][bc][cd][ce][cf][dc][ec][fa][fb][fc])
(;N[72]C[基础题：黑先最佳着手]AB[bb][bc][bg][cd][ce][dh][fc][fh][gg][hc][hd][he][hf]AW[cc][dc][dd][df][ed][ef][gb][hb][ic][id][ie][jb])
(;N[73]C[对杀题：黑先胜]AB[cb][cc][cd][db][de][df][ef][fe][gc]AW[bb][bc][bd][ce][cf][dc][dd][eb][ee][fc])
(;N[74]C[对杀题：黑先胜]AB[bc][bf][cc][cd][cf][db][dc][dd][df][ee][fd][fe]AW[aa][ac][ad][bb][bd][be][ce][de][ec][ed][fb][fc][gc][gd])
(;N[75]C[对杀题：黑先胜]AB[ab][bb][bc][be][cd][ce][de][eb][ec][ed]AW[ba][bd][cb][cc][dc][dd][ee][fb][fc][fd][fe])
(;N[76]C[死活题：黑先劫杀]AB[ac][bb][bf][cb][cf][db][df][eb][ee][eg][fb][ff][gb][gf][hc][hd][he]AW[bc][bd][be][cc][ce][dd][de][ec][ed][fc][fe][gd][ge])
(;N[77]C[手筋题：黑先最佳着手]AB[dd][df][ec][fb][ff][gb][ge][hb][hd][he][hf][ib][ic]AW[cf][ed][ee][ef][fc][fd][fe][gc][gd][gf][hc][id][ie][jb][jc][ke])
(;N[78]C[死活题：黑先净杀]AB[bb][bh][cb][cc][cg][ch][dd][de][df]AW[bc][bd][bf][bg][cd][ce][cf])
(;N[79]C[对杀题：黑先胜]AB[db][dc][dd][ee][fb][fe][gb][gd][hc]AW[bb][bc][ca][ce][de][eb][ec][ed][fa])
(;N[80]C[手筋题：黑先最佳着手]AB[ej][ek][fi][gi][hi][ij][ik]AW[ck][di][ei][fj][gj][gl][hj][ii][ji])
(;N[81]C[死活题：黑先净杀]AB[ag][bb][bc][bg][cb][cg][db][dg][eb][ee][ef][fc][fd]AW[ae][bd][bf][cc][cf][dc][de][df][ec][ed])
(;N[82]C[死活题：黑先净杀]AB[ad][bd][cd][dd][ea][eb][ec][ed]AW[bb][ca][cc][da][db][dc])
(;N[83]C[死活题：黑先净杀]AB[bc][bd][be][bf][cb][cc][cf][cg][db][dg][eb][eg][fb][fg][gb][gg][hb][hc][hd][he][hf][hg]AW[cd][ce][dc][df][ec][ef][fc][ff][gc][gd][ge][gf])
(;N[84]C[手筋题：黑先最佳着手]AB[be][ce][cg][db][dc][dd][df][ea][gb][gc]AW[ca][cb][cc][cd][de][eb][ee][fc][fd])
(;N[85]C[死活题：黑先净活]AB[ab][ba][cc][cd][dc]AW[be][ce][db][dd][eb][ed][fc])
(;N[86]C[手筋题：黑先最佳着手]AB[bc][cc][db][dc][dg][ef][eg][fc][fg][gb][gd][ge][gf]AW[bd][be][cf][ch][dd][df][eb][ec][fd][fe][ff][gg][gh])
(;N[87]C[对杀题：黑先胜]AB[ae][ba][bd][be][bf][cc][ce][da][db][dc]AW[ad][bb][bc][cd][dd][eb][ec][ed])
(;N[88]C[死活题：黑先净杀]AB[af][bf][cc][cd][ce][cf][da][db][dc]AW[aa][ac][ae][ba][bc][bd][be][cb])
(;N[89]C[手筋题：黑先最佳着手]AB[cf][cg][dh][eb][eh][fb][fc][fd][fh][gb][ge][gg][hb][he][hf][hg]AW[cd][ce][db][dc][df][ec][ed][eg][fe][fg][gc][gd][gf][ib][ic][id][ie])
(;N[90]C[手筋题：黑先最佳着手]AB[bd][bf][cd][cf][dc][de][eb][ec][fd][ff]AW[bb][bc][ca][cc][ch][db][dd][df][ed][ee][gc][hc][he][hf])
(;N[91]C[手筋题：黑先最佳着手]AB[bd][be][cb][cc][cf][ea][eb][fa][ga][gb][gc]AW[ba][bb][bc][cd][db][dd][ec][ee][fb][fc])
(;N[92]C[死活题：黑先净活]AB[cb][cc][da][dd][ec][ed][fb][ha][hb]AW[bb][bc][cd][ce][de][ee][fc][fe][gb][gc][hc][ib][ic])
(;N[93]C[死活题：黑先净杀]AB[bc][bf][ca][cd][ce][cf][da][db][dc][dd]AW[ba][bb][bd][be][cb][cc])
(;N[94]C[死活题：黑先净杀]AB[ae][be][cd][da][dd][ea][eb][ec][ed]AW[ad][bc][bd][ca][cc][db][dc])
(;N[95]C[对杀题：黑先胜]AB[bb][bc][bd][cd][dd][eb][ec][fa][fb]AW[ab][ba][cb][cc][dc][ed][fc][fd][ga][gb][gc])
(;N[96]C[死活题：黑先净活]AB[cb][cc][db][dd][ec][ed][fb][fc][fd][gd]AW[bb][bc][ca][ce][cf][ea][ee][fe][gb][gc][ge][hd][ic])
(;N[97]C[死活题：黑先净活]AB[ab][ac][bb][cc][dc][dd][ea][ee][fa][fc][fd][fe]AW[ad][bc][bd][cd][cf][de][ec][ef][fb][ff][ga][gb][gc][gd][ge])
(;N[98]C[对杀题：黑先胜]AB[ad][bb][bd][cb][cd][dd][eb][ec][ee][fb][gb]AW[ac][bc][cc][da][db][dc][ed][fc][fd][gc][hb][hc])
(;N[99]C[对杀题：黑先胜]AB[bc][bd][ce][de][ee][fb][fc][fd]AW[cd][db][dd][ed][fe][gb][gc][gd][ge])
(;N[100]C[手筋题：黑先最佳着手]AB[cb][cc][cd][db][de][ee][fa]AW[bc][bd][bf][ce][cg][dc][dd][ec][ga][gb][gd][gf])
(;N[101]C[死活题：黑先净杀]AB[af][ba][bf][ca][cb][cc][ce][cg][dc][de][dg][ec][ed][fb][gb][hc]AW[ab][ae][bb][bc][bd][be][cd][da][dd][eb][ee][fc][fd][fe][fg])
(;N[102]C[对杀题：黑先劫]AB[bd][be][cb][cc][cf][dc][eb][ec]AW[aa][bb][bc][ca][cd][dd][ed][fa][fb][fc])
(;N[103]C[对杀题：黑先胜]AB[aa][bb][bf][ca][cf][db][dc][df][ec][ed][ee]AW[bd][be][cb][cc][dd][de][ef][fb][fc][fd][fe][ff])
(;N[104]C[对杀题：黑先胜]AB[aa][ae][ba][be][cb][ce][da][db][dd][eb][ed][fc][fd]AW[ab][ad][bb][bd][cc][cd][dc][ec][fa][fb][gb][gc])
(;N[105]C[对杀题：黑先胜]AB[cb][cc][da][db][dd][ed][ee][gb][gc][gd]AW[ba][bb][bc][ca][cd][ce][dc][ec][fc])
(;N[106]C[死活题：黑先净杀]AB[af][bf][cb][ce][db][dc][dd][de]AW[ae][ba][bb][bd][cc][cd])
(;N[107]C[对杀题：黑先胜]AB[df][dh][ec][ed][ee][eh][fh][gc][gd][gg][he][hg][ie][if]AW[ce][ch][ci][db][dc][de][di][ef][ei][fd][fe][ff][fi][ge][gf][gi][hf][ig][ih])
(;N[108]C[对杀题：黑先胜]AB[ac][bd][cd][cf][da][db][dc]AW[aa][bb][bc][ca][cb][cc][dd][ed][fb][fc])
(;N[109]C[死活题：黑先净活]AB[ab][ac][ba][bb][cb][cc][db][dc][ea][ec]AW[ad][bc][bd][cd][cf][da][eb][ed][fc][fd][gb])
(;N[110]C[死活题：黑先净杀]AB[ab][af][ai][bb][bi][cb][cc][cd][ce][cf][cg][ch]AW[ac][ag][ah][bc][bd][be][bf][bg])
(;N[111]C[对杀题：黑先胜]AB[ea][eb][ec][ee][fd][fe][ga][hd][ic][id][jc]AW[cb][cd][dd][de][ed][fb][fc][gb][gc][ha][hc][ib])
(;N[112]C[死活题：黑先净杀]AB[ad][ae][bc][bd][bf][cf][df][eb][ef][fb][fc][fd][fe]AW[bb][be][ca][cb][cd][ce][db][dc][de][ec][ed])
(;N[113]C[对杀题：黑先胜]AB[bb][be][bf][ca][cc][da][dc][de][ea][eb][ec][ee][fd][gd]AW[ab][bc][bd][cb][cd][dd][ed][fa][fb][fc][hb][hc])
(;N[114]C[手筋题：黑先最佳着手]AB[cb][cc][ce][cg][db][fd][gb][gc][gd][hb][ia][ib]AW[dc][eb][ed][ef][fb][fc][fe][ga][ge][ha][he][id][jb][jc])
(;N[115]C[死活题：黑先净活]AB[da][db][dc][dd][eb][ee][fa][fe][gb][gc][hc][hd]AW[ca][cb][cc][cd][de][df][ed][ef][fd][ff][ga][gf][ha][hb][he][ic][id][ie][jb])
(;N[116]C[死活题：黑先净活]AB[cf][cg][de][dg][ec][eg][fd][fe][fg][gf][gg]AW[bf][bg][cc][cd][ce][ch][db][dh][eb][ed][eh][fc][fh][gc][gd][ge][gh][hf][hg])
(;N[117]C[对杀题：黑先胜]AB[cb][cc][cd][dd][ee][fa][fc][fd][gb]AW[bb][bc][bd][ce][db][de][eb][ec][ed][fb])
(;N[118]C[手筋题：黑先最佳着手]AB[cb][cc][cd][de][ee][gc][gd]AW[bb][bc][bd][ce][cf][dd][eb][ed])
(;N[119]C[对杀题：黑先胜]AB[bc][cb][cc][cd][db][de][ee][fc][fd][fe][gb][ha][hb]AW[aa][ac][bb][bd][be][ce][cf][dd][eb][ec][ed][fb][ga])
(;N[120]C[对杀题：黑先胜]AB[bb][bc][cd][ce][ee][ef][fa][fb][fc][fd]AW[cb][cc][db][dd][ec][ed][fe][gb][gd][ge][hc])
(;N[121]C[手筋题：黑先最佳着手]AB[bg][cd][dg][fb][ff][gc][gd][ge][he][ie][jc][kb]AW[be][ce][dc][de][eb][gb][hb][hc][hd])
(;N[122]C[死活题：黑先净活]AB[bc][bd][cc][dc][ea][ec][fb][fc]AW[bb][bf][cd][ce][db][df][eb][ee][fa][fd][ga][gb][gc][gd])
(;N[123]C[手筋题：黑先最佳着手]AB[gb][hc][hd][ib][jc][kc]AW[eb][ed][ge][ic][if][jb][jd][kb][kd][kf])
(;N[124]C[死活题：黑先净杀]AB[bc][bd][be][bf][bg][cb][cc][cg][db][dg][eb][eg][fb][ff][gb][gc][gf][hc][hd][he][hf]AW[cd][ce][cf][dc][dd][df][ec][ef][fc][fe][gd][ge])
(;N[125]C[基础题：黑先最佳着手]AB[db][dc][ea][ed][fd][gd][ha][hb][hc][he][ie][jd][kb][kc][kd]AW[bb][cc][cd][dd][eb][ec][fa][fc][gb][gc][hd][ia][ic][id][jb][jc])
(;N[126]C[手筋题：黑先最佳着手]AB[ba][bb][bc][bd][cd][dd][gb][gc][gd]AW[ab][ac][ad][be][cc][ce][dc][de][ec][ed][fc])
(;N[127]C[对杀题：黑先胜]AB[ad][bb][be][ce][db][de][eb][ec][ed]AW[bd][ca][cb][cd][dd][ee][fb][fc][fd][fe])
(;N[128]C[对杀题：黑先胜]AB[ae][ba][bc][be][cd][ce][de][ea][eb][ec][ed][gc]AW[ab][af][bb][bf][cc][cf][db][dc][dd][df][ee][fe])
(;N[129]C[手筋题：黑先最佳着手]AB[bb][bc][bd][cb][ce][de][ec][ee]AW[be][bf][ca][cc][cd][cg][db][dc][ed][fe][gc])
(;N[130]C[对杀题：黑先劫]AB[be][cb][cf][cg][db][dc][dd][eb][ef][fa][ff][gf][hc][hd][he]AW[bb][bc][cc][cd][ce][de][ec][ed][ee][fb][ga][ge])
(;N[131]C[手筋题：黑先最佳着手]AB[bg][cd][ce][cf][dc][dg][ec][eg][fc][ff][gd][hd][id][ie]AW[bd][cb][cc][ci][dd][de][df][di][ef][fe][fg][fh][he][hg][if])
(;N[132]C[手筋题：黑先最佳着手]AB[ba][bb][bc][bd][cd][db][ed][fb][fc][fd]AW[be][ca][cb][cc][ce][dd][ea][eb][ec][ee])
(;N[133]C[对杀题：黑先胜]AB[bb][cb][cc][cd][da][db][dc][ed][fd][gb][gc]AW[ab][ad][bc][bd][ca][ce][dd][de][ea][eb][ec])
(;N[134]C[死活题：黑先净杀]AB[bb][bc][bd][ce][da][db][de][ea][ee][fb][fd][fe][ge][hb][hd][he][ib][ic]AW[ca][cb][cc][cd][dd][eb][ec][ed][fa][ga][gb][gc][hc])
(;N[135]C[手筋题：黑先最佳着手]AB[ba][bb][bc][bd][ce][dd][de][ec]AW[be][bf][cb][cc][cd][cf][dc][eb][gb][gc][gd])
(;N[136]C[死活题：黑先净杀]AB[ad][ae][bc][be][ce][db][de][ec][ed][ee][fa][fb]AW[ab][ac][bd][cb][cc][cd][dc][dd][ea][eb])
(;N[137]C[死活题：黑先净活]AB[cb][dc][eb][fb][fc]AW[bc][cc][ce][dd][fd][fe][gb][gc])
(;N[138]C[手筋题：黑先最佳着手]AB[ba][bb][bd][cc][cd][ce][db][ec][fc][gc]AW[be][bf][ca][cb][cf][dc][dd][df][eb][ed][gd][gf][hb][hc])
(;N[139]C[死活题：黑先净杀]AB[bb][bc][cd][ce][db][df][ea][eb][fc][fe][gc][hc][ia][ib][ic]AW[ca][cb][cc][da][dc][dd][ec][ed][fb][gb][ha][hb])
(;N[140]C[手筋题：黑先最佳着手]AB[ba][cb][db][dc][eb][fb][fc][gd][ge][hc][hf][jf][kd]AW[bb][bd][ca][cc][dd][ec][ed][fd][gb][gc][hb])
(;N[141]C[对杀题：黑先胜]AB[bb][bc][bd][cd][da][dc][eb][ec]AW[ba][ca][cb][cc][dd][ed][fb][fc][fd])
(;N[142]C[对杀题：黑先胜]AB[ac][bc][cc][db][dd][ed][fd][ga][gb][gc]AW[ad][bd][cb][cd][cf][da][dc][ec][fb][fc])
(;N[143]C[死活题：黑先净杀]AB[ae][be][ca][ce][db][dc][dd][de][fb]AW[ad][ba][bd][cb][cc][cd])
(;N[144]C[手筋题：黑先最佳着手]AB[ca][cc][cd][db][dd][ed][fd][ga][gc][gd][hb][hc]AW[bb][bc][bd][cb][dc][ea][ec][fb][fc][gb])
(;N[145]C[手筋题：黑先最佳着手]AB[ae][bc][bd][bg][cc][ce][de][di][ee][ef][eg][eh][ei]AW[be][bf][cd][cf][ci][cj][db][dd][df][dg][dh][dj][ed][fd])
(;N[146]C[对杀题：黑先胜]AB[bb][bc][cd][da][dd][ed][fc][gc][hd]AW[bd][be][cc][db][dc][ea][ec][fb][fd][fe])
(;N[147]C[死活题：黑先净活]AB[bd][bg][ce][cf][de][dg][ee][ef][eg]AW[bc][bh][cb][cd][cg][ch][dd][dh][eh][fc][fd][fg][gf])
(;N[148]C[死活题：黑先净杀]AB[ac][bc][be][ca][cd][de][ee][fc][fd][gb][hc]AW[ab][bb][cb][cc][dc][ec][fb])
(;N[149]C[死活题：黑先净活]AB[dd][de][ea][eb][fd][gb][gc][gd][ha][hb][hd][ib][ic]AW[bb][cc][cd][ce][cg][db][dg][ec][ee][fb][fe][fg][ga][ge][he][id][jb][jc][jd])
(;N[150]C[手筋题：黑先最佳着手]AB[bb][cc][cf][cg][fc][gc]AW[dd][ec][ee][ff])
(;N[151]C[死活题：黑先净活]AB[ba][bc][ca][cb][dc][eb][ec][ed][fb][fc][ha][hb][hc]AW[ab][bb][bd][cc][cd][da][dd][ea][ee][fa][fd][ff][gc][he][hf][ib][ic][id])
(;N[152]C[对杀题：黑先胜]AB[ba][bb][bc][be][cd][de][eb][ee][fc][fe][gc][gd][he]AW[bf][ca][cb][ce][cf][db][dc][dd][dg][ea][ec][ed][fd][fg][ge][gf])
(;N[153]C[死活题：黑先净活]AB[cc][cd][ce][dc][de][ec][ed][fc][fe][gc][gf][hc][he][hf][ic]AW[bc][bd][be][cb][cf][db][df][eb][ee][ef][fb][fd][ff][gb][gd][gg][hb][hg][ib][ie][if][ig][jc][jd])
(;N[154]C[手筋题：黑先最佳着手]AB[db][eb][ed][ee][ef][fd][gc][hc][id]AW[bd][cb][cc][ce][dg][ea][eg][fb][fc][ff][gd][ge])
(;N[155]C[手筋题：黑先最佳着手]AB[cb][cc][ce][cg][db][ea][fd][gb][gc][gd][hb][ia][ib]AW[da][dc][eb][ed][ef][fb][fc][fe][ga][ge][ha][he][id][jb][jc])
(;N[156]C[死活题：黑先净杀]AB[bb][bc][cc][ce][de][ee][fb][fe][gb][gc][gd][ge][hb]AW[ba][cb][dc][dd][eb][ed][fa][fc][fd])
(;N[157]C[对杀题：黑先劫]AB[ac][bb][bd][be][bf][cc][cd][dc][eb][fb][gb]AW[ba][cb][ce][db][dd][de][ea][ec][fc][gc][hb][hc])
(;N[158]C[手筋题：黑先最佳着手]AB[dc][dd][eb][ee][fc]AW[cb][cc][db])
(;N[159]C[对杀题：黑先胜]AB[ba][bd][bf][ce][da][de][ea][eb][ec][ed]AW[bc][cb][cd][db][dc][dd][ee][fb][fc][fd][fe])
(;N[160]C[手筋题：黑先最佳着手]AB[he][ib][ie][jb][jc][jd][ke]AW[ec][hc][ic][id][je][jf][kf])
(;N[161]C[手筋题：黑先最佳着手]AB[bc][cb][cc][cd][dd][ec][ed][fa][fb][fe][fg][ge][hg]AW[bd][be][cf][db][dc][eb][ee][ef][fc][fd][ga][gb][ic])
(;N[162]C[基础题：黑先最佳着手]AB[ba][bb][bc][bd][cd][de][df][eb][ef][fa][fc][ff][gf][he][ib][ic][id][ie]AW[ca][cb][cc][db][dd][ec][ed][ee][fd][fe][gb][gc][ge][hb][hc][hd])
(;N[163]C[对杀题：黑先胜]AB[ba][bb][bc][cb][cc][cd][da][db][dc][ed][fd][gb][gc]AW[ab][ac][ad][bd][ce][dd][de][ea][eb][ec])
(;N[164]C[对杀题：黑先胜]AB[bb][bc][cc][dd][ed][fb][fc]AW[bd][cb][cd][cf][da][dc][eb][ec])
(;N[165]C[对杀题：黑先劫]AB[bb][bc][cb][da][db][dc][ed][fd][gb][gc]AW[ab][ba][bd][cc][cd][dd][ea][eb][ec])
(;N[166]C[死活题：黑先净杀]AB[ad][ae][bb][be][ce][de][ea][eb][ec][ed]AW[ab][bc][bd][ca][cb][cc])
(;N[167]C[手筋题：黑先最佳着手]AB[bb][bc][bd][ca][da][de][df][ea][fc][ff][ga][gc][hc][hf][id][ie]AW[cc][db][ec][ed][fb][fd][gb][gd][hd][ic][jc])
(;N[168]C[死活题：黑先净活]AB[hb][hc][hd][hf][hg][ib][id][ig][jb][jc][je][jf]AW[fe][gb][gc][gd][gf][gg][he][hh][if][ih][ja][jh][kb][kc][kd][ke][kf][kg])
(;N[169]C[死活题：黑先净杀]AB[ab][bc][ca][cc][ce][da][dd][eb][ee][fd][gd][ha][hb][hc][hd]AW[ba][bb][cb][db][dc][ec][ed][fc][ga][gb][gc])
(;N[170]C[死活题：黑先净杀]AB[ab][aj][bb][bd][bj][cb][ce][cg][ch][ci][cj][dc][dd][dg]AW[ac][ad][ag][ai][bc][be][bf][bg][bh][bi][cc])
(;N[171]C[对杀题：黑先胜]AB[cb][db][ec][ed][gc][gd][hb]AW[be][cc][dc][dd][de][eb][fb])
(;N[172]C[对杀题：黑先胜]AB[bd][be][bf][ca][cb][cc][cf][db][dd][ed][fd][gc]AW[ad][ba][bb][bc][cd][ce][de][ea][ec][ee][fc][fe][gd])
(;N[173]C[死活题：黑先劫杀]AB[ba][bc][bd][cd][dd][ed][fc][gb][gc]AW[ac][bb][ca][cc][dc][ec][fa][fb])
(;N[174]C[手筋题：黑先最佳着手]AB[bd][ce][db][dd][de][dg][ec][ee][fc][gc][hd]AW[bc][cb][cc][cd][cg][ci][dc][dh][ed][fd][ff][gd])
(;N[175]C[手筋题：黑先最佳着手]AB[cc][cd][dc][de][ee][fb][fe]AW[bc][bd][ce][cf][dd][ed][fc][gb][hd])
(;N[176]C[对杀题：黑先胜]AB[cc][ce][dd][eb][ec][ed][fe][ga][gb][gc][gd]AW[bc][ca][cb][da][db][dc][ea][fa][fb][fc][fd][ge][hc][hd][he])
(;N[177]C[死活题：黑先劫杀]AB[ac][bc][bd][bf][ce][df][ea][eb][ef][fb][fe][ff][gb][gc][gd]AW[ab][bb][cd][db][dc][dd][de][ec][ee][fc][fd])
(;N[178]C[死活题：黑先净活]AB[bb][bc][bd][ca][cb][cd][dd][ed][fc][fd]AW[ab][be][cc][ce][db][dc][de][eb][ec][ee][fb][fe][gc][gd][hb])
(;N[179]C[对杀题：黑先劫]AB[bc][bd][cd][db][dd][ec][fa][fb][fc]AW[bb][cb][cc][da][dc][ed][fd][gb][gc][gd])
(;N[180]C[死活题：黑先净杀]AB[ad][be][bf][ca][cf][dd][de][df][ea][eb][ec][ed]AW[aa][bb][bc][bd][cd][ce][da][db][dc])
(;N[181]C[对杀题：黑先胜]AB[bd][cc][cd][de][ed][ee][fa][fb][fc]AW[ae][be][cb][ce][dc][dd][ea][eb])
(;N[182]C[手筋题：黑先最佳着手]AB[bb][bc][ca][cb][cd][dd][de][fc][fd][gb]AW[bd][be][cc][ce][cf][db][dc][df][ea][ec][fb][gc][hc][ib])
(;N[183]C[对杀题：黑先劫]AB[ac][bd][cb][cd][dc][ec][fa][fb][fc]AW[bb][bc][cc][db][dd][eb][ed][fd][gb][gc][gd])
(;N[184]C[对杀题：黑先胜]AB[ac][ad][bd][ca][cd][cf][dd][eb][ec][gb][gc]AW[ab][ba][bc][cb][cc][dc][ed][ee][ge][hc][hd][ib])
(;N[185]C[死活题：黑先净杀]AB[ab][bb][bf][ca][cf][da][db][dc][dd][de][df]AW[ac][ba][bc][be][cb][cc][cd][ce])
(;N[186]C[对杀题：黑先胜]AB[ad][bd][bf][cc][ce][dc][ec][fd][fe]AW[bb][bc][cd][cf][dd][de][ed][fb][fc][ff])
(;N[187]C[死活题：黑先净活]AB[ab][ac][ae][ag][ai][bc][bd][bh][cd][ce][cf][cg]AW[bb][bf][bg][bi][bj][cb][cc][ch][ci][dg][ec][ee])
(;N[188]C[死活题：黑先劫活]AB[ab][ac][bc][bd][cd][ce][dc][de][eb][ec][ed][ee]AW[ad][ae][bb][be][bf][cb][cc][cf][db][df][ea][ef][fb][fc][fd][fe])
(;N[189]C[死活题：黑先净活]AB[ad][bd][ca][cb][cc][cd]AW[ab][be][ce][db][dc][dd][de])
(;N[190]C[死活题：黑先劫杀]AB[bc][bd][cd][da][dd][ed][fc][gc][ha][hb][hc]AW[ab][bb][cb][cc][dc][ec][fb][gb])
(;N[191]C[手筋题：黑先最佳着手]AB[ad][ae][bc][be][cb][cf][db][df][ec][ee][ef][fe][gc][gd][ge]AW[bd][bf][bg][ce][cg][dc][de][dg][ed][eg][fb][fc][gb][gg][hb][hc][hd][he])
(;N[192]C[对杀题：黑先劫]AB[ad][ba][bc][be][ca][ce][da][dc][dd][de][ea][eb][fc][gb]AW[ab][ac][ae][af][bb][bf][cb][cf][db][df][ec][ed][ee][ef])
(;N[193]C[死活题：黑先净活]AB[ad][bc][cb][cc][cd][dd][ea][eb][ec][ed]AW[ab][ae][ba][bb][bd][be][ce][de][ee][fa][fb][fc][fd][fe])
(;N[194]C[基础题：黑先最佳着手]AB[ad][ba][bb][bd][ca][cd][dc][dd][ea][eb][ec]AW[ab][ac][ae][bc][be][cb][cc][ce][de][ed][fa][fb][fc][fd])
(;N[195]C[对杀题：黑先胜]AB[bb][cc][da][db][dc][ed][fc][fd][hc]AW[ba][bc][be][cb][cd][dd][eb][ec][fb])
(;N[196]C[手筋题：黑先最佳着手]AB[bf][cb][cc][cd][da][dd][eb][fd][ga][gb][gc][gd]AW[db][dc][de][ec][ed][ef][fb][fc][fe][hf][ic][id])
(;N[197]C[死活题：黑先净活]AB[ca][cb][cc][cd][dd][ed][fa][fd][ga][gb][gc][gd]AW[ba][bb][bc][bd][ce][da][db][de][ea][eb][ee][fb][fe][ge][ha][hb][hc][hd])
(;N[198]C[手筋题：黑先最佳着手]AB[bg][cb][cc][cd][cf][gc][hd]AW[dc][dd][de][eg][fd][gf][ie][jb][jc][jd])
(;N[199]C[对杀题：黑先胜]AB[ba][bd][cb][cd][da][db][dd][eb][ec][fb]AW[ab][bb][bc][cc][dc][ed][ee][fa][fc][gb][gc])
(;N[200]C[死活题：黑先净杀]AB[ba][bf][ca][cc][cd][cf][dd][ed][fa][fb][fc][fd]AW[ab][bb][bc][bd][be][cb][dc][ea][eb][ec])
(;N[201]C[手筋题：黑先最佳着手]AB[bg][bi][cd][ce][cf][cg][ci][dc][dg][dh][di][eb][ed]AW[ag][ah][bd][be][bf][bh][cb][cc][ch][db])
(;N[202]C[死活题：黑先净杀]AB[ae][bc][be][cd][dd][ec][fb][fc]AW[ab][ad][bd][cb][cc][da][dc][eb])
(;N[203]C[死活题：黑先净活]AB[ba][bb][bc][cc][ce][dc][de][ec][ed][ee]AW[bd][be][bf][ca][cb][cd][cf][dd][df][dh][ea][fb][fc][fd][fe][ff])
(;N[204]C[对杀题：黑先胜]AB[bd][be][ca][cb][cc][ce][dc][eb][fc][gb][gc][hc]AW[ba][bb][bc][cd][dd][ec][ed][ee][fa][fb][fd])
(;N[205]C[手筋题：黑先最佳着手]AB[db][dd][de][df][dg][ec][fc][gc][he][jc]AW[be][cb][cc][ch][dc][dh][ed][ef][eh][fd][gg])
(;N[206]C[死活题：黑先净活]AB[eb][ec][ed][fd][gc][gd][ha][hc][ib]AW[cc][ce][db][dd][ee][fb][fc][fe][gb][ge][hd][he][ic][jb][jc])
(;N[207]C[手筋题：黑先最佳着手]AB[bc][cb][dc][dd][de][df][eg][gd][hb][hd][ib][ic][id]AW[cg][db][dg][di][ec][ee][eh][fc][fh][gb][gc][ge][gf][hc])
(;N[208]C[死活题：黑先净杀]AB[ab][af][ba][bd][be][bf][ca][cd][dd][fb][fc][fd][fe]AW[ad][ae][bb][bc][cb][da][dc][ea][eb][ec])
(;N[209]C[手筋题：黑先最佳着手]AB[bb][bd][db][eb][ee][fc][fd]AW[cd][cg][de][dg][ec][ed][fb][gb][gc])
(;N[210]C[死活题：黑先净活]AB[da][db][eb][ec][fb][fd][gd][hb][hc][hd]AW[ca][cb][dc][dd][ea][ee][fa][fe][gb][ge][ha][he][ib][ic][id])
(;N[211]C[手筋题：黑先最佳着手]AB[bh][bi][cg][cj][dj][ej][fh][fi]AW[bj][bk][cf][ci][dg][di][ei][fj][fk])
(;N[212]C[死活题：黑先净活]AB[af][bc][bd][bg][bh][cd][ce][cf][cg]AW[aa][ac][ad][bb][bf][bj][cb][cc][ch][ci][dg][dj][ec][ee][ef])
(;N[213]C[死活题：黑先净活]AB[ab][ad][ba][bb][bd][cd][db][dc][dd][ec]AW[ae][bc][be][ca][cb][ce][da][de][eb][ed][fa][fb][fc][fd])
(;N[214]C[死活题：黑先净杀]AB[bb][cb][cd][dc][ec][fd][gd][hc][ic][jb][jd]AW[db][eb][fc][gb][gc][hb][ib])
(;N[215]C[手筋题：黑先最佳着手]AB[ba][bb][bc][bd][cc][cd][de][ec][ee][fd][ff][gb]AW[ad][be][ca][cb][ce][cg][dc][dd][eb][fc][gc][gd][hb])
(;N[216]C[对杀题：黑先胜]AB[bb][cc][da][db][dc][ed][fc][fd][gc][hb][hd]AW[ba][bc][cb][cd][cf][dd][df][eb][ec][fb][ga])
(;N[217]C[死活题：黑先净活]AB[ab][ad][bc][bd]AW[be][bg][cc][cd][ce][db])
(;N[218]C[手筋题：黑先最佳着手]AB[bc][bd][cd][dd][df][ec][ef][fc][fe]AW[ab][bb][cc][ce][dc][de][eb][ed][ee])
(;N[219]C[基础题：黑先最佳着手]AB[be][bf][db][de][df][eb][ed][eg][fb][fd][gb][hc][ic]AW[cb][cc][cd][ec][ee][fc][gc][gd][gf][hd][hf])
(;N[220]C[死活题：黑先净活]AB[aa][ab][ac][ad][ba][bd][ca][cd][db][dc][ea][eb][ec][fa][fb]AW[ae][be][cb][cc][ce][dd][ed][fd][ga][gb][gc])
(;N[221]C[手筋题：黑先最佳着手]AB[be][ca][cb][cc][ce][cg][dc][dd][eb][gb][gc]AW[ba][bb][bc][bd][cd][de][ec][ed][ee][fb])
(;N[222]C[对杀题：黑先胜]AB[be][bf][bg][cc][cd][ch][da][db][dc]AW[bc][bd][ce][cf][dd][ea][eb][ec][ee])
(;N[223]C[死活题：黑先净杀]AB[ab][ac][bd][bf][ca][cd][ce][db][df][ea][ef][fb][fd][gc][hb]AW[ba][bb][bc][cb][cc][dc][dd][de][eb][ec])
(;N[224]C[对杀题：黑先胜]AB[ba][bb][bf][ce][da][de][ea][eb][ec][ed]AW[bc][cb][cd][db][dc][dd][ee][fb][fc][fd][fe])
(;N[225]C[对杀题：黑先胜]AB[ba][cb][db][dc][ed][ee][ga][gb][gc][gd][ge]AW[ac][bb][bd][cc][cd][da][dd][ec][fa][fb][fc])
(;N[226]C[对杀题：黑先胜]AB[ac][bc][be][bf][bg][bk][cd][ce][cj][ck][df][dg][dh][di]AW[ab][ae][af][ag][bb][bh][bi][bj][cb][cf][cg][ch][dc][dd][de])
(;N[227]C[对杀题：黑先胜]AB[bc][bd][ce][de][ea][ec][ed][fb][gc]AW[bb][be][bf][cd][cg][db][dc][dd][eb])
(;N[228]C[手筋题：黑先最佳着手]AB[ab][bc][cc][dc][de][ed][fc][fe][gb][ge][hb][he][id][jb][jc][je][kc]AW[bb][cb][db][eb][ec][fb][fd][gd][ha][hc][hd][ib][ic])
(;N[229]C[手筋题：黑先最佳着手]AB[bc][bd][cd][dc][dd][eb][ec][fe][gd]AW[bb][bf][cb][cc][cf][db][ea][ef][fa][ff][hc][hd][he])
(;N[230]C[手筋题：黑先最佳着手]AB[cd][cf][cg][de][ec][ed][ee][eh][ei][fg]AW[bd][be][ce][db][dc][dd][df][eg][ff][fh][gc][ge])
(;N[231]C[死活题：黑先净杀]AB[bd][bh][ce][cg][db][dc][dd][de]AW[ac][ae][bb][be][cc][cd])
(;N[232]C[死活题：黑先净杀]AB[da][db][dd][ec][fd][gd][ha][hd][ic][jc][ka][kb][kc]AW[eb][fa][fc][ga][gc][hb][hc][ib][ja][jb])
(;N[233]C[手筋题：黑先最佳着手]AB[ab][bb][bc][bd][cb][cd][dd][fa][ga][gb][gc][gd]AW[ac][ad][ae][be][cc][ce][dc][de][ea][ed][ee][fb][fc])
(;N[234]C[手筋题：黑先最佳着手]AB[bc][bd][be][cb][cc][dd][eb][ec][ed][fc][hc]AW[ab][bf][cd][ce][cf][da][db][dc][ea][fb][fe][gb][hb][jc])
(;N[235]C[手筋题：黑先最佳着手]AB[cf][cg][db][df][eb][ec][ed][ee][fb][fe][fh][gf][hf][hg]AW[bb][bd][cb][dc][dd][de][dg][ef][eg][fc][fd][ff][gb][gd][ge][gg][hh][ic])
(;N[236]C[对杀题：黑先胜]AB[ab][ae][bc][be][cb][cd][ce][cf][db][ec][fc]AW[af][ba][bb][bf][bg][cc][cg][dc][dd][de][df][dg])
(;N[237]C[对杀题：黑先劫]AB[ab][ad][bd][ca][cd][dd][ea][eb][ec]AW[ac][bb][bc][cb][cc][dc][ed][ee][fb][fc])
(;N[238]C[对杀题：黑先胜]AB[bc][bf][cd][ce][dc][df][dg][ec][fc][fe][fg]AW[bb][be][bg][cb][cc][cf][cg][ch][dd][de][ee])
(;N[239]C[死活题：黑先净活]AB[dd][de][df][dg][ec][eg][fc][fg][gc][gd][ge][gf][gg]AW[cd][ce][cf][cg][db][dc][dh][eb][ed][ee][ef][eh][fb][fh][gb][gh][hc][hd][he][hf][hg])
(;N[240]C[死活题：黑先净活]AB[bb][cb][cc][cd][da][dd][ed][fb][fc]AW[ab][bc][bd][ce][de][ee][fa][fd][ga][gb][gc][gd])
(;N[241]C[死活题：黑先劫杀]AB[bb][bc][cc][ce][ee][fc][fd][ga][ge][hb][ia][ie][jc][jd]AW[cb][dc][ea][ec][fb][gb][hc][ib])
(;N[242]C[手筋题：黑先最佳着手]AB[bc][bd][cd][dd][eb][ed][fc]AW[ab][bb][cc][db][dc][fb][gb][gc][gd])
(;N[243]C[对杀题：黑先劫]AB[ac][ae][bd][bf][cd][ce][db][dc][eb]AW[bc][ca][cb][cc][dd][ed][fb][fc])
(;N[244]C[死活题：黑先净杀]AB[ac][bb][bj][cb][cd][cf][ch][ci][cj][dc][dd][df][fc]AW[ag][ai][bc][bd][bf][bg][bh][bi][cc][ce])
(;N[245]C[对杀题：黑先胜]AB[cb][cc][dc][ed][fa][fd][gc][gd][hc][jc][kc]AW[bb][bc][bd][db][dd][de][eb][ec][ee][fc][fe][ge][hd][id])
(;N[246]C[死活题：黑先净活]AB[ab][bc][bd][cc][db][eb][fa]AW[ad][ae][ba][be][cd][ce][dc][ec][fb][fd][gb])
(;N[247]C[手筋题：黑先最佳着手]AB[bg][bh][cf][cj][df][dj][ef][ej]AW[ch][ci][ck][dg][di][dk][eh][ek][fh][fi][fj])
(;N[248]C[死活题：黑先劫杀]AB[ab][bc][bd][ca][ce][cf][dd][df][ea][ef][fc][fd][fe][gc][hb][hc]AW[bb][cb][cc][cd][db][de][ec][ed][ee][fb][gb])
(;N[249]C[死活题：黑先净杀]AB[ad][ae][ba][be][ce][dc][dd][ea][eb]AW[ac][bb][bd][cc][cd][da][db])
(;N[250]C[对杀题：黑先胜]AB[ac][ad][bd][cd][dd][ea][ec][ed][fd][ga][gb][gc]AW[ab][bb][bc][ca][cc][da][dc][eb][fb][fc][gd][hc][hd][ib])
(;N[251]C[手筋题：黑先最佳着手]AB[ai][bh][bk][ch][ck][dh][dj][eg][ek][fg][fh][fi][fj]AW[aj][bg][bi][bj][ce][cg][cj][dg][di][ef][eh][ei])
(;N[252]C[对杀题：黑先胜]AB[bd][be][bf][ca][cb][cd][cf][dc][eb][ec][ed][fb]AW[ba][bb][bc][cc][ce][dd][de][ee][fc][fd][fe][gb][gc])
(;N[253]C[死活题：黑先净杀]AB[ae][be][ce][dd][ed][fc][fd][gb][hc]AW[ac][ad][bd][ca][cc][cd][da][db][dc][ea][eb][ec][fb])
(;N[254]C[死活题：黑先净活]AB[ba][bb][cc][da][db]AW[bd][cd][dc][de][ea][eb][ec])
(;N[255]C[对杀题：黑先胜]AB[ba][bb][bc][cd][ce][de][eb][ee][fe][gb][gc][gd]AW[ac][bd][be][bf][cb][cc][db][dd][ec][ed][fc])
(;N[256]C[手筋题：黑先最佳着手]AB[cc][cd][ce][dc][df][dg][fg][gb][gf][hb][hc][hd][he][hf][hg]AW[dd][dh][eb][ed][eg][eh][fb][fc][ff][gc][ge][gg][gh])
(;N[257]C[死活题：黑先净杀]AB[af][bf][cc][cd][ce][cf][dc][ec][fa][fb][fc]AW[ae][bc][bd][be][cb][db][ea][eb])
(;N[258]C[对杀题：黑先胜]AB[bb][be][cc][cd][ce][dd][ea][eb][ec]AW[ab][bc][bd][cb][db][dc][ed][fb][fd][gb])
(;N[259]C[死活题：黑先净杀]AB[bc][bd][be][bf][cc][cf][dc][dg][eb][eg][fb][fg][gb][gf][hb][hf][ib][ic][id][ie][if]AW[cd][ce][dd][df][ec][ef][fc][fe][ff][gc][ge][hc][hd][he])
(;N[260]C[死活题：黑先净杀]AB[ab][ac][ah][bb][bh][cb][ce][ch][db][de][dh][ec][ef][eg][fc][fd][fe]AW[ad][af][bc][be][bg][cc][cd][cf][cg][dc][df][dg][ed][ee])
(;N[261]C[手筋题：黑先最佳着手]AB[bk][ch][ci][ck][dg][dj][ej]AW[bj][cj][di][ei][fi][fj][fk])
(;N[262]C[对杀题：黑先胜]AB[bb][bc][bd][ce][de][ec][ed][ee][fc]AW[ca][cb][cc][cd][db][dc][dd][ea][gb][gc][gd])
(;N[263]C[对杀题：黑先胜]AB[ab][ba][bb][cb][cc][cd][de][ec][ee][fd][ga][gc]AW[bc][bd][bf][ca][ce][da][db][dc][dd][df][eb][ed][fa])
(;N[264]C[死活题：黑先净活]AB[cb][db][dc][eb][ed][fd][gb][gc]AW[bb][bd][cc][dd][de][ee][fb][fe][gd][ha][hb][hc][hd])
(;N[265]C[基础题：黑先最佳着手]AB[ac][af][bb][bd][be][bf][cb][db][eb][fc]AW[ab][ag][bc][bg][cc][ce][cf][cg][dc][ec])
(;N[266]C[对杀题：黑先胜]AB[ad][bd][be][cb][cd][db][dc][eb][fc][gc]AW[bb][bc][bf][cc][ce][cf][dd][ec][ed])
(;N[267]C[对杀题：黑先胜]AB[ca][cb][cc][dc][ec][fa][fb][fc][fd][ge][hc][hd][he][ib]AW[ba][bb][bc][cd][db][dd][ea][eb][ed][fe][ff][ga][gb][gc][gd])
(;N[268]C[对杀题：黑先胜]AB[ba][bb][bc][bf][cc][cf][db][dd][de]AW[ab][ac][bd][be][ca][cd][dc][eb][ec][fc])
(;N[269]C[死活题：黑先劫杀]AB[ae][bf][bh][cc][cd][ce][cf][db][ec]AW[ad][bb][bc][bd][be][ca][cb])
(;N[270]C[基础题：黑先最佳着手]AB[ad][bb][bc][bd][cd][dc][ec][fc][gb][gc]AW[ae][ba][be][cb][cc][ce][da][db][dd][de][eb][fb])
(;N[271]C[手筋题：黑先最佳着手]AB[bc][bd][ca][cb][dc][ee][fc]AW[ab][bb][be][cc][cd][db][fd])
(;N[272]C[手筋题：黑先最佳着手]AB[dc][ed][ee][fa][fe][ga][gb][gc][gd]AW[bc][bf][cd][db][dd][ea][eb][fb][fc][fd])
(;N[273]C[对杀题：黑先胜]AB[ae][bd][be][bf][ca][cc][ce][da][db][dc][df]AW[ab][ba][bb][bc][cb][cd][dd][ed][fc][gc])
(;N[274]C[死活题：黑先劫活]AB[ae][bc][be][cb][cd][ce][da][dd]AW[bb][bf][cc][cf][db][dc][de][df][eb][ed][fb][fc][fd])
(;N[275]C[手筋题：黑先最佳着手]AB[cb][cc][cd][ce][db][df][ed][ef][ff]AW[bd][be][cf][cg][dc][dd][de][ec][ge][hc])
(;N[276]C[对杀题：黑先胜]AB[ae][bb][bf][bg][cc][cg][dd][de][df][ec]AW[bc][bd][be][bh][cb][cd][ce][cf][ch][dg][dh])
(;N[277]C[手筋题：黑先最佳着手]AB[bd][be][cd][cf][dd][df][ec][fb][fd]AW[bb][bc][ca][cc][ce][db][dc][de][dh][ed][ee][eh][fh][gh])
(;N[278]C[死活题：黑先净杀]AB[bc][bd][be][bf][bg][cc][ch][db][dh][eb][ed][ee][eh][fb][fd][fh][gb][gg][gh][hc][hd][he][hf]AW[cd][ce][cf][cg][dc][dd][dg][ec][ef][eg][fc][ff][fg][gc][gd][ge][gf])
(;N[279]C[对杀题：黑先胜]AB[bd][be][bf][ca][cb][cc][ce][db][eb]AW[ad][ae][ba][bb][bc][cd][dd][ec][fb][fd])
(;N[280]C[死活题：黑先净杀]AB[bb][bc][bd][ce][cf][dd][dg][fb][fe][ff][gb][gd][hc][hd]AW[cb][cc][cd][da][dc][de][eb][ee][fc][gc])
(;N[281]C[死活题：黑先净杀]AB[bb][bc][cc][dc][de][ea][fe][gd][hd][ia][ib][ic][id]AW[ba][ca][cb][db][fb][fd][gc][ha][hb][hc])
(;N[282]C[死活题：黑先净杀]AB[ac][ad][bd][cd][da][dd][ed][fd][ga][gb][gc][gd]AW[ab][bc][cc][dc][ea][ec][fa][fb][fc])
(;N[283]C[手筋题：黑先最佳着手]AB[ag][bc][bg][cc][ce][cf][cg][dc]AW[ac][af][bb][bd][be][bf][cb][db][ec])
(;N[284]C[对杀题：黑先胜]AB[ac][ai][bc][be][bf][bi][cd][ce][ci][df][dh][ef]AW[ab][af][ah][bb][bg][bh][cc][cf][cg][dc][dd][de])
(;N[285]C[死活题：黑先净活]AB[ba][bb][be][cb][cd][ce][cf][db][dc]AW[ab][af][bf][bh][ca][cg][da][dd][de][df][dg][ea][eb][ec][fd])
(;N[286]C[死活题：黑先净活]AB[ad][bb][bc][cc][da][dc][eb][ec][fc]AW[ac][bd][bf][cb][cd][dd][ea][ed][fa][gb][gc][gd])
(;N[287]C[死活题：黑先净活]AB[cb][da][dc][dd][de][ee][fa][fb][fc][fd][fe]AW[ba][bb][cc][cd][ce][cf][df][eb][ec][ed][ef][ff][gb][gc][gd][ge])
(;N[288]C[死活题：黑先净活]AB[ca][cb][db][eb][fb][gb][hb][ia]AW[ba][bb][bc][cc][dc][ec][fc][gc][hc][ib][ic][kb])
(;N[289]C[对杀题：黑先胜]AB[ad][bb][bc][bd][ca][cc][dd][ec][ed][fc][gb][gc]AW[aa][ab][ae][be][cb][cd][ce][db][dc][de][eb][ee][fb])
(;N[290]C[死活题：黑先净杀]AB[ab][ad][bd][ca][cd][dd][ed][fb][fc]AW[aa][ac][bc][cb][cc][da][dc][ec])
(;N[291]C[手筋题：黑先最佳着手]AB[aa][ab][ba][cc][cd][dd][ea][ec][ed][fa][fb][fc]AW[ac][bc][bd][be][cb][ce][da][db][dc][eb])
(;N[292]C[对杀题：黑先胜]AB[ba][bd][cb][cd][db][dd][eb][ed][fa][fc][fd]AW[ab][bb][bc][ca][cc][dc][ec][fb][gb][gc][gd][hb])
(;N[293]C[死活题：黑先净活]AB[aa][ad][ae][af][ba][bc][bf][cc][da][dc][ea][eb][ec][ed][fb][fd]AW[ab][ac][bd][be][bg][ca][cb][cd][cf][db][dd][de][df][fa][ff][gb][gc][hd][he][ic])
(;N[294]C[对杀题：黑先胜]AB[ba][bb][bf][cb][cd][cf][da][db][dd][ec][ed]AW[ab][bc][bd][be][cc][dc][df][ea][eb][fb][fc][hc])
(;N[295]C[手筋题：黑先最佳着手]AB[bf][cb][cc][cd][dd][ea][fd][ga][gb][gc][gd]AW[db][dc][de][eb][ed][ee][ef][fb][fc][fe][hf][ic][id])
(;N[296]C[死活题：黑先净活]AB[ag][bf][bg][cc][cd][ce]AW[ah][bb][bh][cb][cg][ch][dc][dd][de][df])
(;N[297]C[手筋题：黑先最佳着手]AB[cb][cc][cd][dd][ec][ee][fe][gc][ge][hc]AW[bb][bc][bd][ce][de][eb][ed][fc][fd])
(;N[298]C[死活题：黑先劫杀]AB[bb][bc][ca][cd][ce][cg][db][df][ea][eg][fe][ff][ga][gb][gd][ge][gg][hc][ib][id][ie]AW[cb][cc][dc][dd][de][eb][ec][ee][ef][fa][fc][fd][gc][hb])
(;N[299]C[手筋题：黑先最佳着手]AB[bd][bh][bi][cb][cd][ci][de][df][dg][di][ee][eh][fh][gi][hg][hh]AW[ce][cf][cg][ch][cj][dd][dh][dj][ed][ei][fe][fi][fk][gh])
(;N[300]C[死活题：黑先净杀]AB[ac][bc][be][ca][cd][dd][ed][fb][fd][gb][gc][ic]AW[ab][bb][cc][da][dc][eb][ec][fa][fc])
(;N[301]C[死活题：黑先净杀]AB[ad][bd][cd][da][dd][ed][fa][fb][fc][fd]AW[ab][ac][bb][cc][dc][ea][eb][ec])
(;N[302]C[死活题：黑先净杀]AB[ab][bb][bd][cc][cd][da][dd][ea][ee][fa][fd][ff][gc][he][hf][ib][ic][id]AW[ba][bc][ca][cb][db][dc][eb][ec][ed][fb][gb][gd][hb][hc])
(;N[303]C[死活题：黑先净活]AB[dc][ea][eb][ed][fa][fc][fd][gb][gd][hc]AW[cb][cc][ce][da][db][dd][ee][fe][ga][ge][hb][he][ia][ib][ic][id])
(;N[304]C[对杀题：黑先劫]AB[ad][ae][be][cd][ce][da][db][dc][ec]AW[ac][bb][bc][bd][cc][dd][ed][fb][fc][fd])
(;N[305]C[死活题：黑先净活]AB[cd][da][db][de][ea][ec][ee][fe][gb][gc][gd]AW[ab][bc][bd][cb][ce][cf][dc][df][eb][ed][ef][ff][ge][ha][hb][hc][hd][he])
(;N[306]C[死活题：黑先劫活]AB[ad][ba][bb][bc][be][cd][db][dc][dd]AW[ab][ac][ae][af][bf][ca][cb][cf][da][de][eb][ec][ed][ee][gb])
(;N[307]C[死活题：黑先净活]AB[ab][bc][cc][cd][cf][db][dd][de][df][dg][ea][ed][ef][fd][fe][gc][gd][hb][hd]AW[bb][be][bf][bh][cb][ce][cg][dc][dh][eb][ec][eg][eh][fb][fc][ff][gb][gg][hc][he][hf][ib][ic][id])
(;N[308]C[手筋题：黑先最佳着手]AB[ce][dc][dd][de][eb][ee][fe][gf][gg][he]AW[cb][cc][cd][db][ec][ed][gd][ge][hc][hf][if][jd])
(;N[309]C[对杀题：黑先胜]AB[ab][bb][bd][cc][cd][dd][ed][fa][fb][fd][gb][gd][hc][hd]AW[ba][bc][cb][db][dc][eb][ec][fc][gc][hb][ib][ic][id])
(;N[310]C[对杀题：黑先胜]AB[bc][ca][cb][cc][ce][dd][ed][ee][ef][gb][gc][ge][he]AW[aa][ab][ac][ad][ae][ba][bb][bd][be][cd][cf][dc][ea][eb][ec][fc][fd])
(;N[311]C[对杀题：黑先胜]AB[ba][bb][be][ca][cc][cf][da][db][dc][de][ed][ee]AW[ab][ac][bc][bd][cd][dd][ea][eb][ec][fc][hc])
(;N[312]C[手筋题：黑先最佳着手]AB[bb][bc][bd][bh][cb][ce][cf][dd][dh][ee][ef][eh]AW[be][bf][cc][cd][cg][ci][db][dc][de][di][ec][ei][fc][gc])
(;N[313]C[对杀题：黑先胜]AB[ad][ae][be][cb][ce][de][eb][ec][ee][fb][fd][fe]AW[ac][bd][cc][cd][db][dd][ed][fa][fc][gb][gc])
(;N[314]C[死活题：黑先净杀]AB[bc][bd][ce][db][de][ee][fd][fe][ga][gb][gc]AW[ab][bb][cb][cc][cd][dd][eb][ed][fb][fc])
(;N[315]C[死活题：黑先净杀]AB[ad][bd][cc][ce][da][de][ec][ed][ee][fa][fb]AW[ac][bc][cb][db][dc][dd][ea][eb])
(;N[316]C[手筋题：黑先最佳着手]AB[bd][bg][cd][ch][ci][de][df][dg]AW[ae][bb][be][bh][cb][ce][cf][cg][dc][dd])
(;N[317]C[死活题：黑先净杀]AB[aa][ab][ae][bb][bc][be][cb][ce][dd][ed][fc][fd][gb][hc]AW[ac][ad][bd][ca][cc][cd][da][dc][ea][eb][ec][fb])
(;N[318]C[对杀题：黑先胜]AB[fb][fd][fe][gb][gc][gf][ic][if][jd][je]AW[dd][ec][fc][gd][ge][hc][he][ib][id][ie][kf])
(;N[319]C[对杀题：黑先胜]AB[ac][ad][bd][cd][cf][db][dc][ec][fa][fb][fc]AW[aa][ab][bc][ca][cb][cc][dd][ea][ed][fd][gb][gc][gd])
(;N[320]C[手筋题：黑先最佳着手]AB[bb][bc][cc][cd][ce][de][ec][ed][ee][gb][ge]AW[be][cb][cf][cg][db][dc][dd][eb][ef][fb][ff][gf][hc][hd][he])
(;N[321]C[对杀题：黑先胜]AB[ba][be][cb][cc][ce][db][dd][ed][fc][fd]AW[ac][bc][bd][ca][cd][dc][ea][eb][ec])
(;N[322]C[对杀题：黑先胜]AB[ac][bc][cd][cf][dd][eb][ed][fb][fd][gc][gd]AW[ab][bb][bd][cc][dc][ec][fc][gb][hb][hc][hd])
(;N[323]C[基础题：黑先最佳着手]AB[bd][be][bf][cd][cf][de][df][ed][ef][fd][fg][fh][gd][hd][id][ig]AW[bc][bg][cc][cg][dc][dd][dg][di][ec][ee][eg][fe][ff][gb][gf][gg][he])
(;N[324]C[死活题：黑先净杀]AB[af][bf][ca][cb][ce][cf][dc][dd][eb]AW[ac][ba][bb][bd][be][cc])
(;N[325]C[对杀题：黑先胜]AB[ad][bb][bc][bd][cd][dd][ec][fb][fc][fd]AW[ab][ae][be][cb][ce][db][dc][de][eb][ed][ee])
(;N[326]C[死活题：黑先净杀]AB[ae][ba][be][cd][dc][de][ea][eb][ec]AW[ac][ad][bb][bd][cc][da][db])
(;N[327]C[对杀题：黑先胜]AB[bb][cb][cc][dd][de][ee][fb][fc][fd]AW[ca][da][db][dc][ec][ed][fe][gb][gc][gd][ge])
(;N[328]C[手筋题：黑先最佳着手]AB[ab][ac][bb][cc][da][dc][ea][eb][ec][fd][gd][hb][hd]AW[ad][bc][bd][cb][cd][dd][ed][fa][fb][fc])
(;N[329]C[死活题：黑先净杀]AB[ac][ad][ae][ah][bc][bf][bk][cb][ce][ck][dc][dd][de][df][dg][di][dj][ek]AW[af][ai][aj][bd][be][bh][bj][cd][cf][cg][ch][ci][cj])
(;N[330]C[死活题：黑先净杀]AB[ba][bb][bc][bd][be][ca][cf][cg][dd][de][dg][eg][fb][fg][gb][gc][gd][ge][gf]AW[cb][cc][cd][ce][da][df][eb][ed][ef][fc][fd][fe][ff])
(;N[331]C[对杀题：黑先胜]AB[cb][cc][dc][ec][fd][gc][gd]AW[bb][bc][cd][dd][df][ed][fb][fc][ic][jb])
(;N[332]C[对杀题：黑先胜]AB[ab][ac][bd][be][cb][cd][de][ec][ed][ee][fa][fb][fc]AW[bb][bf][cc][ce][cf][db][dc][dd][ea][eb][fe][ff][ga][gb][gc][gd])
(;N[333]C[对杀题：黑先胜]AB[ad][bb][bd][cc][cd][de][ed][ee][fa][fb][fc]AW[ab][ae][ba][be][cb][ce][cg][dc][dd][ea][eb])
(;N[334]C[手筋题：黑先最佳着手]AB[cc][cd][db][de][ee][gb][gd][hc]AW[bb][bc][bd][be][ce][dd][eb][ed][gc])
(;N[335]C[死活题：黑先净杀]AB[ac][ad][ae][be][ca][cc][ce][de][ea][ee][fb][fc][fd][fe]AW[ab][bb][bc][bd][cb][cd][dd][eb][ec][ed])
(;N[336]C[死活题：黑先净活]AB[ba][bb][bc][cc][cd][db][dd][df][eb][ed][ef][fd][gd]AW[bd][be][ca][ce][cf][da][dc][dg][dh][ea][ec][fb][fc][ff][fg][hc][hd][he][rl])
(;N[337]C[死活题：黑先净活]AB[ad][bd][ca][cb][cc]AW[ae][be][cd][ce][da][db][dc][dd])
(;N[338]C[死活题：黑先净杀]AB[bb][bc][be][ca][cc][ce][da][de][ed][ef][fd][ff][ga][gb][ge][hb][he][id][ie][jb][jc]AW[cb][db][dc][dd][ec][fb][fc][fe][gd][ha][hc][hd][ia][ib][ic])
(;N[339]C[手筋题：黑先最佳着手]AB[aa][bb][bc][ca][cd][ce][de][ee][ef][fc][fe][gd][ge]AW[bd][be][bg][cb][cc][cf][dd][df][eb][ed][fb][fd][gb][gc])
(;N[340]C[死活题：黑先劫杀]AB[ac][ba][bc][be][cd][de][eb][ee][fd][ga][gb][gc]AW[ab][bb][cb][cc][dc][ea][ec][fb])
(;N[341]C[对杀题：黑先胜]AB[bc][cb][cc][dd][de][ea][ec][fb][fc]AW[bb][ca][da][db][dc][ed][fd][gb][gc])
(;N[342]C[死活题：黑先净活]AB[ce][de][ec][ee][fb][fd][fe][gb][gc][gd][ha]AW[bc][bd][be][cf][dc][dd][df][eb][ef][ff][ge][hb][hc][he][ie][jb][jc])
(;N[343]C[死活题：黑先净活]AB[bb][bc][be][bf][cd][dd]AW[cb][cc][ce][cf][cg][ci][dc][de][eb][ed])
(;N[344]C[死活题：黑先净杀]AB[ab][af][bg][bh][cb][cc][cd][ce][cf]AW[ac][ag][ba][bb][bc][bd][be][bf])
(;N[345]C[手筋题：黑先最佳着手]AB[ad][bc][be][bg][cb][cc][ce][ch][dc][eh]AW[bd][bf][cd][cf][db][dd][de][df][eb][ec])
(;N[346]C[手筋题：黑先最佳着手]AB[ba][bb][bc][ca][cd][ce][de][df][ef][fe]AW[bd][be][bf][cb][cc][cf][da][db][dd][ee][gb][gc][gd])
(;N[347]C[对杀题：黑先胜]AB[bb][bc][cc][dd][ed][fc][fd][gb]AW[bd][cb][cd][cf][dc][de][eb][ec][fb][hc][hd])
(;N[348]C[死活题：黑先净杀]AB[ba][bb][bc][bd][ca][cf][dc][ed][ef][fa][fd][ga][gb][ge][he][ic][id][ie][jb][kc]AW[cb][cc][cd][da][dd][eb][ec][fb][fc][gd][hb][hc][hd][ia][ib])
(;N[349]C[手筋题：黑先最佳着手]AB[bc][bd][cc][dc][eb][fc][fd]AW[be][cd][cf][db][dd][ec][ed][fe][ge])
(;N[350]C[对杀题：黑先胜]AB[bb][bd][ce][da][de][eb][ec][ed]AW[ba][cb][cd][db][dc][dd][ee][fd][fe][gb][gc])
(;N[351]C[对杀题：黑先胜]AB[bc][bf][ca][cb][cc][cd][cf][de][eb][ee][fb]AW[ac][ad][ba][be][ce][da][db][dc][dd])
(;N[352]C[手筋题：黑先最佳着手]AB[gd][hd][he][id][jd][jf][ke][kf][kh]AW[fc][gc][ge][ic][ie][if][jc][je][kc][kd])
(;N[353]C[对杀题：黑先胜]AB[ac][ad][bd][ca][cd][dc][ec][fb][fd]AW[ab][ba][bc][bf][cb][cc][cf][dd][de])
(;N[354]C[手筋题：黑先最佳着手]AB[ba][ca][cd][de][ed][fa][fb][fc][fd]AW[bb][bd][be][cb][dd][ea][eb][ec])
(;N[355]C[死活题：黑先净杀]AB[ab][ag][bb][bg][ca][cd][cg][da][db][dc][dd][de][df][dg]AW[ae][af][ba][bc][bd][bf][cb][cc][ce][cf])
(;N[356]C[对杀题：黑先劫]AB[ab][ac][bd][be][bf][db][de][df][ea][eb][ec][ed]AW[ba][bb][bc][cb][cd][dc][dd][ee][fb][fc][fd][fe][gb][hc])
(;N[357]C[对杀题：黑先胜]AB[ad][ba][bd][bf][cc][ce][db][dc][de][df][ea][ec][fa][fb]AW[ab][bb][bc][cb][cd][dd][ed][fc][fd][ga][gb][hc])
(;N[358]C[对杀题：黑先胜]AB[ba][cb][cc][ce][dd][de][ec][fb][fc][fd]AW[bb][bc][bd][be][cd][cf][db][dc][eb])
(;N[359]C[对杀题：黑先劫]AB[ab][bd][be][cb][cc][cf][db][df][ee][fd][ff][gb][gc]AW[ac][bb][bc][cd][dc][dd][de][eb][ec])
(;N[360]C[手筋题：黑先最佳着手]AB[bf][cb][cf][de][df][ec][ed][eg][eh][fh][ge][gh][hi]AW[bd][bg][cd][cg][cj][dd][dg][ee][ef][ff][fg][gc][gg][hd])
(;N[361]C[对杀题：黑先胜]AB[bc][bd][ce][de][ee][fc][fd]AW[be][bf][cd][db][dd][ed][fe][ff])
(;N[362]C[手筋题：黑先最佳着手]AB[bb][ca][cc][db][dc][ed][fd][gc]AW[bd][cd][dd][eb][ec][gd][ha][hb][hc][hd])
(;N[363]C[手筋题：黑先最佳着手]AB[bb][cb][dc][dd][dg][dh][di][eb][ee][ef]AW[bc][cc][cd][cg][ch][ci][de][df])
(;N[364]C[死活题：黑先净杀]AB[ae][ah][bc][bh][ce][cf][cg][ch][da][db][dc][dd]AW[aa][ab][ac][ad][ag][ba][be][bf][bg][ca][cb][cc][cd])
(;N[365]C[手筋题：黑先最佳着手]AB[cb][cd][db][dd][ee][fb][fc][fd][fe][gb][ha]AW[ba][bb][bc][bd][ce][da][de][eb][ec][ed][fa][ga])
(;N[366]C[死活题：黑先净活]AB[db][ea][ec][ed][ee][fb][fc][gd][gf][he][ie]AW[bc][cb][dc][dd][de][ef][fg][gb][gc][gg][hd][hf][id][if][jd][je])
(;N[367]C[对杀题：黑先胜]AB[ae][be][bh][ce][ch][dd][dh][ed][eh][fe][ff][fg]AW[bd][bf][cb][cd][cf][cg][dc][de][ee][ef])
(;N[368]C[对杀题：黑先胜]AB[bd][be][cd][cf][da][db][dc][de]AW[bc][ca][cb][cc][dd][ed][fa][fb][fc])
(;N[369]C[死活题：黑先净活]AB[bc][cc][da][dc][eb]AW[bb][bd][cd][dd][ec][fb][fc][gc])
(;N[370]C[死活题：黑先净活]AB[eb][fb][fc][gc][hb][ia][ib]AW[db][dc][ed][fa][fd][gd][hc][hd][id][ja][jb][jc])
(;N[371]C[手筋题：黑先最佳着手]AB[ab][ae][bb][cb][ce][cg][db][de][ed]AW[be][cc][cd][da][dc][eb][ec][gc])
(;N[372]C[对杀题：黑先胜]AB[ad][ae][bb][be][ca][ce][dd][de][ea][eb][ec][fb]AW[ab][ac][bc][bd][cb][cd][db][dc][ed][fc][fd][gb][gc])
(;N[373]C[对杀题：黑先劫]AB[ab][ad][bb][cb][cf][db][de][ec][ed]AW[ac][bc][bd][ca][cc][ce][da][dc][dd][eb][fa][fc][gb])
(;N[374]C[死活题：黑先净杀]AB[ab][ag][bb][be][bh][bj][cc][cd][ch][db][dd][dh][ed][eh][fe][ff][fg]AW[ae][af][bc][bd][bg][ce][cf][cg][de][dg][ee][ef])
(;N[375]C[死活题：黑先净杀]AB[bb][bh][cb][cg][dc][dg][ed][ee][ef][eg]AW[af][bc][bg][cc][cd][cf][de][df])
(;N[376]C[对杀题：黑先胜]AB[ad][ba][bd][cd][dd][ea][eb][ec]AW[ac][bc][be][cb][cf][da][db][dc][de][ed][fd])
(;N[377]C[对杀题：黑先胜]AB[ac][ad][bd][bf][cc][ce][db][dc][df][ea][ec][fa][fb]AW[bb][bc][ca][cb][cd][dd][ed][fc][fd][ga][gb][hc])
(;N[378]C[死活题：黑先净活]AB[ae][bc][bd][bf][bg][bh][cd][cg][dc][dd][de][dg][ef]AW[ac][bb][bi][cb][cc][ce][cf][ch][ci][db][df][ec][ee][eg][ei][fc][fe][fg])
(;N[379]C[死活题：黑先净杀]AB[af][bc][bf][cd][ce][cf][db][dc][ed]AW[ab][ac][ba][bd][be][cb][cc])
(;N[380]C[死活题：黑先净杀]AB[ba][bb][bc][bd][dd][de][ee][ff][ga][gf][ha][hb][hc][hd][he]AW[ca][cb][cc][dc][ea][ec][ed][fe][gb][gc][gd][ge])
(;N[381]C[手筋题：黑先最佳着手]AB[ab][bb][cb][dc][de][ec][ed]AW[bc][be][ca][cc][db][dd][eb][fb])
(;N[382]C[对杀题：黑先胜]AB[ae][bb][be][ce][da][db][dc][de][ed][ee]AW[ab][ad][ba][bd][cd][dd][ea][eb][ec][fc][fd])
(;N[383]C[死活题：黑先净活]AB[ac][ad][ag][bb][bd][be][bh][bi][cf][cg][de]AW[af][ai][bc][bf][bj][cc][cd][ce][ch][ci][dd][dj][ed][ee][eg])
(;N[384]C[手筋题：黑先最佳着手]AB[cc][cd][ce][df][ef][fe][gc][ge][hd]AW[bb][cb][dc][de][ee][fc][ff][fg][gb][hb])
(;N[385]C[死活题：黑先净杀]AB[ae][be][ce][da][db][dc][dd][de]AW[ab][ad][bd][cb][cc][cd])
(;N[386]C[对杀题：黑先劫]AB[ab][ad][bd][cd][dd][ea][eb][ec]AW[ac][bc][cb][cc][dc][ed][ee][fb][fc])
(;N[387]C[死活题：黑先净杀]AB[ab][bf][cc][cd][ce][cf][db][ec]AW[bb][bc][bd][be][ca][cb])
(;N[388]C[死活题：黑先净杀]AB[ab][ac][bd][bf][ce][db][dd][df][ec][ed][fb][fc][gd][ha][hd][id][jc][kb][kc]AW[bc][cb][cc][cd][dc][ea][eb][fa][ga][gb][gc][hc][ib][ic][jb])
(;N[389]C[手筋题：黑先最佳着手]AB[bb][bc][cc][da][dc][ec][fc][gb][gc]AW[ab][ac][ad][ba][bd][cb][cd][db][dd][eb][fa][fb])
(;N[390]C[手筋题：黑先最佳着手]AB[bc][bd][cc][fb][fc][fd][fe]AW[be][cd][cf][dd][eb][ed][ef])
(;N[391]C[对杀题：黑先劫]AB[be][cb][ce][db][dd][eb][ed][fc][fd]AW[bb][bd][cc][dc][ec][fb][gb][gc])
(;N[392]C[对杀题：黑先胜]AB[bc][bd][be][ce][dd][de][ea][eb][ec]AW[ae][bb][bf][cc][cd][cf][da][db][dc][ed][ee][ef])
(;N[393]C[对杀题：黑先胜]AB[bc][bd][cc][ce][db][de][ee][fa][fb][fc][fd][fe]AW[aa][ae][bb][be][bf][cb][cd][cf][da][dd][ea][eb][ec][ed])
(;N[394]C[死活题：黑先劫杀]AB[ac][ba][bf][cb][ce][da][de][ed][fb][fc][fd][ga]AW[ad][bb][bc][bd][cc][cd][db][dc][dd][eb][ec][fa])
(;N[395]C[死活题：黑先净杀]AB[bb][bc][cd][dd][ee][fe][ga][gb][gc][gd][ge]AW[ca][cb][cc][dc][ed][fb][fc][fd])
(;N[396]C[手筋题：黑先最佳着手]AB[bb][bc][bd][ce][cf][db][df][ec][fb][fc][fd]AW[cb][cc][cd][dc][de][ea][eb][ed][ef][fe][ge][hb][hd])
(;N[397]C[死活题：黑先净杀]AB[ad][ag][ba][bg][cb][cc][cg][dd][de][df][ec]AW[ab][ae][bb][bc][bf][cd][ce][cf])
(;N[398]C[对杀题：黑先胜]AB[ac][bd][ca][cd][dc][ea][eb][ec]AW[ba][be][cb][cc][ce][db][dd][ed][fc][fd])
(;N[399]C[手筋题：黑先最佳着手]AB[hg][hi][ie][if][jb][jc][jd][jh][jj][ke][kf][kg]AW[hc][id][ig][ih][je][jf][jg][ji][kb][kc][kd])
(;N[400]C[手筋题：黑先最佳着手]AB[bc][bd][be][cc][ce][dc][df][dg][dh][di][ed][fd][fh][gd][gg][gh][hd][hf][if]AW[bf][cd][cf][cg][ci][cj][db][dd][de][ec][ee][ef][fc][fg][gc][ge][gf][he][ic][jb][jd])
(;N[401]C[死活题：黑先净活]AB[ad][ah][bd][be][bg][bi][cd][ce][cg][ch][de][df]AW[ae][af][aj][bc][bf][bj][cb][cc][ci][cj][dc][dd][dh][ee][ef][eg])
(;N[402]C[手筋题：黑先最佳着手]AB[db][dc][dd][de][ea][hb][hc][he]AW[bb][bd][ce][cf][df][ec][ee][fc][fe][gb][gc])
(;N[403]C[死活题：黑先净杀]AB[bf][cb][ce][cg][db][de][ec][ed][fb][ff]AW[ab][ae][bb][bd][be][ca][cd][dd])
(;N[404]C[对杀题：黑先劫]AB[bc][bd][be][cb][ce][dd][de][ec][fa][fb][fc]AW[bb][bf][cc][cd][cf][da][db][dc][df][eb][ed][ee][ef])
(;N[405]C[对杀题：黑先胜]AB[ac][bb][bd][cd][dc][dd][ec][fa][fb][gb][hb]AW[bc][cb][cc][db][eb][fc][gc][ha][hc][ib][ic])
(;N[406]C[手筋题：黑先最佳着手]AB[bc][cc][cf][cg][dc][df][dh][ec][eh][fc][fg][gf][gg]AW[be][ce][de][dg][eb][ed][eg][fb][ff][gc][gd][ge])
(;N[407]C[对杀题：黑先胜]AB[bb][be][cc][cd][ce][db][de][ea][ec][fa][fb][fc]AW[ba][bc][bd][ca][cb][dc][dd][ed][fd][ga][gb][gc][gd])
(;N[408]C[对杀题：黑先胜]AB[bd][be][cb][cd][cf][db][dc][ec][fc][gd][ge]AW[ba][bb][bc][cc][ce][dd][de][ed][fb][fd][gc][gf][hc])
(;N[409]C[死活题：黑先净杀]AB[ac][bc][bd][cb][cd][dd][ed][fc][ga][gb][gc][hd]AW[ab][bb][cc][db][dc][ea][ec][fa][fb])
(;N[410]C[对杀题：黑先胜]AB[gd][ge][hb][hc][ia][if][jb][jc][je][kd][ke]AW[ec][gb][gc][hd][id][ja][jd][ka][kb][kc])
(;N[411]C[死活题：黑先净活]AB[ae][bc][bd][be][cb][da][db]AW[ab][ac][ba][bf][cd][ce][cg][dc][eb][ec])
(;N[412]C[对杀题：黑先劫]AB[ad][ba][be][cb][cc][ce][cf][dc][dd][df][eb][fb]AW[ab][bb][bc][bd][cd][de][ea][ec][ed][ee][fa][fc][gb])
(;N[413]C[手筋题：黑先最佳着手]AB[bb][bc][cd][dc][dd]AW[bd][be][cb][cc][ce][db][fc])
(;N[414]C[死活题：黑先净活]AB[ba][bb][bd][cb][cd][ce][dc][dd][eb][ec][fb]AW[ab][ad][bc][be][bf][cc][cf][de][ea][ed][ee][fa][fc][gb][gc][hc])
(;N[415]C[对杀题：黑先胜]AB[bc][cc][dc][ed][fc][fd]AW[ac][bd][cd][dd][eb][ec][hc][ib])
(;N[416]C[死活题：黑先劫杀]AB[ad][ba][be][cd][ce][dc][dd][ed][fd][gb][gc]AW[bb][bc][bd][ca][cc][db][eb][ec][fc])
(;N[417]C[死活题：黑先净杀]AB[bd][bh][cc][cd][ch][db][dh][eh][fc][fd][fg][ge][gf][gg]AW[be][bf][ce][cg][de][df][dg][ed][eg][fe][ff])
(;N[418]C[手筋题：黑先最佳着手]AB[ae][bd][bf][cd][ce][dd][ec][eg][fc][fd][fe][ff]AW[bb][bc][bg][cc][cf][db][dc][de][df][dg][eb][ed][ee][ef][fb][gc][hc])
(;N[419]C[对杀题：黑先胜]AB[bc][ca][cb][cc][cd][dc][ed][fb][fd][gc]AW[ac][ae][bb][bd][be][ce][db][dd][de][eb][ec])
(;N[420]C[手筋题：黑先最佳着手]AB[ba][bb][bc][bd][ce][dd][de][fc][fd][fe][ff]AW[be][bf][cb][cc][cd][cf][df][eb][eg][fb][fg][gf][gg][hc][he][ic])
(;N[421]C[死活题：黑先净杀]AB[ab][ba][bc][cc][ce][dd][ed][fc][fd][hb][hd][ib][id]AW[bb][cb][da][dc][ec][fb][ga][gb])
(;N[422]C[手筋题：黑先最佳着手]AB[bc][cc][db][dc][de][dg][ef][eg][fc][fg][gb][gd][ge][gf]AW[bd][be][ce][cf][ch][dd][df][eb][ec][fd][fe][ff])
(;N[423]C[手筋题：黑先最佳着手]AB[ba][bb][bc][bd][ce][dd][de]AW[be][bf][cb][cc][cd][cf][dc][gb][gc][ge])
(;N[424]C[死活题：黑先净活]AB[cb][cc][cd][dd][ea][eb][ec]AW[aa][ba][bd][be][ca][ce][dc][de][ed][fa][fb][fc][fd])
(;N[425]C[手筋题：黑先最佳着手]AB[dd][de][df][ec][eg][eh][fd]AW[bd][cc][cf][cg][dg][ef][fb][fc][fe][gd])
(;N[426]C[死活题：黑先净活]AB[ac][bb][ca][cb][cc][cd][dd][de][df][dg][ed][fd][fg][gd][gf][gg]AW[bc][bd][be][ce][cf][cg][ci][db][dc][dh][eb][ee][eh][fb][ff][fh][gc][ge][gh][hc][hd][he][hf][hg])
(;N[427]C[手筋题：黑先最佳着手]AB[ca][cb][cc][cd][de][eb][ee][fd]AW[be][ce][cg][db][dc][dd][df][ec][gb][gc])
(;N[428]C[对杀题：黑先劫]AB[ba][bc][cd][cf][dd][df][eb][ec][fb][ga]AW[bb][ca][cc][da][db][dc][ed][fc][fd][gc][hb][hd])
(;N[429]C[死活题：黑先净杀]AB[ac][ad][bd][ce][de][ec][ed][fa][fb][gc]AW[aa][ab][bc][cb][cc][cd][dc][ea][eb])
(;N[430]C[对杀题：黑先胜]AB[bc][bd][cb][cc][dc][ed][fc][fd][gb][hb][hd]AW[ba][be][ca][cd][cf][db][dd][df][ea][eb][ec][fb])
(;N[431]C[对杀题：黑先胜]AB[ab][af][bb][bf][ca][cf][db][dc][dd][df][ee][fe]AW[ae][ba][bc][be][cc][cd][ce][de][ea][eb][ec][ed][gc])
(;N[432]C[手筋题：黑先最佳着手]AB[bd][be][bf][cb][cc][dd][ec][fa][fb][gb][gc][ic]AW[ba][bb][bc][cd][ce][de][eb][ed][fc][fd])
(;N[433]C[对杀题：黑先劫]AB[ab][ad][ae][bc][be][ce][db][dc][dd][fd]AW[af][ba][bb][bd][bg][cb][cc][cd][cg][de][dg][ee])
(;N[434]C[手筋题：黑先最佳着手]AB[bd][bf][cd][de][ec][ee][fb][fc][fd][fe][gc][ge][hd]AW[ad][bc][cc][dc][dd][ea][ed][fa][gb][hc][ic][jd])
(;N[435]C[对杀题：黑先胜]AB[ac][ba][bb][bc][cd][dd][ea][ec][ed][ga][gb][gc]AW[ab][ad][bd][be][cb][cc][ce][da][dc][eb][fb])
(;N[436]C[死活题：黑先净杀]AB[ac][ad][be][cc][cd][dd][eb][ec][ed][gb]AW[ab][ba][bc][cb][db][dc][ea])
(;N[437]C[对杀题：黑先胜]AB[bb][cc][cd][ce][cg]AW[bc][bd][cb][db][ec])
(;N[438]C[对杀题：黑先胜]AB[ae][be][cb][ce][db][dd][ec][ed]AW[bb][bd][cc][cd][dc][eb][fb])
(;N[439]C[基础题：黑先最佳着手]AB[he][hg][hi][ie][if][jb][jc][jd][jh][jj][ke][kf][kg]AW[hc][hf][hh][id][ig][ih][je][jf][jg][kb][kc][kd])
(;N[440]C[对杀题：黑先胜]AB[ba][ca][cb][cc][dc][ed][fd][gb][gc]AW[bb][bc][be][cd][db][dd][ec][fa][fb][fc])
(;N[441]C[对杀题：黑先胜]AB[aa][ad][ae][be][cb][cd][ce][db][dd][eb][ed][fa][fc][fd]AW[ac][bb][bc][bd][ca][cc][dc][ec][fb][gb][gc][gd][hb])
(;N[442]C[对杀题：黑先劫]AB[ab][ad][bd][cd][da][dd][eb][ec][fb][gb][gc]AW[ac][bb][bc][cc][db][dc][ed][fc][fd][gd][hb][hc])
(;N[443]C[死活题：黑先净杀]AB[bc][be][ca][cb][cd][ce][ea][ed][fb][fc][fd]AW[ad][ba][bb][bd][cc][dc][eb][ec])
(;N[444]C[死活题：黑先净杀]AB[ea][eb][ec][fc][gc][hd][id][jc][je][ka][kb][kc]AW[fa][fb][gb][ha][hc][ia][ic][jb])
(;N[445]C[死活题：黑先劫杀]AB[ba][be][cd][ce][dc][eb][ec]AW[ac][bb][bd][cb][cc][db])
(;N[446]C[对杀题：黑先胜]AB[bf][cc][cd][cf][db][de][ee][fe][gc][gd]AW[bb][bc][bd][be][ce][dc][dd][ed])
(;N[447]C[手筋题：黑先最佳着手]AB[bd][bf][cd][cf][dc][de][eb][ec][fd]AW[bb][bc][ca][cc][db][dd][ed][ee][gc][hc][he][hf])
(;N[448]C[死活题：黑先净杀]AB[bc][be][ce][dc][dd][de][eb][fb]AW[ab][ba][cb][cc][cd][db][ea])
(;N[449]C[对杀题：黑先胜]AB[ae][ba][be][cb][cd][db][dd][eb][ec][fa][fc]AW[ac][bb][bc][bd][ca][cc][dc][ed][fb][fd][gb][gc][gd])
(;N[450]C[手筋题：黑先最佳着手]AB[bc][bd][bf][bg][cc][cg][dc][dg][ec][ef][eg][fd]AW[ad][af][be][cd][cf][dd][df][eb][ed][ee][fc][ff][gb][gd])
(;N[451]C[死活题：黑先净活]AB[dc][dd][de][ec][ef][fd][fg][gd][ge][gf]AW[cb][cc][cd][ce][db][df][dg][eb][eg][fc][fh][gc][gh][hd][he][hf][hg])
(;N[452]C[对杀题：黑先胜]AB[cb][cc][cd][dd][eb][ec][fa][fc][gb]AW[bb][ca][da][db][dc][ed][fd][gc][gd][ha][hb])
(;N[453]C[死活题：黑先净杀]AB[ac][ae][be][cb][ce][dd][de][ec][fa][fb][fc]AW[ad][ba][bd][cc][cd][db][dc][ea][eb])
(;N[454]C[对杀题：黑先胜]AB[ab][ba][bb][bc][cb][dc][dd][ea][fc][fe][ga][gb][gc]AW[ac][ad][bd][cc][cd][cf][db][de][eb][fa][fb])
(;N[455]C[死活题：黑先净活]AB[bc][cb][cc][dc][ea][ec][fa][fb][fc]AW[aa][ab][ac][ad][bb][bd][cd][da][dd][eb][ed][fd][ga][gb][gc][gd])
(;N[456]C[死活题：黑先净杀]AB[ad][be][cd][ce][dd][ea][ed][fb][fc][fd]AW[bb][bc][bd][ca][cc][eb][ec])
(;N[457]C[死活题：黑先劫杀]AB[bf][cd][ce][cf][da][db][dc]AW[bb][bd][be][cb][cc])
(;N[458]C[死活题：黑先净活]AB[fa][fb][fc][gd][hd][ia][ib][ic][id]AW[eb][ec][ee][fd][gb][gc][ge][hc][he][ie][jb][jc][jd])
(;N[459]C[对杀题：黑先胜]AB[ab][ac][ae][be][cb][ce][cg][db][dc][dd]AW[ad][ba][bb][bc][bd][cc][cd][de][ec][ed][ee][fb])
(;N[460]C[手筋题：黑先最佳着手]AB[bc][bd][cd][da][dd][ec][fb][fc][gb][hc][ic]AW[bb][cc][ce][cf][dc][ea][eb][ed][ef][fd][gc][gd][gf])
(;N[461]C[对杀题：黑先劫]AB[ad][ba][bb][bc][ca][cd][dd][ec][fb][fd]AW[ac][bd][be][cb][cc][ce][da][db])
(;N[462]C[基础题：黑先最佳着手]AB[be][cc][cg][ch][dc][de][eg]AW[bf][ce][dd][eb][ec][ee])
(;N[463]C[死活题：黑先劫活]AB[ba][bd][cb][da][dc][dd][de]AW[bb][cc][cf][db][df][eb][ec][ee][ef][gc])
(;N[464]C[对杀题：黑先劫]AB[ba][bc][ca][cb][db][dc][ed][ee][ff][gb][gc][gf][hd][he]AW[ab][bb][bd][cc][cd][dd][df][eb][ec][fc][fd])
(;N[465]C[死活题：黑先净杀]AB[ae][bc][be][cd][dd][ea][eb][ec][ed]AW[ab][ac][ad][ba][ca][cc][da][db][dc])
(;N[466]C[死活题：黑先净杀]AB[bc][bd][be][cc][cf][df][eb][fa][fd][ff][gd][gg][hb][hc][ic]AW[cd][ce][db][dc][de][ed][ee][fb][fc][gb][gc])
(;N[467]C[对杀题：黑先胜]AB[ba][bb][bc][cd][dd][ed][fc][gc][hd]AW[ac][bd][be][cb][cc][cf][dc][ec][fb][fd][fe])
(;N[468]C[手筋题：黑先最佳着手]AB[bc][ce][cf][cg][de][ec][ee][fc][fd]AW[bb][cc][dd][ed][ef][fe][ff][gb][gc][gd])
(;N[469]C[死活题：黑先净活]AB[ba][bc][ca][cb][dc][eb][ec][ed][fb][fc][gd][ha][hb][hc]AW[ab][bb][bd][cc][cd][da][dd][ea][ee][fa][fd][ff][gc][hd][he][hf][ib][ic][id])
(;N[470]C[对杀题：黑先胜]AB[ca][cb][cc][dd][de][ea][fc]AW[bd][cd][da][db][dc][eb][fb])
(;N[471]C[死活题：黑先净杀]AB[ab][af][be][bf][cb][cd][db][de][ea][ee][fa][fd][gb][gc][gd][ib]AW[ad][ae][ba][bb][bc][bd][cc][da][dc][ec][fb][fc])
(;N[472]C[对杀题：黑先胜]AB[ab][af][bc][bf][cf][db][dc][dd][de][eb]AW[ad][ae][ba][bb][be][cc][cd][ce][df][dg][ec][ed][ee][fb][gc])
(;N[473]C[手筋题：黑先最佳着手]AB[be][cb][cc][cg][dc][de][eg]AW[bd][ce][dd][eb][ec][ee])
(;N[474]C[死活题：黑先劫活]AB[ad][bc][bd][cb][cd][db][dc]AW[bb][be][ca][ce][dd][de][ea][eb][ec])
(;N[475]C[对杀题：黑先胜]AB[ae][bb][be][cb][ce][cf][dc][dd][df][ea][eb][ec]AW[ab][ac][ad][ba][bd][cd][da][de][ed][ee][fa][fb][fc][fd])
(;N[476]C[死活题：黑先净活]AB[ca][cb][db][dc][ec][fc][gb]AW[ba][bb][bc][cc][dd][eb][ed][fd][gc][hb][hc])
(;N[477]C[死活题：黑先净杀]AB[bd][cc][cd][db][dd][ed][fd][gb][gc][gd]AW[ab][bc][cb][dc][ea][ec][fc])
(;N[478]C[死活题：黑先净杀]AB[ab][af][ah][bb][bh][cb][cc][ch][dd][de][df][dg][dh]AW[ac][ae][ag][bc][bg][cd][ce][cf][cg])
(;N[479]C[对杀题：黑先胜]AB[bi][bj][cf][cj][dj][eg][ei][fh][fi]AW[bh][bk][ci][ck][dh][di][dk][eh][ej][ek])
(;N[480]C[手筋题：黑先最佳着手]AB[bb][bc][bd][cf][ec][ef][ff][gc][ge]AW[cb][cc][dd][ed][fe][hc][hd][jd])
(;N[481]C[对杀题：黑先劫]AB[ab][bb][cb][cc][cd][de][ed][ee][fc][gb]AW[bc][bd][be][ca][ce][cf][db][dc][dd][ea][eb][fb])
(;N[482]C[手筋题：黑先最佳着手]AB[db][ec][ee][fd][gb][gc][gd][he][ie][kb][kd]AW[cb][cc][cd][cf][eb][fb][fc][ga][ha][hb][hc][hd])
(;N[483]C[对杀题：黑先胜]AB[cc][db][dc][dd][ed][fe][ga][gc][gd][hb][hc]AW[bb][bc][cb][cd][ce][de][ee][fb][fc][fd][gb])
(;N[484]C[死活题：黑先净活]AB[ab][bb][bc][bf][cc][cd][ce]AW[ba][bg][cb][cf][cg][db][dd][ec][ef])
(;N[485]C[手筋题：黑先最佳着手]AB[be][ce][de][eb][ee][fc][fd]AW[db][dd][ed][fe][gb][gc][gd][ge])
(;N[486]C[对杀题：黑先胜]AB[ab][ba][bb][cb][cc][cd][de][ee][fb][fd][ga][gc]AW[bc][bd][bf][ca][ce][da][db][dc][dd][df][eb][ed][fa])
(;N[487]C[手筋题：黑先最佳着手]AB[gd][he][ie][jc][jd]AW[hd][ib][id][je][kd][ke])
(;N[488]C[死活题：黑先净杀]AB[af][bc][bf][cb][cf][db][dc][dd][de]AW[ab][ba][bb][bd][be][cc][cd])
(;N[489]C[手筋题：黑先最佳着手]AB[ag][be][ca][cb][cc][cd][cf][cg][db]AW[ah][bh][ce][ch][da][dc][dd][de][df][dg][ea][eb][ec])
(;N[490]C[手筋题：黑先最佳着手]AB[ba][bb][bc][cd][ce][de][ec][ed]AW[bd][be][bf][cb][cc][dc][dd][eb][ee][fe][gb][gc])
(;N[491]C[对杀题：黑先劫]AB[ac][bc][be][cb][cf][da][db][dc][de][ed][fd]AW[ab][ad][ba][bd][cd][dd][ea][eb][ec][gb][gc])
(;N[492]C[对杀题：黑先劫]AB[ab][bc][bd][cd][dd][ed][fa][fb][fc]AW[bb][be][bf][ca][cc][da][dc][de][ea][eb][ec][ee][fd][gd])
(;N[493]C[对杀题：黑先胜]AB[ac][bc][be][bf][bg][bk][cd][ce][cj][ck][df][dg][dh][di]AW[ab][ae][af][ag][ai][bb][bh][bi][bj][cb][cf][cg][ch][dc][dd][de])
(;N[494]C[死活题：黑先净杀]AB[af][bf][cd][ce][cf][da][db][dc]AW[ab][bd][be][ca][cb][cc])
(;N[495]C[对杀题：黑先胜]AB[bc][bd][cc][cg][dc][dg][ed][ee][ef]AW[bb][be][cb][cd][db][dd][de][ec][eg][eh][fc][fe][ff][gb])
(;N[496]C[死活题：黑先劫杀]AB[ab][bd][bf][cd][ce][db][df][ea][ef][fb][fd][gc][hb]AW[ba][bc][cb][cc][da][dd][de][eb][ec])
(;N[497]C[死活题：黑先净杀]AB[be][cc][cd][ce][da][db][dc]AW[ab][bc][bd][ca][cb])
(;N[498]C[手筋题：黑先最佳着手]AB[cb][cd][ce][cf][db][dc][ec][fd][gd]AW[bb][bc][cc][dd][df][ed][eg][fb][fc])
(;N[499]C[对杀题：黑先胜]AB[bc][bd][ce][dc][de][ea][eb][ee][fc][fd]AW[ba][bb][be][bf][cc][cd][da][db][dd][ed])
(;N[500]C[对杀题：黑先胜]AB[ac][bd][be][bf][cb][cc][db][dd][eb][ec][ed][fc][fd]AW[ba][bb][bc][cd][ce][de][ea][ee][fb][fe][gb][gc][gd])
(;N[501]C[手筋题：黑先最佳着手]AB[cb][cc][cd][dd][ec][ee][fe][gd][hc]AW[bb][bc][bd][ce][dc][de][ed][fc][fd][gc])
(;N[502]C[手筋题：黑先最佳着手]AB[ba][bb][bc][ca][cc][dd][ed][fc][fd][ff][gd]AW[cb][cd][ce][cf][ch][db][dc][df][ec][fb][gc][hc][hd])
(;N[503]C[对杀题：黑先胜]AB[ac][ae][bd][bf][ce][db][dd][de][eb][ec][fb]AW[bb][bc][cb][cc][cd][dc][ed][fc][fd][gb][hc])
(;N[504]C[手筋题：黑先最佳着手]AB[ab][bb][cb][da][ea][eb][ec][fc][gd][hb][hc][jb][jd]AW[ac][bc][cc][db][dc][de][ed][ef][fa][fd][gb][gc][gf][hd])
(;N[505]C[死活题：黑先净杀]AB[bb][bc][cc][ce][ee][fa][fc][fd][ge][ib][ie][jc][jd]AW[ca][cb][da][dc][eb][ec][fb][hb][hc])
(;N[506]C[死活题：黑先净杀]AB[bc][cb][dc][dd][de][ef][ga][gb][ge][hd][hf][id][ja][jb][jc][jd]AW[ec][ed][fb][fd][gc][gd][hc][ia][ib][ic])
(;N[507]C[对杀题：黑先胜]AB[ab][ae][be][ce][db][dc][dd][eb]AW[ad][bb][bd][cc][cd][de][ec][ed][ee][fb][gc])
(;N[508]C[对杀题：黑先胜]AB[bb][cc][cd][dd][ea][ed][fb][fd][gb][gc]AW[cb][da][db][dc][ec][fc][ga][gd][hb][hc][hd])
(;N[509]C[死活题：黑先净活]AB[ab][ae][bb][bd][cc][cd][dd][df][ed][ef]AW[be][bg][cb][ce][cf][ch][da][dc][dg][eb][ec][eh][fd][fe][ff][fg])
(;N[510]C[手筋题：黑先最佳着手]AB[cc][cd][ce][dc][eb][fb][gc][gd][ge][jc]AW[bc][bf][cb][cf][db][de][ec][fc][fe][gf][hf])
(;N[511]C[死活题：黑先劫活]AB[ab][ac][bc][bd][cd][ce][dc][de][eb][ec][ed][ee]AW[bb][be][bf][cb][cc][cf][db][df][ea][ef][fb][fc][fd][fe])
(;N[512]C[手筋题：黑先最佳着手]AB[ba][bb][bc][cd][dc][dd][ed][fc][fe][gc][hb][hc]AW[bd][be][ca][cb][cc][ce][da][de][ea][fb][gb][ha][ib][ic][id])
(;N[513]C[对杀题：黑先胜]AB[bb][bd][cd][dc][ea][ec][fb][fd]AW[bc][bf][cb][cc][cf][db][dd][de][eb])
(;N[514]C[手筋题：黑先最佳着手]AB[de][eb][ef][fg][fh][gc][ge]AW[be][cg][dc][dg][eg])
(;N[515]C[手筋题：黑先最佳着手]AB[bb][cc][dc][ec][fd][fe][gb][gc]AW[ab][bc][bd][cd][db][dd][ed][fb][fc])
(;N[516]C[基础题：黑先最佳着手]AB[cc][cd][db][de][ee][fe][gb][gd][hc]AW[bb][bc][bd][be][ca][cb][dd][eb][ed][fd][gc])
(;N[517]C[死活题：黑先劫活]AB[ba][bb][cb][cc][ce][dc][dd][de][ec][ed][fa][fb][fc]AW[ab][bc][bd][be][cd][cf][db][df][ea][ee][ef][fd][ga][gb][gc][gd])
(;N[518]C[死活题：黑先净杀]AB[ae][be][ca][ce][dc][de][ed][fa][fb][fc][fd]AW[ad][bc][bd][cd][db][dd][ea][eb][ec])
(;N[519]C[死活题：黑先净活]AB[cb][da][dc][ec][fc][ga][gc][hb]AW[bb][bc][cc][dd][ed][fd][gd][hc][ia][ib][ic])
(;N[520]C[手筋题：黑先最佳着手]AB[bb][bd][be][cb][cf][dg][eb][ec][ee][eg][fd][fe][gb][gc][gg][gh]AW[ca][ce][db][dc][dd][de][df][ea][ed][gd][ge][gf][ha][hb][hc][hg])
(;N[521]C[对杀题：黑先胜]AB[bb][bf][cc][cd][cf][da][dc][df][eb][ed][ee][ef]AW[ab][bc][bd][be][ce][dd][de][ec][fa][fb][fc])
(;N[522]C[对杀题：黑先胜]AB[ba][bd][cd][ce][da][db][dc][de]AW[bb][bc][ca][cb][cc][dd][ed][fc][gc])
(;N[523]C[死活题：黑先净杀]AB[ab][af][bb][be][bf][cb][cd][db][de][ee][fa][fd][gb][gc][gd][ib]AW[ad][ae][ba][bc][bd][cc][da][dc][ea][ec][fb][fc])
(;N[524]C[对杀题：黑先胜]AB[bb][be][ca][ce][dd][de][ea][eb][ec][fc]AW[ba][bc][bd][cb][cd][db][dc][ed][fd][gb][gd][hc])
(;N[525]C[对杀题：黑先胜]AB[ad][bc][be][ca][cc][ce][dd][de][ea][eb][ec][fc]AW[ab][ba][bb][cb][db][dc][ed][fd][gb][gd][hc])
(;N[526]C[手筋题：黑先最佳着手]AB[be][ce][cg][db][dc][dd][hb][hc][hd]AW[ca][cb][cc][cd][de][ed][ee])
(;N[527]C[死活题：黑先净活]AB[ba][bc][bd][be][ca][cb]AW[ad][ae][bf][bh][cc][cd][ce][cf][da][db][ec])
(;N[528]C[对杀题：黑先胜]AB[be][bf][cb][cc][cd][cf][df][ee][fe][gb][gd][hc][hd]AW[bb][bc][bd][ce][dd][de][eb][ed][fb][gc])
(;N[529]C[对杀题：黑先胜]AB[cb][cd][dd][de][ed][fa][fb][fc][gc][hc][ib]AW[ea][eb][ec][ee][fd][fe][gb][hb][hd][ic][id][jc])
(;N[530]C[对杀题：黑先胜]AB[ab][bd][be][bf][ca][cb][cc][db][dd][ed][fd][gc]AW[ad][ba][bb][bc][cd][ce][de][eb][ec][ee][fc][fe][gd])
(;N[531]C[死活题：黑先净活]AB[bb][bc][bd][be][cb]AW[bf][bh][cc][cd][ce][cf][db][ec])
(;N[532]C[死活题：黑先净活]AB[db][fa][fc][fd][gb][gc][gd][ha][hc][hd][ib][ic][id]AW[bb][cc][dc][de][eb][ec][ed][fe][ff][he][hf][ia][ja][jb][jc][jd][je])
(;N[533]C[手筋题：黑先最佳着手]AB[cd][ce][cf][cg][db][dc][dh][ed][eh][fd][fh][gg][gh]AW[bc][cc][dd][de][df][dg][ec][eg][fc][fg][gc][gf][hd][hf][hg])
(;N[534]C[对杀题：黑先胜]AB[ba][bb][be][ca][cc][cf][db][dc][de][ed][ee]AW[ab][bc][bd][cd][dd][ea][eb][ec][fc][hc])
(;N[535]C[对杀题：黑先胜]AB[ac][bc][bd][be][da][dd][de][eb][ec]AW[ab][bb][ca][cc][db][dc][ed][fd][gb][gc])
(;N[536]C[对杀题：黑先胜]AB[bd][be][cb][cc][ce][da][dc][de][eb][ee]AW[ba][bb][bc][ca][cd][dd][ed][fc][fd])
(;N[537]C[对杀题：黑先胜]AB[ab][bc][cc][dc][ed][fc][fd]AW[ac][ad][bd][cd][dd][eb][ec][hc][hd])
(;N[538]C[对杀题：黑先劫]AB[ac][ad][bb][be][ce][cf][da][db][dc][dd][df][ed][ee][ef]AW[ae][af][ba][bd][bf][bh][ca][cb][cc][cd][cg][dg][eg][fb][fc][fd][fe][ff])
(;N[539]C[手筋题：黑先最佳着手]AB[cd][ce][dc][de][df][eb][ee][fe][ga][gb][gc][gd][ge]AW[bc][bd][be][cc][cf][cg][db][dg][ea][ed][ef][fb][fc][fd])
(;N[540]C[对杀题：黑先劫]AB[ab][ad][bd][cd][db][dc][eb][fc][gb][ge]AW[ac][ba][bc][bf][cb][cc][da][dd][df][ec][ed])
(;N[541]C[手筋题：黑先最佳着手]AB[cb][cc][cd][de][ee][fb][fd][gd]AW[bb][bc][bd][be][ce][dd][eb][ed][fc][fe][ge][hb][hc][he])
(;N[542]C[死活题：黑先净杀]AB[ba][be][ce][db][dd][eb][ec][gc]AW[ab][bc][bd][ca][cb][cc][dc])
(;N[543]C[对杀题：黑先胜]AB[ab][ac][ad][bb][bd][cc][cd][dd][ec][fc][gc][hb][hc]AW[ae][ba][be][cb][ce][da][db][dc][de][eb][ed][ee][fb])
(;N[544]C[死活题：黑先净杀]AB[ac][ba][bd][be][cb][ce][db][dd][ed][fa][fd][ga][gb][gc][gd]AW[ab][bb][bc][cc][cd][dc][ea][eb][ec][fb][fc])
(;N[545]C[手筋题：黑先最佳着手]AB[ab][bc][cd][dc][dd][eb][ec][fd][gb][gc]AW[ad][bb][bd][cb][cc][ce][db][ea][fa][fb][fc])
(;N[546]C[对杀题：黑先胜]AB[bc][bd][be][ca][ce][cf][db][dc][dd][eb][fb]AW[ab][bb][cb][cc][cd][da][de][ed][ee][fc][ga][gb][hc])
(;N[547]C[死活题：黑先净活]AB[da][eb][ec][ed][ee][ef][ff][gb][gc][gd][ge]AW[bb][db][dc][dd][de][df][ea][eg][fb][fc][fg][gf][gg][ha][hb][hc][hd][he])
(;N[548]C[死活题：黑先净活]AB[ad][ae][ba][bc][bd][cc][db]AW[af][be][bf][cb][cd][ce][dc][dd][eb][fd])
(;N[549]C[死活题：黑先净活]AB[ac][af][bc][bf][cb][cc][cd][ce]AW[ab][bb][bg][ca][cg][db][dc][dd][de][df])
(;N[550]C[死活题：黑先净活]AB[fb][fc][gd][hb][hc][ia][ic][jb]AW[eb][ec][ed][fa][fe][gb][ge][ha][he][id][jc][kb][kc])
(;N[551]C[死活题：黑先净活]AB[bc][ca][cb][cc][da][dc][eb][ec]AW[ac][ad][ba][bb][bd][cd][dd][ed][fb][fd][gb][gc])
(;N[552]C[手筋题：黑先最佳着手]AB[bf][bg][bh][ci][de][di][dj][eh][ei]AW[bi][bj][cg][ch][cj][dh][dk][eg][ej][ek])
(;N[553]C[死活题：黑先净活]AB[ac][ad][bc][bf][bg][cb][cc][cd][ce][cf]AW[ab][ba][bb][bh][ca][cg][ci][db][dc][dd][de][df][dg])
(;N[554]C[死活题：黑先净杀]AB[ba][bb][bc][cd][dd][ed][fe][ga][ge][ha][hb][he][ib][id][jb][jc][je]AW[cb][da][dc][eb][fa][fc][gb][gd][hc][ic])
(;N[555]C[基础题：黑先最佳着手]AB[cc][cd][db][dd][eb][fc][hc][hd]AW[bb][bc][bd][cb][dc][ec][ed][fb])
(;N[556]C[死活题：黑先净活]AB[ae][bc][bd][be][bf][bg][bh][cd][cg][dc][dd][dg]AW[ac][bb][bi][cb][cc][ce][cf][ch][ci][db][df][ec][eg][ei][fc][fe][fg])
(;N[557]C[死活题：黑先净杀]AB[bd][cd][dd][ea][eb][ec][ed]AW[ab][bc][cc][db][dc])
(;N[558]C[死活题：黑先净杀]AB[ac][af][bf][cd][ce][cf][dc][ea][eb][ec]AW[aa][ab][ae][ba][bc][bd][be][ca][cc][db])
(;N[559]C[死活题：黑先净杀]AB[ab][ae][be][ce][db][de][ea][eb][ec][ed]AW[ac][ad][ba][bd][ca][cb][cd][da][dc][dd])
(;N[560]C[对杀题：黑先胜]AB[ab][bc][bd][ce][dd][de][ec][fa][fb][fc]AW[ba][bb][cc][cd][dc][eb][ed][fd][gb][gc][gd])
(;N[561]C[死活题：黑先净活]AB[db][eb][fb][gc][gd][hb][ib]AW[cb][cd][dc][ed][fd][ge][hc][hd][jb][jc][je])
(;N[562]C[死活题：黑先净杀]AB[be][bf][cb][cc][cd][cg][eg][fe][ga][gc][ge][hb][hc][he]AW[ce][db][dc][dd][de][ea][ec][ee][fc][fd][gb])
(;N[563]C[死活题：黑先净活]AB[cb][cc][db][dd][ec][ed]AW[bb][bc][cd][ce][de][ee][fd][fe][gb][gc])
(;N[564]C[死活题：黑先净杀]AB[ah][ba][bd][bh][cb][ce][cf][cg][ch][db][dc][dd]AW[ab][ag][bb][bc][be][bf][bg][cc][cd])
(;N[565]C[死活题：黑先净活]AB[ad][bc][bd][cd][da][db][dc][dd][eb]AW[ac][ae][ba][bb][be][cb][cc][ce][de][ea][ec][ed][fa][fb][gc])
(;N[566]C[手筋题：黑先最佳着手]AB[ec][fc][gc][hb][ic][jc][kd][kf]AW[ed][fd][gb][gd][gg][hc][hd][id])
(;N[567]C[死活题：黑先劫活]AB[ca][cb][cc][cd][db][dd][ea][ed][fd][gc][gd]AW[ba][bb][bc][bd][ce][dc][de][eb][ec][ee][fa][fe][gb][ge][hb][hc][hd][he])
(;N[568]C[死活题：黑先净杀]AB[bb][bc][cd][ce][de][eb][ec][ee][fb][fe][gd][ge][hc][hd][ib][ic][jc]AW[cb][cc][db][dd][ed][fc][fd][ga][gb][gc][hb])
(;N[569]C[手筋题：黑先最佳着手]AB[bc][bd][cb][cc][dd][ec][ed][fc][gc][hb][hc]AW[be][cd][ce][da][db][dc][df][fa][fe][gb][ha][he][ib][ic][id])
(;N[570]C[死活题：黑先净杀]AB[ba][bb][bc][bd][be][ca][cf][cg][de][dg][ed][eg][fb][fg][gb][gc][gd][ge][gf]AW[cb][cc][cd][ce][da][df][eb][ec][ef][fc][fd][fe][ff])
(;N[571]C[对杀题：黑先胜]AB[ab][ac][ad][ae][be][cd][ce][db][de][eb][ec][ed][hc]AW[af][bc][bf][cb][cc][cf][dc][dd][df][ee][fe])
(;N[572]C[死活题：黑先净活]AB[ac][ad][ba][bd][cc][cd][da][dc][ea][eb][ec]AW[ab][ae][bb][be][cb][ce][db][dd][ed][fa][fb][fc][fd])
(;N[573]C[手筋题：黑先最佳着手]AB[ba][bb][bc][bd][ca][ea][ee][fa][fb][fc][fd][fe]AW[bf][cb][cc][da][db][de][df][eb][ec][ed])
(;N[574]C[死活题：黑先净杀]AB[ab][ae][be][ca][ce][da][dd][ea][eb][ec][ed]AW[ad][ba][bb][bd][cb][cd][db][dc])
(;N[575]C[死活题：黑先净活]AB[ca][cb][cc][cd][dd][ec][fa][ga][gb][gc]AW[ba][bb][bc][bd][ce][de][ed][ee][fc][gd][ha][hb][hc][hd])
(;N[576]C[死活题：黑先净杀]AB[ac][bc][bf][bh][cf][db][dd][df][eb][ee]AW[bb][bd][be][cb][cc][cd][ce])
(;N[577]C[对杀题：黑先胜]AB[bc][bd][be][cb][dd][de][eb][ec]AW[bb][cc][cd][db][dc][ed][fd][gb][gd])
(;N[578]C[对杀题：黑先劫]AB[ad][ba][be][cb][cc][ce][cf][da][dc][dd][df]AW[ab][bb][bc][bd][cd][db][de][ea][ec][ed][ee][fa][fc][gb])
(;N[579]C[手筋题：黑先最佳着手]AB[ah][bh][ce][ch][dc][dd][de][df][dg][di][ei][fc]AW[be][bg][cb][cc][cd][cf][cg][ci][cj][db][dh][eh][fh])
(;N[580]C[死活题：黑先净杀]AB[ad][bd][be][ca][ce][de][ed][fa][fb][fc][fd]AW[ab][ac][bc][cd][db][dd][ea][eb][ec])
(;N[581]C[手筋题：黑先最佳着手]AB[bb][bc][bd][cf][ec][ef][ff][gc][ge]AW[cb][cc][dd][ed][fc][hc][hd][jd])
(;N[582]C[对杀题：黑先劫]AB[bd][ca][cb][cc][dd][ed][fd][gc][ha][hb][hc][hd]AW[cd][ce][da][db][dc][df][eb][ec][fa][fc][gb][gd][ge][gf])
(;N[583]C[死活题：黑先劫活]AB[bc][cb][cc][da][dc][eb][ec]AW[ac][ae][bb][bd][ce][dd][ed][fb][fc][fd])
(;N[584]C[死活题：黑先净活]AB[ab][bc][bd][ca][cb][da][dc][dd][eb][ec][fb]AW[ba][bb][be][cc][cd][ce][de][ed][ee][fa][fc][ga][gb][gc])
(;N[585]C[手筋题：黑先最佳着手]AB[be][bf][cc][cd][cf][dg][ef][eg][fe][ge]AW[bg][ce][cg][ci][dc][de][df][ee][ei][fb][ff][fh][gc][gg])
(;N[586]C[死活题：黑先净杀]AB[af][ag][bb][bc][bd][bj][cc][ce][cj][dh][di][ec][ef][eg][ej][fd]AW[ad][be][bf][bh][bi][cd][cg][ci][dd][de][df])
(;N[587]C[死活题：黑先净杀]AB[aa][ab][ad][be][cb][ce][dd][ed][fa][fb][fc][fd]AW[ac][ba][bc][cc][cd][dc][ea][eb][ec])
(;N[588]C[死活题：黑先净活]AB[ac][bb][be][cb][cc][cd][da][db][dd][ed]AW[ae][af][ba][bd][bf][cf][dc][ea][eb][ec][ef][fc][fd][fe])
(;N[589]C[手筋题：黑先最佳着手]AB[cd][ce][cf][cg][ch][db][dc][dg][ed][eh][fb][fd][fe][ge]AW[bc][bd][be][bf][bg][cc][dd][de][df][ee][ef][eg][ff][fg][gb][gc][id][je][jg])
(;N[590]C[死活题：黑先净杀]AB[ab][af][bd][be][bf][ca][cd][dd][fb][fc][fd][fe]AW[ad][ae][bb][bc][cb][dc][ea][eb][ec])
(;N[591]C[死活题：黑先净杀]AB[ab][ac][bd][be][cb][ce][de][ea][ec][ee][fc][fe][gc][ha][hb][hc]AW[ba][bb][bc][cd][da][dc][dd][eb][ed][fb][ga][gb])
(;N[592]C[死活题：黑先净活]AB[ab][bb][cc][da][dc][eb][ec][fc][gb]AW[ac][ba][bc][be][ca][cd][dd][ed][fa][fb][fd][gc][hc][ic][jb])
(;N[593]C[手筋题：黑先最佳着手]AB[bc][cd][ce][cf][db][dg][ed][eg][ff][fg]AW[bb][cb][cc][cg][ch][dd][df][ec][ee][ef][gc])
(;N[594]C[手筋题：黑先最佳着手]AB[ba][cb][da][db][dc][gb][hb][ia][ja][jd][kb][kc][kd]AW[bb][bc][cc][cd][de][fb][fc][fe][ha][hc][ib][id][jc][je])
(;N[595]C[死活题：黑先劫杀]AB[bb][bc][bd][ce][da][de][ee][fd][fe][gc][ha][hb][hc]AW[ca][cc][cd][dd][ea][ed][fb][fc][ga][gb])
(;N[596]C[手筋题：黑先最佳着手]AB[cc][dc][ec][ed][fa][fe][ff][gc][gd][hb][id][jc]AW[bc][bd][dd][de][ee][eg][fb][fc][fd][fg][gb][ge][gf][gg])
(;N[597]C[死活题：黑先净杀]AB[bc][bd][be][bf][cc][cf][cg][db][dg][eb][eg][fb][fg][gb][gc][gf][gg][hc][hd][he][hf]AW[cd][ce][dc][df][ec][ed][ef][fc][ff][gd][ge])
(;N[598]C[死活题：黑先净杀]AB[ba][be][ca][cd][cf][dc][dd][ed][fa][fb][fc][fd]AW[aa][ac][bb][bc][cb][ea][eb][ec])
(;N[599]C[手筋题：黑先最佳着手]AB[bc][bd][be][ce][dd][eb][ed][fc]AW[ac][bb][cc][cd][db][dc][fb][gb][gc][gd])
(;N[600]C[手筋题：黑先最佳着手]AB[bb][bc][ca][cb][cd][dd][ec][ed][fc]AW[bd][be][cc][ce][da][db][dc][fa][gb][gc][ha])
(;N[601]C[对杀题：黑先胜]AB[ac][ad][bb][bd][be][ce][de][ec][ed][fc][gc][gd]AW[af][bc][bf][cc][cd][cf][db][dc][dd][df][ee][fd][fe])
(;N[602]C[死活题：黑先净活]AB[bb][bc][bd][be][ca][cb]AW[ae][bf][bh][cc][cd][ce][cf][db][ec])
(;N[603]C[死活题：黑先净杀]AB[bc][cd][ce][de][eb][ee][fb][fe][gd][hb][hc][hd]AW[cb][cc][db][dd][ea][ec][ed][fd][gb][gc])
(;N[604]C[对杀题：黑先胜]AB[ba][bb][bd][cd][db][dc][fc]AW[ab][bc][ca][cb][cc][cf][dd][de])
(;N[605]C[基础题：黑先最佳着手]AB[cd][ce][dc][ec][ee][gd][ge][hc][ic][jc][je]AW[dd][df][fc][fd][ff][gc][hb][hd][he][hf])
(;N[606]C[死活题：黑先净杀]AB[ba][bb][bc][bd][be][ca][cf][cg][de][dg][ed][eg][fb][fg][gb][gc][gd][ge][gf]AW[cb][cc][cd][ce][da][dd][df][eb][ef][fc][fd][fe][ff])
(;N[607]C[死活题：黑先净杀]AB[bc][bd][ca][cd][da][dd][ed][fc][gb][gc]AW[aa][ac][bb][cb][cc][db][dc][ec][fa][fb])
(;N[608]C[对杀题：黑先胜]AB[ac][bd][be][cd][cf][da][db][dc][de][eb]AW[ab][bc][cb][cc][dd][ec][ed][fb][gc])
(;N[609]C[死活题：黑先净杀]AB[bb][bc][bd][ca][cb][ce][de][ee][fb][fe][ge][ha][hd][he][ia][ib][ic]AW[cc][cd][da][db][dd][ed][fc][fd][ga][gb][gd][hb][hc])
(;N[610]C[死活题：黑先净杀]AB[bc][bd][cb][ce][cf][dc][df][ef][fd][ff][ga][ge][ha][hb][hc][hd][he]AW[cd][da][db][de][ea][ec][ee][fa][fb][fe][gb][gc][gd])
(;N[611]C[对杀题：黑先胜]AB[bc][cc][cd][de][ed][fa][fc][fd][gb][hb]AW[bd][be][cb][ce][cg][dc][dd][eb][ec][fb][hc][hd][he][ib][ic])
(;N[612]C[死活题：黑先净杀]AB[be][ce][da][dc][dd][de][eb][ec][gb]AW[ac][bd][ca][cb][cc][cd][db])
(;N[613]C[死活题：黑先劫活]AB[ab][ac][bc][cc][db][dc][ea][eb]AW[ad][bb][bd][ca][cd][dd][ec][fa][fb][fc])
(;N[614]C[对杀题：黑先胜]AB[ba][bb][bc][cd][dd][ed][fa][fb][fc]AW[cb][cc][da][dc][ec][fd][ga][gb][gd][hc])
(;N[615]C[对杀题：黑先胜]AB[ae][bc][be][ca][cb][ce][db][de][ec][ed][fb][fc]AW[ac][ad][ba][bb][bd][cd][dc][dd][ea][eb])
(;N[616]C[对杀题：黑先劫]AB[ab][bc][bd][cd][dd][ec][fc][hc]AW[bb][be][cb][cc][cf][dc][de][ed][ee])
(;N[617]C[死活题：黑先净杀]AB[ac][bd][be][ce][da][dd][de][ea][ec][ee][fe][gb][gc][gd][ge]AW[bb][bc][cc][cd][eb][ed][fa][fb][fc][fd])
(;N[618]C[死活题：黑先净活]AB[ad][ba][bc][bd][cc][db]AW[ae][be][cb][cd][ce][da][dc][ea][ec][fb])
(;N[619]C[死活题：黑先净活]AB[bb][cb][da][dc][ec][fc]AW[ab][bc][cc][ce][dd][fd][gb][gd][hc])
(;N[620]C[手筋题：黑先最佳着手]AB[ba][bb][bc][bd][ca][ce][de][eb][fa]AW[be][bf][cb][cc][cd][cg][da][db][fb][gb])
(;N[621]C[手筋题：黑先最佳着手]AB[ce][dd][de][ed][fc][ff][gc]AW[cc][cd][eb][ec][fd][fe][id][ie][if])
(;N[622]C[对杀题：黑先胜]AB[ba][cb][cc][db][dd][ed][fd][gb][gc][gd]AW[bb][bc][cd][ce][da][dc][ec][fa][fb][fc])
(;N[623]C[手筋题：黑先最佳着手]AB[ag][bb][bf][bh][cc][cd][ce][cg][dg]AW[ae][be][cb][cf][db][dc][dd][de][df])
(;N[624]C[死活题：黑先净活]AB[da][dc][dd][de][df][dg][eb][ec][eg][ff][fg][gc][gd][ge][gf][ib][ic]AW[bb][cb][cc][ce][cf][cg][db][dh][ed][ee][ef][eh][fb][fh][gg][hc][hd][hf][hg][id][jb][jc][jd])
(;N[625]C[基础题：黑先最佳着手]AB[bc][bd][be][cb][cc][dd][eb][ec][ed][gc][hb][hc]AW[ab][bb][bf][cd][ce][cf][da][db][dc][ea][fb][fe][gb][ha][ib][jc])
(;N[626]C[对杀题：黑先胜]AB[bb][bc][ca][cd][dc][dd][fa][fb][fc][fd]AW[ac][ad][bd][be][cb][cc][ce][db][de][eb][ee])
(;N[627]C[死活题：黑先净活]AB[cb][cc][dc][dd][de][ec][fa][fb][fc][fd][fe][ga][gc][ha][hb]AW[aa][bb][bc][be][ca][cd][ce][cg][db][df][ea][ed][ee][ef][eg][gd][ge][gg][hc][ia][ib][ic][id][ie])
(;N[628]C[手筋题：黑先最佳着手]AB[gc][gd][ge][jd][kd]AW[hd][hf][id][if][kf])
(;N[629]C[死活题：黑先净杀]AB[ab][bb][bd][cc][cd][da][dd][ee][fa][fd][ff][gc][he][hf][ib][ic][id]AW[ba][bc][ca][cb][dc][ea][eb][ec][ed][gb][ha][hb][hc])
(;N[630]C[手筋题：黑先最佳着手]AB[ad][be][cb][cf][db][dc][de][df][eb][ef][eg][fc][fe][gc][gd][gf]AW[ac][bb][bd][bf][bg][cc][cd][cg][dd][dg][ec][ed][ee][fd])
(;N[631]C[对杀题：黑先劫]AB[bb][bc][cb][cd][dd][ed][fc][fd][ga][gb][hc]AW[ac][ad][bd][bf][cc][ce][db][dc][df][ea][ec][fa][fb])
(;N[632]C[手筋题：黑先最佳着手]AB[bb][bc][bd][ce][dc][dd][ea][eb][fa][fb]AW[be][bf][ca][cb][cc][cd][db][ec][fc][ga][gb][gc])
(;N[633]C[死活题：黑先净活]AB[ad][bc][ca][cc][db]AW[ae][bb][be][cd][dc][dd][eb][fc])
(;N[634]C[基础题：黑先最佳着手]AB[be][bf][cc][cd][cg][ci][db][dh][eb][ef][ff][gc][ge][gg][hc][hg][ib][jc]AW[ce][dc][df][dg][di][dj][ec][ee][eg][eh][fb][fc][fi][gb][hb])
(;N[635]C[对杀题：黑先劫]AB[bb][bc][cb][cd][ce][de][ee][fb][fc][fd][gb]AW[cc][db][dc][dd][eb][ed][fe][ff][ga][gc][gd][hb][hc][jb])
(;N[636]C[对杀题：黑先胜]AB[bb][cc][da][db][dc][ec][fc][gc][hb][ib][ic]AW[ba][bc][be][cb][cd][dd][eb][ed][fb][fd][gb][gd][hc][hd])
(;N[637]C[死活题：黑先净杀]AB[ah][ba][bh][cb][cf][cg][ch][dc][de][eb][ee][fc]AW[ad][ae][bb][bc][bd][bf][bg][cc][cd][ce])
(;N[638]C[手筋题：黑先最佳着手]AB[bi][bj][bk][ck][dj][ej][fj][gj][hj][ik][jk][kk]AW[bh][cg][ci][cj][di][dk][ei][ek][fi][gi][hi][hk][ij][jj])
(;N[639]C[手筋题：黑先最佳着手]AB[bb][bd][ca][cc][cd][da][db][de][ea][ed][ee][ff][gc][gf][hf][id][ie][if]AW[dc][dd][eb][ec][fa][fc][fe][gd][ge][hc][he][ic][jc])
(;N[640]C[手筋题：黑先最佳着手]AB[be][cc][cd][cg][dc][eg]AW[bd][ce][de][eb][ec][ee][gc])
(;N[641]C[对杀题：黑先胜]AB[bd][cd][da][db][dc][ec][fb][gb]AW[ca][cb][cc][dd][ed][fc][gc][hb][hc])
(;N[642]C[手筋题：黑先最佳着手]AB[be][cb][cc][ce][db][ec][ed][fd][ge][hb][hc][hd][he][hg][ig][jb][jc][jd][je][jf]AW[dc][dd][de][df][eb][eg][fb][fc][fe][fh][gb][gc][gd][gh][hf][hh][id][ie][if][ih][jg][jh])
(;N[643]C[手筋题：黑先最佳着手]AB[fd][gd][hc][ic][ie][jc][kd][ke]AW[ec][gb][gc][ib][id][if][jb][je][jf][kb][kc][kg])
(;N[644]C[死活题：黑先净活]AB[ae][ba][bc][bd][cc][cf][da][db][dc][dd][de][df][eb][fa]AW[ab][ad][ag][bb][be][bf][bh][cd][ce][cg][ch][ec][eg][fb][fd][ff][gc][gd][hb])
(;N[645]C[手筋题：黑先最佳着手]AB[bc][bd][be][cc][ce][dc][df][dg][dh][di][ed][fd][fg][gd][gg][hd]AW[bf][cb][cd][cf][ch][ci][cj][db][dd][de][ec][ee][ef][fc][ff][gc][gf][hc][ic][jb])
(;N[646]C[手筋题：黑先最佳着手]AB[ba][bb][bc][ca][cd][ce][dc][de][ee][fc][fe][gd][ge]AW[cb][cc][db][dd][ea][ed][fd][ga][gb][gc][hc][hd])
(;N[647]C[对杀题：黑先胜]AB[ac][ad][bb][bd][cc][cd][dd][ec][fc][gc][hb][hc]AW[ae][ba][be][cb][ce][da][db][dc][de][eb][ed][ee])
(;N[648]C[手筋题：黑先最佳着手]AB[bc][bi][cc][cf][ci][db][dd][de][df][di][ed][eg][fd][fe][ff][fh]AW[be][bf][cd][ce][cg][dc][ec][eh][fc][fg][gc][gd][ge][gf][gg])
(;N[649]C[死活题：黑先净活]AB[ca][cb][cc][da][dc][ea][ec][fc][gb][gc][hb]AW[bb][bc][cd][dd][eb][ed][fa][fd][gd][ha][hc][ib][ic])
(;N[650]C[死活题：黑先净杀]AB[ae][af][bf][cb][cf][db][dc][dd][de]AW[ac][ad][ba][bb][be][cc][cd])
(;N[651]C[对杀题：黑先胜]AB[ba][bb][bg][cb][cc][cg][da][db][dd][de][df]AW[aa][ab][ad][bc][bd][be][cd][dc][ea][eb][ec][ed])
(;N[652]C[手筋题：黑先最佳着手]AB[ba][bb][bc][cd][ce][de][ef][eg][fb][gb][ha][ia][ib][ic]AW[ca][cb][cc][db][dc][dd][ea][ee][fa][fe][ff][ga][gd][hb][hc][hd])
(;N[653]C[对杀题：黑先胜]AB[ba][cb][db][dc][ec][fc][gb][ha][hb][hc][hd]AW[aa][ab][bb][bc][cc][cd][da][dd][ed][fa][fb][fd][ga][gc][gd])
(;N[654]C[手筋题：黑先最佳着手]AB[cc][cd][ce][dc][df][dg][fg][gb][hb][hc][hd][he][hf][hg]AW[dd][dh][eb][ed][eg][eh][fb][fc][ff][gc][ge][gh])
(;N[655]C[对杀题：黑先胜]AB[ad][bc][bd][be][bg][cb][cd][cf][cg][db][ea][eb][ec][fb]AW[bb][bf][cc][ce][dc][dd][de][ed][fa][fc][fd][ga][gb])
(;N[656]C[死活题：黑先净杀]AB[bf][cb][cf][db][dc][dd][de]AW[ba][bb][be][cc][cd][ce])
(;N[657]C[死活题：黑先净杀]AB[bb][bc][cc][ce][de][eb][ee][fe][gc][gd][ge][hb][ic]AW[ca][cb][dc][dd][ea][ed][fb][fc][fd][gb])
(;N[658]C[死活题：黑先净杀]AB[fb][fc][fd][gb][ge][he][ie][jd][ka][kb][kc][kd]AW[gd][ha][hb][hd][ib][id][ja][jb][jc])
(;N[659]C[手筋题：黑先最佳着手]AB[be][ce][de][eb][ec][ed][ef][fb][ff][ge]AW[bd][cd][cg][dc][dd][df][ee][fc][fd][fe][gc])
(;N[660]C[死活题：黑先净杀]AB[bd][cc][cd][dd][ed][fc][ga][gb][gc]AW[bb][bc][ca][cb][dc][eb][ec][fb])
(;N[661]C[对杀题：黑先胜]AB[ab][ac][bc][bf][cd][ce][da][dd][df][dg][ea][ec][ed][fb][gc]AW[ba][bb][bd][be][bg][cb][cc][cf][cg][ch][db][dc][eb])
(;N[662]C[对杀题：黑先胜]AB[ab][ad][bc][bd][cd][dd][ea][eb][ec][fc][fd]AW[ae][bb][be][ce][da][db][dc][de][ed][ee])
(;N[663]C[死活题：黑先净活]AB[ac][ag][bc][bg][cc][cd][ce][cf][cg]AW[ab][ah][bb][bd][be][bf][bh][cb][ch][dc][dd][de][df][dg])
(;N[664]C[对杀题：黑先胜]AB[ad][ae][bb][be][ce][dc][de][ea][eb][ec][ed]AW[ba][bc][bd][cb][cd][da][db][dd][ee][ef][fb][fd][gb])
(;N[665]C[死活题：黑先净活]AB[ac][ad][ba][bd][cb][cd][db][dd][eb][ec][ed]AW[ab][ae][bb][bc][be][cc][ce][da][de][ea][ee][fa][fb][fc][fd][fe])
(;N[666]C[手筋题：黑先最佳着手]AB[ab][af][bb][bd][cb][db][dd][de][ec][fc][fe]AW[ac][ad][bc][be][cc][cf][dc][df][eb][ef][fb][gb])
(;N[667]C[死活题：黑先净杀]AB[ab][ac][bd][be][bg][cf][da][db][dc][dd][df][ea][ee][ef][gc][ge][hb][hd][hf]AW[ba][bb][bc][cb][cc][cd][ce][de][eb][ec][ed][fa][fd][gd])
(;N[668]C[手筋题：黑先最佳着手]AB[ad][bd][bf][cc][dc][ec][fd][fe]AW[bb][bc][cd][cf][dd][ed][fb][fc][ff])
(;N[669]C[手筋题：黑先最佳着手]AB[cd][dd][eb][gc][gd][ge]AW[be][cf][ed][ef][fb][fd][ff])
(;N[670]C[死活题：黑先净活]AB[ad][bb][bd][be][cb][cc][cd][ce][dd]AW[ab][ac][ae][af][bc][bf][cf][db][dc][df][ec][ed][ee])
(;N[671]C[死活题：黑先劫活]AB[ba][cb][dc][ec][ed][fa][fb][fd][gb][gc]AW[bb][bc][cc][db][dd][de][ee][fe][ga][gd][ge][ha][hb][hc])
(;N[672]C[死活题：黑先劫活]AB[ba][bb][cb][dc][ec][ed][fb][fd][ga][gb][gc][gd]AW[ab][bc][cc][ce][db][dd][ea][eb][ee][fe][ge][ha][hb][hc][hd])
(;N[673]C[死活题：黑先劫活]AB[da][db][de][ec][ee][fa][fe][gb][gc][gd]AW[bb][bc][bd][cb][ce][cf][dc][df][ef][fb][ff][ga][ge][ha][hb][hc][hd][he][rr])
(;N[674]C[手筋题：黑先最佳着手]AB[bc][cb][cc][ce][cf][gc][ge][hb][hc][he]AW[bb][ca][da][eb][ec][ee][ef][gb])
(;N[675]C[对杀题：黑先胜]AB[bd][be][cd][cf][da][db][dc][de]AW[ba][bc][cb][cc][dd][ed][fa][fb][fc])
(;N[676]C[对杀题：黑先胜]AB[fc][fd][fe][gb][gf][hb][he][ic][ie][jd][je][kb][kc]AW[gd][ge][hc][hf][ib][if][jb][jc][jf][kd][ke])
(;N[677]C[基础题：黑先最佳着手]AB[bb][cb][cc][cf][ci][dc][de][eb][ed][ee][ei][fb][gc]AW[bc][be][cd][dd][df][ec][ef][fc][fd][fe][hd])
(;N[678]C[对杀题：黑先劫]AB[ac][bb][bc][bd][cc][dc][ec][fb][gb][hb][hd]AW[ae][ba][be][cb][cd][da][db][dd][eb][ed][fa][fc][fd])
(;N[679]C[对杀题：黑先劫]AB[bc][be][cd][dc][de][eb][ec][fa][fc][ga][gb]AW[ca][cb][cc][db][dd][ed][fd][gc][ha][hb][hc])
(;N[680]C[手筋题：黑先最佳着手]AB[bb][bc][bd][cb][ce][cf][df][ef]AW[be][bf][bh][cc][cd][cg][dc][de][gb][gc][gd])
(;N[681]C[对杀题：黑先胜]AB[ac][ae][bd][be][cd][da][dc][eb][ec][fc]AW[aa][ba][bb][bc][bf][cb][cc][cf][db][dd][de])
(;N[682]C[死活题：黑先净活]AB[ca][cb][cc][eb][ec][fc][fd][gb][gc][gd][hb][ia][ib]AW[bb][bc][cd][ce][db][dc][df][ea][ed][ee][fa][fb][fe][ga][ge][ha][hc][hd][ic][ie][jb][jc])
(;N[683]C[对杀题：黑先胜]AB[ba][bb][bc][cc][cd][de][df][ed][fd][gb][gc]AW[bd][be][ca][cb][ce][cf][cg][da][db][dc][dd][ec][fb][fc][ga])
(;N[684]C[手筋题：黑先最佳着手]AB[bb][bc][bd][ca][ce][cf][df][ec][fb][fc][fd]AW[cb][cc][cd][da][dc][de][ea][eb][ed][ef][fe][ge][hb][hd])
(;N[685]C[对杀题：黑先胜]AB[be][ca][ce][da][dd][de][eb][ec]AW[bb][bd][cd][db][dc][ed][fd][gb][gc])
(;N[686]C[死活题：黑先净活]AB[ae][bc][bf][cd][ce][dd][df][ed][ee][ef]AW[bb][bd][bg][cc][cf][cg][dc][dg][ec][eg][fd][fe][ff])
(;N[687]C[手筋题：黑先最佳着手]AB[bb][cb][ce][db][dd][eb][ed][fc][fd]AW[bc][be][cc][cf][dc][df][ec][fb][fe][ff][gb][gc][gd])
(;N[688]C[死活题：黑先净杀]AB[bc][bd][cd][dd][ed][fc][ga][gb][gc]AW[aa][ac][bb][cb][cc][dc][ea][ec][fb])
(;N[689]C[死活题：黑先净杀]AB[ab][ae][be][cb][ce][de][ed][fb][fc][fd]AW[ad][bd][ca][cd][db][dd][ea][eb][ec])
(;N[690]C[死活题：黑先净杀]AB[ab][bb][bd][be][cb][ce][de][ed][ee][fa][fc][fd][gb][hc]AW[ac][ba][bc][cc][cd][da][dc][dd][eb][ec][fb])
(;N[691]C[死活题：黑先净杀]AB[ac][ad][bd][cb][cd][dc][ec][fb][fc]AW[ab][bb][bc][cc][db][eb])
(;N[692]C[手筋题：黑先最佳着手]AB[bb][cc][cf][ef][fc][fe]AW[cd][db][dc][dd])
(;N[693]C[对杀题：黑先胜]AB[bb][bc][cc][dd][ea][ed][fb][fc]AW[cb][da][db][dc][ec][fd][gb][gc][gd])
(;N[694]C[死活题：黑先净杀]AB[ab][ad][be][ce][db][dc][de][ed][fb][fc][fd]AW[ba][bb][bc][bd][cd][da][dd][ea][eb][ec])
(;N[695]C[死活题：黑先净杀]AB[ad][ae][be][ce][db][de][eb][ec][ed][ee]AW[bc][bd][ca][cb][cd][dc][dd])
(;N[696]C[对杀题：黑先胜]AB[cb][cc][dd][ed][fa][fb][fd][gc]AW[bb][bc][bd][cd][cf][dc][eb][ec])
(;N[697]C[手筋题：黑先最佳着手]AB[ce][cf][dd][dg][ec][ed][fc][gc]AW[bd][cd][db][dc][de][df][eb][fd][fe])
(;N[698]C[死活题：黑先净活]AB[ad][bb][bc][bf][cc][ce][dc][dd][df]AW[ab][ba][bg][cb][cf][cg][db][ec][ef][eg][fc][fe])
(;N[699]C[基础题：黑先最佳着手]AB[db][dc][dd][de][ea][gb][hb][hc][he]AW[bb][bd][ce][cf][df][ec][ee][fb][fc][fe][ga][gc])
(;N[700]C[对杀题：黑先胜]AB[ab][bc][be][cb][cd][dd][ed][fb][fc]AW[ba][bb][cc][da][dc][eb][ec][fd][gd][hb][hc])
(;N[701]C[对杀题：黑先胜]AB[ba][bc][cb][db][dc][ec][fc][gc][hb][ib][ic][id]AW[ab][bb][bd][cc][cd][dd][ed][fa][fb][fd][gb][gd][hc][hd])
(;N[702]C[死活题：黑先净杀]AB[ab][af][bf][ca][cb][cc][cf][dd][de][ec]AW[ac][ae][ba][bb][bc][be][cd])
(;N[703]C[死活题：黑先净活]AB[db][dc][dd][ea][ee][fa][fe][gb][gc][gd][ge]AW[cb][cc][cd][ce][da][df][ef][fc][ff][ga][gf][hb][hc][hd][he][jb])
(;N[704]C[对杀题：黑先胜]AB[eb][ec][fb][fd][gb][gd][hd][jd]AW[db][dc][ed][ee][fc][gc][hb][hc])
(;N[705]C[死活题：黑先净活]AB[ba][bc][cb][dc][eb][ec][ed][fc][gb][ha][hb][hc]AW[ab][bb][bd][cc][cd][da][dd][ee][fd][ff][gc][gd][he][hf][ib][ic][id])
(;N[706]C[死活题：黑先净活]AB[fe][ff][gd][gf][gh][hd][hg][hh][id][if][je][jf]AW[ee][ef][fc][fd][fg][fh][gc][gg][gi][hc][hi][ic][ig][ih][ii][jd][jg][kd][ke][kf])
(;N[707]C[死活题：黑先净杀]AB[ad][bb][bd][be][bh][cc][ch][db][dh][eb][ef][eg][fb][fe][gc][gd][ge]AW[ae][af][bf][ce][cg][dc][dd][df][ec][ee][fc][fd])
(;N[708]C[手筋题：黑先最佳着手]AB[bg][ce][cf][ch][dc][dd][dh][eb][eg][eh][fb][fc]AW[bh][bi][cg][ci][de][df][dg][dj][ec][ed][ef][fj][gd][gf][gh])
(;N[709]C[手筋题：黑先最佳着手]AB[cb][cc][dc][dd][df][ec][ed][ef][fb][gb][hb][ic]AW[aa][bb][bc][bf][bg][ca][cd][ce][db][dh][eb][fa][fc][fd][fh][gg][hc][hd][he])
(;N[710]C[死活题：黑先净杀]AB[ba][bb][cc][cd][ce][da][de][ee][fb][fe][gb][gc][gd]AW[ca][cb][db][dc][dd][eb][ed][fc][fd])
(;N[711]C[手筋题：黑先最佳着手]AB[bb][be][cc][ce][cf][dc][dd][de]AW[ae][af][bc][bd][bf][cb][cd][cg][db][dg][eb])
(;N[712]C[对杀题：黑先胜]AB[ad][ba][bd][cd][dd][ed][fa][fb][fc]AW[ab][ac][bb][ca][da][ea][eb][ec][fd][gd][hb][hc])
(;N[713]C[对杀题：黑先胜]AB[bd][be][cb][ce][de][ea][eb][ec][ed]AW[bc][cc][cd][dd][ee][ef][fa][fb][fc][fd])
(;N[714]C[手筋题：黑先最佳着手]AB[ee][fe][gd][gf][hd][hg][ic][id][ie][ih][jd][jf][jj][kj]AW[dd][de][ed][fd][gc][ge][hc][he][hf][if][ig][jg][kf])
(;N[715]C[对杀题：黑先胜]AB[ba][bc][cb][cc][cd][dd][ee][fe][ga][gb][gd][ge][hb][hc]AW[ac][bd][be][ce][da][db][dc][de][ea][ed][fb][fc][fd][gc])
(;N[716]C[对杀题：黑先胜]AB[bb][bf][cb][cf][dc][df][ec][ee][fd][fe]AW[ab][bc][bd][bg][cc][cg][dd][de][dg][ed][ef][ff])
(;N[717]C[死活题：黑先净杀]AB[af][bc][bf][cd][ce][cf][da][db][dc][dd]AW[ab][bb][bd][be][ca][cb][cc])
(;N[718]C[对杀题：黑先胜]AB[ba][cb][cc][cd][dc][ed][fb][fd][ga][gb][gc][gd]AW[ca][db][dd][de][eb][ec][ee][fe][ge][ha][hb][hc][hd][he])
(;N[719]C[死活题：黑先净活]AB[cb][cc][dd][de][df][ed][ef][fa][fd][fe][gc][gd][hb]AW[bb][bc][cd][ce][cf][da][dc][dg][eb][ec][eg][fc][ff][fg][ge][he][ib][id][jc][je])
(;N[720]C[对杀题：黑先劫]AB[ac][ae][ba][be][cb][ce][db][dd][de][eb][ee][fb][fc][fd][gc][gd][ge]AW[ab][bb][bc][bf][cc][cd][cf][dc][df][ec][ed][ef][fe][ff])
(;N[721]C[对杀题：黑先胜]AB[bc][cc][ce][db][dc][de][eb][ed][ee]AW[ac][bb][bd][cd][dd][ea][ec][fb][fc][fd][fe])
(;N[722]C[手筋题：黑先最佳着手]AB[ad][ae][al][be][bh][bl][ce][cj][ck][df][dg][di][dj][eh][ei]AW[ac][bb][bd][bm][cd][cf][cl][dd][de][dk][dl][ef][eg][ej][fh][fi][fj])
(;N[723]C[死活题：黑先净活]AB[ba][ca][cb][dc][eb][ec][ed][fb][fc][ha][hb][hc]AW[ab][bb][bd][cc][cd][da][dd][ea][ee][fa][fd][ff][gd][he][hf][ib][ic][id])
(;N[724]C[对杀题：黑先胜]AB[bb][bf][cb][cc][ce][da][db][dd][de]AW[ab][ad][bc][bd][cd][dc][ea][eb][ec][gc])
(;N[725]C[死活题：黑先劫杀]AB[bb][bg][cc][cg][ci][dc][ec][eg][fd][ff][fg][gd]AW[ac][bc][bd][bf][cd][dd][df][ed][ee][ef])
(;N[726]C[手筋题：黑先最佳着手]AB[ad][ba][bb][bc][cd][ce][de][ee][fc][fe][gd]AW[bd][be][bf][ca][cb][cc][cf][db][dd][ed][fd][gc])
(;N[727]C[手筋题：黑先最佳着手]AB[ab][ac][ba][bc][ca][cd][ce][dc][de][ee][fe][gd][ge][hc][ic]AW[bb][bd][be][bg][cb][cc][cf][db][dd][ed][fd][gb][gc][hb])
(;N[728]C[对杀题：黑先胜]AB[ad][ba][bd][bf][cc][ce][db][dc][df][ea][ec][fa][fb]AW[bb][bc][ca][cb][cd][dd][ed][fc][fd][ga][gb][hc])
(;N[729]C[死活题：黑先净杀]AB[ac][bc][cc][dd][ed][fa][fb][fc]AW[ab][bb][cb][da][dc][eb][ec])
(;N[730]C[死活题：黑先净活]AB[cd][db][dc][dd][ea][fb][gb][gc][gd][hb]AW[bc][bd][cb][cc][ce][cf][ed][ef][fd][ge][gf][hc][ib][ic][ie])
(;N[731]C[手筋题：黑先最佳着手]AB[bd][bi][ci][db][dc][dd][de][df][dg][dh]AW[be][bh][cb][cc][cd][cg])
(;N[732]C[死活题：黑先净杀]AB[ab][ah][bb][bf][bh][cb][cc][cg][dc][dg][ec][ed][ee][ef][eg]AW[ac][ag][bc][be][bg][cd][cf][dd][de][df])
(;N[733]C[死活题：黑先净杀]AB[bc][bh][ca][cb][cc][cd][ce][cf][cg][ch]AW[ab][ac][ba][bb][bd][be][bf][bg])
(;N[734]C[对杀题：黑先胜]AB[bd][be][cb][cc][ce][da][db]AW[ad][ba][bb][bc][ca][cd][dd][ec][fb][fd])
(;N[735]C[手筋题：黑先最佳着手]AB[cd][ce][cf][cg][ch][dc][de][ec][ef][fc][fd][gd][gf]AW[bc][cc][db][dd][df][dg][eb][ed][ee][ei][fe][ff][fi][gh][hg][ic][id][ie][if])
(;N[736]C[对杀题：黑先胜]AB[bd][be][bf][ca][cb][cc][ce][dc]AW[ad][ba][bb][bc][cd][dd][eb][ed][fc])
(;N[737]C[死活题：黑先净活]AB[ac][bb][bd][be][cb][cc][db]AW[ae][af][ba][bf][cd][ce][cf][dc][eb][ec])
(;N[738]C[死活题：黑先净活]AB[ba][bc][ca][cc][dc][eb][ec][fb][ga][gb]AW[ab][ac][bd][cd][da][db][dd][ea][ed][fc][gc][hb][hc][jb])
(;N[739]C[手筋题：黑先最佳着手]AB[bb][cb][cd][ce][db][dc][de][df][eb][fc][gc][ic]AW[bc][bd][be][cc][cf][cg][dd][ec][ed][eg][fd])
(;N[740]C[死活题：黑先净活]AB[ba][bb][bc][be][bf][ca][cc][cd][ce][dc][eb][fb][gb]AW[ac][ad][ae][af][ag][bd][bg][cb][cf][da][db][dd][de][dg][ec][fc][ga][gc][hb][hc])
(;N[741]C[对杀题：黑先胜]AB[ba][bc][cb][cc][dd][ed][fb][fc]AW[ab][ac][ae][bd][bf][cd][ce][db][dc][eb])
(;N[742]C[对杀题：黑先胜]AB[ad][bb][bc][bd][cc][dc][ed][fa][fb][fc][fd]AW[ae][ba][be][cb][cd][ce][cg][db][dd][eb][ec])
(;N[743]C[对杀题：黑先胜]AB[cb][cc][cd][de][ee][fe][gc]AW[bb][bc][bd][be][ce][dd][eb][ed])
(;N[744]C[手筋题：黑先最佳着手]AB[ce][eb][ec][ee][ff][gc]AW[bd][cc][cg][ci][dc][eg])
(;N[745]C[死活题：黑先净杀]AB[ac][bd][be][ca][ce][da][db][dd][de][ec][fc][gc][ha][hb][hc]AW[ba][bb][bc][cb][cc][cd][dc][eb][fb][ga][gb])
(;N[746]C[死活题：黑先净活]AB[da][db][dc][dd][de][ef][fb][fc][fd][fe][ff]AW[ca][cb][cc][cd][ce][df][dg][eb][ec][ed][eg][fg][ga][gb][gc][gd][ge][gf])
(;N[747]C[死活题：黑先净活]AB[ab][ac][bd][bf][cd][ce][cf][db][dc]AW[ad][bc][be][bg][cb][cc][cg][dd][df][dg][eb][ec][ed])
(;N[748]C[基础题：黑先最佳着手]AB[gd][ge][hb][hc][id][jd][kd][ki][lh]AW[gb][gc][hd][he][ic][jb][jc][kb][ke][kh])
(;N[749]C[手筋题：黑先最佳着手]AB[bf][cc][cd][cf][cg][dd][dh][eh][fh][gd][ge][gf][gg]AW[ah][bb][bg][bi][cb][ch][ci][dc][dg][ed][eg][fc][fe][fg][gc])
(;N[750]C[对杀题：黑先胜]AB[ac][ad][bd][cb][cd][db][dd][ec][ed][fd][ga][gb][gc]AW[ab][bb][bc][cc][da][dc][eb][fb][fc][gd][hc][hd][ib])
(;N[751]C[对杀题：黑先胜]AB[ac][bb][bc][bd][ca][cc][dc][ec][fb][gb][hb][ic][jb]AW[aa][ad][ae][be][cb][cd][ce][db][dd][ea][eb][ed][fa][fc][gc][hc][ib])
(;N[752]C[死活题：黑先净活]AB[ab][ac][ae][bc][bd][bh][cd][ce][cf][cg]AW[bb][bf][bg][bj][cb][cc][ch][ci][dg][ec][ee])
(;N[753]C[对杀题：黑先胜]AB[ae][ba][be][cb][cd][ce][de][ea][eb][ec][ed]AW[ab][af][bb][bf][cc][cf][db][dc][dd][df][ee][fe])
(;N[754]C[手筋题：黑先最佳着手]AB[bc][bd][be][ca][ce][db][dd][ec][ee][fd]AW[ba][cb][cc][cd][eb][fb][fc][hc])
(;N[755]C[基础题：黑先最佳着手]AB[ae][af][ag][bb][bd][be][bg][cb][cd][ce][cf][cg][dc][ea][eb][ec]AW[ab][ac][ah][ba][bc][bh][cc][ch][dd][de][df][dg][dh][ed][fa][fb][fc][fd])
(;N[756]C[死活题：黑先净杀]AB[eb][fb][ga][gc][gd][he][ie][je][ka][kb][kc][kd]AW[fa][gb][hb][hc][ib][id][ja][jb][jc])
(;N[757]C[死活题：黑先净活]AB[ba][bc][ca][cb][dc][eb][ec][ed][gb][gd][hb][hc]AW[ab][bb][bd][cc][cd][da][dd][ee][fa][fc][fd][ff][gc][he][hf][ib][ic][id])
(;N[758]C[手筋题：黑先最佳着手]AB[be][cb][cf][cg][db][dc][dd][eb][ef][ff][gf][hc][hd][he]AW[bb][bc][cc][cd][ce][de][ec][ed][ee][fb][ge])
(;N[759]C[手筋题：黑先最佳着手]AB[ab][bb][ca][cb][cc][dd][ed][fc][ha]AW[bc][bd][cd][da][db][dc][ea][eb][ec][fa][fb][ga][gb])
(;N[760]C[手筋题：黑先最佳着手]AB[ad][bd][cd][dc][eb][ec][fb][gc][hc]AW[ba][bc][cc][da][dd][ea][ed][fc][fd][gb])
(;N[761]C[死活题：黑先净活]AB[cb][da][dc][ec][fb][gb]AW[ba][bb][bc][cd][db][dd][ed][fc][gc][ha][hb][hc])
(;N[762]C[对杀题：黑先胜]AB[bc][bd][cd][db][dc][eb][fb]AW[bb][cb][cc][dd][ec][ed][fc][ga][gb][gc])
(;N[763]C[死活题：黑先净杀]AB[bb][bf][cb][cf][ci][dc][dd][de][di][ef][eg][ei]AW[bc][be][cc][cd][ce][cg][df][dg][dh])
(;N[764]C[对杀题：黑先劫]AB[cc][cd][db][dc][de][eb][ee][fe][gd][ge][ha][hb][hc]AW[bb][bc][bd][be][cb][ce][dd][ea][ed][fb][fc][fd][ga][gb])
(;N[765]C[对杀题：黑先胜]AB[ab][ad][bb][bc][bd][bf][bg][cc][cf][dc][ed][eg][fc][fd][fe]AW[ae][ba][be][ca][cb][cd][ce][cg][db][dd][df][eb][ec][fb][gc])
(;N[766]C[对杀题：黑先胜]AB[ba][bc][bd][cd][dd][ec][fa][fc][ga][gb][gc]AW[ab][bb][be][cc][ce][da][dc][de][eb][ed][ee][fb])
(;N[767]C[手筋题：黑先最佳着手]AB[ab][bb][ca][cb][cc][dd][ed][fc]AW[bc][bd][cd][db][dc][ea][fb][ga])
(;N[768]C[死活题：黑先净杀]AB[ba][bb][be][ce][de][ec][ed][ee][gc]AW[ab][ad][bc][bd][cc][dc][dd])
(;N[769]C[手筋题：黑先最佳着手]AB[cb][cc][dd][dg][ed][ee][ef][eg]AW[bb][bc][bg][cd][cg][ci][de][df][eb])
(;N[770]C[手筋题：黑先最佳着手]AB[ba][bb][bc][cd][ce][de][ed][fc][fd]AW[bd][be][bf][cb][cc][dd][ec][fa][fb][gb][gc])
(;N[771]C[对杀题：黑先胜]AB[ca][cb][cc][dd][gb]AW[bd][cd][da][db][dc])
(;N[772]C[死活题：黑先净活]AB[ac][bb][bd][be][ca][cb][cc]AW[ad][ae][af][bf][cd][ce][cf][da][db][dc][dd])
(;N[773]C[死活题：黑先净活]AB[da][db][dc][dd][eb][ed][ee][fc][gb][hb]AW[ca][cb][cc][cd][de][df][ef][fd][fe][ff][ga][gc][ha][hc][ib])
(;N[774]C[死活题：黑先净杀]AB[bb][bc][bd][be][ca][ce][da][df][ea][ef][fb][ff][gb][gf][hc][hd][he]AW[cb][cc][cd][db][dd][de][eb][fc][fe][gc][gd][ge])
(;N[775]C[手筋题：黑先最佳着手]AB[be][cd][ce][cf][dc][dd][ea][ee][ef][fa][fb][fc][fd]AW[ab][bb][bc][bd][bg][ca][cc][ch][db][eb][ec][ed][eh][fe][fg][ge])
(;N[776]C[对杀题：黑先胜]AB[ab][ad][bb][bd][cd][dd][ea][eb][ec][fc][fd]AW[ae][ba][be][cc][ce][da][db][dc][de][ed][ee])
(;N[777]C[死活题：黑先净杀]AB[bb][bi][cb][cc][ce][cf][ch][ci][db][df][ec][ee][eg][fc][fe][fg][fi]AW[ac][ae][bc][bd][bg][bh][cd][cg][dc][dd][de][dg][ef])
(;N[778]C[对杀题：黑先胜]AB[ac][bc][cc][db][eb][fc]AW[ab][bb][be][cb][da][dc][dd])
(;N[779]C[基础题：黑先最佳着手]AB[cb][cc][da][ec][ee][ef][fc][ge][hb][he][ic]AW[bb][bc][ca][cd][dd][df][dg][eb][fb][gb][gc][gd])
(;N[780]C[死活题：黑先净杀]AB[ae][be][ce][da][de][ea][eb][ec][ee][fd]AW[ad][bb][bd][cd][db][dc][dd])
(;N[781]C[手筋题：黑先最佳着手]AB[ec][ee][gb][gd][ge][hb][hc]AW[fc][gc][gf][hd][he][ib][ic])
(;N[782]C[对杀题：黑先劫]AB[ac][ae][be][cb][ce][db][dd][de][eb][ee][fb][fd][gc][gd]AW[ab][bc][bf][cc][cd][cf][dc][df][ec][ed][ef][fc][fe][ff])
(;N[783]C[死活题：黑先净杀]AB[ab][be][cd][cf][da][db][dc][dd]AW[ac][ad][bb][bd][cb][cc])
(;N[784]C[手筋题：黑先最佳着手]AB[ba][bb][bc][bd][cd][da][de][eb][gc][gd][ge][ic]AW[ad][be][cb][cc][ce][cg][db][dd][ec][ed][ef][fd])
(;N[785]C[手筋题：黑先最佳着手]AB[bb][cc][ce][de][eb][ec][ed]AW[bc][cb][cd][dd][ee][ef][fb][fc][fd])
(;N[786]C[手筋题：黑先最佳着手]AB[cc][cd][cf][eb][ed][gc]AW[db][ec][ee][fd][ge][ic][id])
(;N[787]C[对杀题：黑先胜]AB[ad][bd][cc][cd][ce][de][eb][ec][ed][fb]AW[ae][be][bf][ca][cb][cf][db][dc][dd][df][ee][fe])
(;N[788]C[死活题：黑先净活]AB[ba][bb][bc][ca][cc][ce][dc][de][eb][ec][ed][ee][fa]AW[ab][ac][bd][be][bf][cd][cf][da][dd][df][ef][fb][fc][fd][fe][hb])
(;N[789]C[手筋题：黑先最佳着手]AB[bc][cb][cd][ce][ci][dc][dg][eg][ei][fe][hc][he][hg][ib][ic][ih]AW[bf][cf][de][df][fb][fd][ff][fg][fh][fi][gb][ge][hb][hi])
(;N[790]C[手筋题：黑先最佳着手]AB[cb][cc][dd][ed][fb][gd][hc][hd][jb][jc][jd]AW[bb][bc][bd][cf][ec][ef][fd][ff][gb][gc][ge])
(;N[791]C[死活题：黑先净杀]AB[ae][bc][be][ca][cb][ce][de][eb][ed][fb][fc][fd]AW[ab][ad][ba][bd][cd][da][db][dc][dd][ec])
(;N[792]C[死活题：黑先净活]AB[ab][bd][cb][cc][cd][da][dc][eb]AW[ba][bb][be][bg][ce][dd][ec][ed][fa][fb][fc])
(;N[793]C[死活题：黑先净杀]AB[ab][ac][bd][be][ce][da][de][ed][fa][fb][fc][fd]AW[ba][bb][bc][cd][db][dd][ea][eb][ec])
(;N[794]C[手筋题：黑先最佳着手]AB[cb][cc][cd][ce][df][ef][fe]AW[bd][be][cf][cg][dc][dd][de][ee][gb][gc][gd])
(;N[795]C[死活题：黑先净活]AB[ab][ad][bd][cb][cc][db]AW[ae][bb][be][cd][ce][da][dc][eb][ec])
(;N[796]C[死活题：黑先净活]AB[ab][bb][cc][dc][eb][ec]AW[bc][bd][cd][dd][ea][ed][fb][fc][hb])
(;N[797]C[对杀题：黑先胜]AB[bb][bc][cc][db][dd][eb][ed][fd][gb][gc][gd]AW[ab][ac][bd][cb][cd][cf][dc][ec][fa][fb][fc])
(;N[798]C[手筋题：黑先最佳着手]AB[bd][cc][dd][de][ec][ef][eg][fc][fg][gc]AW[bb][cb][db][dc][df][dg][dh][ed][ee][ff][gd][hf])
(;N[799]C[手筋题：黑先最佳着手]AB[bb][cb][cc][cd][dd][df][dg][ed][ee][eg][fd][ge][hd][hg]AW[bc][bd][be][bh][ce][cf][db][de][ec][ef][fc][fe][ff][gc][gd][gg])
(;N[800]C[基础题：黑先最佳着手]AB[ad][bc][cc][da][dc][dd][ed][fa][gb][hc][ic][jd]AW[bd][bf][cd][db][de][ec][ee][fb][fc][fd][gc][ge][hd])
(;N[801]C[手筋题：黑先最佳着手]AB[ad][ae][bc][be][cb][cf][db][dd][df]AW[bd][bf][bg][cd][ce][dc][de][gb][gc][gd][ge])
(;N[802]C[对杀题：黑先胜]AB[be][ca][cc][ce][dd][de][eb][ec][fb]AW[cb][cd][cf][db][dc][df][ed][ee][ef][fc][gb][gd])
(;N[803]C[对杀题：黑先胜]AB[aa][ad][bd][cb][cd][db][dd][eb][ec][fb]AW[ac][bb][bc][ca][cc][dc][ed][ee][fa][fc][gb][gc])
(;N[804]C[手筋题：黑先最佳着手]AB[ca][cb][cc][cd][ce][dc][dd][ee][fe][gd]AW[ab][be][bg][cf][da][db][de][df][ec][ed][gc][hc])
(;N[805]C[手筋题：黑先最佳着手]AB[ba][bb][bc][bd][cd][eb][gc][gd]AW[be][cb][cc][ce][db][dd][ed][ef][fd])
(;N[806]C[手筋题：黑先最佳着手]AB[cc][cd][db][dd][eb][ee][fe][gb][ge][hc]AW[bb][bc][bd][be][cb][dc][ec][ed][fb][gc][hb][hd])
(;N[807]C[手筋题：黑先最佳着手]AB[ad][ba][bc][bd][cb][cd][dd][ed][fc][ga][gb][gc][gd]AW[ab][ac][bb][ca][cc][da][dc][ea][ec][fa][fb][fd][fe][ge][hb][hd])
(;N[808]C[死活题：黑先净杀]AB[ab][ad][bd][cc][cd][db][dd][ed][fd][gd][hb][hc][hd]AW[ac][bc][cb][dc][ea][eb][ec][fa][fc][gb][gc])
(;N[809]C[对杀题：黑先胜]AB[bf][cc][cd][cf][cg][dd][dh][ee][ef][eh][fh][gd][ge][gf][gg]AW[ah][bb][bg][bi][cb][ch][ci][db][dc][de][dg][ed][eg][fc][fe][ff][fg][gc])
(;N[810]C[对杀题：黑先胜]AB[cb][cc][db][dd][ed][fd][gd][hc][hd]AW[bb][bc][cd][ce][dc][ec][fc][gc][hb])
(;N[811]C[死活题：黑先净活]AB[ac][bb][cc][cd][db][dd][eb][ed][fd]AW[ae][bc][bd][bf][ce][cf][ec][ee][eg][fb][fc][ge][hc][he])
(;N[812]C[死活题：黑先净活]AB[bb][ca][cc][cd][db][ea][eb]AW[bc][bd][be][bg][ce][dc][dd][ec][fb][fc])
(;N[813]C[基础题：黑先最佳着手]AB[cc][cg][dc][eb][fb][fe][gc][hc][hd][id]AW[ec][fc][ff][gb][gd][ge][hb][hf][ic][ie][jc][jf][kd])
(;N[814]C[死活题：黑先净杀]AB[ac][ae][be][cb][ce][da][de][ed][ee][fa][fb][fc]AW[aa][ad][bd][ca][cc][cd][db][dd][eb][ec])
(;N[815]C[死活题：黑先净杀]AB[ad][bd][cd][dc][dd][ea][eb][ec]AW[ac][bc][cb][cc][da][db])
(;N[816]C[手筋题：黑先最佳着手]AB[bb][bc][cc][ce][cf][df][fc][gc][hb][hc][he]AW[cb][db][dd][de][eb][ef][eg][fb][fe][gb])
(;N[817]C[死活题：黑先净活]AB[ac][ad][ae][be][ca][ce][da][de][ec][ed][ee][fa][fb]AW[ab][bb][bc][bd][cd][db][dd][ea][eb])
(;N[818]C[死活题：黑先净活]AB[ac][bb][bd][be][cb][cd][ce][da][dc][dd]AW[ae][ba][bf][cf][ch][db][ea][eb][ec][ed][ee])
(;N[819]C[手筋题：黑先最佳着手]AB[ad][ae][be][ce][db][de][ec][ed]AW[ac][bb][bd][cd][dc][dd][eb][ee][fb][fe])
(;N[820]C[对杀题：黑先胜]AB[ab][bb][bc][be][cd][ce][da][de][eb][ec][ed]AW[ba][bd][ca][cb][cc][dc][dd][ee][fb][fc][fd][fe])
(;N[821]C[死活题：黑先净杀]AB[ah][bb][bh][cc][ch][dc][dd][de][df][dg][dh]AW[ab][ac][af][ag][bd][bg][cd][ce][cf][cg])
(;N[822]C[对杀题：黑先胜]AB[bc][cb][cc][cd][dc][ed][fc][fd][gb][gc]AW[ac][ae][bd][bf][ce][db][dd][de][eb][ec][fb])
(;N[823]C[死活题：黑先净杀]AB[ac][bd][be][ce][db][de][ee][fa][fb][fc][fd][fe]AW[bb][ca][cc][cd][dd][ea][eb][ec][ed])
(;N[824]C[手筋题：黑先最佳着手]AB[bb][bc][bd][cb][ce][de][ee][fc]AW[ac][ad][be][bf][cc][cd][cg][db][dd])
(;N[825]C[死活题：黑先净杀]AB[ac][ad][ae][bb][bf][ca][cf][da][df][ea][ef][fa][ff][gb][gc][gd][ge]AW[bc][bd][be][ce][db][de][eb][ee][fb][fc][fd][fe])
(;N[826]C[对杀题：黑先胜]AB[cc][ce][cf][db][dc][dd][ea][ec][fb][fc][fd][ff][gd][he][hf]AW[bc][bd][ca][cb][cd][de][ed][ee][fa][fe][ga][gb][gc][ge][hc][hd])
(;N[827]C[死活题：黑先净杀]AB[bb][cb][cd][dc][ed][fd][gd][hc][ic][jb][jd]AW[db][eb][fc][gc][hb][ia][ib])
(;N[828]C[死活题：黑先净活]AB[cb][db][dc][dd][ed][fa][fb][fd][gb][gc]AW[bb][ca][cc][cd][ce][da][de][ee][fe][ga][ge][ha][hb][hc][hd])
(;N[829]C[手筋题：黑先最佳着手]AB[bd][bj][ce][ci][cj][dd][de][df][dg][dh][eb][ec][ed]AW[bc][be][bi][cc][cd][cf][cg][ch][dc])
(;N[830]C[对杀题：黑先胜]AB[cb][cc][cd][de][ee][fd][gc][gd]AW[bb][bc][bd][be][ce][dd][eb][ed][fc])
(;N[831]C[死活题：黑先净杀]AB[ab][ae][ba][bd][be][ca][ce][de][ed][fd][gb][gc]AW[ad][bb][cb][cc][cd][da][dd][eb][ec][fb])
(;N[832]C[死活题：黑先净活]AB[ba][cb][cc][ce][da][dc][dd][de][ed][fa][fb][fc][fd]AW[ab][bc][bd][be][cd][cf][db][df][ea][eb][ee][fe][ga][gb][gc][gd])
(;N[833]C[死活题：黑先净活]AB[be][bf][cd][cf][dd][df][ed][fd][gd][gf][hd][he][hf]AW[bc][bg][cc][ce][cg][dc][de][dg][ec][ef][fc][fe][fg][gc][ge][gg][hc][hg][id][ie][if])
(;N[834]C[基础题：黑先最佳着手]AB[ba][bb][bc][cd][dd][ed][fd]AW[bd][be][cb][cc][cf][eb][fc][gc][gd])
(;N[835]C[对杀题：黑先劫]AB[ac][bb][bc][bd][cc][dc][ed][fb][fd][gb][gc][gd]AW[ae][ba][be][cb][cd][cf][da][db][dd][eb][ec][fa][fc])
(;N[836]C[对杀题：黑先胜]AB[ac][bd][be][bf][cb][cc][db][dd][ec][ed][fc]AW[ba][bb][bc][cd][ce][de][eb][ee][fb][fe][gb][gc][gd])
(;N[837]C[死活题：黑先净杀]AB[bd][be][ca][cc][dd][ea][ed][fb][ge][hd][ic][ie][ja][jb][jc]AW[da][db][dc][ec][fc][gc][hb][hc][ia][ib])
(;N[838]C[死活题：黑先净活]AB[bb][cb][dc][ec][fb][fc][fd][gb]AW[ab][bc][cd][da][dd][ed][ee][fe][gc][gd][ge][hb][ic])
(;N[839]C[对杀题：黑先胜]AB[ba][ca][cb][db][dd][ec][ed][ga][gb][gc][gd]AW[ab][bb][cc][cd][ce][dc][de][eb][fb])
(;N[840]C[手筋题：黑先最佳着手]AB[bd][cd][dd][ea][ec][fa][fb][fc][hd]AW[ab][bc][cc][cf][da][db][dc][eb][ed][gf][hc][ic])
(;N[841]C[死活题：黑先净活]AB[ac][ad][bd][cd][ce][dc][de][eb][ec][ed][ee]AW[ae][bc][be][bf][cc][cf][db][df][ea][ef][fa][fb][fc][fd][fe])
(;N[842]C[死活题：黑先净活]AB[cd][ce][dc][de][ed][ee][ef][eg][eh][fh][ge][gf][gg]AW[bc][bd][be][bf][cb][cf][db][df][dg][dh][ec][ei][fc][fe][fi][gd][gh][gi][hc][he][hf][hg])
(;N[843]C[死活题：黑先净活]AB[ac][ba][bc][cc][da][dc][eb][ec][fa][fc]AW[ab][ad][bb][bd][cb][cd][dd][ed][fb][fd][gb][gc][gd])
(;N[844]C[手筋题：黑先最佳着手]AB[be][cb][cc][dd][de][ec][fc][gd]AW[bf][cf][db][dc][df][ed][ee][ef])
(;N[845]C[对杀题：黑先胜]AB[ac][ad][ba][bd][cd][ce][dc][de][ea][eb][ec]AW[ab][bc][cb][cc][dd][ed][fb][fc][fd])
(;N[846]C[对杀题：黑先胜]AB[ad][bb][be][cb][ce][db][dd][de][df][ec][fc]AW[ac][bc][bf][cc][cf][cg][dc][dg][eb][ed][ee][ef])
(;N[847]C[手筋题：黑先最佳着手]AB[cb][cc][cd][db][de][ee][gc]AW[bc][bd][ce][cf][dc][dd][ec][gd][hb][hc][hd])
(;N[848]C[手筋题：黑先最佳着手]AB[ab][bb][bd][bf][cb][cf][ch][db][dg][eb][ef]AW[bc][be][cc][da][dd][de][df][ea][ec][fb][fc][fe])
(;N[849]C[死活题：黑先净杀]AB[bc][be][cd][ce][dg][ea][eb][fa][fc][fd][ff][gd][hd][ic][jb][jc]AW[ca][cb][cc][db][dd][ec][fb][gb][gc][hb][hc][ib])
(;N[850]C[对杀题：黑先胜]AB[ba][bb][bc][bd][cd][db][de][ea][ee][fe][ga][gb][gc][gd]AW[ad][be][ca][cb][cc][ce][cg][dc][dd][ed][fa][fb][fc])
(;N[851]C[死活题：黑先净杀]AB[ab][ae][be][cd][ce][dc][ea][eb][ed]AW[ad][ba][bb][bd][cc][da][db])
(;N[852]C[对杀题：黑先胜]AB[ab][ad][bb][bc][bd][cd][dd][ec][fc][gc][hb][hd]AW[ae][ba][be][cb][cc][ce][da][db][dc][de][eb][ed][ee][fb])
(;N[853]C[手筋题：黑先最佳着手]AB[bb][bc][cd][dd][eb][ed][fa][fc][fd]AW[bd][be][cb][cc][ce][da][dc][ec][fb][gb][gc][gd])
(;N[854]C[手筋题：黑先最佳着手]AB[ac][bd][cb][cc][ce][db][de][df][ef][fe]AW[be][bf][cd][cf][ch][dc][dd][ec][ee][ge][hb][hc][hd])
(;N[855]C[死活题：黑先净活]AB[bb][cb][cc][db][dd][de][df][ea][ec][fb]AW[ab][ba][bc][bd][cd][ce][cf][cg][dg][ed][ee][ef][eg][fc][fd][gb][hc])
(;N[856]C[死活题：黑先净活]AB[bb][bd][cc][ce][cf][ch][dg][eb][fa][fc][fe][fg][gb][gc][gd]AW[ac][bc][cb][cd][db][dd][df][ec][ed][ef][fd])
(;N[857]C[对杀题：黑先胜]AB[ac][ad][bd][ca][cc][cd][db][eb][fb][ga]AW[ab][bb][bc][cb][da][dc][ec][fa][fc][gb][hb])
(;N[858]C[对杀题：黑先胜]AB[ac][ad][ba][bb][bd][cd][dd][ec][fb][fc][fd]AW[ae][bc][be][cc][ce][da][db][dc][de][ed][ee])
(;N[859]C[手筋题：黑先最佳着手]AB[ba][bb][bc][bd][ca][cd][db][dd][eb][ee][ef][ff][hc]AW[ab][ac][ad][ae][be][cb][cc][ce][cg][dc][de][ec][ed][fb][fe])
(;N[860]C[对杀题：黑先胜]AB[ad][bd][be][ca][ce][de][ea][eb][ec][ed]AW[ab][bc][cd][da][db][dc][dd][ee][fb][fe][gb])
(;N[861]C[手筋题：黑先最佳着手]AB[ba][bb][bc][ca][cd][ce][dc][de][ee][fe][gd][ge]AW[bd][be][bf][cb][cc][cf][da][db][dd][ed][fd][gc][hc][hd])
(;N[862]C[手筋题：黑先最佳着手]AB[ba][bb][bc][cc][dd][de][ee][fe][gc][gd][ge][ha][hb]AW[bd][ca][cb][cd][cf][dc][df][eb][ed][fc][fd][ga][gb])
(;N[863]C[死活题：黑先净杀]AB[ab][ac][bd][bf][ca][ce][dd][df][ec][ed][fb][fc][gd][hd][id][ja][jc][kb][kc]AW[bc][cb][cc][cd][da][dc][ea][eb][fa][gb][gc][ha][hc][ib][ic][jb])
(;N[864]C[死活题：黑先净杀]AB[bb][bc][bd][be][cb][cf][da][df][eb][eg][fb][fg][gb][ge][gf][hc][hd]AW[cc][cd][ce][db][de][ec][ef][fc][fe][ff][gc][gd])
(;N[865]C[手筋题：黑先最佳着手]AB[ac][bb][ca][cb][cc][cd][da][de][ea][ec][ee]AW[ae][bc][bd][bf][ce][cf][dc][dd][eb][ed][fa][hb][hc][hd])
(;N[866]C[手筋题：黑先最佳着手]AB[bb][cb][cc][dc][ec][fd][fe][gb][gc]AW[ab][bc][bd][cd][da][dd][ed][fb][fc])
(;N[867]C[对杀题：黑先胜]AB[cb][cc][cd][dd][ee][fe][gc][ge][hc]AW[bb][bc][bd][ce][de][eb][ed][fd])
(;N[868]C[对杀题：黑先胜]AB[bb][be][ce][dd][de][ea][eb][ec]AW[bc][bd][cb][cd][db][dc][ed][fb][fd][gc])
(;N[869]C[手筋题：黑先最佳着手]AB[bc][bd][cd][dd][df][ec][ef][fc][fe]AW[ab][bb][cc][ce][da][db][dc][de][ed][ee][fg][gb][gc][he][hg])
(;N[870]C[对杀题：黑先劫]AB[ac][bc][ca][cc][db][dc][ed][fc][fd][gc][hb][hc]AW[ad][ba][bb][bd][cb][cd][dd][de][eb][ec][ee][fb][gb])
(;N[871]C[对杀题：黑先胜]AB[ad][ba][bd][be][ce][de][ea][eb][ec][ed]AW[ac][bc][cd][da][db][dc][dd][ee][fb][fe][gc])
(;N[872]C[对杀题：黑先胜]AB[aa][bb][bc][cc][dc][dd][ed][fa][fd][gb][gc][hb]AW[ba][cb][db][ea][eb][ec][fc][gd][hc][hd][ib][jc])
(;N[873]C[对杀题：黑先胜]AB[bc][bd][ce][de][ee][fb][fc][fd]AW[be][bf][cd][cg][db][dd][ed][fe][ga][gb][gc][gd][ge])
(;N[874]C[手筋题：黑先最佳着手]AB[bd][cb][cc][ce][da][dg][eg][fb][fc][ff][gd][ge]AW[db][ea][eb][ed][ee][ef][fd][gc][hc][id])
(;N[875]C[对杀题：黑先劫]AB[bb][bc][cc][dd][de][eb][ec][fa][fb][gb]AW[ba][ca][cb][db][dc][ed][ee][fc][gc][ha][hb])
(;N[876]C[手筋题：黑先最佳着手]AB[ec][fb][gc][gd][hd][ie][jb][jc][jd][kc]AW[gb][hc][he][hf][ib][ic][id][je][jg][ke])
(;N[877]C[对杀题：黑先胜]AB[ca][cb][cc][cd][ce][dc][dd][ee][fc][fe][gd]AW[ab][be][bg][cf][da][db][de][df][ec][ed][fb][gc][hc])
(;N[878]C[手筋题：黑先最佳着手]AB[cc][db][dd][ed][ee][ff][fg][gc][ge][hg]AW[bb][bc][cd][ce][de][ef][eg][eh][fd][fe][fh][gf][ic])
(;N[879]C[对杀题：黑先胜]AB[ad][ae][bb][be][ce][dd][de][ea][eb][ec][fb]AW[ac][bc][bd][cb][cd][db][dc][ed][fc][fd][gb][gc])
(;N[880]C[手筋题：黑先最佳着手]AB[bc][be][ca][ce][db][dc][dd][fd]AW[ba][bd][bg][cb][cc][cd][de][dg][ee])
(;N[881]C[死活题：黑先劫杀]AB[ab][ac][bd][cd][db][dd][ed][fc][gd][hb][hc]AW[ba][bb][bc][cc][da][dc][ec][fb][gb])
(;N[882]C[对杀题：黑先胜]AB[ba][bb][bc][bd][ce][da][de][eb][ec][ed][ga]AW[ca][cb][cd][db][dd][ee][fb][fc][fd][fe][gb][ha])
(;N[883]C[死活题：黑先净活]AB[aa][bb][ca][cb][cc][cd][db][dd][ec][ed]AW[ab][bc][bd][bf][ce][de][eb][ee][fb][fc][fd][fe])
(;N[884]C[手筋题：黑先最佳着手]AB[cb][cc][cd][ce][db][df][ed][ef][ff][gd]AW[bd][be][cf][cg][dc][dd][de][ec][ge][hb][hc][hd][he])
(;N[885]C[对杀题：黑先胜]AB[ab][bb][cc][cd][dd][df][ea][eb][ec]AW[ac][ba][bc][ca][cb][db][dc][ed][fd][gb][gc])
(;N[886]C[手筋题：黑先最佳着手]AB[be][ce][db][dd][eb][ec][ee][ff][gc]AW[ae][bd][cb][cc][cg][ch][dc][di][eg])
(;N[887]C[对杀题：黑先胜]AB[bb][bc][ca][cc][dc][ed][ee][fc][gb][gc]AW[bd][cb][cd][da][db][dd][eb][ec][fb])
(;N[888]C[对杀题：黑先胜]AB[ab][bb][bd][cc][cd][dd][ea][ed][fb][fd][gb][gd][hc][hd]AW[ba][bc][cb][db][dc][ec][fc][ga][gc][hb][ib][ic][id])
(;N[889]C[死活题：黑先净活]AB[ab][af][bb][bf][cc][cd][ce]AW[ad][ba][bg][cb][cf][cg][db][dc][dd][de])
(;N[890]C[对杀题：黑先胜]AB[ac][ad][bd][be][ca][cb][ce][de][ea][eb][ec][ed]AW[ab][bb][bc][cc][cd][da][db][dc][dd][ee][fb][fe][gb])
(;N[891]C[手筋题：黑先最佳着手]AB[dc][dd][eb][ee][fa][ff][gd][ge][gf][hb][hc][id]AW[bc][cb][ce][db][df][ec][ef][fd][fe][ga][gb][gc][ha][ib][jc])
(;N[892]C[对杀题：黑先胜]AB[ac][bc][be][ca][cc][cd][ce][db][de][eb][fb]AW[ab][bb][bd][cb][da][dc][dd][ec][fc][fd][gb][gc])
(;N[893]C[对杀题：黑先胜]AB[cb][cc][dc][eb][ec][fd][gc][gd][hb]AW[bb][bc][ca][cd][dd][ed][fa][fb][fc])
(;N[894]C[手筋题：黑先最佳着手]AB[ba][bb][bc][cd][ce][de][ea][ed][fc]AW[bd][be][bf][ca][cb][cc][cf][dd][eb][fb][gb])
(;N[895]C[手筋题：黑先最佳着手]AB[ab][ac][ad][ae][be][cc][ce][dc][de][ec][ee][fc][fd][fe]AW[ba][bb][bc][bd][cb][cd][da][dd][ed][ga][gb][gc][gd][ge])
(;N[896]C[死活题：黑先净活]AB[ca][cb][cc][cd][dc][dd][ec][fa][ga][gb][gc]AW[ba][bb][bc][bd][ce][db][de][ed][ee][gd][ha][hb][hc][hd])
(;N[897]C[死活题：黑先净杀]AB[be][bf][cb][cc][cd][cg][eg][fe][gc][ge][hb][hc][he]AW[ce][dc][dd][de][ea][ec][ee][fc][fd][gb])
(;N[898]C[手筋题：黑先最佳着手]AB[ac][bb][bd][be][cb][cf][ea][eb][ec][ef][fd][fe]AW[bc][cc][cd][db][dd][ed][fa][fb][fc][gc][gd])
(;N[899]C[死活题：黑先净活]AB[ab][bb][cb][dc][ec][ed][fb][fd][ga][gb][gc][gd]AW[ac][bc][ca][cc][ce][da][db][dd][eb][ee][fe][ge][ha][hb][hc][hd][he])
(;N[900]C[死活题：黑先净杀]AB[ba][bg][cb][ch][da][dc][de][df][dg][eb][ec][ed]AW[bb][bd][bf][cc][cd][ce][cf][dd])
(;N[901]C[对杀题：黑先胜]AB[ae][ba][be][cb][cd][ce][db][dc][eb][fa][fb]AW[ac][bb][bc][bd][ca][cc][dd][ed][fc][ga][gb][gc])
(;N[902]C[手筋题：黑先最佳着手]AB[cb][dc][dd][de][ee][fd][ga][gb][gc]AW[bb][cc][cd][ce][db][ec][ed][fa][fb][fc])
(;N[903]C[手筋题：黑先最佳着手]AB[aa][ad][ba][bb][bd][cb][db][eb][ed]AW[ab][ac][bc][cc][cf][dd][df][ec][ef][fe][gb][gc][gd][ge])
(;N[904]C[死活题：黑先净活]AB[ad][bc][bd][ca][cb]AW[ae][be][cc][cd][ce][da][db][dc])
(;N[905]C[死活题：黑先劫活]AB[ab][ae][ba][bd][be][cb][cd][dc][dd]AW[ac][af][bb][bc][bf][ce][cg][db][de][eb][ec][ed][ff])
(;N[906]C[手筋题：黑先最佳着手]AB[ce][fe][ff][gb][gc][gd][gf][ha][ib][if][jc][jd][je]AW[cc][fb][fc][fd][ge][hb][hc][he][ic][id][jb])
(;N[907]C[死活题：黑先净活]AB[ab][bb][cb][db][eb]AW[ac][bc][ca][cc][dc][ea][ec][fb][gb])
(;N[908]C[死活题：黑先净活]AB[be][cf][dc][dd][df][ec][ee][fd][fe]AW[ad][ae][af][bc][bg][cc][cg][db][de][dg][eb][ef][fb][ff][gc][gd][ge])
(;N[909]C[手筋题：黑先最佳着手]AB[bb][cd][db][dd][gc][gd][ge]AW[be][cf][ed][ef][fc][fd][ff])
(;N[910]C[对杀题：黑先胜]AB[bb][bc][cc][dd][ed][fc][ga][gb][gd]AW[ad][bd][cb][cd][cf][db][dc][ec][fb])
(;N[911]C[死活题：黑先净活]AB[ad][ae][ba][bb][be][cc][cd][ce]AW[af][bc][bf][ca][cb][cf][db][dc][dd][de][df])
(;N[912]C[对杀题：黑先胜]AB[aa][ad][bb][bc][bd][cc][cd][de][ec][ed][ee][fb][gc]AW[ab][ae][be][cb][ce][cg][db][dc][dd][eb])
(;N[913]C[死活题：黑先净活]AB[ab][bc][cc][dc][dd][ea][eb][ec][fc]AW[ba][bb][bd][bg][cb][cd][cf][db][ee][fb][fd][gb][gc][gd])
(;N[914]C[基础题：黑先最佳着手]AB[ab][bb][bf][cb][ce][dc][de][dg][ec][ed][fe][ff]AW[ac][ad][af][bc][be][cc][cd][cf][dd])
(;N[915]C[对杀题：黑先胜]AB[bb][cb][cc][dc][ed][fc][fd][gb]AW[bc][bd][ca][cd][db][dd][eb][ec][fa][fb][hc])
(;N[916]C[死活题：黑先净杀]AB[ac][bc][ca][cc][ce][db][dd][eb][ed][fd][gd][ha][hb][hc][hd]AW[ab][bb][cb][da][dc][ea][ec][fa][fc][ga][gb][gc])
(;N[917]C[死活题：黑先净活]AB[ad][ba][be][cb][cc][cd][ce][da]AW[ae][af][bc][bf][cf][db][dc][dd][de][ef][fb])
(;N[918]C[死活题：黑先净活]AB[ad][bc][bd][ca][cc][db]AW[ae][be][cd][ce][da][dc][ea][eb][ec])
(;N[919]C[手筋题：黑先最佳着手]AB[ba][bb][bc][bd][ce][db][de][ec]AW[be][bf][cb][cc][cd][cf][da][eb][ga][gb][gc][gd])
(;N[920]C[手筋题：黑先最佳着手]AB[cc][cd][ce][cf][cg][ch][dh][eg][fg][gg][hd][he][hf][hh]AW[bc][bi][cb][ci][db][dd][df][dg][di][eh][ei][fb][gc][gd][ge][gf])
(;N[921]C[手筋题：黑先最佳着手]AB[bc][cb][dc][dd][de][df][eg][fe][gd][hb][hd][ib][ic][id]AW[cg][db][dg][ea][ec][ee][eh][fc][ff][fh][gb][gc][ge][gf][hc])
(;N[922]C[死活题：黑先净杀]AB[be][cd][cf][da][db][dc][dd]AW[aa][bc][bd][ca][cb])
(;N[923]C[手筋题：黑先最佳着手]AB[gc][gd][ge][hf][kb][kc][kd][ke][kf]AW[gg][hg][ib][ic][if][ig][jc][je][jg][kg])
(;N[924]C[手筋题：黑先最佳着手]AB[da][db][ec][fa][fb][fc][fd][hb][ic][jc][jd][je]AW[ca][cb][cc][dc][dd][ee][fe][gb][ge][hc][hd][ib])
(;N[925]C[对杀题：黑先胜]AB[ad][bb][bd][cb][cd][dd][ea][ec][fb][fc]AW[ac][bc][be][bf][cc][da][db][dc][df][eb][ed][ee])
(;N[926]C[对杀题：黑先劫]AB[af][bb][bf][cb][cc][cf][db][df][ec][ed][ee]AW[ab][ad][ba][be][ca][ce][da][dc][dd][de][eb][fb])
(;N[927]C[死活题：黑先净活]AB[ac][ad][bb][bd][cb][ce][dd]AW[ae][be][bf][cf][db][dc][de][ee][fc][fe])
(;N[928]C[死活题：黑先净杀]AB[be][cd][da][dd][eb][ed][fb][fc]AW[ab][ad][bd][ca][cc][db][dc][ec])
(;N[929]C[死活题：黑先净杀]AB[bb][bf][ce][cf][db][dd][eb][fd]AW[ba][bd][be][cb][cc][da])
(;N[930]C[对杀题：黑先胜]AB[ad][ae][bb][bc][bd][cb][ce][dd][de][ec][fc][gb]AW[af][ba][be][bf][ca][cc][cd][cf][ch][db][dc][ea][eb])
(;N[931]C[死活题：黑先净活]AB[ab][bb][cb][da][dc][dd][de][eb][ec][ee][fe]AW[ba][bc][bg][cc][cd][cg][dg][ea][ed][fa][fb][fc][fd][fg][ge][gf][hd])
(;N[932]C[手筋题：黑先最佳着手]AB[aa][bb][bc][ca][cd][ce][de][ee][fc][fe][gb][gd]AW[bd][be][cb][cc][cf][dd][dg][eb][ed][fb][fd][fg][gc][hc][id])
(;N[933]C[手筋题：黑先最佳着手]AB[bc][be][cd][de][eb][ee][fd]AW[cb][cc][db][dd][ec][ed][fe][gb][ge][hc])
(;N[934]C[死活题：黑先净活]AB[da][db][eb][ec][gb][gc][ha][hb]AW[ca][cb][cc][dc][de][ed][fc][fe][gd][hc][he][ia][ib][ic])
(;N[935]C[死活题：黑先净杀]AB[bb][cb][cf][cg][dc][dg][ec][eg][fc][fg][gd][ge][gf]AW[ab][bc][cc][ce][dd][df][ed][ee][ef][fe])
(;N[936]C[手筋题：黑先最佳着手]AB[ae][bd][bf][cd][ce][dd][ec][fc][fd][fe][ff]AW[bb][bg][cf][db][dc][de][dg][eb][ed][ee][fb][gc][hc])
(;N[937]C[对杀题：黑先胜]AB[ac][bb][cb][cc][dc][ed][fd][gb][gc][gd]AW[ad][bc][bd][be][cd][db][dd][de][ec][fa][fb][fc])
(;N[938]C[对杀题：黑先胜]AB[ad][bb][bd][cc][cd][de][ec][ed][ee][fb]AW[ac][ba][be][cb][ce][cg][db][dc][dd])
(;N[939]C[手筋题：黑先最佳着手]AB[bd][cc][cd][ce][cf][db][dd][eb][fc]AW[ab][ba][bc][cb][dc][de][ec][ed][hc][hd][he])
(;N[940]C[对杀题：黑先胜]AB[ad][ba][bc][ca][cb][cc][cd][de][ee][fb][fd]AW[ab][bd][be][ce][cg][da][db][dc][dd][df])
(;N[941]C[对杀题：黑先胜]AB[bb][cb][cc][ce][cf][dd][ec][ee][fc][gb][gc]AW[bc][bd][ca][cd][db][dc][ea][eb][fb])
(;N[942]C[手筋题：黑先最佳着手]AB[bb][bc][bd][be][ca][ce][db][fb]AW[cb][cc][cd][dd][ea][eb][ee][fd][hb][hc][hd])
(;N[943]C[对杀题：黑先胜]AB[ae][be][cb][ce][db][dd][eb][ec]AW[ad][bb][bd][cc][dc][ed][fa][fb][fc][fd])
(;N[944]C[手筋题：黑先最佳着手]AB[dd][de][df][ec][eg][fc][fd][gg][hb][hc][ib][ie][if][jc][jd]AW[be][cc][dc][ed][ee][fb][fe][gc][ge][hd][ic][id])
(;N[945]C[手筋题：黑先最佳着手]AB[ba][bb][bc][cd][dc][dd][eb][ed][ef][fd][gc][gd][hb]AW[ab][ac][bd][be][cb][cc][ce][db][ec][fb][fc][gb][hc][he][ib][ic][ie])
(;N[946]C[对杀题：黑先胜]AB[ab][ae][bc][bd][be][ca][ce][de][eb][ed][fb][fc][fd]AW[af][bb][bf][cc][cf][da][db][dc][dd][df][ec][ee][ef])
(;N[947]C[死活题：黑先净杀]AB[ai][aj][bb][bj][cb][cc][cd][ce][cf][cg][ch][ci][cj]AW[ah][bc][bd][be][bf][bg][bh][bi])
(;N[948]C[对杀题：黑先胜]AB[ba][bd][cd][da][dc][eb]AW[ca][cb][cc][dd][ed][fb][fc])
(;N[949]C[死活题：黑先净活]AB[ae][ba][bc][bd][cc][ce][db][dc][ec]AW[ab][ad][be][bf][cd][cf][dd][eb][ed][fa][fc][gc])
(;N[950]C[对杀题：黑先胜]AB[ab][ad][bd][cd][dd][ea][eb][ec][fc][fd]AW[ae][ba][be][ce][da][db][dc][de][ed][ee])
(;N[951]C[对杀题：黑先胜]AB[ab][bc][bd][ca][cd][dd][eb][ed][fb][fc]AW[ba][bb][cb][cc][dc][ec][fd][fe][gb][gc][he])
(;N[952]C[死活题：黑先净杀]AB[ba][bb][be][cb][ce][db][ed][fb][fc][fd][hb]AW[ab][ac][bc][bd][cc][da][dc][ea][eb][ec])
(;N[953]C[对杀题：黑先胜]AB[aa][ab][bb][bc][bd][cc][ce][de][eb][ed][fb][fc][fd]AW[ba][cb][cd][db][dc][dd][ee][fe][ga][gb][gc][gd])
(;N[954]C[手筋题：黑先最佳着手]AB[aa][ac][ba][bc][be][cb][cc][cf][dd][de]AW[ad][bd][ca][cd][da][db][dc][fc])
(;N[955]C[对杀题：黑先胜]AB[ad][bb][bd][cc][cd][ce][de][eb][ec][ed][fb]AW[ae][ba][be][bf][ca][cb][cf][db][dc][dd][df][ee][fe])
(;N[956]C[对杀题：黑先胜]AB[ba][bb][cb][cc][dd][ec][ed][fb][gb]AW[ab][ac][bc][cd][ce][da][db][dc][eb])
(;N[957]C[死活题：黑先净杀]AB[ab][bb][be][ce][dd][de][fd][ga][gb][gc][gd]AW[bc][bd][cb][cd][db][dc][ea][fb][fc])
(;N[958]C[基础题：黑先最佳着手]AB[cd][ce][dc][ec][ee][gd][ge][hc][ic][jc][je]AW[dd][df][fc][fe][ff][gc][hb][hd][he][hf])
(;N[959]C[对杀题：黑先胜]AB[bb][bc][cc][da][dd][ed][fa][fc][fd][gb]AW[ad][bd][cb][cd][cf][dc][eb][ec][fb][gc][hb][hc])
(;N[960]C[死活题：黑先净活]AB[ac][bb][bc][cb][db]AW[ad][bd][cc][dc][ea][eb][ec])
(;N[961]C[手筋题：黑先最佳着手]AB[ac][ba][bc][cc][cf][dd][df][ee][fb][fc][fd][fe][hb]AW[ab][ad][bb][bd][bf][cb][ce][db][de][ed])
(;N[962]C[对杀题：黑先胜]AB[be][cc][ce][dd][de][ea][eb][ec]AW[bd][cb][cd][db][dc][ed][fb][fd][gc])
(;N[963]C[对杀题：黑先胜]AB[ae][be][cb][cd][ce][db][dc][eb][fa]AW[ab][ac][bb][bc][bd][ca][cc][dd][ec][ed][fb][gb][gd])
(;N[964]C[死活题：黑先劫杀]AB[ba][bf][ca][cd][ce][cg][da][db][dc][ed]AW[ac][ae][bb][bd][be][cb][cc])
(;N[965]C[对杀题：黑先胜]AB[cb][cc][db][dd][ec][ed][fa][fe][gb][gc][ge][hc]AW[bb][bc][cd][ce][cf][ea][eb][ee][ef][fb][fc][fd])
(;N[966]C[对杀题：黑先胜]AB[bb][cb][cc][dc][ea][eb][ed][ee][gb][gd][hb]AW[ab][bc][bd][cd][dd][ec][fa][fb][fc])
(;N[967]C[手筋题：黑先最佳着手]AB[be][bg][cb][cc][cd][cf][df]AW[bc][bd][ce][db][dc][dd][de][fd])
(;N[968]C[对杀题：黑先胜]AB[gd][gf][gg][he][hg][ig][jc][jg][kb][kc][kd][ke][kf]AW[fe][ff][fg][fh][ge][hf][hi][id][if][jb][jd][je][jf][jh][kg][kh])
(;N[969]C[对杀题：黑先胜]AB[bb][bc][be][cd][da][de][eb][ee][fc][fe][gc][gd][he]AW[bf][cb][ce][cf][db][dc][dd][dg][ec][ed][fb][fd][fg][ge][gf])
(;N[970]C[对杀题：黑先胜]AB[ba][bd][be][bf][cd][cf][da][db][dc][eb]AW[ab][ad][bc][cb][cc][ce][dd][de][ec][fb][fc])
(;N[971]C[对杀题：黑先胜]AB[ad][bd][ca][cd][db][dd][eb][ec][fc]AW[ab][be][cb][cc][ce][da][dc][de][ed][fd])
(;N[972]C[对杀题：黑先胜]AB[bb][bd][be][cd][dc][eb][ec][fc]AW[bc][bf][cb][cc][cf][db][dd][de])
(;N[973]C[手筋题：黑先最佳着手]AB[ad][ba][bc][bd][cd][db][dd][ed][fa][fb][fc][fd]AW[ab][ac][bb][bf][ca][cc][dc][df][ea][eb][ec][ff][ga][gb][gc][gd][ge])
(;N[974]C[死活题：黑先净杀]AB[ad][bc][bd][ca][cc][db][dd][fa][fb][fc][fd]AW[ab][ac][bb][cb][dc][ea][eb][ec])
(;N[975]C[死活题：黑先净杀]AB[bd][cd][da][dd][ea][eb][ec][ed]AW[ba][bc][ca][cc][db][dc])
(;N[976]C[手筋题：黑先最佳着手]AB[be][cc][cd][cg][dc][eg]AW[bd][bf][ce][eb][ec][ee][gc])
(;N[977]C[对杀题：黑先劫]AB[ac][ad][bd][cc][cd][cf][db][de][eb][fa]AW[ab][ba][bb][bc][cb][da][dc][dd][fb][fc][fe][gb])
(;N[978]C[死活题：黑先净杀]AB[ae][bd][bf][bh][cb][cc][cd][cg][da][eg][fe][gc][ge][hb][hc][he]AW[be][ce][db][dc][dd][de][ec][ee][fa][fc][fd][gb])
(;N[979]C[手筋题：黑先最佳着手]AB[bb][bc][bd][be][bf][cb][dc][ec][ed][fb][gc][hb]AW[cc][cd][cf][db][dd][eb][ee][fe][gb][gd][ge][hc])
(;N[980]C[死活题：黑先净杀]AB[aa][ae][bb][be][ce][dd][de][ea][eb][ec][ed]AW[ab][ac][ad][bd][cb][cd][da][db][dc])
(;N[981]C[手筋题：黑先最佳着手]AB[bd][bf][cd][de][ec][ee][fb][fc][fd][gc][ge][hb][hd]AW[ad][bc][cc][dc][dd][ea][ed][fa][ga][gb][hc][ic][jd])
(;N[982]C[对杀题：黑先胜]AB[bd][be][cb][cc][da][dc][eb]AW[bb][bc][cd][dd][ec][fa][fb][fc])
(;N[983]C[死活题：黑先净杀]AB[ae][be][cc][ce][dd][de][ea][eb][ec]AW[ab][ad][ba][bd][cd][da][db][dc])
(;N[984]C[手筋题：黑先最佳着手]AB[bb][cb][cc][cd][db][de][ee][fe][gc]AW[ab][ba][bc][bd][be][ce][dc][dd][eb][ed])
(;N[985]C[对杀题：黑先胜]AB[ad][af][bd][bf][ca][cb][cc][cd][cf][df][ed][ee][ef][fb][fc]AW[ab][ae][bb][bc][be][ce][da][db][dc][dd][de])
(;N[986]C[手筋题：黑先最佳着手]AB[bb][bd][cc][dd][ed][fc][fe][gb][ge]AW[cb][dc][eb][ec][fb][gc][jc])
(;N[987]C[基础题：黑先最佳着手]AB[be][bf][db][de][df][eb][ed][eg][fb][fd][gb][hc][ic]AW[cb][cc][cd][dc][ec][ee][fc][gd][gf][hd][hf])
(;N[988]C[死活题：黑先净杀]AB[ab][bc][cc][ce][dd][eb][ee][fb][fd][ga][gd][ha][hc][hd][ib][jc]AW[bb][cb][db][dc][ea][ec][ed][fc][gb][gc][hb])
(;N[989]C[手筋题：黑先最佳着手]AB[ab][ac][bc][bd][be][cc][ce][dd][de][eb][ec][fc][gc][ge][hc][he]AW[ae][bb][bf][ca][cb][cf][db][dc][df][ea][ed][ee][fb][ff][ga][gb][hb][ic][id][kb])
(;N[990]C[对杀题：黑先劫]AB[ad][bc][be][cd][ce][db][dd][ec][fa][fb][fc][gb]AW[bb][cb][cc][da][dc][de][ed][ee][ga][gc][gd][ge][ha][hb])
(;N[991]C[死活题：黑先净杀]AB[ba][bb][ca][cc][cd][dd][ee][fe][ge][hb][hd][ib][ic][id]AW[cb][da][dc][ec][ed][fb][fd][gb][gc][gd][hc])
(;N[992]C[基础题：黑先最佳着手]AB[ac][ad][bd][bf][ce][db][dc][dd][df][ea][ec][fb]AW[aa][ab][bb][bc][ca][cc][cd][da][de][ed][ee][fc][gc][ge][ic])
(;N[993]C[对杀题：黑先胜]AB[bb][bc][cd][dd][ec][fb][fc]AW[bd][be][cb][cc][da][dc][eb])
(;N[994]C[死活题：黑先净杀]AB[ac][ad][ae][ba][be][ca][cb][ce][de][ed][fa][fb][fc][fd]AW[ab][bb][bc][bd][cd][dd][ea][eb][ec])
(;N[995]C[对杀题：黑先胜]AB[ca][cb][cc][dd][de][ec][gd]AW[bd][cd][da][db][dc][eb][ed])
(;N[996]C[对杀题：黑先劫]AB[ac][ae][bd][bf][ca][ce][db][dd][de][eb][ec][fb]AW[ba][bb][bc][cb][cc][cd][dc][ed][fc][fd][gb][hc])
(;N[997]C[死活题：黑先净活]AB[bb][cc][db][dc][ec][fa][fb]AW[ba][bc][bd][cd][da][dd][ed][fc][gb][gc])
(;N[998]C[死活题：黑先净杀]AB[ad][bb][bd][cd][dd][ea][eb][ec][ed]AW[ac][ba][bc][cb][cc][da][dc])
(;N[999]C[手筋题：黑先最佳着手]AB[ce][cf][dd][dg][eb][ec][ed][eh][fe][gg]AW[bd][be][cd][db][dc][de][dh][di][ee][ef][eg])
(;N[1000]C[死活题：黑先净杀]AB[ac][ae][be][cd][ce][dc][ec][fa][fb][fc]AW[bc][bd][ca][cc][db][ea][eb])
(;N[1001]C[对杀题：黑先胜]AB[ad][bd][cb][cd][db][dd][eb][ec][fb]AW[ac][bb][bc][ca][cc][dc][ed][ee][fc][gb][gc])
(;N[1002]C[手筋题：黑先最佳着手]AB[ge][hb][he][hg][ib][ic][id][ih][jf][jh][kh][kj]AW[fc][fd][fe][ff][fh][hc][hd][hh][hi][if][ij][jb][jg][kc][kd][kf][kg])
(;N[1003]C[死活题：黑先净杀]AB[ac][ad][ae][ba][bc][be][ca][ce][de][ed][fa][fb][fc][fd]AW[ab][bb][bd][cb][cd][dc][dd][ea][eb][ec])
(;N[1004]C[基础题：黑先最佳着手]AB[ba][bb][cb][cc][dd][ed][ee][fc][gc][ha][hb][hc]AW[ab][ac][bc][be][cd][dc][de][df][ea][eb][ec][fb][ga][gb])
(;N[1005]C[死活题：黑先净杀]AB[ac][ba][bf][bh][cb][cc][cf][dd][de][ec]AW[ad][ae][bb][bc][be][cd][ce])
(;N[1006]C[死活题：黑先净活]AB[ab][ac][ba][bd][cc][ce][cf]AW[ad][af][be][bf][bh][cg][db][dc][dd][dg][ee])
(;N[1007]C[死活题：黑先净杀]AB[bc][cb][dc][dd][ed][fe][ge][ha][hb][hc][hd]AW[db][eb][ec][fd][ga][gb][gc][gd])
(;N[1008]C[基础题：黑先最佳着手]AB[ac][bc][ca][db][dc][dd][ee][fc][fd][fe][gb]AW[bb][be][cb][ce][da][de][ea][eb][ec][ed])
(;N[1009]C[死活题：黑先净活]AB[da][db][dc][de][df][dg][eb][ed][eg][fe][ff][fg][gb][gc][gd]AW[cb][cc][cd][ce][cf][cg][ci][dd][dh][ea][fb][fc][fh][ga][ge][gf][gg][gh][hc][ic][ie][kb][kc][kd])
(;N[1010]C[对杀题：黑先胜]AB[cb][cc][cd][dd][ed][fd][ga][gc][hc][ia][ib]AW[db][dc][ec][fa][fc][gb][hb][ic][jc][kb])
(;N[1011]C[手筋题：黑先最佳着手]AB[ge][gf][gg][gh][hb][hc][hd][hi][ie][if][kg]AW[gb][gc][gd][he][hf][hg][hh][id][jb][jd][jg][ke])
(;N[1012]C[手筋题：黑先最佳着手]AB[bb][bc][cd][cf][db][dd][ef][fa][fe][gb][gc][ge][hc][he][ic][id][jd]AW[cc][da][dc][ec][fb][fd][gd][hb][hd][ib][ie][jb][jc][je][kd][ke])
(;N[1013]C[手筋题：黑先最佳着手]AB[cc][cd][cf][cg][fb][fe][gb][gc][ge][hc][he]AW[ea][eb][ec][ee][eg][fc][ff][gf][hf])
(;N[1014]C[手筋题：黑先最佳着手]AB[ab][bc][bd][ca][cb][ce][dd][de][ee][fc]AW[ad][be][bf][cc][cd][cg][db][dc][ec][ed][hb][hc][hd])
(;N[1015]C[手筋题：黑先最佳着手]AB[db][eb][fa][fc][gc][gd][hc][ia][ib][id]AW[ec][fb][fd][gb][hb][hd][ic][jc][jd][je])
(;N[1016]C[手筋题：黑先最佳着手]AB[hc][hd][he][if][ig][je][kc]AW[fc][ge][gf][hf][id][ie][jc][kb])
(;N[1017]C[手筋题：黑先最佳着手]AB[be][ce][dd][df][ed][ef][fb][ff][gf][he]AW[cc][cd][cf][cg][db][de][dg][di][ee][fc][fe][ge][hb][ic])
(;N[1018]C[对杀题：黑先胜]AB[bc][bd][cb][cd][db][dd][ee][fb][fc][fd][fe]AW[ac][ad][ae][ba][bb][be][ce][de][ea][eb][ec][ed])
(;N[1019]C[死活题：黑先净活]AB[aa][ae][ba][bc][bd][be][cb][cc][ce]AW[ab][ac][bh][cd][cf][cg][dd][de][ec][gc])
(;N[1020]C[手筋题：黑先最佳着手]AB[ba][bb][bc][be][ce][db][dc][dd][ec][fc][gc]AW[bd][ca][cb][cc][cd][da][de][df][eb][fb][gb][hc][ic])
(;N[1021]C[对杀题：黑先胜]AB[ba][bd][cd][dd][ea][eb][ec]AW[ac][bb][da][db][dc][ed][fd][gb][gc])
)