((;N[1]C[死活题：黑先净杀]AB[ae][bd][be][ce][de][ea][eb][ec][ed]AW[ac][ad][bc][ca][cd][da][db][dc][dd])
(;N[2]C[对杀题：黑先胜]AB[bd][be][bf][cb][cc][cf][db][dc][dd][ec][ed][fb]AW[ba][bb][bc][ca][cd][ce][de][eb][ee][fc][fe][gc][ge][hd])
(;N[3]C[手筋题：黑先最佳着手]AB[be][cb][cc][da][ec][fd][gb][gc][gd][hd][he][ib][ic][if]AW[db][dc][dd][ed][fb][fc][ga][ha][hb][hc][id][jc][jd])
(;N[4]C[死活题：黑先净杀]AB[ac][ad][be][bg][ca][cf][dd][de][df][eb][ec]AW[ab][af][bb][bd][bf][cc][cd][ce][db][dc])
(;N[5]C[死活题：黑先劫杀]AB[ac][bc][be][ca][cd][dd][ed][fb][fd][gb][gc][hc]AW[ab][ba][bb][cc][da][dc][ec][fa][fc])
(;N[6]C[死活题：黑先净杀]AB[bb][bc][cd][db][dd][eb][ee][fb][fe][ge][ha][hb][hc][hd]AW[ca][cb][cc][dc][ec][fd][ga][gb][gc][gd])
(;N[7]C[对杀题：黑先胜]AB[bd][be][cd][cf][da][db][dc][de]AW[ab][cb][cc][dd][ec][ed][fb])
(;N[8]C[对杀题：黑先胜]AB[bb][cb][cc][cd][db][ec][fc][ga][gc][hb][hc]AW[ab][ad][bc][bd][ce][da][dc][dd][de][ea][eb][fb][gb])
(;N[9]C[死活题：黑先净杀]AB[ab][bc][bd][be][ce][db][de][ea][ee][fd][fe][gb][gd][ha][hc][ic]AW[bb][cb][cc][cd][da][dd][ec][ed][fa][fb][fc][gc])
(;N[10]C[死活题：黑先净杀]AB[ad][ba][bd][dd][ec][fa][fb][fc]AW[bb][ca][db][ea][eb])
(;N[11]C[死活题：黑先劫杀]AB[bf][cb][ce][db][dc][dd][df]AW[ab][ba][bb][bc][be][cc][cd])
(;N[12]C[手筋题：黑先最佳着手]AB[cd][ee][fc][fe][gd][ge][hc][he]AW[bd][ce][de][ed][fd][gb][gc][hd][ic][id])
(;N[13]C[死活题：黑先净活]AB[ab][ba][bb][bc][be][bf][cd]AW[ae][af][bg][cb][cc][ce][cf][cg][dc][ed][ef])
(;N[14]C[死活题：黑先净活]AB[gb][gc][gd][hb][hd][ic][if][jd][je]AW[fb][fc][fd][fe][ff][gg][hg][ib][ig][jb][jc][jf][kd][ke][kf])
(;N[15]C[死活题：黑先净杀]AB[bc][be][ca][cb][cd][ce][ed][fb][fc][fd]AW[ad][ba][bb][bd][cc][dc][ec])
(;N[16]C[死活题：黑先净活]AB[ae][bb][cd][db][ea][eb]AW[be][bf][cc][ce][dd][ec][ed][fa][fb][gc])
(;N[17]C[死活题：黑先净活]AB[bc][bd][cc][db][dc][ec]AW[ad][bb][be][cd][ce][eb][ed][ee][fc][fd][hc])
(;N[18]C[死活题：黑先净杀]AB[ab][bb][bd][cc][cd][da][dd][ea][ee][fa][fd][ff][hd][he][hf][ib][ic][id]AW[ba][bc][ca][cb][dc][eb][ec][ed][fb][fc][gb][gd][ha][hb][hc])
(;N[19]C[对杀题：黑先胜]AB[ad][ae][bc][be][cb][cc][cd][dc][de][ee][fb][fd][fe][gb]AW[ab][af][bb][bf][ca][ce][cf][ch][db][dd][ea][eb][ec][ed])
(;N[20]C[死活题：黑先劫杀]AB[af][bd][bg][cg][da][db][dc][df][ed][ee][eg][fc]AW[ac][ae][bc][bf][ca][cb][cc][ce][cf][dd])
(;N[21]C[手筋题：黑先最佳着手]AB[bd][be][cb][cc][cf][dc][dg][ea][eb][ec][ff]AW[bb][bc][cd][ce][ed][ef][fa][fb][fc][gc])
(;N[22]C[死活题：黑先净活]AB[cb][cc][cd][da][dd][eb][ec]AW[bb][bc][bd][ce][de][ed][fd][gd][hb][hc])
(;N[23]C[对杀题：黑先胜]AB[bd][cd][ce][da][db][dc][de]AW[bc][ca][cb][cc][dd][ed][fc][gc])
(;N[24]C[死活题：黑先劫活]AB[ca][cb][dc][ec][fc][gb][gc][hb]AW[bb][bc][cc][dd][ed][fa][fd][gd][hc][ib][ic])
(;N[25]C[手筋题：黑先最佳着手]AB[bc][be][cd][dc][de][ee][fd]AW[cb][cc][dd][ec][ed][fe][gb][ge][hc])
(;N[26]C[对杀题：黑先劫]AB[ac][ad][bd][cc][da][db][dd][eb][ec][ed]AW[ba][bb][bc][be][ca][cb][cd][ce][de][ee][fb][fc][fd])
(;N[27]C[死活题：黑先净活]AB[ba][bb][be][cb][cc][cd][ce]AW[ad][bc][bf][ca][cf][da][db][dc][dd][de][df])
(;N[28]C[对杀题：黑先胜]AB[ba][bb][bc][cb][cc][dc][ea][eb][ec][fd][fe][hb][hd][he]AW[aa][ab][ac][ad][bd][cd][dd][ed][fa][fb][fc][gc])
(;N[29]C[对杀题：黑先胜]AB[bd][cb][cd][db][dc][ed][fd][gb][gd][hc]AW[be][cc][ce][da][dd][de][ea][eb][ec][fc])
(;N[30]C[死活题：黑先净杀]AB[ac][bc][bf][cd][ce][cf][db][dc][ed]AW[ab][bb][bd][be][cb][cc])
(;N[31]C[死活题：黑先净杀]AB[bb][bc][cd][ce][db][df][ea][fc][gc][hc][ia][ib][ic]AW[ca][cb][cc][da][dd][ec][ed][fb][gb][ha][hb])
(;N[32]C[死活题：黑先净杀]AB[ab][bb][be][bf][cd][cg][de][df][ea][ec][ef][fa][fb][fc][fd][fe]AW[ba][bc][bd][cb][ce][da][db][dc][dd][eb][ed][ee])
(;N[33]C[死活题：黑先净活]AB[ab][ac][bb][cb][cc][da][dc][ec][fb]AW[ad][ba][bc][bd][ca][cd][cf][ed][fa][fc][fd][ga][hb][hc][hd])
(;N[34]C[死活题：黑先净活]AB[ah][ai][aj][ak][bd][bh][bj][cd][ce][cf][cg][ch][ci][dd]AW[ab][ad][ag][al][bb][bc][be][bf][bk][cj][cl][dc][df][dg][dh][di][dj][ec][fe])
(;N[35]C[死活题：黑先净杀]AB[ad][ae][be][ca][ce][dd][de][ea][eb][ec]AW[ab][ac][ba][bd][cc][cd][db][dc])
(;N[36]C[对杀题：黑先胜]AB[bb][cb][cc][dc][dd][ee][fd][fe][gb][gc][hd]AW[ac][bc][bd][cd][cf][db][de][ec][ed][ef][fa][fb][fc])
(;N[37]C[手筋题：黑先最佳着手]AB[bb][bc][ca][cd][ce][dc][de][ee][ef][ff][gd]AW[bd][be][bf][cb][cc][cf][db][dd][ed][fe][gc][gf][hc][hd][he])
(;N[38]C[对杀题：黑先胜]AB[ab][ae][ba][bc][bd][be][ca][ce][de][eb][ed][fb][fc][fd]AW[af][bb][bf][cb][cc][cf][da][db][dc][dd][df][ec][ee][ef])
(;N[39]C[死活题：黑先净杀]AB[ab][bc][cc][dc][de][ed][fc][fe][gb][ge][ha][he][id][jc][je][kb][kc]AW[bb][cb][db][eb][ec][fb][fd][gd][hc][hd][ib][ic][jb])
(;N[40]C[死活题：黑先净活]AB[cb][db][ec][fb][fc][gb][hb][hc][ic][ja][jb][jc]AW[bb][ca][cc][dc][de][ea][eb][ed][fa][fd][gc][gd][ha][hd][id][jd][ka][kb][kc][kd])
(;N[41]C[死活题：黑先净杀]AB[ab][bg][bh][cb][cd][cf][db][dd][df][ee]AW[ag][ba][bb][bc][bd][be][bf][ce])
(;N[42]C[死活题：黑先净杀]AB[ab][bc][bd][be][ca][ce][df][ea][ef][fa][fc][fd][fe][gb][gc]AW[bb][cb][cc][cd][da][db][de][eb][ec][ed][ee][fb])
(;N[43]C[手筋题：黑先最佳着手]AB[ac][bd][cb][cd][dc][dd][ec][fb][gb]AW[ab][bb][bc][bf][cc][db][df][eb][ee][fc][fd][fe])
(;N[44]C[死活题：黑先净活]AB[ag][be][bg][bi][cd][cf][cg][ci][dd][de][df]AW[ac][ae][af][bb][bc][bd][bf][bj][cc][cj][dh][di][ec][ef][eg][ej][fd])
(;N[45]C[死活题：黑先净活]AB[bc][bd][bf][bg][ce][de][ee]AW[cb][cc][cd][cf][cg][ch][ci][dd][df][ed][ef][fe])
(;N[46]C[死活题：黑先净活]AB[ab][bb][bd][cb][db][dc][dd][de]AW[bc][be][cd][cf][da][df][eb][ec][ed][ee][ef])
(;N[47]C[死活题：黑先净活]AB[ac][bc][ca][cc][dc][eb][ec]AW[ab][ad][bd][cd][da][dd][ed][fa][fb][fc][fd])
(;N[48]C[死活题：黑先净杀]AB[ag][bh][bi][cb][cc][ce][ci][cj][ck][cl][de][dj][ef][ei][ff][fg][fh]AW[ah][be][bg][cf][cg][ch][df][dh][di][eg][eh])
(;N[49]C[对杀题：黑先胜]AB[ba][bc][bd][ce][de][ea][eb][ec][ed]AW[ab][bb][ca][cd][db][dc][dd][ee][fb][fd][fe][gc])
(;N[50]C[死活题：黑先净活]AB[af][bb][bd][be][cb][cc][cd][db]AW[ac][ae][bf][bg][ce][da][dc][dd][df][eb][fc])
(;N[51]C[死活题：黑先劫活]AB[ab][bc][cd][db][dc][dd][eb]AW[bb][bd][be][ca][cb][ce][de][ec][ed][fb][gc])
(;N[52]C[死活题：黑先净活]AB[ad][bd][ca][cb][cc]AW[ae][be][cd][ce][da][db][dc][ed])
(;N[53]C[对杀题：黑先胜]AB[ba][bb][bc][cc][dd][ed][fd][ga][gc][hb]AW[ac][bd][ca][cb][cd][cf][dc][eb][ec][fc][gb])
(;N[54]C[死活题：黑先净杀]AB[bb][bc][cc][ce][ee][fa][fc][fd][ge][ib][ie][jc][jd]AW[cb][da][dc][eb][ec][fb][gb][hc])
(;N[55]C[死活题：黑先净杀]AB[ae][be][cd][ce][dc][ea][eb][ec]AW[ad][bb][bd][cc][da][db])
(;N[56]C[死活题：黑先净杀]AB[ba][be][cf][db][eb][ec][ed][ee][eg]AW[ad][bd][ca][cb][cd][dc][dd])
(;N[57]C[对杀题：黑先胜]AB[ac][ba][bb][bc][bf][cb][dc][ec][ee]AW[ad][bd][cc][cd][db][eb][fb][fd][gc])
(;N[58]C[对杀题：黑先胜]AB[ac][bc][cc][db][dc][ed][fc][fd][gd][hb][hc]AW[ab][ad][bd][cd][da][dd][eb][ec][fb][gb][gc])
(;N[59]C[对杀题：黑先胜]AB[ad][ae][ba][bc][be][cd][ce][dd][ec][fa][fb][fc][fd]AW[af][bb][bf][cb][cc][cf][dc][de][df][ea][eb][ed][ee])
(;N[60]C[死活题：黑先净活]AB[ac][ba][bd][cb][cd][dd][ea][eb][ec]AW[ad][ae][be][ce][db][dc][de][ed][fa][fb][fc][fd])
(;N[61]C[死活题：黑先净活]AB[ah][ba][bc][bd][be][bf][bh][cg][ch]AW[ac][ad][af][ag][bb][bg][bi][ca][cc][ce][ci][dc][de][di][eg])
(;N[62]C[死活题：黑先净杀]AB[ab][bd][bh][cd][ch][db][dd][dg][eb][ec][ed][eg][ff]AW[ad][ba][bc][be][bg][cb][cc][ce][cg][dc][de][df])
(;N[63]C[对杀题：黑先胜]AB[bc][bd][be][dd][de][eb][ec]AW[bb][cd][db][dc][ed][fd][gb][gd])
(;N[64]C[死活题：黑先净活]AB[ab][bb][bd][cd][db][dc][dd][de][df][dg][ee][eg][fb][fd][fe][fg][ge]AW[ac][ad][bc][be][bh][cb][cc][ce][cg][dh][ec][ed][eh][fc][fh][gb][gc][gd][gh][hd][he][hf])
(;N[65]C[对杀题：黑先胜]AB[ac][ba][bb][da][db][dc][ed][ee][gb][gd][hc][he]AW[ab][bc][bd][cd][cf][dd][ea][eb][ec][fc])
(;N[66]C[死活题：黑先净杀]AB[bc][bf][cd][ce][da][db][dc][dd]AW[ab][bb][bd][ca][cb][cc])
(;N[67]C[死活题：黑先净活]AB[cb][cc][dc][dd][ec][fb][gb][gd][hc]AW[bb][bc][be][cd][de][ed][ee][gc][gf][hb][he][ic][jc][je])
(;N[68]C[死活题：黑先净活]AB[cd][da][db][de][ec][ee][fa][fe][gb][gc][gd]AW[bc][bd][cb][ce][cf][dc][df][ed][ef][fd][ff][ge][ha][hb][hc][hd][he])
(;N[69]C[死活题：黑先净活]AB[ba][bb][bd][be][bf][cc]AW[ac][bg][cb][cd][cf][cg][db][dd][ec])
(;N[70]C[死活题：黑先净杀]AB[bc][bd][be][bf][bg][cc][ch][db][df][dh][eb][ee][ef][eh][fb][fh][gb][gf][gg][gh][hc][hd][he]AW[cd][ce][cf][cg][dc][dd][dg][ec][eg][fc][fe][ff][fg][gc][gd][ge])
(;N[71]C[死活题：黑先净杀]AB[bb][bc][bd][ca][ce][da][df][ea][ef][fa][fd][ff][gb][gc][gf][hd][he]AW[cb][cc][db][de][eb][ee][fb][fc][fe][gd][ge])
(;N[72]C[死活题：黑先净杀]AB[ab][bc][bd][ce][de][eb][ee][fa][fd][ga][gb][gc][gd]AW[bb][cb][cc][cd][da][dd][ea][ec][ed][fb][fc])
(;N[73]C[死活题：黑先净杀]AB[ac][bd][be][cb][ce][db][dc][de][ed][ee][ga][gb][gc][gd]AW[ab][bb][bc][cc][cd][da][dd][ec][fa][fb][fc])
(;N[74]C[死活题：黑先净活]AB[ad][ae][bc][be][cc][dc][dd][de][eb][fb]AW[ba][bd][bf][ce][cg][df][ea][ec][ee][ef][fa][fc][gb][gc])
(;N[75]C[死活题：黑先净活]AB[ba][bb][bd][db][dd][ec][ed][fa][fb][fd][gb][gc][gd]AW[ab][bc][be][cb][cc][cd][da][de][ee][fe][ga][ge][ha][hb][hc][hd])
(;N[76]C[对杀题：黑先劫]AB[bd][be][cb][cc][ce][dc][de][ea][eb]AW[aa][bb][bc][ca][cd][dd][ed][ee][fb][fc])
(;N[77]C[死活题：黑先净杀]AB[bf][cd][ce][cf][db][dc]AW[ba][bd][be][cb][cc])
(;N[78]C[死活题：黑先净杀]AB[ba][be][cd][ce][dc][eb][ec]AW[ad][bb][bc][bd][cc][da][db])
(;N[79]C[死活题：黑先净杀]AB[ab][bc][bd][cb][cd][cf][de][ef][fa][fb][fe][gb][gc][gd][ge]AW[ba][bb][ca][cc][dc][dd][eb][ed][ee][fc][fd])
(;N[80]C[死活题：黑先净活]AB[bb][bc][bd][cc][db][dd][de][fb][fc][fd][fe][gc]AW[ad][be][cd][ce][cg][da][df][eb][ef][fa][ff][ga][gb][gd][ge][gf][hc][ib])
(;N[81]C[死活题：黑先净杀]AB[ab][ag][bg][ca][cf][da][db][dc][dd][de][dg]AW[ad][ae][ba][bb][bf][cb][cd][ce])
(;N[82]C[死活题：黑先劫杀]AB[ba][bb][bd][cc][dd][de][ee][fa][fb][fe][gb][ge][hd][id][ja][jb][jc][jd]AW[db][dc][eb][ed][fc][fd][gc][gd][hb][hc][ia][ib][ic])
(;N[83]C[死活题：黑先净活]AB[bc][bd][cb][cd][dc][dd][ea][eb]AW[ab][ad][ba][be][ca][ce][db][de][ed][fa][fb][fc][fd])
(;N[84]C[手筋题：黑先最佳着手]AB[ba][bb][bc][cd][dc][dd][de][fd][fe]AW[bd][be][cb][cc][cf][db][df][ec][gc][hc])
(;N[85]C[死活题：黑先净杀]AB[ab][bc][be][cd][db][dc][de][eb][ee][fd][gd][hd][ia][ib][ic][id]AW[ba][bb][cb][cc][dd][ec][ed][fb][fc][gc][ha][hb][hc])
(;N[86]C[对杀题：黑先胜]AB[bb][bc][cd][dd][ed][fa][fb][fc]AW[cb][cc][dc][eb][ec][fd][gc][gd][hb])
(;N[87]C[死活题：黑先净杀]AB[bb][bc][cb][cd][ce][dc][dd][ea][fa][fd][gd][hd][ic][id][ja][jb][kc]AW[ba][ca][da][db][ec][fb][fc][ga][gc][ha][hc][ib])
(;N[88]C[对杀题：黑先胜]AB[ab][ba][cb][dc][ec][fc][gd][hb][hc][hd]AW[ad][bb][bc][be][cc][ce][dd][ed][fb][fd][gb][gc])
(;N[89]C[死活题：黑先净杀]AB[be][cc][cd][ce][de][ec][ed][ee][fa][fb]AW[ab][ad][bd][cb][db][dc][dd][ea][eb])
(;N[90]C[死活题：黑先劫活]AB[ba][bc][cb][ce][db]AW[ac][bd][cc][dc][eb][ec])
(;N[91]C[死活题：黑先净活]AB[ac][ae][af][ba][bb][bf][cc][cd][ce][cf]AW[ag][bc][bd][bg][ca][cb][cg][dc][dd][de][df][eb][eh])
(;N[92]C[对杀题：黑先胜]AB[ad][ba][bd][bf][cc][ce][db][dc][df][ea][ec][fa][fb]AW[aa][ab][bb][bc][cb][cd][dd][ed][fc][fd][ga][gb][hc])
(;N[93]C[死活题：黑先净杀]AB[ca][cb][cc][dd][de][df][eh][fd][fh][gb][gc][gd][gh][he][hh][ib][ie][if][ig]AW[da][db][dc][ed][ee][fa][fb][fe][ff][fg][ge][gg][hf][hg])
(;N[94]C[死活题：黑先净杀]AB[ab][bd][ca][cd][dd][eb][ed][fc][gc][hb][hd]AW[ba][bb][cc][da][db][dc][ec][fb])
(;N[95]C[对杀题：黑先胜]AB[bd][be][ce][da][db][dc][de][ed][fb][fc][fd][gc]AW[bc][ca][cb][cc][cd][dd][ea][ee][fe][gb][gd][ge][hb][hc])
(;N[96]C[死活题：黑先净杀]AB[ac][bb][bd][ca][cd][dd][ed][fb][fc][fd]AW[ad][bc][cb][cc][da][dc][eb][ec])
(;N[97]C[死活题：黑先净杀]AB[bb][bc][cc][dc][de][eb][fd][gc][hc][ia][ib][ic]AW[ba][ca][cb][db][ec][fb][gb][ha][hb])
(;N[98]C[对杀题：黑先胜]AB[ab][ad][bb][bd][cd][dd][de][eb][ec][ee][fb][gb]AW[ac][bc][cc][da][db][dc][ed][fc][fd][gc][hb][hc])
(;N[99]C[死活题：黑先净活]AB[ba][bb][be][cc][cd]AW[ad][bf][bh][cb][cf][db][dc][dd][de])
(;N[100]C[死活题：黑先净活]AB[cb][cc][dc][dd][ec][fb][gb][gd][hc][hd]AW[bb][bc][be][cd][de][ed][ee][fd][gc][gf][hb][he][ic][jc][je])
(;N[101]C[对杀题：黑先胜]AB[bb][be][cb][ce][db][dd][de][df][ec][fc]AW[bc][bf][cc][cf][cg][dc][dg][ed][ee][ef][eg])
(;N[102]C[手筋题：黑先最佳着手]AB[ba][bb][bc][cc][dd][ed][ef][fc][fd][ff]AW[bd][cb][cd][cf][db][dc][fb][gc][ge][hc][he])
(;N[103]C[死活题：黑先净杀]AB[bd][be][ce][cf][dc][dd][eb][fc]AW[ba][bc][cb][cc][cd][db])
(;N[104]C[死活题：黑先净杀]AB[ba][bb][bf][ca][cf][dc][df][eb][ec][ed][ee][fb]AW[bd][be][cb][cc][ce][da][db][dd][de])
(;N[105]C[死活题：黑先劫杀]AB[ab][bd][cd][dd][ec][fb][fc][gc][hb]AW[bb][cb][cc][da][dc][ea][eb])
(;N[106]C[死活题：黑先净活]AB[ab][ad][bb][bd][ca][cd][dc][dd]AW[be][cb][ce][db][de][eb][ec][ed])
(;N[107]C[死活题：黑先净杀]AB[ae][bc][be][cd][dd][ed][fb][fd][gb][gc][gd]AW[ad][bb][bd][ca][cc][dc][eb][ec][fc])
(;N[108]C[死活题：黑先净杀]AB[ac][bd][cd][da][db][dd][ea][ed][fc][ga][gb][gc]AW[bc][cb][cc][dc][eb][ec][fa][fb])
(;N[109]C[对杀题：黑先胜]AB[bc][bg][cc][cg][dd][df][dg][ec][ed][ee][fb][fd][gd]AW[cd][ce][cf][db][dc][de][eb][ef][eg][eh][fe][gc][gf][hd][he])
(;N[110]C[死活题：黑先净活]AB[ag][ah][bd][bg][bi][cd][ce][cg][ch][de][df]AW[ad][af][bc][bf][bj][cb][cc][ci][cj][dc][dd][dh][ee][ef][eg])
(;N[111]C[死活题：黑先净杀]AB[ba][bc][bd][cd][da][dd][ed][fc][gb][gc]AW[ab][bb][cb][cc][dc][ec][fa][fb])
(;N[112]C[死活题：黑先净活]AB[bb][bd][be][bf][bh][bi][cf][cg][de]AW[ac][ag][bc][bj][cd][ce][ch][ci][dd][dj][ed][ee][eg])
(;N[113]C[死活题：黑先净杀]AB[af][ag][bb][bc][bd][bj][cc][ce][cj][dh][di][ec][ef][eg][ej][fd]AW[ad][ah][be][bf][bi][cd][cg][ci][dd][de][df])
(;N[114]C[死活题：黑先净活]AB[da][db][ec][fb][fc][gb][gc][hb]AW[cb][cc][dc][de][ed][fa][fd][ga][gd][hc][ib][ic])
(;N[115]C[死活题：黑先净杀]AB[ab][bb][bd][cc][cd][da][dd][ea][ee][fa][fd][ff][gd][he][hf][ib][ic][id]AW[ba][bc][ca][cb][dc][eb][ec][ed][fb][fc][ga][ha][hb][hc])
(;N[116]C[死活题：黑先净杀]AB[be][ce][dc][df][eb][ec][ef][fa][fb][fc][ga][gd][ge][hb][hc]AW[aa][ac][bb][bc][cc][cd][db][dd][ea][ed][fd])
(;N[117]C[死活题：黑先净杀]AB[ab][bd][bg][cc][cd][cf][eb][ef][fb][fc][ff][gd][ge][gf][hc]AW[bb][bc][cb][db][dc][dd][de][ec][ee][fd][fe])
(;N[118]C[死活题：黑先净活]AB[ab][bb][bc][bd][ca][dc][ec]AW[be][ce][da][db][dd][ee][fa][fb][fc][fd])
(;N[119]C[死活题：黑先净杀]AB[ad][be][ca][ce][da][db][dc][dd][de]AW[ab][ba][bd][cb][cc][cd])
(;N[120]C[死活题：黑先净杀]AB[bb][bc][bd][ca][ce][de][ed][fb][fd][ga][gd][hc][ic][jb][jc]AW[cb][da][db][dc][dd][ea][fc][gb][gc][hb][ia][ib])
(;N[121]C[手筋题：黑先最佳着手]AB[cd][ce][cf][db][dc][dg][eb][ef][fb][ff]AW[bb][bd][cb][cc][dd][de][df][fc][fe][gb][hc][he])
(;N[122]C[死活题：黑先净杀]AB[ab][ac][ba][bd][be][ce][de][ec][ee][fd][ga][gb][gc][gd]AW[bb][bc][cb][cd][dd][eb][ed][fa][fb][fc])
(;N[123]C[对杀题：黑先胜]AB[ad][bd][ca][cd][dd][ea][eb][ec]AW[bc][cc][dc][ed][fa][fb][fc][fd])
(;N[124]C[手筋题：黑先最佳着手]AB[ab][bc][bd][cc][da][dd][eb][ed][fc][fd][gb][hb]AW[be][cb][cd][ce][db][dc][de][ec][fa][fb][gc][hc][ib][ic])
(;N[125]C[死活题：黑先净杀]AB[af][bf][cc][cf][da][db][dc][dd][de][df]AW[ae][bb][bc][be][ca][cb][ce])
(;N[126]C[死活题：黑先净活]AB[ac][ae][bb][be][cb][cd][ce][da][dc][dd]AW[ba][bc][bd][bf][cc][cf][ch][db][ea][eb][ec][ed][ee])
(;N[127]C[手筋题：黑先最佳着手]AB[bc][ca][cb][cc][ce][dd][ed][ee][ef][fb][gb][gc][ge][he]AW[aa][ab][ac][bb][bd][be][cd][cf][dc][ea][eb][ec][fc][fd])
(;N[128]C[死活题：黑先净杀]AB[bd][be][cc][ce][db][de][ee][fd][fe][gc][ha][hb][hc]AW[ba][bb][bc][cd][dd][eb][ec][ed][fa][fc][ga][gb])
(;N[129]C[死活题：黑先净活]AB[ad][ai][bc][bd][bg][bh][bi][cd][ce][cg]AW[af][bb][bj][cb][cc][ch][ci][cj][db][de][df][dg][ec])
(;N[130]C[手筋题：黑先最佳着手]AB[cb][cc][ce][dd][de][ec][fb][gc][he]AW[bd][be][cd][cf][db][dc][dh][eb][ed])
(;N[131]C[死活题：黑先净活]AB[ae][bb][bd][cd][db][ea][eb]AW[be][bf][ca][ce][dc][dd][ec][ed][fa][fb][gc])
(;N[132]C[死活题：黑先净活]AB[ad][af][bd][be][ca][cb][cc][cd][db]AW[aa][ac][bb][bc][bf][bh][ce][cg][da][dd][de][eb][ec])
(;N[133]C[手筋题：黑先最佳着手]AB[cb][cc][cd][de][eb][ec][ed][ee][fe][gc][ge][hd][id][jc][jd][ka][kb]AW[da][db][dc][dd][ea][fb][fc][fd][gd][hb][hc][ic][ja][jb])
(;N[134]C[死活题：黑先净杀]AB[bc][bd][be][bf][ca][ce][dd][ec][ed][fa][fb][gc]AW[ab][ba][bb][cc][cd][db][ea][eb])
(;N[135]C[对杀题：黑先胜]AB[bb][cc][dc][ec][fb][fd]AW[ad][bc][be][cb][cd][db][eb])
(;N[136]C[死活题：黑先净活]AB[ab][ad][af][bb][bd][be][bf][cc]AW[ag][bc][bg][cb][cd][ce][cf][cg][db][dd])
(;N[137]C[死活题：黑先净杀]AB[ab][bc][bd][cd][da][db][dd][ee][fe][gd][hb][hc][hd]AW[ba][bb][cb][cc][dc][eb][ed][fb][fd][gc])
(;N[138]C[手筋题：黑先最佳着手]AB[ba][bb][bc][bd][ca][ce][dd][de][fd]AW[be][bf][cb][cc][cd][cf][db][df][fb][hc])
(;N[139]C[死活题：黑先净活]AB[ba][bb][cd][dc][ea][eb][ec]AW[bd][be][cc][ce][de][ed][fa][fb][fc][fd])
(;N[140]C[手筋题：黑先最佳着手]AB[ab][ac][bc][bd][be][cc][ce][dd][de][eb][ec][fc][gc][ge][hc][he]AW[ae][bb][bf][cb][cf][db][dc][df][ea][ed][ee][fb][ff][gb][hb][hg][ic][id][jf])
(;N[141]C[死活题：黑先净活]AB[ag][ah][ai][bc][bf][bi][cc][cd][cf][ch][ci][dd][dg][di][ed][ee][eg]AW[ab][ac][ad][ae][af][aj][bb][bg][bj][cb][cg][cj][dc][df][dj][eb][ec][eh][ei][fd][fe][ff][fg])
(;N[142]C[死活题：黑先净杀]AB[bb][bc][bd][be][bf][cb][cf][da][dc][dg][ea][eg][fa][ff][ga][gd][ge][gf][hb][hc]AW[cc][cd][ce][db][dd][df][eb][ef][fb][fd][fe][gb][gc])
(;N[143]C[死活题：黑先净杀]AB[ac][ae][be][ce][dc][de][ea][eb][ec]AW[ad][ba][bc][bd][da][db])
(;N[144]C[死活题：黑先净杀]AB[cb][cc][cd][da][de][ee][fe][ge][ha][hb][he][ib][ic][id]AW[ca][db][dc][ed][fb][fd][ga][gb][gd][hc])
(;N[145]C[死活题：黑先净活]AB[bd][be][bg][bh][cf][df][ef]AW[cb][cc][cd][ce][cg][ch][ci][cj][de][dg][ee][eg][ff])
(;N[146]C[死活题：黑先净杀]AB[bb][ca][cb][cc][ce][cf][db][df][ec][ef][fc][fd][gf][hf][ic][id][ie][if][ja][jb]AW[da][dc][dd][de][ea][eb][ee][fa][fb][fe][ga][gc][ge][ha][hc][hd][he][ib])
(;N[147]C[死活题：黑先净杀]AB[bb][bc][ca][cd][dd][ed][fd][gd][hc][ib][ic]AW[cb][cc][dc][eb][ec][fc][gb][gc][hb])
(;N[148]C[死活题：黑先净杀]AB[be][cc][cd][cf][db][eb][fb]AW[ba][bc][bd][cb][da][ea])
(;N[149]C[死活题：黑先净杀]AB[ad][bb][bd][cd][dc][ec][fa][fb][fc]AW[ac][bc][cb][cc][db][ea][eb])
(;N[150]C[死活题：黑先劫杀]AB[bb][cc][dc][de][ed][fa][fe][ff][he][hf][ia][ja][jb][jc][jd][je]AW[db][eb][fc][fd][gb][gc][gd][ha][hc][hd][ib][ic][id])
(;N[151]C[死活题：黑先净活]AB[ba][cb][db][dc][eb][fc][fd][gb][gc][gd][hc][ia][ic][jb]AW[ab][bb][bd][ca][cc][cd][dd][ea][ec][ed][fa][fb][fe][ge][hd][he][jc][je][kb][kc][kf])
(;N[152]C[死活题：黑先净活]AB[ae][bb][cb][cd][db][ea][eb]AW[bc][be][bf][cc][ce][dd][ec][ed][fa][fb][gc])
(;N[153]C[死活题：黑先净杀]AB[ad][ae][bf][ca][cf][ch][da][eb][ed][ee][fb][gc][ge]AW[ac][ba][bb][be][cb][cc][cd][db][dd][ec])
(;N[154]C[死活题：黑先净活]AB[ba][bb][cc][cd][dc][ea][eb][ec]AW[bc][bd][be][cb][ce][de][ed][fa][fb][fc][fd])
(;N[155]C[手筋题：黑先最佳着手]AB[cc][cd][ce][dd][df][ed][fb][fc][ff][hc]AW[bc][cb][dc][de][dh][ea][eb][ec][ee][ef][eg][fd])
(;N[156]C[死活题：黑先劫活]AB[ba][bb][da][dc][ec][fc][ga][gc][ha][hb][hc]AW[ab][bc][cc][cd][db][dd][ea][ed][fd][gd][hd][ia][ib][ic])
(;N[157]C[手筋题：黑先最佳着手]AB[ed][ee][fa][fe][ga][gb][gc][gd]AW[bc][bf][cd][db][dd][ea][fb][fc][fd])
(;N[158]C[对杀题：黑先胜]AB[ba][bd][cd][ce][dc][de][ea][eb][ec]AW[bb][bc][cb][cc][da][db][dd][ed][fd][gb][gc])
(;N[159]C[对杀题：黑先胜]AB[ae][bb][bc][be][ce][db][dc][dd][de][ea][eb]AW[ab][ad][af][bd][bf][ca][cb][cc][cd][cf][df][ef][fa][fb][fc][fd][fe])
(;N[160]C[死活题：黑先净活]AB[bb][cb][cc][ec]AW[bc][cd][db][dc][de][ed][fd])
(;N[161]C[对杀题：黑先胜]AB[bb][bc][bd][cd][dd][ec][fb][fc]AW[ba][be][cb][cc][ce][dc][de][eb][ed][fd][gd][hc])
(;N[162]C[死活题：黑先净活]AB[ab][bb][cc][db][dc][eb][fa]AW[ac][bc][be][ca][cd][dd][ea][ec][ed][fb][gb])
(;N[163]C[死活题：黑先净活]AB[bd][cb][cd][db][dc][dd][eb]AW[ad][bc][be][cc][ce][de][ec][ee][fb][fc])
(;N[164]C[对杀题：黑先胜]AB[ab][ac][be][cb][ce][cg][db][dc][dd]AW[ad][bb][bc][bd][cc][cd][de][ec][ed][ee][fb])
(;N[165]C[死活题：黑先净杀]AB[ba][bb][bc][cd][dd][ec][fc][gc][hc][ic][jb][jc]AW[ca][cb][cc][dc][eb][fb][ga][gb][hb][ib])
(;N[166]C[手筋题：黑先最佳着手]AB[ae][bb][be][cc][ce][dd][de][ec][fc]AW[bc][bf][cf][db][dc][df][ed][ee][ef][gb][gc][gd])
(;N[167]C[死活题：黑先净活]AB[bb][bc][cc][db][eb]AW[ac][bd][cd][da][dc][de][ec][gb][gc])
(;N[168]C[死活题：黑先净杀]AB[bc][bd][cd][da][dd][ed][fc][gb][gc]AW[ab][bb][ca][cc][dc][ec][fa][fb])
(;N[169]C[对杀题：黑先胜]AB[bb][bf][cb][cc][cd][cf][da][dc][df][eb][ed][ee][ef]AW[ab][bc][bd][be][ce][dd][de][ea][ec][fa][fb][fc])
(;N[170]C[手筋题：黑先最佳着手]AB[ba][cb][cd][ch][db][dd][dg][ec][ee][eg][fb][fe][fg][hc][id]AW[bb][bc][bd][cc][dc][ed][ef][fd][ff][gd][ge][gf][if])
(;N[171]C[死活题：黑先净杀]AB[bg][cd][cg][da][db][dc][df][ed][ee][eg][fc]AW[ac][ae][bc][be][bf][ca][cb][cc][cf][dd])
(;N[172]C[死活题：黑先净活]AB[ab][bb][bd][cd][dd][ea][eb][ec][ed]AW[ac][ae][bc][be][cc][ce][da][de][ee][fa][fb][fc][fd])
(;N[173]C[死活题：黑先净活]AB[ab][bd][cb][cc][cd]AW[ad][be][ce][db][dc][dd][de])
(;N[174]C[死活题：黑先净杀]AB[ae][be][cd][ce][dc][ea][eb][ec]AW[ab][bb][bc][bd][cc][da][db])
(;N[175]C[死活题：黑先净杀]AB[be][cd][ce][dc][eb][ec]AW[bc][bd][cb][cc][da][db])
(;N[176]C[死活题：黑先净杀]AB[ab][ae][bb][be][ce][dc][de][ed][fa][fb][fc][fd]AW[ad][ba][bd][ca][cc][cd][dd][ea][eb][ec])
(;N[177]C[死活题：黑先净杀]AB[cb][cc][cd][ce][cf][cg][ci][da][dd][dh][fb][fc][fh][ga][ge][gf][gg][gh][hc][ic][ie][kc]AW[db][dc][de][df][dg][ea][eb][ed][eg][fe][ff][fg][gb][gc][gd][hb])
(;N[178]C[死活题：黑先净杀]AB[bb][bc][bd][be][cf][df][eb][ef][fc][ff][gc][gd][ib][ic]AW[cc][cd][ce][db][dc][de][ec][ed][fb])
(;N[179]C[死活题：黑先净杀]AB[ae][ba][be][ce][dd][de][ec][fa][fb][fc]AW[aa][ab][ad][bb][bd][cc][cd][ea][eb])
(;N[180]C[死活题：黑先净杀]AB[ad][bc][bg][cb][cg][da][dg][eb][ec][ed][ee][ef]AW[ab][ae][bd][be][bf][cd][cf][db][dc][dd][de])
(;N[181]C[手筋题：黑先最佳着手]AB[bc][bd][ce][de][ec]AW[be][bf][cd][cg][dc][eb][fb])
(;N[182]C[对杀题：黑先胜]AB[ab][bb][bd][cc][cd][dd][ed][fb][fd][gb][gd][hc][hd]AW[ba][bc][cb][db][dc][ec][fc][gc][hb][ib][ic][id])
(;N[183]C[死活题：黑先净活]AB[dc][dd][de][eb][fc][fd]AW[cc][cd][ce][cg][df][ef][gb][gc][gd][ge])
(;N[184]C[死活题：黑先净杀]AB[ab][bf][ce][cg][dc][de][df][eb][ed]AW[ad][bc][be][cb][cc][cd][db])
(;N[185]C[死活题：黑先净活]AB[aa][ac][bb][bd][cb][cc][db]AW[ad][ae][ba][be][cd][ce][dc][ec][fb][gc])
(;N[186]C[基础题：黑先最佳着手]AB[ba][be][ca][cb][ce][dc][de][df][eb][ec][ed][fc]AW[ab][ad][bb][bd][cc][cd][dd][ee][fb][fd][fe][gb][gc][hd])
(;N[187]C[死活题：黑先净活]AB[ab][af][bb][bc][bd][bf][cc][cd][ce][cf][dc][ea][ec][fa][fb][gb]AW[ac][ad][ae][ba][bg][ca][cb][cg][db][dd][df][dg][eb][ed][fc][ga][gc][ha][hb][hc])
(;N[188]C[死活题：黑先劫杀]AB[bf][bh][cc][cd][ce][da][db][dc]AW[ab][ac][ae][ba][bc][bd][cb])
(;N[189]C[对杀题：黑先胜]AB[ea][eb][ec][ee][fd][fe][hb][hd][ic][id][jc]AW[cb][cd][dd][de][ed][fa][fb][fc][gc][hc][ib])
(;N[190]C[死活题：黑先净活]AB[dd][de][eb][fd][ga][gb][gc][gd][hb][hd][ib][ic]AW[bb][cc][cd][ce][cg][db][dg][ec][fb][fe][fg][ge][he][ia][id][jb][jc][jd])
(;N[191]C[死活题：黑先净杀]AB[af][bd][bg][cg][da][db][dc][df][ed][ee][eg][fc]AW[ac][ae][bc][bf][ca][cb][cc][cd][cf][dd])
(;N[192]C[死活题：黑先净杀]AB[ba][bb][cc][cd][dc][de][ee][fe][gd][ge][ha][he][ic][ie][jb][jc]AW[cb][db][dd][ea][ec][ed][fa][fc][ga][gb][gc][hc][hd][ib])
(;N[193]C[死活题：黑先净活]AB[cb][cc][cd][dc][dd][eb][ed][fb][fc][fd][ga]AW[bb][bc][bd][ce][da][de][ee][fa][fe][gb][gc][gd][ib])
(;N[194]C[死活题：黑先净活]AB[bb][cc][cd][db][ea][eb]AW[bc][be][bf][ca][ce][dd][ec][ed][fa][fb][gc])
(;N[195]C[死活题：黑先净杀]AB[ad][bf][ca][cd][ce][cg][da][db][dc]AW[ab][ae][ba][bb][bd][be][cb])
(;N[196]C[死活题：黑先净活]AB[ac][ba][bc][ca][db][dc][dd][de]AW[ad][bd][bf][cc][ce][da][df][ea][eb][ec][ed][ee][ef])
(;N[197]C[死活题：黑先净杀]AB[ab][ad][ba][bc][bd][cd][cf][ed][fc][fd][ge][hc][hd][ib][ic]AW[bb][cb][cc][da][dc][ea][ec][fb][gc][hb])
(;N[198]C[死活题：黑先净杀]AB[af][ag][bb][bc][bd][bj][cc][ce][cj][dh][di][ec][ef][eg][ej][fd]AW[ad][be][bf][bg][bi][cd][cg][ci][dd][de][df])
(;N[199]C[对杀题：黑先胜]AB[ab][ba][bb][cb][cc][cd][de][ea][ee][fd][ga][gc]AW[bc][bd][bf][ca][ce][da][db][dc][dd][df][eb][ed])
(;N[200]C[死活题：黑先净活]AB[ab][bc][ca][cc][da][dc][ea][eb]AW[ac][ba][bb][bd][bf][cd][dd][ec][ed][fb][gc])
(;N[201]C[死活题：黑先净杀]AB[ac][bc][cb][cc][ce][dd][ee][fe][ga][gb][gc][gd]AW[ab][bb][ca][db][dc][eb][ed][fa][fb][fc][fd])
(;N[202]C[死活题：黑先净活]AB[cb][cc][cd][da][dd][ed][fb][fc][fd][gb]AW[bb][bc][bd][ca][ce][de][ee][fe][ga][gc][gd][ge][hb][ic])
(;N[203]C[死活题：黑先净杀]AB[bc][be][cd][de][ee][fb][fe][gb][gc][gd]AW[bb][da][dc][dd][eb][ed][fc][fd])
(;N[204]C[对杀题：黑先胜]AB[ac][ae][be][ca][ce][da][db][dc][de][ed][ee]AW[bb][bd][cb][cc][cd][dd][ec][fb][fc][fd])
(;N[205]C[死活题：黑先净活]AB[ad][ba][bd][cd][db][dc][dd]AW[ab][bb][be][bg][cb][ce][de][eb][ec][ed][ee][gb])
(;N[206]C[死活题：黑先净活]AB[aa][ab][ae][af][bc][bd][cb][da][db]AW[ad][be][bg][ce][ch][dc][dd][fb][fd])
(;N[207]C[死活题：黑先净活]AB[ba][bb][bd][cb][cc]AW[ac][bg][ca][cd][ce][cf][da][db][dc][ed])
(;N[208]C[死活题：黑先净杀]AB[bc][bd][be][bf][bg][bh][cb][cc][ch][db][de][dh][eb][ed][ef][eh][fb][fe][fh][gb][gh][hb][hc][hd][he][hf][hg][hh]AW[cd][ce][cf][cg][dc][dd][df][dg][ec][eg][fc][fg][gc][gd][ge][gf][gg])
(;N[209]C[死活题：黑先净杀]AB[bb][bd][ca][cc][ce][da][dd][ec][ed][ga][gd][ha][hd][id][ja][jc][jd][ka][kb][kc][kd]AW[cb][db][dc][eb][fa][fc][gb][gc][hc][ia][ib][ic][jb])
(;N[210]C[死活题：黑先净杀]AB[bb][bc][ca][cd][dd][eb][ed][fd][gc][hc][ib][ic]AW[cb][cc][da][dc][ec][fa][fc][gb][ha][hb])
(;N[211]C[手筋题：黑先最佳着手]AB[ac][ad][ae][bb][bf][cg][dd][dg][ee][eg][fe][fg][gf]AW[bc][bd][cb][ce][cf][db][df][ec][ef][fd][ff][gd][ge])
(;N[212]C[死活题：黑先劫活]AB[bb][ca][cc][dc][ec][fa][fb]AW[ba][bc][bd][cd][da][dd][ed][fc][gb][gc])
(;N[213]C[对杀题：黑先胜]AB[ba][bb][cc][cd][dd][ed][fa][fb][fd][gc][gd]AW[ab][bc][cb][db][dc][ec][fc][gb][hb][hc][hd])
(;N[214]C[死活题：黑先净杀]AB[bb][bd][be][ce][de][ee][fa][fc][fd][gb][hc]AW[ac][bc][cd][db][dd][eb][ec][ed][fb])
(;N[215]C[死活题：黑先净杀]AB[bb][bc][bd][ca][ce][de][eb][ee][fe][gc][gd][ge][hb][ic]AW[cb][cc][cd][da][dd][ea][ed][fb][fc][fd][gb])
(;N[216]C[死活题：黑先净杀]AB[ae][ba][bb][be][cd][db][dd][ec][ed][fb]AW[ab][ad][bc][bd][cb][cc][dc][eb])
(;N[217]C[死活题：黑先净杀]AB[ab][bc][bd][cb][db][eb][fb][gb]AW[ae][ba][bb][be][cc][cd][ce][ec][fc][gc][hb][hc])
(;N[218]C[死活题：黑先净杀]AB[ag][bc][bh][cc][cd][ce][cf][ch][db][eb]AW[aa][ac][af][bb][bd][be][bf][bg][ca][cb][da])
(;N[219]C[死活题：黑先劫杀]AB[af][ba][bf][cb][ce][cf][db][dc][dd]AW[ac][ae][bb][bd][be][cc][cd])
(;N[220]C[死活题：黑先净活]AB[ab][ae][bc][bd][bh][cd][ce][cf][cg]AW[bb][bf][bj][cb][cc][ch][ci][dg][dj][ec][ee])
(;N[221]C[死活题：黑先净活]AB[bc][cb][cc][cd][cf][db][dd][de][df][dg][ea][ed][ef][fd][fe][gc][gd][hb][hd][ia]AW[aa][ac][bb][bd][be][bf][bh][ce][cg][dc][dh][ec][eg][eh][fb][fc][ff][gb][gg][hc][he][hf][ib][ic][id][ja])
(;N[222]C[死活题：黑先净活]AB[aa][ad][ae][af][ba][bc][bf][cc][da][dc][ea][eb][ec][ed][fb][fd][gd]AW[ac][bd][be][bg][cd][cf][dd][de][df][fa][ff][gb][gc][hd][he][ic])
(;N[223]C[死活题：黑先净杀]AB[ad][bd][cc][cd][db][dd][ee][fe][ga][ge][ha][hb][hc][hd][he]AW[bb][bc][cb][eb][ec][ed][fb][fd][gb][gc][gd])
(;N[224]C[死活题：黑先净活]AB[be][bf][bh][cd][ce][cg][de][dg][ee][ef]AW[ad][ag][bb][bd][bi][cc][ch][ci][dc][df][ed][eg][eh][fe][ff])
(;N[225]C[死活题：黑先净活]AB[ad][bd][ca][cb][cc][cd]AW[bb][be][ce][da][db][dc][dd][de])
(;N[226]C[死活题：黑先净杀]AB[bb][bc][cd][ce][db][dg][ea][eb][fa][fd][ff][gd][hc][ib][ic]AW[ca][cb][cc][da][dd][ec][ed][fb][gb][gc][ha][hb])
(;N[227]C[死活题：黑先净活]AB[ba][ca][da][db][eb][ec][fb][gc][ha][hc][ib]AW[bb][bc][cb][cd][ce][dc][dd][ea][fc][fd][gd][hd][ic][id][ja][jb][kc])
(;N[228]C[对杀题：黑先胜]AB[ac][bc][bd][cd][dd][ed][fa][fb][fc][hc]AW[ab][bb][bf][ca][da][dc][df][ea][eb][ec][ee][fd][fe])
(;N[229]C[死活题：黑先净杀]AB[ba][bb][bc][bd][ce][de][ec][ef][ff][ga][ge][gf][ha][hb][hc][hd]AW[cb][cc][cd][da][dd][eb][ee][fa][fc][fe][gb][gc][gd])
(;N[230]C[死活题：黑先净杀]AB[ca][cb][cc][cd][de][ef][fc][ff][ga][gb][gf][hb][hc][hd][he]AW[da][db][dc][ed][fa][fb][fe][gc][gd][ge])
(;N[231]C[手筋题：黑先最佳着手]AB[bf][cd][dc][de][df][eg][fg][gg][hf][ie][if][jb][jc][jd][kf]AW[bc][bd][bh][cb][dg][dh][eb][ec][ef][ei][ff][gd][gf][gi][hg][ib][ic][id][ig][jg])
(;N[232]C[死活题：黑先净活]AB[bc][bd][cb][cd][dc][dd][ec][fb][fc]AW[ab][ac][ad][bb][be][ce][de][ea][ed][fd][ga][gb][gc][gd])
(;N[233]C[死活题：黑先净活]AB[ad][ae][bb][bc][bd][cc][dc][ec][fb][fc]AW[af][be][bf][cb][cd][db][de][eb][ee][fa][fd][gb][gc][gd][ib])
(;N[234]C[死活题：黑先净活]AB[ag][ba][bb][bc][be][bf][cd]AW[ab][bg][bh][cb][cc][ce][cf][dc][ed][ef])
(;N[235]C[死活题：黑先净杀]AB[ad][ae][af][ag][bd][bg][cf][da][db][dd][de][dg][ec][fc][gc][hb][hc][jb]AW[ac][ba][bb][bc][be][bf][ca][cc][cd][ce][dc][eb][fa][fb][gb][ha])
(;N[236]C[死活题：黑先净活]AB[ad][bb][be][cb][cc][cd][ce][da]AW[ab][ae][af][bf][ca][cf][db][dc][dd][de][df][fb])
(;N[237]C[对杀题：黑先胜]AB[bb][bc][cd][dd][de][ec][ee][fa][fc][ga][gb][gc]AW[ba][ca][cb][cc][dc][ea][ed][fb][fd][gd][hb][hc][hd])
(;N[238]C[死活题：黑先净杀]AB[aa][ac][ba][bc][bf][cb][cf][ch][db][dg][eb][eg][fc][fd][fe]AW[ad][af][bg][cc][cd][cg][dc][de][df][ec][ed])
(;N[239]C[死活题：黑先净杀]AB[bc][cb][cd][ci][cj][de][dg][ef][eg]AW[bd][be][bg][bh][cf][df])
(;N[240]C[死活题：黑先净活]AB[ba][cb][dc][de][ea][ec][ee][fc]AW[ab][bb][cc][cd][ce][cg][df][fd][ff][gc][gd][ge][ic])
(;N[241]C[死活题：黑先净活]AB[ad][ae][ba][bd][ca][cd][da][db][dc][dd]AW[bb][bc][be][bg][ce][de][ea][eb][ed][ee][fb])
(;N[242]C[死活题：黑先净活]AB[ab][ba][bb][bd][be][bf][cd][cf][db][dc][dd][de]AW[ad][bc][bg][ca][cb][cc][cg][da][dg][eb][ec][ed][ee][ef])
(;N[243]C[手筋题：黑先最佳着手]AB[ae][bb][bc][bd][be][cb][cf][de][df][gc][hd]AW[bf][bg][cc][cd][ce][cg][db][dg][ec][ef][ff])
(;N[244]C[手筋题：黑先最佳着手]AB[cb][cc][db][dd][de][ee][fe]AW[bc][bd][cd][cf][dc][ec][ed][hb][hc][hd])
(;N[245]C[死活题：黑先净杀]AB[af][bf][ce][db][dd][fb]AW[ab][ac][ae][bb][bd][ca][cb])
(;N[246]C[基础题：黑先最佳着手]AB[ba][bb][bc][cd][dd][ed][fa][fb][fc]AW[ac][bd][be][cb][cc][ce][cg][da][dc][ea][eb])
(;N[247]C[死活题：黑先净活]AB[ab][ba][bb][cc][dc][eb]AW[bc][bd][cd][dd][ec][fa][fb][fc])
(;N[248]C[死活题：黑先劫活]AB[bc][cb][cc][dc][eb][fb]AW[aa][ac][bb][bd][cd][dd][ed][fc][gb][hc])
(;N[249]C[死活题：黑先净杀]AB[ab][af][bg][ce][cf][ch][da][dc][eb][ec][ee][ff][gc]AW[ad][ba][bb][be][bf][cc][cd][db][dd])
(;N[250]C[对杀题：黑先胜]AB[bb][bc][cc][cd][ce][de][ec][ed][ee][fb][gc][ge]AW[be][cb][cf][cg][db][dc][dd][eb][ef][fc][fd][ff][gf][hc][hd][he][ib])
(;N[251]C[死活题：黑先净活]AB[ae][ag][bc][bg][cc][cd][ce][cf]AW[ac][ah][bb][bd][bh][cb][cg][ch][dc][dd][de][df])
(;N[252]C[手筋题：黑先最佳着手]AB[bd][cd][db][de][ec][ee][fd][fe][gc]AW[cc][ce][cf][dc][dd][df][eb][ed][ef][ff][gf][hb][hc][hd])
(;N[253]C[手筋题：黑先最佳着手]AB[bb][bc][bd][ca][cb][cd][ea][eb][fb][fd]AW[be][cc][ce][cf][da][db][dc][df][ed][ef][fc][ff])
(;N[254]C[死活题：黑先净活]AB[ab][bd][cc][db][dc][ea][ec]AW[ad][be][cd][dd][eb][ed][fb][fc][gb])
(;N[255]C[对杀题：黑先胜]AB[be][ca][ce][dc][de][ea][eb][ec][ee][fd][gd]AW[bd][cc][cd][dd][ed][fa][fb][fc][hb][hc])
(;N[256]C[死活题：黑先净杀]AB[cb][cc][cd][ce][cf][eb]AW[bb][bc][bd][be][ca])
(;N[257]C[死活题：黑先净活]AB[ad][be][bg][bi][cd][cf][cg][ci][dd][de][df]AW[ac][af][bb][bc][bd][bf][bj][cc][cj][dh][di][ec][ef][eg][ej][fd])
(;N[258]C[死活题：黑先劫杀]AB[ab][ag][bb][be][bh][bj][cc][cd][ch][db][dd][dh][ed][eh][fe][ff][fg]AW[ad][af][bc][bd][bg][ce][cf][cg][de][dg][ee][ef])
(;N[259]C[手筋题：黑先最佳着手]AB[ad][bb][bc][bd][cd][dd][eb][fb][gc][gd]AW[ab][ae][ba][be][cc][ce][dc][de][ec][ed][ee][fc])
(;N[260]C[死活题：黑先净活]AB[bc][bd][cb][db]AW[be][cc][ce][dc][eb][ec])
(;N[261]C[死活题：黑先净活]AB[cb][cc][da][dc][dd][ec][gb][gc][hb]AW[bb][bc][cd][ce][de][eb][ed][fd][gd][hc][ib][ic])
(;N[262]C[死活题：黑先净杀]AB[ba][bb][bc][bd][ce][dc][de][eb][ec][ee][fe][ge][hb][hc][hd][he]AW[ca][cb][cc][cd][db][dd][ea][ed][fd][gc][gd])
(;N[263]C[对杀题：黑先胜]AB[ad][ba][bd][ca][cd][db][dc][dd][ed][fc][gc]AW[ac][bb][bc][be][bf][cb][da][de][ea][eb][ec][ee][fd][fe])
(;N[264]C[死活题：黑先劫活]AB[ac][bb][bc][cc][db]AW[ad][bd][cd][da][dc][dd][eb][fc])
(;N[265]C[死活题：黑先净杀]AB[ab][ae][be][ce][dc][dd][eb][fc]AW[ad][ba][bb][bd][cb][cc][db])
(;N[266]C[死活题：黑先净杀]AB[af][bb][be][bi][cb][ce][cf][ci][dc][dh][ec][eg][ei][fc][fg][gd][ge][gf]AW[bc][bd][bh][cd][cg][ch][dd][de][df][dg][ed][ef][fe])
(;N[267]C[对杀题：黑先胜]AB[ac][bd][be][bf][bj][bk][cg][ch][ci]AW[ad][aj][bb][bc][bg][bh][bi][cd][ce][cf])
(;N[268]C[对杀题：黑先胜]AB[cc][cd][cf][dc][fa][fe][ga][gb][gd][ge][hb][hc]AW[db][ea][ec][ee][fb][fc][fd][gc][hd][id][jb])
(;N[269]C[死活题：黑先净活]AB[ab][bd][be][cb][cc][da]AW[ba][bb][bf][ce][cf][db][dd][eb][fd])
(;N[270]C[对杀题：黑先劫]AB[cb][cc][db][dd][ed][fd][gc][ha][hb][hc]AW[bc][be][cd][dc][de][eb][ec][fa][fc][ga][gb])
(;N[271]C[死活题：黑先净活]AB[ab][bc][ca][cb][ea][eb][ec]AW[ac][ad][ba][bb][bd][cd][dd][ed][fb][fc][ge])
(;N[272]C[死活题：黑先净杀]AB[af][ag][al][bb][bc][bk][cj][cl][dc][df][dg][dh][di][dj][ec][fe]AW[ai][aj][ak][bd][be][bg][bh][bj][cd][cg][ch][ci][dd])
(;N[273]C[死活题：黑先净活]AB[ac][ae][ba][bc][bd][be][cb]AW[ab][bb][bf][ca][cd][ce][cf][da][db][dc])
(;N[274]C[死活题：黑先净杀]AB[cb][cc][cd][ce][cf][cg][ci][da][dd][dh][fb][fc][fh][ge][gf][gg][gh][hc][ic][ie][kc]AW[db][dc][de][df][dg][eb][ed][eg][fd][fe][ff][fg][gb][gc][gd])
(;N[275]C[死活题：黑先净活]AB[bb][bc][cc][db]AW[bd][ca][cd][dc][de][ec][gb][gc])
(;N[276]C[死活题：黑先净杀]AB[ab][bb][bf][bh][bj][ce][cf][cg][ci][db][eb][ec][ei][fc][fe][fg]AW[ac][ae][ba][bd][bg][cb][cc][ch][dc][dd][de][df][dg][dh])
(;N[277]C[对杀题：黑先胜]AB[ab][af][bb][bf][ce][cf][db][dd][ea][eb][ec][ed]AW[ad][ae][bc][be][cb][cc][cd][dc][de][ee][fb][fd][fe][gb])
(;N[278]C[基础题：黑先最佳着手]AB[ad][bd][bf][cc][ce][db][dc][df][ea][ec][fa][fb]AW[aa][bb][bc][ca][cd][dd][ed][fc][fd][ga][gb][hc])
(;N[279]C[手筋题：黑先最佳着手]AB[bd][cd][cg][dc][dd][eb][ed][fb][gc][ge]AW[bb][bc][ca][cc][db][dg][ec][fc][fd][fe][ic][ie])
(;N[280]C[死活题：黑先净活]AB[ab][bb][bd][be][bf][cd][cf][db][dc][dd][de]AW[ad][bc][bg][cb][cc][cg][da][dg][eb][ec][ed][ee][ef])
(;N[281]C[死活题：黑先净活]AB[bc][bd][cb][cc][dd]AW[bb][be][cf][de][eb][ee][fc])
(;N[282]C[死活题：黑先净活]AB[bb][cc][dc][eb][fb][gb]AW[ab][bc][bd][cd][cf][ec][ed][gc][hb][hc])
(;N[283]C[死活题：黑先净活]AB[ac][bb][cb][cc][db][dd][ec][ed][ee][ef][fd][ff][gd][gf]AW[bc][bd][be][cd][ce][de][df][dg][eb][fa][fc][fh][gb][gc][hd][hf][hg][id])
(;N[284]C[死活题：黑先净杀]AB[aa][ac][ad][bb][bi][cc][ce][ci][dc][de][di][eg]AW[ae][ah][bc][bd][be][bf][bh][cb][cg][ch])
(;N[285]C[手筋题：黑先最佳着手]AB[gd][ge][gg][hd][id][jd][ke][kf]AW[hb][he][hg][ie][ii][jc][je][ji][kc][kd][kh])
(;N[286]C[死活题：黑先劫活]AB[ba][cb][cc][ce][dc][dd][de][ed][fa][fb][fc]AW[bc][bd][be][cd][cf][db][df][ea][ee][ef][fd][ga][gb][gc][gd])
(;N[287]C[对杀题：黑先胜]AB[bd][be][bf][cb][cc][cf][db][dd][ec][ed]AW[ba][bb][bc][ca][cd][ce][de][ee][fb][fe][gc][ge][hd])
(;N[288]C[死活题：黑先净杀]AB[ba][be][bg][ce][ch][dd][fb][fd]AW[aa][ae][af][bb][bc][bd][cb][da][db])
(;N[289]C[死活题：黑先净杀]AB[bc][bd][cd][cf][da][de][ea][ef][fa][fb][fe][gb][gc][gd][ge]AW[bb][ca][cc][db][dc][dd][eb][ed][ee][fc][fd])
(;N[290]C[死活题：黑先净活]AB[ca][cb][db][ec][fa][fc][gb][hb]AW[ba][bb][bc][dd][ed][fd][gc][ha][hc][ia][ib][ic])
(;N[291]C[手筋题：黑先最佳着手]AB[ba][bb][bc][cd][dd][eb][ee][fe][ge]AW[bd][be][cb][cc][cf][cg][db][ec][gc][hc])
(;N[292]C[死活题：黑先净活]AB[cc][db][dc][ec]AW[cd][cg][dd][eb][ed][fb][fc])
(;N[293]C[死活题：黑先净杀]AB[bd][bg][cc][cg][da][db][dc][df][ed][gc]AW[aa][ab][ac][ba][bc][be][bf][cb][cd][ce])
(;N[294]C[死活题：黑先净杀]AB[ab][ba][bd][bf][ca][cd][dd][fb][fc][fd][fe]AW[ad][bc][cb][cc][da][dc][ea][eb][ec])
(;N[295]C[死活题：黑先净杀]AB[ag][bc][bg][cb][cf][ch][db][dc][de][df][ed][fc]AW[ba][bb][bd][bf][cc][cd][ce][dd])
(;N[296]C[死活题：黑先净杀]AB[bb][cc][cd][ce][de][ef][ff][ga][ge][ha][hb][hc][hd][he]AW[cb][dc][dd][ea][ed][ee][fc][fe][gb][gc][gd])
(;N[297]C[死活题：黑先净活]AB[bd][be][bf][bh][bi][bj][cf][ch][df][dg][dh][di][ei][ej]AW[ad][aj][bc][bg][bk][cb][cd][ce][ci][cj][ck][dj][ed][ee][ef][eg][ek][fh][fi][fj][fk])
(;N[298]C[死活题：黑先净杀]AB[ac][ad][bb][bi][cc][ce][ci][dc][de][di][eg]AW[ae][ah][bc][bd][be][bf][bh][cg][ch])
(;N[299]C[死活题：黑先净杀]AB[ba][bc][bd][cb][cd][da][dd][ec][fc][gc][ha][hb][hc]AW[ab][bb][cc][db][dc][ea][eb][fb][gb])
(;N[300]C[死活题：黑先净活]AB[ba][bb][bd][cb][cd][dc][dd][eb][ec][fb]AW[ab][ad][bc][be][cc][ce][da][de][ed][ee][fa][fc][gb][gc][hc])
(;N[301]C[死活题：黑先净活]AB[bc][bd][be][bg][bh][bi]AW[bb][bj][cb][cc][cd][ce][cg][ch][ci][cj])
(;N[302]C[手筋题：黑先最佳着手]AB[bb][bc][bd][cc][dc][ed][fd][ff][gd][ge][gf][if]AW[ba][cb][cd][ch][db][dd][dg][ec][ee][eg][fb][fe][fg][hc][id])
(;N[303]C[死活题：黑先净杀]AB[bb][cb][cd][ce][df][ea][ef][fc][ff][gf][ha][hb][hc][hd][he]AW[ba][ca][db][dc][dd][eb][ee][fe][ga][gb][gc][gd][ge])
(;N[304]C[死活题：黑先劫杀]AB[ac][ad][ae][bb][bc][be][bi][ce][ch][cj][ck][cl][db][dc][dh][dl][eg][eh][em][fc][fl][ge][gf][gg][gh][gi][gj][gk][gl]AW[af][bd][bf][bh][cd][cf][cg][dd][de][dg][dj][dk][ed][ee][ef][ei][ek][el][ff][fg][fh][fi][fj][fk])
(;N[305]C[死活题：黑先净杀]AB[bf][cb][cc][cd][ce][cf]AW[ba][bb][bc][bd][be])
(;N[306]C[死活题：黑先净活]AB[bb][bd][be][bf][ca][cc][dc]AW[bg][cb][cd][cf][cg][db][dd][eb][ec][fd])
(;N[307]C[手筋题：黑先最佳着手]AB[ab][bb][bd][be][cc][cd][de][ea][ec][ed][ee][fb][gb]AW[ba][bc][bf][ca][cb][ce][cf][db][dc][dd][eb][fc][gc][hb][ic])
(;N[308]C[死活题：黑先净杀]AB[bd][cd][dd][eb][ec][ed]AW[bb][bc][cc][db][dc])
(;N[309]C[死活题：黑先净杀]AB[ab][ae][bc][bf][bg][cb][cc][cg][dd][ed][eh][fb][fc][fe][ff][fg]AW[ba][bb][bd][be][ca][cd][ce][cf][db][dc][df][ef])
(;N[310]C[死活题：黑先净活]AB[ab][ae][bd][ca][cb][cc][cd][ch][dd][de][df][dg][dh]AW[ba][bb][bc][bg][bh][bj][ce][cf][cg][ci][db][di][ec][ei][fb][fc][fe][fg])
(;N[311]C[死活题：黑先净活]AB[ab][bb][cb][ea][eb][ec]AW[aa][ac][ba][bc][bd][be][ca][dd][ed][fa][fb][fc][fd])
(;N[312]C[死活题：黑先净活]AB[ba][bb][cc][dd][eb][ed][fc][fd]AW[ab][bc][bd][ce][db][df][fb][fe][gb][gc][gd][ge])
(;N[313]C[死活题：黑先净杀]AB[ab][bc][bd][cd][da][dd][ed][fd][gd][hb][hc][hd]AW[ba][bb][cc][dc][ea][ec][ga][gb][gc])
(;N[314]C[死活题：黑先净杀]AB[ae][bd][be][bf][ca][da][de][eb][ee][fb][fc][fd][fe]AW[aa][ac][ba][cb][cc][cd][db][dd][ec][ed])
(;N[315]C[死活题：黑先净活]AB[ab][bb][bd][cb][db][dc][dd][de][eb]AW[bc][be][cd][cf][da][df][ea][ec][ed][ee][fb][gc])
(;N[316]C[死活题：黑先净活]AB[bc][cb][cc][cd][da][dd][eb][ec][ed][ga]AW[ab][ac][bb][bd][be][ce][de][ea][ee][fd][gb][gc][ge][hb])
(;N[317]C[对杀题：黑先胜]AB[ac][bb][bc][cb][dc][ec][ed][gb][gc][gd]AW[ad][bd][ca][cc][cd][db][dd][df][ea][eb][fa][fb])
(;N[318]C[死活题：黑先净活]AB[ba][bc][cb][ce][dc][dd][de][ea][ec][fc][fd][gb]AW[ab][bb][bd][be][bf][cc][cd][cg][ed][eg][fe][ga][gc][ge][hb][hc][he])
(;N[319]C[死活题：黑先劫杀]AB[bb][bc][cd][ce][de][ec][ee][fe][gb][gd][ge][hb][hc]AW[ba][bd][cb][cc][db][dc][dd][ea][ed][fb][fc][fd][gc])
(;N[320]C[死活题：黑先净活]AB[af][ah][bf][bh][cc][cd][ce][cf][cg]AW[bb][bd][bi][cb][ch][ci][dc][de][dg][ec][ee][eh])
(;N[321]C[死活题：黑先净杀]AB[ba][bd][bf][ca][cd][dd][eb][ec]AW[ac][bb][bc][cb][cc][da][db])
(;N[322]C[死活题：黑先净活]AB[ae][ah][bb][bd][bf][bh][ca][cb][cd][cf][cg][ch]AW[ai][bc][be][bi][cc][ce][ci][da][db][dc][dd][de][df][dg][dh][di])
(;N[323]C[死活题：黑先净杀]AB[ba][bb][bc][bd][ce][da][de][ee][fd][fe][gc][ha][hb][hc]AW[ca][cb][cc][cd][dd][ed][fb][fc][ga][gb])
(;N[324]C[死活题：黑先净杀]AB[be][ce][db][dc][dd][de]AW[ab][bd][cb][cc][cd])
(;N[325]C[死活题：黑先净活]AB[ba][bb][cc][db][dc][ec][fc][ga][gb][gc][hc]AW[aa][ab][ac][bc][bd][cb][cd][da][de][ee][fa][fe][ge][hb][hd][ib][ic][id])
(;N[326]C[对杀题：黑先劫]AB[bd][be][ca][cb][cc][cf][dc][eb][fa]AW[ba][bb][bc][cd][dd][ec][ed][fb][fc])
(;N[327]C[对杀题：黑先胜]AB[ac][bc][bd][cd][dd][eb][ed][fa][fb][fc]AW[ab][bb][bf][cc][da][dc][de][ec][ee][fd][fe][gc])
(;N[328]C[对杀题：黑先胜]AB[bb][bc][bd][be][ce][de][ed][fa][fb][fc][fd]AW[cb][cc][cd][db][dd][eb][ec][ee][fe][gb][ge][hb][hd])
(;N[329]C[死活题：黑先净杀]AB[ab][bb][bd][be][bg][cc][cd][cf][ed][ee][ef][gd][hb][hc][hd]AW[ba][bc][cb][ce][dc][dd][de][eb][ec][fc][gb][gc])
(;N[330]C[对杀题：黑先劫]AB[cb][da][dc][dd][ed][fc][gb][gc]AW[bb][bc][cc][ce][db][eb][ec][fb][fd][fe])
(;N[331]C[死活题：黑先净活]AB[bb][bd][cb][cc][cg][dc][dd][de][df][dg][ee]AW[ac][bf][bg][cd][ce][cf][ch][db][dh][eb][ed][eh][fb][fd][ff][ge][gh])
(;N[332]C[死活题：黑先净杀]AB[bb][bc][bd][ca][ce][cf][da][df][ea][eg][fb][fg][gb][gf][hc][hd][he][hf]AW[cb][cc][cd][db][de][eb][ef][fc][fe][ff][gc][gd][ge])
(;N[333]C[死活题：黑先净杀]AB[bd][bf][cd][dc][ec][fb][fc]AW[ba][bc][cc][db][eb])
(;N[334]C[死活题：黑先净杀]AB[ba][be][ca][cd][cf][dd][ed][fa][fb][fc][fd]AW[bb][bc][cb][dc][ea][eb][ec])
(;N[335]C[死活题：黑先净杀]AB[af][be][bg][ca][cd][ce][da][dc][eb][ec][gb]AW[ab][ad][ae][ba][bb][bd][cc][db])
(;N[336]C[死活题：黑先净活]AB[bb][bc][bd][cd][dd][ea][eb][ec][ed]AW[ab][ac][ad][be][cb][cc][ce][dc][de][ee][fa][fb][fc][fd])
(;N[337]C[对杀题：黑先胜]AB[cb][db][dc][dd][eb][ee][ef][gb][ge][hb][hc][he][id][ie]AW[bb][cc][cd][de][df][dg][ec][ed][eg][fa][fb][gc][gd][hd][ib][ic][jc][jd])
(;N[338]C[对杀题：黑先劫]AB[bd][be][cb][cc][dc][ea][eb][ec]AW[bb][bc][ca][cd][db][dd][ed][fb][fc])
(;N[339]C[死活题：黑先净杀]AB[ab][bb][bc][be][ce][de][eb][fb][fc][ff][ge][hc]AW[ac][ad][bd][cb][cc][cd][db][ec][ed])
(;N[340]C[死活题：黑先净活]AB[ae][bc][be][bf][cb][cc][cd]AW[ad][bb][bd][ca][ce][cf][cg][ci][db][dc][dd][fc])
(;N[341]C[手筋题：黑先最佳着手]AB[ca][cb][cc][cd][de][eb][ee]AW[be][ce][cg][db][dc][dd][ec][hb][hc][hd])
(;N[342]C[死活题：黑先净活]AB[bd][cc][cd][da][db][dc][dd]AW[aa][ac][ba][bc][be][bg][cb][ce][de][eb][ec][ed][ee][gb])
(;N[343]C[死活题：黑先净活]AB[ab][bd][cb][cc][cd][db]AW[ac][ad][be][ce][dc][dd][de][eb][fc])
(;N[344]C[死活题：黑先净活]AB[ac][ae][bc][be][bf][ca][cb][cc][cf][dd]AW[af][bd][bg][bi][ce][cg][da][db][dc][df][ed][ee][eg][fc])
(;N[345]C[手筋题：黑先最佳着手]AB[bd][be][cd][dc][ea][eb][ec][fd][gd][gf]AW[bc][cb][cc][ce][db][dd][dg][ed][fc][gc][hc])
(;N[346]C[死活题：黑先净杀]AB[bb][bd][cc][dd][df][ec][ed][fb][ff][gb][he][ib][ic][id]AW[cb][db][dc][eb][fa][fc][ga][gd][hb][hc])
(;N[347]C[对杀题：黑先胜]AB[bb][cb][cc][dc][ed][fd][gb][gc][gd]AW[ac][bc][bd][cd][db][dd][ec][fa][fb][fc])
(;N[348]C[死活题：黑先净活]AB[ab][ac][ad][bd][cc][cd][da][dd][ea][eb][ec]AW[ae][bc][be][ca][cb][ce][dc][de][ed][fa][fb][fc][fd])
(;N[349]C[对杀题：黑先胜]AB[ae][bc][be][cd][ce][da][db][dc][eb]AW[ad][bb][bd][cb][cc][dd][ec][ed][fb][gc])
(;N[350]C[死活题：黑先净杀]AB[ae][bf][bh][cc][cd][ce][cf][da][db][dc]AW[af][bb][bc][bd][be][ca][cb])
(;N[351]C[死活题：黑先净杀]AB[ab][bg][cb][cc][cd][ce][cf][ch][eb]AW[ac][ba][bb][bc][bd][be])
(;N[352]C[死活题：黑先净杀]AB[bb][cc][cd][da][dd][df][ee][fe][hb][hc][hf][ie][jc]AW[ba][ca][cb][dc][eb][ed][fd][gd])
(;N[353]C[死活题：黑先净活]AB[bd][cb][cc][cd][db][ea]AW[be][ce][da][dc][dd][de][eb][fb])
(;N[354]C[对杀题：黑先胜]AB[ac][bc][bd][be][cb][dd][de][eb][ec]AW[ab][bb][cc][db][dc][ed][fd][gc])
(;N[355]C[死活题：黑先劫杀]AB[ac][bd][cc][cd][dd][eb][ed][fa][fd][gb][gd][hb][hc][hd]AW[ba][bb][bc][cb][db][dc][ec][fb][fc][gc])
(;N[356]C[死活题：黑先净杀]AB[bd][cb][cd][cf][ee][ef][fa][fb][fd][gd][hd][ib][ic][id]AW[cc][db][dd][ec][ed][fc][gc][ha][hb][hc])
(;N[357]C[死活题：黑先净活]AB[bc][bd][be][cc][dc]AW[bf][cb][cd][ce][cf][eb][ec][ed])
(;N[358]C[死活题：黑先净杀]AB[ab][ae][bc][bf][bg][cb][cc][cg][dd][ed][eh][fb][fc][fe][ff][fg]AW[ad][ba][bd][be][ca][cd][ce][cf][db][dc][df][ef])
(;N[359]C[死活题：黑先净活]AB[ac][ad][ae][af][bc][bf][cc][dc][eb][ec][ed][fa][fd]AW[ab][bd][be][bh][ca][cb][cd][cg][db][dd][de][df][ea][fb][fc][ff][gd][ge][hc][ib])
(;N[360]C[死活题：黑先净杀]AB[ae][ba][bd][cc][cd]AW[be][bf][db][dc][dd][de])
(;N[361]C[对杀题：黑先劫]AB[ab][ac][bc][cc][da][db][dc][ed][fd][gc][hb][hc]AW[ad][bb][bd][ca][cd][dd][de][ea][eb][ec][ee][fb][gb])
(;N[362]C[死活题：黑先净活]AB[ac][bb][cc][cd][dc][de][eb][ed][fd][gc]AW[ae][bc][bd][bf][ce][cf][dg][ec][eg][fb][fc][ff][gb][gd][hd][hf])
(;N[363]C[死活题：黑先净杀]AB[bb][bc][bd][ca][ce][de][ee][fd][ga][gd][ha][hb][hc][hd]AW[cc][cd][db][dd][ec][ed][fa][fc][gb][gc])
(;N[364]C[对杀题：黑先劫]AB[ad][bd][cd][db][dd][eb][ec][fb][gc]AW[ac][bc][be][bg][cb][cc][cf][da][dc][ed][ee])
(;N[365]C[死活题：黑先净活]AB[ae][ba][bb][bd][be][cb][cd][db][dd][ec]AW[ac][ad][bc][bf][bh][ca][cf][da][dc][ea][eb][ed][ee][fb][gc][ge])
(;N[366]C[手筋题：黑先最佳着手]AB[cc][dc][df][ec][fc][fe][gd][gf][gg][he][ie]AW[bf][cd][cg][de][dg][ed][eg][fd][gc][gh][hb][hf][hg][hh][ic][jd][je][jf])
(;N[367]C[死活题：黑先净活]AB[ca][cb][cc][dc][ec][fc][ga][gb][gc]AW[ba][bb][bc][cd][dd][ea][ed][fd][gd][ha][hb][hc][hd])
(;N[368]C[死活题：黑先净杀]AB[ab][ba][bf][bh][cc][cd][ce][cf][db][ec]AW[ad][af][bb][bc][bd][be][ca][cb])
(;N[369]C[手筋题：黑先最佳着手]AB[cc][cd][ce][df][ec][ef][fe][gc][ge][hd]AW[bb][cb][dc][de][ed][ee][fc][ff][fg][gb][hb])
(;N[370]C[死活题：黑先净活]AB[ad][bb][be][cb][da][dc][dd][de][ea][eb][ec][ee][fe]AW[ab][ba][bc][bf][bg][cc][cd][ce][cg][df][dg][ed][fa][fb][fc][fd][fg][ge][gf][hd])
(;N[371]C[死活题：黑先净活]AB[bc][cb][cc][dc][eb][ec][fc]AW[ad][ba][bd][cd][db][dd][ea][ed][fb][fd][gb][gc])
(;N[372]C[对杀题：黑先胜]AB[bd][ce][dd][de][ea][eb][ec]AW[be][bf][cc][cd][cf][db][dc][df])
(;N[373]C[死活题：黑先净杀]AB[bc][bd][cd][cf][ed][fa][fc][fe][gc]AW[bb][ca][cc][db][dc][ec])
(;N[374]C[死活题：黑先净杀]AB[ae][be][ca][cb][cc][ce][dd][ed][fb][fc]AW[ac][ad][ba][bb][bd][cd][da][dc][eb])
(;N[375]C[死活题：黑先净杀]AB[bc][bd][cd][dd][ed][fc][gb][gc]AW[bb][cc][dc][ea][ec][fb])
(;N[376]C[死活题：黑先净杀]AB[ba][bc][be][ca][cd][de][ee][fd][gb][gd][hb][hc][hd]AW[cc][da][db][dd][eb][ed][fa][fb][fc][gc])
(;N[377]C[死活题：黑先净杀]AB[ad][ae][ba][be][ca][ce][de][eb][ed][fb][fc][fd]AW[ab][ac][bd][cd][da][db][dc][dd][ec])
(;N[378]C[手筋题：黑先最佳着手]AB[dh][ec][ee][eh][fh][gc][gd][gg][he][hg][ie][if]AW[ce][ch][ci][db][dc][de][di][ei][fd][ff][fi][ge][gf][gi][hf][ig][ih])
(;N[379]C[死活题：黑先净杀]AB[ab][ad][bb][bd][cd][dd][ed][fa][fb][fc]AW[ac][bc][ca][cc][dc][ea][eb][ec])
(;N[380]C[死活题：黑先净活]AB[bb][bc][bd][cb][db]AW[be][bg][cc][cd][ce][dc][eb][ec][gb])
(;N[381]C[对杀题：黑先胜]AB[ba][bc][cb][cd][ce][de][eb][ed][fb][fd]AW[cc][da][db][dc][dd][ee][fe][ga][gb][gd][ge])
(;N[382]C[对杀题：黑先胜]AB[aa][ab][bc][bd][bg][ca][cb][cd][de][dg][ee]AW[ad][ae][be][cc][ce][dc][dd][fc][fd][gb])
(;N[383]C[死活题：黑先净活]AB[ca][cb][dc][eb][ec][fc][ga][gc][hb]AW[ba][bb][bc][cc][dd][ea][ed][fd][gd][hc][hd][ia][ib])
(;N[384]C[死活题：黑先净杀]AB[bb][bh][cb][cc][cg][ch][dd][de][df]AW[ac][ae][bc][bg][cd][ce][cf])
(;N[385]C[死活题：黑先净活]AB[ac][bb][cc][cd][dc]AW[ae][bc][bd][bf][ce][cf][dd][ed][fc][hc])
(;N[386]C[对杀题：黑先胜]AB[ac][bd][ca][cd][da][db][dd][ed][fa][fb][fc][gc]AW[bb][bc][cc][dc][ea][eb][ec][fd][fe][hb][hd][he])
(;N[387]C[死活题：黑先净活]AB[ad][ae][ba][be][bf][cc][cd][da][dc][eb][ec]AW[af][ag][bc][bd][bg][ce][cf][cg][dd][ea][ed][fa][fb][fc][fd])
(;N[388]C[死活题：黑先净活]AB[ab][bc][cb][cc][dc][ea][ec][fb][gb]AW[ac][ad][ba][bb][bd][cd][dd][ed][fc][ga][gc][ha][hb][hc])
(;N[389]C[死活题：黑先净杀]AB[ab][ag][bb][be][bf][bh][cd][ce][cg][ch][ea][ec][eg][fb][fd][ff][gc][gd][hb]AW[ae][ba][bc][bd][cb][cc][cf][db][dc][dd][de][df][eb][fa])
(;N[390]C[死活题：黑先净杀]AB[af][bb][be][bf][cb][cd][da][db][de][ee][fd][gb][gc][gd][ib]AW[ab][ad][ae][bc][bd][cc][dc][ea][ec][fb][fc])
(;N[391]C[手筋题：黑先最佳着手]AB[cd][ce][cf][cg][ch][db][dc][ed][eh][fb][fd][ge][gh][hg]AW[bc][bd][be][bf][bg][bh][cc][dd][de][ee][eg][fg][fh][gb][gc][gg][id][je][jg])
(;N[392]C[死活题：黑先净活]AB[cb][dc][dd][de][ee][fa][fb][fc][fd][fe]AW[ba][bb][cc][cd][ce][df][ec][ed][ef][ff][gb][gc][gd][ge])
(;N[393]C[死活题：黑先净杀]AB[ag][bi][cb][cc][ce][ci][cj][ck][cl][de][dg][dj][ef][ei][ff][fg][fh]AW[ah][be][bg][cf][ch][df][dh][di][eg][eh])
(;N[394]C[死活题：黑先净活]AB[ab][bc][ca][cc][eb][ec]AW[bd][cd][db][dd][ea][ed][fb][fc])
(;N[395]C[对杀题：黑先胜]AB[ba][bf][cc][ce][da][de][ea][eb][ec][ed]AW[bc][cd][db][dc][dd][ee][fb][fc][fd][fe])
(;N[396]C[手筋题：黑先最佳着手]AB[bd][cb][cc][ce][da][dg][eg][fb][fc][ff][gd][ge]AW[db][eb][ed][ee][ef][fa][fd][gc][hc][id])
(;N[397]C[死活题：黑先净杀]AB[ag][bg][ca][cb][ce][cf][cg][dc][dd][eb]AW[af][ba][bb][bd][be][bf][cd])
(;N[398]C[死活题：黑先净活]AB[bd][cb][cc][cd][db]AW[be][bg][ce][dc][dd][de][eb][fc])
(;N[399]C[死活题：黑先净活]AB[ab][bd][cb][cd][dc]AW[be][ce][db][dd][eb][ed][fc])
(;N[400]C[对杀题：黑先胜]AB[bb][bc][be][ce][de][ea][eb][ec][ee][fd][fe]AW[cb][cd][db][dd][ed][fb][fc][gc][gd])
(;N[401]C[死活题：黑先净活]AB[ab][bb][cc][da][dc][ec][fb]AW[ac][bc][be][ca][cb][cd][de][fc][fd][gb][hc])
(;N[402]C[对杀题：黑先胜]AB[ab][ac][bc][cd][ce][dd][df][dg][ea][ec][ed][fb]AW[bb][bd][be][cb][cc][cf][cg][db][dc][eb])
(;N[403]C[死活题：黑先净杀]AB[aa][ac][bd][be][ce][de][ec][ee][fa][fb][fc]AW[ab][bb][cd][da][dc][dd][ea][eb])
(;N[404]C[对杀题：黑先胜]AB[bb][cc][cd][eb][ec][ed]AW[bc][bd][be][cb][db])
(;N[405]C[对杀题：黑先胜]AB[ba][ca][cb][cc][cd][dd][ee][fc][fd][fe][ga][gb][gc]AW[aa][bb][bc][bd][be][ce][db][de][ec][ed][fa][fb])
(;N[406]C[对杀题：黑先胜]AB[bb][bc][cd][dd][ed][ee][fb][fc]AW[bd][be][cb][cc][ce][dc][de][ea][eb])
(;N[407]C[死活题：黑先净杀]AB[ae][be][ca][ce][da][dd][ea][eb][ec][ed]AW[ab][ba][bd][cb][cd][db][dc])
(;N[408]C[死活题：黑先净杀]AB[bc][bd][be][cb][cf][db][df][eb][eg][fb][fd][fg][gc][gg][hc][he][hf][hg]AW[cc][cd][ce][dc][de][ec][ed][fc][ff][gd][ge][gf])
(;N[409]C[手筋题：黑先最佳着手]AB[ec][ed][fc][id][jc][jd][kb][kd]AW[cc][de][ee][fd][gd][hd][ic][ie][jb])
(;N[410]C[死活题：黑先净活]AB[bb][bd][cc][db]AW[af][be][cd][cf][dc][dd][eb][fc])
(;N[411]C[死活题：黑先净杀]AB[ab][ae][bf][bh][ca][cf][da][db][dc][dd][de][df]AW[ad][ba][bc][be][cb][cc][cd][ce])
(;N[412]C[死活题：黑先净杀]AB[ab][bc][cc][da][dc][ed][fd][gd][ha][hb][hc]AW[bb][cb][db][ec][fc][ga][gb][gc])
(;N[413]C[死活题：黑先净杀]AB[bb][bc][cd][ce][de][eb][ec][ee][fb][fe][gd][hc][hd][ib][jc]AW[cb][cc][db][dd][ea][ed][fc][ga][gb][gc][hb])
(;N[414]C[死活题：黑先净杀]AB[bc][be][cd][ce][dc][de][ea][ee][fa][fd][ga][gb][gc][gd]AW[aa][bb][bd][cb][cc][da][dd][eb][ed][fb][fc])
(;N[415]C[对杀题：黑先胜]AB[bb][bc][bd][cd][de][ee][fa][fb][fc][fd]AW[cb][cc][dd][ea][eb][ec][ed][fe][gb][ge][hc][hd])
(;N[416]C[死活题：黑先净杀]AB[ab][ac][af][bd][be][bf][ca][cd][dd][fb][fc][fd][fe]AW[bb][bc][cb][da][dc][ea][eb][ec])
(;N[417]C[死活题：黑先劫活]AB[bb][cc][da][db][dc][dd][de][ec][ee][fd][fe]AW[ab][ba][bc][bd][bg][cd][cf][eb][ef][fb][fc][ff][gd][ge][gf][hc])
(;N[418]C[死活题：黑先劫杀]AB[ab][ac][af][bc][bf][cf][da][db][dc][dd][de][df]AW[ae][bb][bd][be][ca][cb][cc][cd][ce])
(;N[419]C[对杀题：黑先胜]AB[ab][ac][bb][bd][be][cb][de][ee][fa][fb][fc][fd]AW[bc][cc][db][dd][eb][ed][fe][gb][gc][gd][ge])
(;N[420]C[手筋题：黑先最佳着手]AB[be][cd][ce][cf][dc][dg][ec][ee][eg][fc][fe][gc][gf][gg][hg]AW[cb][cc][dd][de][df][ed][fd][ff][ge][hb][hc][hd][hf])
(;N[421]C[死活题：黑先净杀]AB[ad][bd][ca][cd][dd][ed][fa][fb][fc]AW[ac][bb][bc][dc][ea][eb][ec])
(;N[422]C[死活题：黑先净活]AB[ca][cb][cc][dc][ec][fc][gb][gc][ha][hb]AW[ba][bb][bc][cd][dd][eb][ed][fd][gd][hc][ia][ib][ic])
(;N[423]C[手筋题：黑先最佳着手]AB[bb][bc][bd][ce][de][ec][fb]AW[be][bf][cc][cd][cg][eb][fc][fe][gb][gc])
(;N[424]C[手筋题：黑先最佳着手]AB[bc][be][cd][dd][ec][ef][fc][fe]AW[bb][ca][cc][db][dc][de][ed][ee][gb][hc][hd][he])
(;N[425]C[死活题：黑先净活]AB[ab][ac][bd][cb][cd][dd][ea][eb][ec][fb]AW[ae][bc][be][cc][ce][dc][de][ed][ee][fc][gb][gc])
(;N[426]C[死活题：黑先净杀]AB[ad][be][bf][ca][cd][cf][dd][eb][ed][fa][fc][gc]AW[ae][bb][bc][bd][cc][ce][da][db][dc][ec])
(;N[427]C[死活题：黑先净活]AB[ac][ae][ag][bc][bg][cc][cg]AW[ab][ah][bb][bh][cb][ce][ch][db][dh][ec][ee][eg])
(;N[428]C[死活题：黑先净杀]AB[ab][af][bg][ce][cf][ch][da][dc][eb][ec][ee][ff]AW[ad][ba][bc][be][bf][cc][cd][db][dd])
(;N[429]C[死活题：黑先净杀]AB[aa][ad][ba][bb][bd][cd][da][db][dd][ed][fc][gb][gc]AW[ab][ac][bc][cc][dc][eb][ec][fb])
(;N[430]C[对杀题：黑先胜]AB[ad][bd][cd][cf][da][dc][ea][eb][ec]AW[ab][ac][bc][ca][cc][db][dd][ed][fb][fd][gc][gd])
(;N[431]C[死活题：黑先劫活]AB[ab][ac][bb][bd][be][cd][ce][cf][db][dc][df][ef]AW[ba][bc][bf][bg][cb][cc][cg][da][dd][ea][ed][eh][fb][fc][fe][ff][fg])
(;N[432]C[死活题：黑先劫杀]AB[ai][bd][bh][cb][cc][ce][ci][cj][ck][cl][de][dj][ef][ei][ff][fg][fh]AW[af][be][bg][cf][cg][ch][df][dh][di][eg][eh])
(;N[433]C[死活题：黑先净活]AB[ac][bc][cb][da][db]AW[ad][bd][cc][dc][eb][ec][fb])
(;N[434]C[死活题：黑先净活]AB[ab][ac][bd][be][bg][cf][cg][ch][dc][eb][ef][fa][fb][fc][fd][fe][ff]AW[ba][bb][bc][bf][cd][ce][da][db][de][ea][ec][ed][ee])
(;N[435]C[死活题：黑先净杀]AB[ba][bb][be][ce][da][de][ed][ee][fc][ga][gb][gc]AW[ab][bc][cc][cd][dd][eb][ec][fa][fb])
(;N[436]C[死活题：黑先净活]AB[ae][ba][bd][cb][cc][cd][da][db][dd]AW[ac][ad][bb][be][bg][ce][dc][de][eb][ec][ed][ee][gc])
(;N[437]C[对杀题：黑先胜]AB[db][ec][ed][ee][eg][fe][gd][hc][hd][ib]AW[cc][ce][cg][eb][fc][fd][gb][gc][ge][gf][hb][ie][jc][je])
(;N[438]C[死活题：黑先净杀]AB[af][bg][bi][cb][cc][ce][cf][cg][ec][ed][ee]AW[ag][ba][bb][bc][bd][be][bf][cd][dd])
(;N[439]C[对杀题：黑先胜]AB[cb][cd][cf][dd][eb][ed][fb][fd][gc][gd]AW[ab][ad][bb][bd][cc][dc][ec][fc][gb][hb][hc])
(;N[440]C[手筋题：黑先最佳着手]AB[bb][cb][dc][dd][ee][ef][fc][gd]AW[cc][cd][ce][db][de][dg][eb][eg][fg][gb][gg][hf][ic][id][ie])
(;N[441]C[死活题：黑先净杀]AB[ba][bb][bc][cd][da][db][dd][eb][ee][fe][gd][hd][ia][ib][ic][id]AW[ca][cb][cc][dc][ec][ed][fa][fc][fd][gc][ha][hb][hc])
(;N[442]C[对杀题：黑先胜]AB[aa][ae][bb][be][cc][cd][ce][de][eb][ed][fb][fd]AW[af][ba][bf][cb][cf][da][db][dc][dd][df][ee][ef])
(;N[443]C[死活题：黑先净活]AB[ce][de][ec][ee][fb][fd][fe][gb][gc][gd][ha]AW[bc][bd][be][cf][db][dd][df][eb][ef][ff][ge][hb][hc][he][ie][jb][jc])
(;N[444]C[死活题：黑先净杀]AB[ab][ae][be][ce][de][ea][eb][ec][ed]AW[ac][ad][ba][bd][ca][cd][da][dc][dd])
(;N[445]C[死活题：黑先净活]AB[bc][ca][cc][db][eb]AW[bb][cd][cf][dc][dd][ea][ec][fb][fc])
(;N[446]C[死活题：黑先净杀]AB[ab][bg][cb][ce][cf][da][dc][dd][dg][eb]AW[ac][ba][bb][be][cc][cd])
(;N[447]C[死活题：黑先净活]AB[ca][cb][cc][cd][dd][ed][fa][fc][ga][gb][gc][gd][hc]AW[bb][bc][bd][ce][da][de][ea][eb][ee][fb][fd][fe][ge][hb][hd][he][ib][ic])
(;N[448]C[死活题：黑先劫杀]AB[ad][bd][ca][cb][cd][dd][ec][fa][fb][fc]AW[ac][ba][bc][cc][db][dc][ea][eb])
(;N[449]C[死活题：黑先净杀]AB[be][ce][db][dc][dd][de]AW[ba][bd][cb][cc][cd])
(;N[450]C[死活题：黑先净活]AB[ab][ag][ba][bb][bc][be][bf][cd]AW[ad][af][bg][bh][cb][cc][cf][cg][dc][ed][ef])
(;N[451]C[死活题：黑先净活]AB[ad][ba][bb][bc][cd][ce][dc][dd][eb][ec]AW[ae][af][bd][be][bg][ca][cb][cc][cf][de][df][ed][fb][fd][gc])
(;N[452]C[死活题：黑先净杀]AB[ba][bc][bd][cb][cd][da][dd][ed][fc][gb][gc]AW[ab][bb][cc][db][dc][eb][ec][fa][fb])
(;N[453]C[手筋题：黑先最佳着手]AB[cb][cc][da][ec][ee][ef][fc][ge][hb][he][ic]AW[bb][bc][ca][cd][db][dd][df][dg][dh][fb][gb][gc][gd])
(;N[454]C[死活题：黑先净活]AB[ab][ba][bc][cc]AW[bd][bf][cb][cd][dc][dd][fc])
(;N[455]C[死活题：黑先净活]AB[ca][cb][dc][eb][ec][fb][fc][ga][gc][hb]AW[ba][bb][cc][cd][dd][ed][fd][gd][ha][hc][ia][ib][ic])
(;N[456]C[死活题：黑先净杀]AB[ab][bd][bh][cd][ch][dd][de][dg][eb][ec][ed][eg][ff]AW[ac][ad][ba][bc][be][bg][cc][ce][cf][cg][dc][df])
(;N[457]C[死活题：黑先劫活]AB[ad][ba][bd][cd][da][db][dc][dd]AW[ae][bb][be][ca][cb][ce][de][ea][eb][ec][ed])
(;N[458]C[基础题：黑先最佳着手]AB[bd][be][ca][ce][da][de][ea][eb][ec][ed]AW[bb][cb][cc][cd][dd][ee][fa][fb][fc][fd][fe])
(;N[459]C[手筋题：黑先最佳着手]AB[bc][bd][cb][cd][db][de][ee]AW[be][cc][ce][cg][dc][dd][ec][gd][gf][hc])
(;N[460]C[死活题：黑先净杀]AB[bf][ca][cd][ce][cg][da][db][dc]AW[ab][ac][ba][bb][bd][be][cb])
(;N[461]C[死活题：黑先净活]AB[bb][be][ca][cd][ce][db][dc][de][ec][ed][ee]AW[ad][ae][bc][bd][bf][cc][cf][df][eb][ef][fb][fc][fd][fe])
(;N[462]C[手筋题：黑先最佳着手]AB[ba][bb][cc][da][db][dc][dd][gc][hc][hd][he]AW[ab][bc][bd][ce][de][eb][ee][fc][fd][gd])
(;N[463]C[手筋题：黑先最佳着手]AB[ab][bc][bd][cd][ce][dc][de][ee][fd]AW[bb][cb][cc][dd][ec][ed][fe][gd][hb][hc])
(;N[464]C[死活题：黑先净杀]AB[be][ce][da][db][de][eb][ec][ed][ee]AW[bc][bd][cb][cd][dc][dd])
(;N[465]C[死活题：黑先净杀]AB[bc][cc][ce][da][db][dd][ee][fe][ga][ge][ha][hb][hc][hd]AW[bb][cb][dc][eb][ec][ed][fa][fc][fd][gb][gc][gd])
(;N[466]C[死活题：黑先净杀]AB[ba][bb][bc][bd][be][cb][cf][dc][df][ef][fb][ff][gd][ge][ib][ic][id][ja][kb]AW[ca][cc][cd][da][db][dd][ee][fc][gc][ha][hb][hc][ia])
(;N[467]C[死活题：黑先净活]AB[ac][bb][be][cb][cd][ce][da][dc][dd]AW[ba][bc][bf][cc][cf][ch][db][ea][eb][ec][ed][ee])
(;N[468]C[手筋题：黑先最佳着手]AB[ba][bb][bc][cd][dd][ed][fa][fc]AW[bd][be][ca][cc][cf][da][dc][ec][fb][gb])
(;N[469]C[死活题：黑先净杀]AB[ac][bd][cb][cc][cd][ce][de][ee][fe][gd][ha][hb][hc][hd]AW[ba][bb][bc][ca][db][dc][dd][eb][ed][fa][fb][fd][ga][gb][gc])
(;N[470]C[死活题：黑先净杀]AB[bb][bc][bd][ce][de][ee][fe][ga][gc][gd][ge][hb][ic][jb]AW[ca][cb][cc][cd][dd][eb][ed][fb][fd][gb][hc])
(;N[471]C[死活题：黑先净杀]AB[af][bb][bf][cd][ce][cf][da][db][dc][dd]AW[ae][bc][bd][be][ca][cb][cc])
(;N[472]C[手筋题：黑先最佳着手]AB[ae][af][bd][bf][cd][cf][ch][da][db][dc][dd][ec]AW[ac][ad][bc][be][cb][ce][de][eb][ed][ee][fb][fc])
(;N[473]C[手筋题：黑先最佳着手]AB[cb][cc][cd][ce][dc][df][ea][eb][ef][fa][fd][fe][ff][ge][he]AW[bc][bd][be][bf][cf][dd][de][ec][ed][ee][fb][fc][gd][ic][id][jb])
(;N[474]C[死活题：黑先净杀]AB[bb][cd][cf][ch][dd][ea][ec][fc]AW[bc][bd][cc][da][dc])
(;N[475]C[死活题：黑先净杀]AB[aa][ad][bb][bd][be][cb][ce][cg][da][df][ef][fa][fd][gb][gc][ge]AW[ab][ac][bc][cc][cd][db][dd][de][ec])
(;N[476]C[死活题：黑先净杀]AB[ba][bb][bc][bd][dd][de][ee][fb][ff][ga][gf][ha][hb][hc][hd][he]AW[ca][cb][cc][dc][ea][ec][ed][fc][fe][gb][gc][gd][ge])
(;N[477]C[死活题：黑先净活]AB[ac][bb][be][ce][cf][db][dc][dd][df][ed][ee][ef]AW[ad][ae][bd][bf][bh][cb][cc][cd][cg][dg][eg][fb][fc][fd][fe][ff])
(;N[478]C[对杀题：黑先胜]AB[ab][ba][bb][bc][cb][dc][dd][ea][fc][fe][gb]AW[ac][ad][bd][cc][cd][cf][da][db][de][eb])
(;N[479]C[死活题：黑先净活]AB[ac][bb][bc][bd][cc][dc][dd][ec][ed][fb][fc][gb]AW[ad][ae][be][cd][ce][da][db][de][ee][fa][fd][ga][gc][gd][hb][ic])
(;N[480]C[死活题：黑先净活]AB[ag][ba][bb][bc][be][bf][cd]AW[af][bg][bi][cb][cc][ce][cf][cg][dc][ed][ef])
(;N[481]C[对杀题：黑先胜]AB[ac][ba][be][cb][cd][ce][cf][da][dc][df][ea][eb][ec][ed]AW[ab][bb][bc][bd][cc][dd][de][ee][fa][fb][fc][fd][fe])
(;N[482]C[死活题：黑先净杀]AB[bb][bc][cc][ce][ee][fa][fc][fd][ga][gb][ge][ie][jb][jc][jd]AW[cb][dc][ea][eb][ec][fb][gc][hc][ib])
(;N[483]C[对杀题：黑先胜]AB[ae][be][cf][db][de][df][eb][ec][ed]AW[ac][ad][bd][ca][cb][ce][dc][dd][ee][fb][fe][gb])
(;N[484]C[死活题：黑先劫杀]AB[bb][cc][da][dc][de][eb][ed][fe][ff][he][hf][ia][ja][jb][jc][jd][je]AW[db][ec][fb][fc][fd][gb][gc][gd][ha][hc][hd][ib][ic][id])
(;N[485]C[死活题：黑先净活]AB[ag][bd][bf][cd][cf][cg][dd][dg][dj][dk][ed][ee][ef][ei][ek][el][ff][fg][fh][fi][fj][fk]AW[ad][bb][bc][be][bh][bi][ce][ch][cj][ck][cl][db][dc][df][dh][dl][eg][eh][em][fc][fl][ge][gf][gg][gh][gi][gj][gk][gl])
(;N[486]C[对杀题：黑先胜]AB[bb][bd][cd][db][dc][fc]AW[ab][bc][cb][cc][cf][dd][de])
(;N[487]C[手筋题：黑先最佳着手]AB[be][cd][ce][dd][eb][ed][fb][fc][hd]AW[ba][bc][bd][cc][cf][db][dc][ec][fd][hc][ic])
(;N[488]C[死活题：黑先净活]AB[da][db][dd][ed][fc][gc][ha][hb][hc][ia]AW[be][cb][cd][dc][de][eb][ee][fd][ge][ib][ic][id][ja][kb])
(;N[489]C[对杀题：黑先胜]AB[eb][ec][fb][fd][gd][hd][jd]AW[db][dc][ed][ee][fc][gc][hb])
(;N[490]C[死活题：黑先净活]AB[bc][ca][cb][cc][dc][eb][ec][fa][fb]AW[ac][bb][bd][cd][da][dd][ed][fc][fd][ga][gb][gc])
(;N[491]C[死活题：黑先劫杀]AB[ac][ad][bd][be][bh][ce][cg][dh][ed][eh][fc][fd][fe][fg][fh][ga][gb][gf][gg][hc]AW[ab][bc][ca][cc][cd][da][db][dc][dd][de][df][dg][ea][ec][ee][eg][fa][fb][ff])
(;N[492]C[对杀题：黑先胜]AB[bb][cb][cc][dc][de][ed][ee][ga][gc][gd][ha][hb]AW[ad][bc][bd][be][cd][ce][db][dd][ec][fa][fb][fc][gb])
(;N[493]C[死活题：黑先净杀]AB[bb][bc][bd][be][cf][dc][dd][df][ea][ef][fb][ff][ga][ge][hb][hc][he][ia][ie][jb][jc]AW[ca][cb][ce][da][db][de][eb][ec][ed][ee][fc][fd][fe][gb][gc][gd])
(;N[494]C[死活题：黑先净活]AB[ac][ae][bc][bf][ca][cb][cc][cd][cf][dd]AW[af][bd][be][bg][cg][da][db][dc][df][ed][ee][eg][fc])
(;N[495]C[对杀题：黑先胜]AB[ae][bb][be][bh][cb][ce][cf][cg][dc][dd]AW[ad][ag][bd][bg][cd][ch][ci][de][df][dg])
(;N[496]C[死活题：黑先净杀]AB[ca][cd][cg][dd][eb][ed][fb][fc]AW[bb][cc][da][db][dc][ec])
(;N[497]C[死活题：黑先净杀]AB[bc][be][cb][cd][de][ee][fb][fe][gb][gc][gd]AW[bb][cc][da][dc][dd][eb][ed][fc][fd])
(;N[498]C[死活题：黑先净杀]AB[bb][be][bg][ce][dc][dd][de][eb][fc]AW[ba][bd][cb][cc][cd][db])
(;N[499]C[死活题：黑先净活]AB[cb][cc][dc][ea][ec][ga][gb][gc][hb]AW[bb][bc][ca][cd][dd][ed][fd][gd][ha][hc][ib][ic][kb])
(;N[500]C[死活题：黑先净杀]AB[ad][ae][be][ce][da][dd][de][ec][fa][fb][fc]AW[ab][ac][ba][bd][cd][db][dc][ea][eb])
(;N[501]C[死活题：黑先劫活]AB[ba][bc][cc][dc][ea][eb]AW[bb][bd][ca][cd][dd][ec][fb][fc][gc])
(;N[502]C[死活题：黑先净活]AB[bb][bc][bd][cb][db][eb]AW[be][cc][cd][ce][dc][ea][ec][fb][fc])
(;N[503]C[死活题：黑先净活]AB[ad][bb][bd][be][cb][cc][cd][ce][da]AW[ab][ae][af][bc][bf][ca][cf][db][dc][dd][de][df][fb])
(;N[504]C[死活题：黑先净活]AB[cb][cc][dc][ec][fc][gb][gc][ha][hb]AW[bb][bc][cd][dd][eb][ed][fd][gd][hc][ib][ic])
(;N[505]C[基础题：黑先最佳着手]AB[bb][bd][be][ce][ch][da][de][ea][eb][ec][ed]AW[bc][cb][cc][cd][dd][ee][fa][fb][fc][fd][fe])
(;N[506]C[死活题：黑先净杀]AB[ab][bc][bd][ce][de][ee][fc][fe][gb][gc]AW[ba][bb][cc][cd][dd][ec][ed][fa][fb])
(;N[507]C[手筋题：黑先最佳着手]AB[bb][bc][bd][ce][cf][cg][dd][dg]AW[ba][be][bf][bg][bi][cb][cc][cd][ch][de][ef])
(;N[508]C[死活题：黑先净活]AB[bb][bd][be][ca][cc][dc]AW[cb][cd][cf][cg][db][dd][eb][ec][ed])
(;N[509]C[手筋题：黑先最佳着手]AB[ab][ac][ad][bd][cd][db][dd][ec][fc][gb]AW[bb][bc][ca][cc][dc][eb][fb][gc][hb][hc])
(;N[510]C[死活题：黑先净活]AB[ba][bb][cb][db][dc][ec][ed][fa][fc][gb]AW[ab][bc][cc][ce][da][dd][ea][eb][ee][fd][gd][hb][hc])
(;N[511]C[手筋题：黑先最佳着手]AB[ge][hb][he][hg][ib][ic][id][ih][jh][kh][kj]AW[fc][fd][fe][ff][fh][hc][hd][hh][hi][if][ij][jb][kc][kd][kf][kg])
(;N[512]C[死活题：黑先劫活]AB[aa][bb][bd][ca][cb][cc]AW[ad][be][cd][da][db][dc][de])
(;N[513]C[死活题：黑先净活]AB[ab][ad][bd][cb][cc][cd][db][ea]AW[ba][bb][bc][be][bg][ce][dc][dd][de][eb][fb])
(;N[514]C[死活题：黑先净活]AB[bc][cb][cc][cd][da][dc][eb][fb]AW[bd][be][ce][dd][ea][ec][ee][fa][fc][ga][gb][gc])
(;N[515]C[死活题：黑先劫杀]AB[ad][ae][be][ce][da][db][dc][dd][de]AW[ac][ba][bd][ca][cb][cc][cd])
(;N[516]C[手筋题：黑先最佳着手]AB[cc][cd][ce][db][df][eb][ef]AW[bd][be][cf][cg][dd][de][dg][ec][hb][hc][hd])
(;N[517]C[死活题：黑先净杀]AB[ad][bb][bi][cb][cf][cg][ch][db][ef][eg][fc][fd]AW[ac][ae][bc][cc][cd][ce][dc][de][ed])
(;N[518]C[死活题：黑先净活]AB[ae][bc][bd][be][cb]AW[ba][bf][cd][ce][cf][da][db][dc])
(;N[519]C[死活题：黑先净活]AB[ab][ad][ae][bd][bg][ca][cb][cc][ch][dd][de][df][dg][dh]AW[ba][bb][bc][be][bf][bh][bj][ce][cf][cg][ci][db][di][ec][ei][fc][fe][fg][gb][gf])
(;N[520]C[对杀题：黑先胜]AB[ac][bc][be][cb][ce][db][de][eb][ed][fc][fd]AW[ad][bb][bd][cc][dc][ec][fb][gb][hc][jc])
(;N[521]C[手筋题：黑先最佳着手]AB[ab][ac][ad][be][bf][bg][cg][df][ef][fd][fe][ff]AW[bb][bc][bd][ce][cf][de][dg][ee][eg][fb][fc][fg][gd][gg][he])
(;N[522]C[对杀题：黑先胜]AB[be][cc][ce][dd][de][ea][eb][ec][fc]AW[bd][cb][cd][db][dc][ed][fd][gb][gd][hc])
(;N[523]C[死活题：黑先净杀]AB[ad][bd][cb][cc][dd][de][ee][fe][ga][gb][gc][gd]AW[aa][ac][bb][bc][ca][db][ed][fa][fb][fc][fd])
(;N[524]C[死活题：黑先净杀]AB[ad][ae][be][cd][ce][db][de][ee][fd][fe][ga][gc][hb][hc]AW[ac][bb][bc][bd][cc][dc][dd][ec][ed][fc][gb])
(;N[525]C[对杀题：黑先胜]AB[bb][bc][be][cb][ce][de][ee][fa][fb][fc][fd]AW[bd][cc][db][dd][eb][ed][fe][gb][gc][gd][ge])
(;N[526]C[基础题：黑先最佳着手]AB[ba][bd][be][ce][ch][db][dc][de][ea][ed][fb][fc][fd][gc]AW[ac][bc][ca][cb][cc][cd][dd][eb][ee][fe][gb][gd][ge][hb][hc])
(;N[527]C[死活题：黑先净杀]AB[bb][bd][cb][cd][cf][ee][ef][fd][gd][hd][ib][ic][id]AW[cc][db][dd][ea][ec][ed][fc][gc][hb][hc])
(;N[528]C[死活题：黑先净杀]AB[ac][ae][ba][bb][be][cb][cc][ce][de][ec][ed][ee][fa][fb]AW[ad][bc][bd][cd][da][db][dc][dd][eb])
(;N[529]C[死活题：黑先净杀]AB[ba][bb][bd][be][cb][cc]AW[ae][bf][bg][ca][cd][ce][da][db][dc][df])
(;N[530]C[死活题：黑先净杀]AB[ad][ba][bd][be][cb][ce][de][ee][fa][fb][fe][gb][gc][gd]AW[ac][bc][ca][cd][da][db][dd][eb][ed][fc][fd])
(;N[531]C[死活题：黑先净活]AB[cb][db][ea][ec][fc][hb]AW[bb][bd][ca][cc][dc][ed][fd][gd][hd][ib][ic])
(;N[532]C[手筋题：黑先最佳着手]AB[ab][ac][ad][bb][bd][cb][ce][cf][eb][fc][fd]AW[bc][be][bf][bg][cc][cd][cg][ec][ed][fb][fe][gb][ge])
(;N[533]C[对杀题：黑先胜]AB[bf][cc][cd][cf][da][dd][de][eb][ec]AW[aa][ac][ba][bc][be][cb][db][dc][ed][fd][gb])
(;N[534]C[死活题：黑先净活]AB[bb][bc][be][cd][ce][db][dd][ea][ee][fe][gd][ge]AW[ba][bf][cb][cc][cf][da][dc][de][df][ed][fb][fd][gc][ic])
(;N[535]C[死活题：黑先劫活]AB[ab][bc][bf][cb][cf][db][dc][dd][de]AW[ba][bb][bd][bg][cc][cd][ce][cg][df][dg][fc][fe][gd])
(;N[536]C[手筋题：黑先最佳着手]AB[cc][cd][ce][cf][cg][ch][dh][ed][eg][fg][gg][hd][he][hf][hh]AW[bc][bi][cb][ci][db][dd][df][dg][di][ee][eh][ei][fb][gc][gd][ge][gf])
(;N[537]C[死活题：黑先净杀]AB[ae][bc][be][cd][cf][dd][ec][fb][fc]AW[ad][bb][bd][cc][db][dc][eb])
(;N[538]C[死活题：黑先净活]AB[ae][ba][bd][cb][cc][cd][da][db]AW[ab][ad][bc][be][bg][ce][dc][de][ea][eb][ed])
(;N[539]C[手筋题：黑先最佳着手]AB[ce][fe][ff][gb][gc][gd][gf][ha][if][jc][jd][je]AW[cc][fb][fc][fd][ge][hc][he][ic][id][jb])
(;N[540]C[死活题：黑先净活]AB[ba][bd][cb][cc][da][dc]AW[be][cd][ce][db][eb][ec][ed][fb])
(;N[541]C[对杀题：黑先胜]AB[ab][ac][ba][bb][cc][cd][dd][de][ee][eg][fa][fc][fd][gb]AW[ad][bc][bd][be][ca][cb][ce][cg][da][dc][eb][ec][ed][fb][fe])
(;N[542]C[对杀题：黑先胜]AB[ad][ba][bb][cb][ce][cg][da][dd][de][ea][eb][ec]AW[ab][ae][bc][be][cc][cd][db][dc][ed][fd][gb])
(;N[543]C[死活题：黑先净杀]AB[ae][bb][bc][be][cc][cf][de][df][ec][ed][ee][fa][fb]AW[ad][bd][cb][cd][da][dc][dd][ea][eb])
(;N[544]C[死活题：黑先净杀]AB[bg][ca][cd][cf][db][dd][dg][eb][fd]AW[ac][bb][bd][cb][cc])
(;N[545]C[死活题：黑先净杀]AB[bc][bd][ca][cd][ce][cf][cg][dd][dg][ec][ed][eh][fh][ga][gb][gc][gd][gg][gh][he][hf][id]AW[aa][ab][bb][cc][db][dc][de][df][ea][eb][ee][ef][eg][fa][fb][fc][fd][fe][fg][ge][gf])
(;N[546]C[死活题：黑先净杀]AB[ac][bc][be][ca][cb][cd][dd][ed][fb][fd][gc][hc][ic][jb]AW[ab][bb][cc][da][dc][eb][ec][fc][gb])
(;N[547]C[死活题：黑先净活]AB[da][db][dd][ec][ed][fa][fc][gc][ha][hb][hc]AW[bd][cb][cd][cf][dc][eb][ee][ef][fb][fd][gb][gd][hd][ib][ic][id])
(;N[548]C[对杀题：黑先胜]AB[ac][bb][cc][dc][ea][eb][ec][fd][gd][hb][hd]AW[ad][bc][bd][ca][cb][cd][dd][ed][fa][fb][fc])
(;N[549]C[死活题：黑先净杀]AB[ab][ac][bg][cd][cf][da][db][dc][dd][dg]AW[ae][bb][bc][bd][be][ca][cb][cc])
(;N[550]C[死活题：黑先净活]AB[bb][bc][bd][be][bf]AW[ag][bg][ca][cb][cc][cd][ce][cf][cg])
(;N[551]C[死活题：黑先净杀]AB[bb][bc][cd][ce][dc][de][eb][fe][ge][ha][hb][hc][hd][he]AW[cb][cc][da][dd][ea][ed][fd][ga][gb][gc][gd])
(;N[552]C[死活题：黑先净杀]AB[ad][bc][be][bf][cc][cf][df][eb][ef][fb][fc][fd][fe][ff]AW[bb][bd][ca][cd][ce][db][dc][de][ec][ed][ee])
(;N[553]C[死活题：黑先净杀]AB[ae][be][ce][dc][dd][ea][eb][ec][ee]AW[ac][ba][bd][cb][cd][db])
(;N[554]C[死活题：黑先净杀]AB[bd][be][ca][cc][dd][ed][fb][ge][hd][ic][ie][ja][jb][jc]AW[dc][ec][fc][ga][gc][hb][hc][ia][ib])
(;N[555]C[对杀题：黑先胜]AB[bc][cb][cc][dd][de][ec][fb][fc]AW[bb][ca][db][dc][ed][fd][gb][gc])
(;N[556]C[死活题：黑先净活]AB[bb][bd][be][cc][cd]AW[ae][bf][ce][cg][db][dc][dd][de])
(;N[557]C[手筋题：黑先最佳着手]AB[ac][bc][cc][cd][ch][dd][eb][ed][ee][eg][eh][fb][fc][ff][gc][hc][he][id][jd]AW[ab][bb][be][cb][cf][db][dc][df][ec][ef][fd][gd][ge][gf][hd][hg][ie][if])
(;N[558]C[死活题：黑先净活]AB[ab][bb][cb][ce][da][dc][dd][de][eb][ec][ee][fe]AW[ba][bc][be][bg][cc][cd][cg][dg][ea][ed][fa][fb][fc][fd][fg][ge][gf][hd])
(;N[559]C[死活题：黑先净活]AB[ac][bb][cc][dc][ec][fa][fb]AW[ba][bc][bd][cd][dd][fc][fe][gb][gc])
(;N[560]C[死活题：黑先净杀]AB[ae][be][cd][dd][eb][ec][ed]AW[ab][ad][bc][bd][cc][dc])
(;N[561]C[手筋题：黑先最佳着手]AB[ce][cg][ch][dd][df][di][ef][fd]AW[bd][be][bf][cc][cf][dg][dh][eb][fg])
(;N[562]C[死活题：黑先净杀]AB[bc][bd][cd][dd][eb][ed][fd][gc][hb][hc]AW[bb][cc][dc][ea][ec][fa][fc][gb])
(;N[563]C[死活题：黑先净杀]AB[ae][bf][cd][ce][cf][da][db][dc][ed]AW[aa][bb][bd][be][ca][cb][cc])
(;N[564]C[死活题：黑先劫活]AB[ba][bd][cb][cc][db][dd][ea][ed][fb][fc][fd][gc]AW[bb][bc][ca][cd][ce][de][ec][ee][fe][gb][gd][ge][hb][hc])
(;N[565]C[死活题：黑先净活]AB[ab][ad][ae][bc][bd][cc][db]AW[af][be][bf][cb][cd][ce][dc][dd][eb][fd])
(;N[566]C[死活题：黑先净杀]AB[ad][bc][bd][cd][da][dd][ec][ed][gb][gc]AW[ab][ac][bb][cc][dc][eb][fa][fb])
(;N[567]C[死活题：黑先净活]AB[bb][bc][bd][be][ca][cb]AW[ae][bf][cc][cd][ce][cf][da][db][ec])
(;N[568]C[手筋题：黑先最佳着手]AB[ac][ba][bb][bc][bd][cc][dd][ed][fd]AW[ad][ae][be][cb][cd][ce][cg][db][dc][gc][hc])
(;N[569]C[死活题：黑先净杀]AB[bb][bc][bf][cf][db][dc][dd][de][df]AW[ae][ba][be][cb][cc][cd][ce])
(;N[570]C[对杀题：黑先胜]AB[ea][eb][ec][ee][fd][fe][hb][hd][ic][id][jc]AW[cb][cd][dd][de][ed][fb][fc][gb][gc][hc][ib])
(;N[571]C[死活题：黑先劫杀]AB[ae][be][cd][ce][da][db][dc][ed]AW[ad][bb][bd][ca][cb][cc])
(;N[572]C[死活题：黑先净活]AB[ae][ba][bb][bc][be][ca][cc]AW[ac][bf][cb][ce][cg][da][db][dc][dd])
(;N[573]C[死活题：黑先劫杀]AB[ab][ae][bc][be][ce][da][db][dc][dd][de]AW[ad][bb][bd][ca][cb][cc][cd])
(;N[574]C[死活题：黑先净杀]AB[bb][bc][cd][dd][ed][fd][gd][hc][ib][ic]AW[cb][cc][dc][eb][ec][gb][gc][hb])
(;N[575]C[手筋题：黑先最佳着手]AB[bb][bc][cc][ce][dd][ec][ee][fe][gd]AW[cb][db][dc][ed][fc][fd][ge][hc][he][id])
(;N[576]C[手筋题：黑先最佳着手]AB[bc][cd][dd][ee][fe][gd][gf][hd][ic][id][jd][jj][kj]AW[dc][de][df][eb][ed][fd][gc][ge][hc][he][kf])
(;N[577]C[对杀题：黑先胜]AB[bb][cb][cd][dc][dd][ec][fa][fc][gb][gc]AW[ab][bc][bd][cc][ce][da][db][de][eb][fb])
(;N[578]C[死活题：黑先净杀]AB[ac][ae][ba][be][ca][ce][db][de][eb][ec][ed]AW[ad][bb][bc][bd][cb][cd][dc][dd])
(;N[579]C[死活题：黑先净杀]AB[af][be][cb][cf][db][de][df][eb][ec][ed]AW[ac][ba][bb][bd][cc][ce][dc][dd])
(;N[580]C[对杀题：黑先胜]AB[aa][ad][ba][bc][bd][ca][cd][dd][ea][eb][ec]AW[ac][bb][cb][da][db][dc][ed][fd][gb][gc])
(;N[581]C[死活题：黑先净杀]AB[bb][bc][cc][dd][ea][eb][ed][gc][ge][ha][hc][ic][jb][jd]AW[ca][cb][dc][ec][fa][fc][gb][hb][ia][ib])
(;N[582]C[对杀题：黑先胜]AB[gb][hb][hc][id][jd][kc][kd]AW[dc][fc][gc][hd][he][ia][ib][ic][jc])
(;N[583]C[死活题：黑先净活]AB[ba][bb][bc][cb][cc][cd][ce][de][eb][ec][ed][fd][gd]AW[ab][ac][bd][be][bg][cf][da][db][dc][dd][df][ea][ee][ef][gc][ge][hb][hd][hf])
(;N[584]C[死活题：黑先净活]AB[bb][be][cb][cd][ce][da][dc][dd]AW[ba][bc][bf][cc][cf][ch][db][eb][ec][ed][ee])
(;N[585]C[手筋题：黑先最佳着手]AB[bd][be][ce][cg][db][de][df][eb][ed][fb][ff][fg][gb][hc][ic]AW[bc][cb][cc][cd][ec][ee][fc][gd][ge][gf][gg])
(;N[586]C[死活题：黑先净杀]AB[be][ce][dc][df][ea][eb][ec][ef][fc][gd][ge][hc]AW[aa][ac][bb][bc][cc][cd][db][dd][ed][fd])
(;N[587]C[死活题：黑先净杀]AB[ab][bc][bd][ce][df][ee][fc][fe][ga][gd][ha][hb][hc][hd]AW[ba][bb][cc][cd][dd][ed][fa][fb][fd][gb][gc])
(;N[588]C[手筋题：黑先最佳着手]AB[bd][cb][cc][ce][dg][eg][fb][fc][ff][gd][ge]AW[db][eb][ed][ee][ef][fd][gc][hc][id])
(;N[589]C[死活题：黑先净活]AB[cd][ce][dc][de][eb][ec][ed][ee][ef][eg][fe][gd][gf]AW[bd][be][cb][cc][cf][db][df][dh][eh][fd][fh][gb][gc][gg][hc][hd][he][hf])
(;N[590]C[死活题：黑先净杀]AB[ad][ae][bf][ca][cf][ci][da][eb][ed][ee][fb][gc][ge]AW[ac][ba][bb][be][cb][cc][cd][db][dd][ec])
(;N[591]C[死活题：黑先净杀]AB[bb][bc][bf][cd][ce][df][eb][ec][ed][ee]AW[ac][ad][ae][ba][bd][cb][cc][dc][dd])
(;N[592]C[死活题：黑先劫杀]AB[ae][bd][be][cc][cd][ce][de][ec][ee][fd][fe][hb][hc][hd]AW[aa][ab][ad][bc][ca][cb][db][eb][fb][fc][gb])
(;N[593]C[死活题：黑先净杀]AB[ba][bb][bf][ce][cg][db][de][eb][ec][ed][ee]AW[bc][bd][be][ca][cb][cd][dc][dd])
(;N[594]C[对杀题：黑先胜]AB[ae][bb][bc][be][ce][da][de][ea][eb][ee][fb][fc][fd]AW[ad][bd][cb][cc][cd][db][dd][ec][ed][fe][ff][gb][gd][hb])
(;N[595]C[对杀题：黑先胜]AB[bc][cc][db][dd][eb][ed][fe][gb][gc][gd][ge]AW[ab][ac][bb][bd][cb][cd][de][ee][fa][fb][fc][fd])
(;N[596]C[对杀题：黑先胜]AB[ca][cb][cc][cd][de][ed][ee][fd]AW[bd][be][ce][cg][da][db][dc][dd][df][gb][gc])
(;N[597]C[死活题：黑先净活]AB[ca][cb][cd][ce][db][dd][df][ec][ed][ee][ef][fa][fb][ff]AW[ba][bb][bc][bd][be][cc][cf][cg][dc][dg][ea][eb][eg][fe][fg][ga][gb][gc][ge][gf])
(;N[598]C[死活题：黑先净活]AB[ad][ba][bd][cb][cd][dc][dd]AW[ab][ac][ae][be][ca][ce][da][db][de][ea][ec][ed][ee][fa][fb])
(;N[599]C[死活题：黑先净活]AB[ae][bb][bd][be][cc][cd][db][dd]AW[af][ba][bf][cb][ce][cg][da][de][eb][ec][ed][ff])
(;N[600]C[手筋题：黑先最佳着手]AB[be][cc][cg][dc][dg][eg]AW[ce][dd][df][eb][ec][ee])
(;N[601]C[对杀题：黑先胜]AB[cc][da][db][dc][ed][fd][gb][gc]AW[bc][bd][ca][cd][dd][eb][ec][fb])
(;N[602]C[死活题：黑先净杀]AB[ab][ae][af][bb][bh][cc][ci][db][dc][dg][dh][dj][ec][ee]AW[ad][ag][ba][bc][be][bg][cb][cd][ce][cf][cg])
(;N[603]C[手筋题：黑先最佳着手]AB[cb][cc][da][db][dd][ed][fd][gb][gd][hc][hd]AW[dc][ea][eb][ec][fc][ga][hb][ib][ic])
(;N[604]C[死活题：黑先劫活]AB[cb][cc][da][dc][ec][ed][fb][fc][ga][gc][gd][hb]AW[ba][bb][bc][ca][cd][dd][df][eb][fd][fe][ff][ha][hc][hf][ia][ib][id][ie][jb][jc])
(;N[605]C[死活题：黑先净杀]AB[ba][be][ca][cb][cd][ce][de][ed][ee][fb][fc]AW[aa][ac][bb][bd][cc][dc][dd])
(;N[606]C[死活题：黑先净杀]AB[bb][bd][cc][ce][cg][dd][ea][ed][ef][fa][fb][ff][gf][ha][hb][hf][ib][ic][id][ie]AW[ca][cb][da][dc][ec][ee][fc][fe][ga][gb][gc][gd][ge][hc][hd][he])
(;N[607]C[对杀题：黑先胜]AB[ae][bd][bf][cb][cd][cf][db][df][dg][eb][eg][fc][fd][fe][ff]AW[bc][be][cc][ce][dc][de][ea][ec][ed][ee][ef][fb][fg][gb][gc][gg][hb])
(;N[608]C[死活题：黑先净活]AB[ab][ad][bb][bc][cc][da][db][ea][eb]AW[bd][bf][ca][cd][dc][ec][fa][fb][fc])
(;N[609]C[基础题：黑先最佳着手]AB[ab][be][ce][db][dc][dd][fd]AW[bd][bg][cb][cc][cd][de][dg][ee])
(;N[610]C[死活题：黑先净活]AB[ad][bd][cb][cc][cd][db][dd]AW[bb][be][bg][ce][dc][de][eb][ec][ed][ee][gc])
(;N[611]C[手筋题：黑先最佳着手]AB[be][ce][cg][db][dc][dd][hb][hc][hd]AW[ca][cb][cc][cd][da][de][ee])
(;N[612]C[死活题：黑先净活]AB[db][dc][de][df][dg][eb][ed][eg][fe][ff][fg][gb][gc][gd]AW[cb][cc][cd][ce][cf][cg][ci][dd][dh][ea][fb][fc][fh][ge][gf][gg][gh][hc][ic][ie][kc])
(;N[613]C[死活题：黑先净杀]AB[ad][af][bf][bh][ca][cg][da][dd][de][df][dg][ea][eb][ec][fd]AW[ba][bb][bd][be][cb][cd][ce][cf][db][dc])
(;N[614]C[死活题：黑先净杀]AB[ab][ad][bg][cd][ce][cf][db][dc][ed]AW[ae][ba][bb][bd][be][cb][cc])
(;N[615]C[死活题：黑先净活]AB[cb][cc][cd][dd][eb][ed][fb][fc][fd][ga]AW[bb][bc][bd][ce][dc][de][ee][fe][gb][gc][gd][ib])
(;N[616]C[对杀题：黑先胜]AB[cb][cc][dc][eb][ec][fd][gd][hb]AW[bb][bc][cd][dd][ed][fa][fb][fc])
(;N[617]C[死活题：黑先劫活]AB[bc][cb][cc][da][dc][eb][ec]AW[ac][ae][bb][bd][ca][cd][dd][ed][fb][fc][fd])
(;N[618]C[死活题：黑先净活]AB[bb][cc][db][dc][ea][ec][fa][fb]AW[ab][ba][bc][bd][cd][da][dd][ed][fc][gb][gc])
(;N[619]C[死活题：黑先劫活]AB[bc][cb][cc][cd][da][dc][ea][eb]AW[ac][bb][bd][bf][ce][dd][df][ec][ed][fb][gc])
(;N[620]C[死活题：黑先净活]AB[ac][ba][bb][bc][cc][dc][ea][eb][fb]AW[ad][bd][cb][cd][db][dd][ec][fa][fc][ga][gb][gc])
(;N[621]C[死活题：黑先净杀]AB[ba][bc][bd][be][ca][ce][df][ef][fa][fc][fd][fe][gb][gc]AW[bb][cb][cc][cd][da][db][de][eb][ec][ed][ee][fb])
(;N[622]C[死活题：黑先劫杀]AB[ae][ba][be][ce][dc][de][eb][ec][ee][fa][fc][fe][gb][ge][hc][hd]AW[ab][ad][bd][cb][cc][cd][db][dd][ed][fd][gc][gd])
(;N[623]C[对杀题：黑先胜]AB[ac][bc][cc][dc][ed][ee][fa][fb][fc]AW[aa][ab][bb][bd][ca][cd][dd][ea][eb][ec])
(;N[624]C[死活题：黑先净杀]AB[bb][bc][bd][be][cf][df][eb][ef][fc][ff][gc][gd][ha][ib][ic]AW[cc][cd][ce][db][dc][de][ec][ed][fb][fd][gb])
(;N[625]C[对杀题：黑先胜]AB[bb][cc][cd][da][db][dc][ed][fd][gb][gc]AW[ab][ad][bc][bd][ce][dd][de][ea][eb][ec])
(;N[626]C[死活题：黑先净杀]AB[ca][cb][cc][cd][cf][dc][df][fa][ff][gb][gc][ge][ha][hd][he][ic][jc][kb][kd]AW[da][db][dd][eb][ec][ed][fb][fc][fd][gd][hb][hc][ib][jb])
(;N[627]C[对杀题：黑先胜]AB[ad][bd][cd][db][dc][eb]AW[ab][cb][cc][dd][ec][ed][fc][gb][hc])
(;N[628]C[对杀题：黑先劫]AB[be][cb][cd][ce][db][dd][eb][ed][fc][fd]AW[ac][bb][bc][bd][cc][dc][ec][fb][gb][gc])
(;N[629]C[死活题：黑先净杀]AB[ag][bb][bg][cb][cf][db][df][ec][ef][fc][fd][fe][ff]AW[ab][ae][af][bc][bf][cc][cd][ce][dc][de][ed][ee])
(;N[630]C[手筋题：黑先最佳着手]AB[cf][cg][da][db][dc][dd][de][dh][di][ed][fd][gd][he]AW[cb][cc][cd][ce][df][dg][ea][eb][ec][eh][fc][fe][gc][ge][hc][hd])
(;N[631]C[死活题：黑先净活]AB[cc][dc][ec][fb][fd][gd][hb][hd][ib][ic][jb]AW[bb][bc][ca][cd][da][dd][df][ea][fc][ff][gb][gc][hc][hf][id][ie][ja][jc][kb][kc])
(;N[632]C[死活题：黑先净活]AB[bd][be][cc][ce][de][ea][eb][ec][ed]AW[ad][ae][ba][bb][bc][bf][cf][df][ee][ef][fa][fb][fc][fd])
(;N[633]C[死活题：黑先净活]AB[ab][ad][bc][be][bh][cd][ce][cg]AW[bb][bi][cb][cc][cf][ch][dd][df][dg][dh][ec])
(;N[634]C[对杀题：黑先胜]AB[bb][bc][cd][dd][ec][ed][fc][gb][gd]AW[bd][be][cb][cc][ce][cg][da][dc][eb])
(;N[635]C[手筋题：黑先最佳着手]AB[cd][ce][cf][cg][ch][dc][de][ec][ef][fc][fd][gd]AW[bc][cc][db][dd][df][dg][eb][ed][ee][ei][fe][fi][gh][hg])
(;N[636]C[死活题：黑先净杀]AB[ba][bc][cb][cc][ce][cf][df][ef][fb][fd][fe][ge][ha][hb][he][ic][id][jc][kc]AW[ca][db][dc][dd][de][eb][fc][ga][gc][gd][hc][hd][ib][jb])
(;N[637]C[死活题：黑先净活]AB[ba][bb][bd][cd][ea][eb][ec]AW[be][ca][cb][ce][dd][ed][fa][fb][fc][fd])
(;N[638]C[死活题：黑先净杀]AB[bb][bc][cd][dd][ea][ed][fa][fb][fd][gd][hc][ia][ib][ic]AW[ba][cb][cc][dc][ec][fc][gb][gc][ha][hb])
(;N[639]C[死活题：黑先净活]AB[ab][af][bc][bg][cd][ce][cf]AW[bb][bh][bi][ca][cc][cg][dc][dd][de][df][dg])
(;N[640]C[死活题：黑先净杀]AB[ad][bc][be][bg][ce][dd][eb][ed][fc]AW[ab][ac][bd][cb][cc][cd][dc])
(;N[641]C[手筋题：黑先最佳着手]AB[ba][ca][cb][cc][dc][ea][eb][gb][ic][id][ie]AW[bb][bc][cd][cf][dd][ec][ed][fb][gc][gd])
(;N[642]C[对杀题：黑先胜]AB[ac][ad][be][ce][da][db][dc][dd]AW[bc][bf][ca][cb][cc][cd][cf][de][eb][ee][fb])
(;N[643]C[死活题：黑先净杀]AB[ac][bb][bd][cd][cf][de][ea][ef][fa][fe][ge][ha][hb][hc][hd][he]AW[bc][ca][cc][dd][ec][ed][ee][fb][fd][ga][gb][gc][gd])
(;N[644]C[死活题：黑先净杀]AB[ad][bd][ca][cd][dc][ec][fa][fb][fc]AW[aa][ac][bc][cb][cc][db][ea][eb])
(;N[645]C[对杀题：黑先胜]AB[bd][be][ce][de][ea][eb][ec][ed]AW[cc][cd][dd][ee][ef][fa][fb][fc][fd])
(;N[646]C[死活题：黑先净活]AB[bd][cc][ce][db][dc][de]AW[be][bf][cf][dd][df][eb][ec][ee][fe][gc])
(;N[647]C[死活题：黑先净活]AB[aa][ab][ac][bd][cd][dc][dd][ea][eb][ec]AW[ae][bb][be][ca][cb][cc][ce][da][db][de][ee][fa][fb][fc][fd])
(;N[648]C[死活题：黑先净活]AB[ba][bb][ca][db][eb][ec][ed][fe][gb][gc][gd][ge]AW[bc][cb][cc][cd][ce][da][dc][dd][ee][ef][fc][ff][gf][hb][hc][hd][he])
(;N[649]C[死活题：黑先净活]AB[cb][cc][dc][ea][ec][fc][gb][gc][hb]AW[bb][bc][cd][dd][eb][ed][fa][fd][gd][hc][ib][ic])
(;N[650]C[死活题：黑先净杀]AB[ab][bb][bc][be][bg][ce][de][eb][ec][ed][ee]AW[ac][ad][bd][cb][cd][db][dc][dd])
(;N[651]C[死活题：黑先净杀]AB[cb][cc][cd][ce][cf][cg][dd][dh][ea][eh][fb][fc][fh][ge][gf][gg][hc][hd][jc]AW[da][db][dc][de][df][dg][ed][eg][fd][fe][ff][fg][gb][gc][gd])
(;N[652]C[手筋题：黑先最佳着手]AB[bb][bd][ca][cc][cd][da][db][de][df][dg][ea][ed][ee][ff][gf][hf][id][ie][if]AW[be][bg][ce][ch][dc][dd][di][eb][ec][ef][eg][eh][fa][fc][fe][ge][hc][he][ic][jc])
(;N[653]C[死活题：黑先净活]AB[ac][bb][ca][cb][cc][cd][dd][de][df][ed][ef][fd]AW[bc][bd][be][ce][cf][ch][db][dc][dg][eg][fb][fe][fg][gc][gd][ge])
(;N[654]C[死活题：黑先净杀]AB[ba][bb][bc][ca][cd][ce][db][dg][eb][ee][fa][fb][fd][gd][hc][hd][ib][jc]AW[cb][cc][da][dc][dd][ec][fc][ga][gb][gc][hb])
(;N[655]C[手筋题：黑先最佳着手]AB[bd][ca][cb][cc][db][dd][ed][fa][fd][gc][gd][hd]AW[cd][ce][da][dc][df][eb][ec][fc][ga][gb][ge][hc][he][ic][id][ie])
(;N[656]C[死活题：黑先净活]AB[ad][bc][ca][cc][dc][ea][eb]AW[ab][ac][bd][be][dd][ec][ed][fb][gc])
(;N[657]C[死活题：黑先净杀]AB[ac][ag][bb][bg][bh][cb][ch][db][dc][dh][ed][ef][eg][fd]AW[ad][af][be][bf][cc][ce][cg][dd][de][df][dg])
(;N[658]C[死活题：黑先净杀]AB[ac][ba][bc][bf][cc][cf][ch][db][eb][ec][ed][ee]AW[ab][ad][bb][be][cb][cd][ce][da][dc][dd])
(;N[659]C[死活题：黑先劫活]AB[bb][bc][cb][dc][eb][ec][fc][gb]AW[bd][cc][cd][dd][ea][ed][fd][ga][gc][hb][hc][ic])
(;N[660]C[死活题：黑先净杀]AB[bc][bd][cb][ce][cf][dc][df][ef][fd][ff][ga][ge][ha][hb][hc][hd][he]AW[cd][da][db][de][ec][ed][ee][fa][fe][gb][gc][gd])
(;N[661]C[死活题：黑先净杀]AB[ab][bc][cd][dd][ed][fc][ga][gc][hb][hd]AW[ba][bb][cb][dc][ea][ec][fb][gb])
(;N[662]C[死活题：黑先净杀]AB[ac][af][bb][bc][bd][bf][cc][cf][df][eb][ed][ee][fb]AW[aa][ad][ae][ba][be][cd][ce][da][db][dc][dd])
(;N[663]C[死活题：黑先净活]AB[bd][be][cb][cc][ce][de][ed][ee][ef][fb][fd][ff][gc][gd][ge]AW[bb][bc][bg][cd][cg][dc][dd][eb][ec][eg][fc][fg][gb][gf][gg][hc][he][hf][ic])
(;N[664]C[对杀题：黑先胜]AB[ab][ae][be][cb][cd][ce][db][dc][de][eb][ee][fb]AW[ad][bb][bc][bd][ca][cc][dd][ec][ed][fc][gb][gc])
(;N[665]C[死活题：黑先净活]AB[cb][cc][da][dc][ec][fc][gb][gc][ha][hb]AW[ba][bb][bc][ca][cd][dd][ea][ed][fd][gd][hc][ia][ib][ic])
(;N[666]C[死活题：黑先净活]AB[bb][ca][cb][cc][dc][ea][ec][fc][gb][gc][ha][hc]AW[ab][ac][ba][bc][be][cd][db][dd][eb][ed][fd][gd][hb][hd][ib][ic][id])
(;N[667]C[死活题：黑先净杀]AB[ba][bg][ca][ch][db][de][eb][ec][ed][ef][eh]AW[ac][bb][bd][cb][cd][ce][cf][dc][dd])
(;N[668]C[死活题：黑先净杀]AB[ae][ba][be][cd][dd][ec][ed][fa][fb]AW[ab][ad][bc][bd][cc][da][dc][ea])
(;N[669]C[死活题：黑先净杀]AB[bb][bc][cd][ce][dg][eb][fa][fb][fd][ff][gd][hc][ib][ic]AW[cb][cc][da][db][dd][ec][fc][gb][gc][ha][hb])
(;N[670]C[死活题：黑先净杀]AB[bc][bd][be][cc][cf][df][eb][fa][fd][ff][gd][gg][hc][ic]AW[cd][ce][db][dc][de][ed][ee][fc][gb][gc])
(;N[671]C[死活题：黑先净活]AB[ad][ae][ba][be][ce][da][dd][ed][fa][fb][fc]AW[aa][ab][ac][bb][bd][cd][db][ea][eb])
(;N[672]C[死活题：黑先净活]AB[ab][ac][bb][bd][be][bg][ce][cg][de][dg][ef][eg]AW[ad][bc][bh][cb][cc][cd][cf][ci][dd][ed][ee][ei][ff][fg])
(;N[673]C[死活题：黑先净杀]AB[ac][ad][ae][be][ce][dd][de][ec][fa][fb][fc]AW[ab][ba][bc][bd][cd][da][dc][ea][eb])
(;N[674]C[死活题：黑先劫活]AB[ba][be][cb][cc][cd][ce]AW[bb][bf][ca][cf][da][db][dc][dd][de][df])
(;N[675]C[死活题：黑先净杀]AB[bb][bc][bd][be][cf][df][eb][ef][fc][ff][ga][gc][gd][ha][ib][ic]AW[cc][cd][ce][dc][de][ea][ec][ed][fa][fb][gb])
(;N[676]C[死活题：黑先净杀]AB[cb][cc][cd][ce][cf][cg][dh][ea][eh][fb][fc][fh][ge][gf][gg][hc][hd][jc]AW[da][db][dc][de][df][dg][eg][fd][fe][ff][fg][gb][gc][gd])
(;N[677]C[死活题：黑先净活]AB[ae][bb][cb][cd][db][ea][eb]AW[ab][be][bf][cc][ce][dd][ec][ed][fa][fb][gc])
(;N[678]C[手筋题：黑先最佳着手]AB[bd][be][cb][cc][ce][cf][cg][db][dg][eb][ec][ee][fd]AW[cd][dc][dd][de][df][ed][ef][hd])
(;N[679]C[死活题：黑先净活]AB[ba][bb][cb][cc][dc][ec][fc][gb][gc][ha]AW[ab][bc][be][cd][da][db][ea][eb][ed][fb][fd][gd][hb][hd][ib])
(;N[680]C[对杀题：黑先胜]AB[ad][af][bb][bd][bf][cc][cd][cf][df][eb][ef][fb][fc][fd]AW[ae][be][cb][ce][db][dc][dd][de][ec])
(;N[681]C[对杀题：黑先胜]AB[ab][ag][bb][be][cb][cf][cg][db][dd][de][ec][ed]AW[ac][ae][bc][bf][cc][cd][ce][da][dc][eb][fc][gb])
(;N[682]C[对杀题：黑先胜]AB[ab][ad][ae][bc][cb][cc][ce][dd][de][ec][fb][fc]AW[ba][bd][be][bf][ca][cd][cf][da][db][dc][eb])
(;N[683]C[死活题：黑先净活]AB[ab][bb][cc][da][dc][ec][fa][fc][gb]AW[ac][ba][bc][be][ca][cb][cd][dd][ed][fb][fd][gc][hc][ic][jb])
(;N[684]C[死活题：黑先净杀]AB[ad][ae][bd][bf][cc][cf][df][eb][ef][fb][fc][fd][fe]AW[bc][be][ca][cd][ce][db][dc][de][ec][ed][ee])
(;N[685]C[死活题：黑先净杀]AB[ad][bc][bd][cd][dd][ec][fc][gc][ha][hb][hc]AW[ab][ac][ba][bb][cc][dc][eb][fb][ga][gb])
(;N[686]C[死活题：黑先净杀]AB[ab][ac][bd][be][ce][db][de][ee][fd][ga][gb][gc][gd]AW[ba][bb][bc][cb][cd][da][dd][ed][fa][fb][fc])
(;N[687]C[对杀题：黑先胜]AB[ab][bc][cc][dd][eb][ec][ed]AW[ac][ad][bd][cd][ce][da][db][dc][de])
(;N[688]C[死活题：黑先净活]AB[bb][bc][cc][cd][db][dc][dd][ea][ed][fb][fc]AW[ab][ac][ae][ba][bd][be][ca][cb][ce][de][ec][ee][fd][gb][gc][gd])
(;N[689]C[死活题：黑先净杀]AB[ac][bc][be][bf][bg][bj][cc][cf][ch][ci][cj][db][dj][eb][ec][ed][ej][fe][ff][fh]AW[ad][ba][bb][bd][cb][ce][cg][da][dc][dd][df][dg][dh][di][ee])
(;N[690]C[手筋题：黑先最佳着手]AB[bc][cc][cd][de][ee][fd]AW[bd][ce][cf][db][dd][ed][gb][gc][hd])
(;N[691]C[死活题：黑先净杀]AB[ae][be][ca][cb][ce][db][de][ec][ed][fb][fc]AW[ad][ba][bb][bd][cd][dc][dd][ea][eb])
(;N[692]C[死活题：黑先净杀]AB[bd][cd][cf][dd][ea][ed][fb][fc]AW[ab][bc][ca][cc][eb][ec])
(;N[693]C[死活题：黑先净杀]AB[ad][ae][af][ba][bb][bd][bf][cf][da][dc][df][eb][ef][fb][ff][gf][hb][hc][hd][he]AW[ab][bc][be][ca][cb][cc][cd][ce][db][de][ec][ee][fe][ge])
(;N[694]C[死活题：黑先净杀]AB[be][cd][cf][dc][dd][ea][eb][fc]AW[ad][bb][bc][bd][cc][da][db])
(;N[695]C[手筋题：黑先最佳着手]AB[cc][cd][ce][df][dh][ee][eg][fd][fg][gf]AW[bb][cb][dc][ed][ef][fe][ff][ge][gg][hg])
(;N[696]C[死活题：黑先净杀]AB[ad][ba][bb][bd][cd][dd][ed][fb][fc][ge]AW[ab][bc][cb][cc][ea][eb][ec])
(;N[697]C[死活题：黑先净杀]AB[bc][bd][be][cb][cf][cg][db][dg][eb][eg][fb][fg][gc][gg][hc][hd][he][hf]AW[cc][cd][ce][dc][df][ec][ef][fc][ff][gd][ge][gf])
(;N[698]C[死活题：黑先净杀]AB[af][bf][ca][cf][da][de][df][ea][ed][fb][fc][fd]AW[ac][ae][be][cb][ce][db][dd][eb][ec])
(;N[699]C[死活题：黑先净杀]AB[ac][ad][bf][cd][ce][cf][ch][db][dh][eb][ed][eh][fd][ff][ge][gh]AW[ab][ae][bb][bd][ca][cb][cc][dc][dd][de][df][dg][ee])
(;N[700]C[死活题：黑先净活]AB[ac][bc][bd][bf][cd][cf][cg][dd]AW[ab][bb][be][bg][bh][cc][ch][dc][dh][ec][ed][ee][ef][eg])
(;N[701]C[死活题：黑先净杀]AB[ac][ad][bd][cb][cd][de][ea][eb][ec][ed]AW[ab][bc][cc][da][db][dc])
(;N[702]C[死活题：黑先净杀]AB[ae][bb][be][ca][cb][cc][ce][da][db][de][ee][fa][fb][fc][fd]AW[aa][ab][ac][bd][cd][dc][dd][ea][eb][ec])
(;N[703]C[死活题：黑先劫杀]AB[ab][bd][be][cb][cc][ce][de][ee][fd][gc][ic]AW[ac][bb][bc][cd][db][dd][ec])
(;N[704]C[死活题：黑先净杀]AB[bb][bd][cc][ce][cg][dd][eb][ed][ef][fa][fb][ff][gf][ha][hb][hf][ib][ic][id][ie]AW[ca][cb][db][dc][ec][ee][fc][fe][ga][gb][gc][gd][ge][hc][hd][he])
(;N[705]C[死活题：黑先劫活]AB[ba][ca][da][db][eb][ec][fb][gb][gc][ha][hc][ib]AW[bb][bc][cb][cd][ce][dc][dd][ea][fc][fd][gd][hd][ia][ic][id][ja][jb][kc])
(;N[706]C[死活题：黑先净杀]AB[ad][bd][bg][cc][cf][da][db][dc][dd][de][df]AW[ac][bb][bc][be][cb][cd][ce])
(;N[707]C[死活题：黑先净杀]AB[bb][cb][cc][ce][cf][ch][dg][eb][fb][fc][fe][fh][gd][gg][hc]AW[ab][bc][cd][da][db][dd][df][ec][ed][ef][fd])
(;N[708]C[对杀题：黑先胜]AB[ba][cb][dc][ec][fc][gd][hb][hc][hd][kc]AW[bb][bc][cc][ce][dd][ed][fb][fd][gb][gc])
(;N[709]C[对杀题：黑先胜]AB[ae][bc][be][ce][db][dd][de][eb][ee][fc][fd]AW[ba][bf][cb][cc][cd][cf][dc][df][ec][ed][ef][fe][ge])
(;N[710]C[对杀题：黑先胜]AB[ba][bb][bc][cd][dd][eb][ed][fc][gc][hb][hc]AW[bd][be][cc][cf][db][dc][ec][fb][fd][fe][gb])
(;N[711]C[死活题：黑先净活]AB[ae][bb][bd][be][cd][dd]AW[af][bf][cb][ce][cg][db][de][ec][ed][ff])
(;N[712]C[死活题：黑先净活]AB[bd][be][cc][cd]AW[bf][cb][ce][cg][dc][dd][de])
(;N[713]C[死活题：黑先净杀]AB[be][bf][bg][cb][cc][cd][ch][ci][eh][ei][fd][ff][fg][gc][gd][hb][ic]AW[ce][cf][cg][da][db][dc][dd][dh][ee][ef][eg][fb][fc][ga][gb])
(;N[714]C[对杀题：黑先胜]AB[be][cb][ce][db][eb][ed][fc][fd][gd]AW[bb][cc][dc][ec][fb][ga][gc][hb][hc])
(;N[715]C[死活题：黑先净杀]AB[af][bf][cd][ce][cf][da][db][dc][ed]AW[ab][bb][bd][be][ca][cb][cc])
(;N[716]C[死活题：黑先净杀]AB[af][bg][bi][cb][cf][cg][db][dc][dd][de][df]AW[ae][ba][bb][bd][be][bf][cc][ce])
(;N[717]C[死活题：黑先净活]AB[bc][bf][bg][cb][ch][db][dd][de][dh][eb][ee][eh][fb][fe][fg][gb][gf][gg][hc][hd][he]AW[cc][cd][ce][cf][dc][dg][ec][ef][eg][fc][ff][gc][gd][ge])
(;N[718]C[死活题：黑先净活]AB[ab][ac][bb][bd][be][bg][bh][ce][cg][df][dg]AW[ad][ah][bc][bi][cb][cc][cd][ch][cj][dd][de][dh][ec][ef][eg])
(;N[719]C[对杀题：黑先劫]AB[ab][ad][bb][bc][cc][dd][ec][ed][fb][gc]AW[ae][ba][bd][ca][cd][ce][db][dc][de][eb])
(;N[720]C[死活题：黑先净杀]AB[ba][be][ca][cd][cf][dd][ed][fa][fb][fc][fd]AW[bb][bc][cb][da][ea][eb][ec])
(;N[721]C[死活题：黑先净杀]AB[ab][ac][ae][af][bc][bf][cf][dc][df][ec][ed][ee][fb][gc]AW[ad][bb][bd][be][cb][cc][cd][ce][dd])
(;N[722]C[手筋题：黑先最佳着手]AB[cb][ce][ci][dc][dd][di][ed][fc][fd][ff][fh]AW[bb][cc][cd][cf][cg][db][df][eb][ec])
(;N[723]C[死活题：黑先净杀]AB[bc][bf][cd][ce][da][db][df][eb][ee][fa][fd][ga][gb][gc][gd]AW[ab][bb][bd][cb][cc][dc][ec][fb][fc])
(;N[724]C[手筋题：黑先最佳着手]AB[bf][cb][cc][cd][dd][eb][fd][ga][gb][gc][gd]AW[db][dc][de][ed][ef][fb][fc][fe][hf][ib][id])
(;N[725]C[死活题：黑先净杀]AB[be][ce][db][dc][dd][de]AW[ac][bd][cb][cc][cd])
(;N[726]C[死活题：黑先净杀]AB[ba][bb][bc][cd][db][dd][ed][fd][gb][gd][hc][ib][ic]AW[ca][cb][cc][dc][eb][fa][fc][gc][ha][hb])
(;N[727]C[手筋题：黑先最佳着手]AB[ab][bb][be][cd][ce][da][db][dc][de][ee][fb][gb][hb][ic][id]AW[ac][ba][bd][ca][cb][cc][dd][eb][ed][fc][fe][gc][hc][he])
(;N[728]C[死活题：黑先净杀]AB[ac][bb][bc][bf][ce][cg][db][de][eb][ec][ee][fd]AW[ad][ae][ba][bd][be][ca][cb][cc][cd][dc][dd])
(;N[729]C[对杀题：黑先胜]AB[bc][bd][cd][dc][ed][fd][gc][gd]AW[ae][be][cb][cc][ce][dd][de][ee][fc])
(;N[730]C[手筋题：黑先最佳着手]AB[bf][cc][cd][cf][de][ee][fe][gc][gd]AW[bb][bc][bd][be][ce][dd][ed])
(;N[731]C[对杀题：黑先胜]AB[ba][bb][bc][bd][cd][dd][ed][fa][fb][fc]AW[cb][cc][dc][ec][fd][ga][gb][gc][gd])
(;N[732]C[死活题：黑先净活]AB[cd][ce][cf][cg][dd][dg][ec][eg][fc][ff][fg][gd][ge][gf]AW[bd][be][bf][bg][cc][ch][dc][dh][eb][ed][eh][fb][fh][gb][gc][gg][gh][hd][he][hf])
(;N[733]C[死活题：黑先净活]AB[cb][cc][dc][dd][de][ec][ef][fa][fc][fd][fe][gc]AW[bb][bc][ca][cd][ce][cg][db][df][eg][gb][gd][ge][gg][hb][hc][id][ie])
(;N[734]C[死活题：黑先净活]AB[ae][bc][bd][be][cb]AW[ab][bf][cd][ce][cf][da][db][dc])
(;N[735]C[对杀题：黑先胜]AB[bc][bf][cd][ce][dc][df][dg][ec][fc][fg]AW[bb][bg][cb][cc][cf][cg][ch][dd][de][ee])
(;N[736]C[对杀题：黑先胜]AB[bd][cb][cd][db][dc][ed][fb][fd][gc]AW[be][ca][cc][ce][dd][de][ea][eb][ec])
(;N[737]C[对杀题：黑先胜]AB[bd][cd][cf][da][dd][ea][eb][ec][ee]AW[bc][ca][cc][db][dc][ed][fd][gb][gc])
(;N[738]C[死活题：黑先净活]AB[fb][fc][fd][hc][ib][jb]AW[eb][ec][ed][fe][ge][hd][id][jc][kb][kc])
(;N[739]C[死活题：黑先净杀]AB[ba][bb][cc][cd][dc][de][ee][fe][gd][ge][ha][he][ic][ie][jb][jc]AW[cb][da][db][dd][ec][ed][fa][fb][ga][gb][gc][hc][hd][ib])
(;N[740]C[死活题：黑先净活]AB[bb][bc][bd][cb][cd][dd][ed][fc][fd]AW[be][cc][ce][db][dc][de][ec][ee][fb][fe][gc][gd])
(;N[741]C[死活题：黑先净活]AB[ab][bb][cc][da][dc][ec]AW[ac][bc][bd][bf][ca][dd][ed][fb][fc][fd])
(;N[742]C[手筋题：黑先最佳着手]AB[ce][cf][db][dc][de][df][dg][eb][eg][fc][fg][gb][gd][ge][gf]AW[be][bf][cd][cg][dd][dh][ec][eh][fd][ff][fh][gg])
(;N[743]C[对杀题：黑先胜]AB[ac][ba][bb][bc][cc][dc][ea][ed][fc][fd][gb][hc]AW[ad][bd][ca][cd][cf][db][dd][eb][ec][fa][fb])
(;N[744]C[手筋题：黑先最佳着手]AB[bb][cb][cc][cd][dd][df][dg][ed][ee][eg][fd][ge][hd]AW[bc][bd][be][bh][ce][cf][db][de][ec][ef][fc][fe][ff][gc][gd][ii])
(;N[745]C[手筋题：黑先最佳着手]AB[bb][bc][bd][cb][ce][de][ee]AW[be][bf][ca][cc][cd][cg][db][ed][fe][gc])
(;N[746]C[手筋题：黑先最佳着手]AB[ab][bb][cc][cf][dc][dd][df][ee]AW[bc][bd][bf][cd][cg][ch][de][eb][ec][eh][ff][hc])
(;N[747]C[死活题：黑先净杀]AB[bc][bd][cb][ce][cf][dc][df][eb][ef][fd][ff][ge][ha][hb][hc][hd][he]AW[cd][da][db][de][ec][ed][ee][fb][fe][gb][gc][gd])
(;N[748]C[死活题：黑先劫杀]AB[ad][ae][be][cd][ce][dc][ea][eb][ed]AW[ac][bb][bc][bd][cc][da][db])
(;N[749]C[对杀题：黑先劫]AB[ad][bd][cc][cd][dc][eb][fb]AW[ab][ae][be][cb][ce][db][de][ec][ed])
(;N[750]C[死活题：黑先劫杀]AB[ab][bb][bd][cb][cd][dd][ed][fb][fd][gb][gc][gd]AW[ac][ba][bc][cc][da][dc][eb][ec][fa][fc])
(;N[751]C[死活题：黑先净活]AB[ca][cb][da][dc][ed][fd][ga][gb][gc][gd]AW[ba][bb][cc][cd][dd][ee][fa][fe][ge][ha][hb][hc][hd])
(;N[752]C[对杀题：黑先劫]AB[bd][cb][cd][db][dd][eb][ec][fb]AW[aa][bb][bc][ca][cc][dc][ed][ee][fc][gb][gc])
(;N[753]C[对杀题：黑先胜]AB[bc][bd][ce][dd][ec][ed][fa][fb]AW[bb][be][bf][cc][cd][dc][eb])
(;N[754]C[对杀题：黑先胜]AB[ad][ba][bb][cb][ce][cg][da][dd][de][ea][eb][ec]AW[ab][bc][bd][be][cc][cd][db][dc][ed][fd][gb])
(;N[755]C[死活题：黑先净杀]AB[ad][ae][ba][bb][be][cb][ce][dd][de][fb][fe][gc][he]AW[ab][ac][bc][bd][ca][cc][cd][dc][ea][eb][ec])
(;N[756]C[死活题：黑先净杀]AB[ab][bc][bd][be][ca][ce][df][ef][fa][fc][fd][fe][gb][gc]AW[bb][cb][cc][cd][da][db][de][eb][ec][ed][ee][fb])
(;N[757]C[死活题：黑先净活]AB[ab][ac][bb][bd][bh][cc][cd][ce][cf][ch][dd]AW[ba][bf][bi][cb][cg][ci][db][dc][df][dg][dh][ed][fc][ff])
(;N[758]C[死活题：黑先劫活]AB[af][bc][be][bh][cd][cf][cg]AW[ad][bb][bf][bi][cb][ce][ci][dc][dd][de][df][dg][dh])
(;N[759]C[死活题：黑先净活]AB[bc][cb][db][ea][eb][ec][fc]AW[ba][bd][cd][dd][ed][fb][fd][gb][gc][gd])
(;N[760]C[死活题：黑先净杀]AB[ac][ae][bc][bf][cf][de][df][ed][fa][fb][fc][fd]AW[ab][bb][cd][ce][db][dd][ea][eb][ec])
(;N[761]C[死活题：黑先净活]AB[ab][ba][bb][bd][cc][cd]AW[ad][be][ca][ce][db][dc][dd][de])
(;N[762]C[死活题：黑先净活]AB[ae][bc][bd][bf][bg][bh][cd][cg][dc][dd][dg]AW[ac][ah][bb][bi][cb][cc][ch][ci][db][df][ec][eg][ei][fc][fe][fg])
(;N[763]C[死活题：黑先净杀]AB[af][bg][cd][cg][da][db][dc][df][ed][ee][eg][fc]AW[ac][bc][bd][be][bf][ca][cb][cc][cf][dd])
(;N[764]C[死活题：黑先净杀]AB[bd][ca][dc][eb][ed][fd][ga][gb][gc][gd]AW[ab][ba][bb][cb][db][fa][fb][fc])
(;N[765]C[死活题：黑先净活]AB[ca][cb][cc][dd][ea][ec][ga][gb][gc][hb]AW[bb][bc][cd][ce][db][dg][fb][fd][ff][gd][ha][hc][ib][ic])
(;N[766]C[死活题：黑先净活]AB[bb][bc][bd][be]AW[cb][cc][cd][ce][cf][ch][ci][eb])
(;N[767]C[死活题：黑先净杀]AB[ac][ad][ae][be][ca][cc][ce][de][ea][ee][fb][fc][fd][fe]AW[ab][ba][bb][bc][bd][cd][dd][eb][ec][ed])
(;N[768]C[死活题：黑先净杀]AB[ac][ad][bf][ca][cd][ce][da][db][dc]AW[ab][ae][ba][bb][bd][cb][cc])
(;N[769]C[死活题：黑先净杀]AB[ag][ba][bh][cb][ci][cj][dc][df][dg][dh][eb][ed]AW[ac][bb][bd][bg][cc][cd][ce][cg])
(;N[770]C[死活题：黑先净杀]AB[ac][ae][be][ce][dd][ea][eb][ec][ed]AW[ab][bb][bd][ca][cc][cd][da][dc])
(;N[771]C[死活题：黑先净杀]AB[ac][bd][be][cb][cd][da][de][ed][fc][fe][gb][gc]AW[ad][bb][bc][cc][dc][dd][ea][ec][fb])
(;N[772]C[对杀题：黑先胜]AB[bb][bf][cc][ce][cg][da][de][ea][eb][ec][ed]AW[ac][bc][ca][cd][db][dc][dd][ee][fc][fd][fe][gb])
(;N[773]C[死活题：黑先净活]AB[ac][ae][bc][bf][bg][cc][ce][dd][de]AW[ab][af][ag][ah][bb][bh][cb][cf][cg][ch][db][dc][ed][ee][ef])
(;N[774]C[手筋题：黑先最佳着手]AB[cb][cc][cd][dd][ee][ef][gc][gd][ge]AW[ba][bb][bc][bd][be][ce][de][ed][fc][fd])
(;N[775]C[死活题：黑先净活]AB[bb][bd][cb][cd][ce][dc][dd][eb][ec][fb]AW[ab][ad][bc][be][bf][cc][cf][de][ed][ee][fa][fc][gb][gc][hc])
(;N[776]C[死活题：黑先劫杀]AB[ag][ba][bg][cb][cg][db][dc][dd][de][df][dg]AW[ae][af][bb][bd][bf][cc][cd][ce][cf])
(;N[777]C[死活题：黑先净活]AB[cb][cc][dc][ec][fc][gb][gc][ha][hb]AW[bb][bc][bd][cd][dd][ed][fa][fd][gd][hc][ib][ic])
(;N[778]C[死活题：黑先净活]AB[bc][bg][cc][cd][ce][cf][cg]AW[bb][bh][cb][ch][dc][dd][de][df][dg][dh])
(;N[779]C[死活题：黑先净杀]AB[ad][bd][ca][cd][dd][ec][fc][ga][gb][gc]AW[ac][bc][da][db][dc][eb][fa][fb])
(;N[780]C[手筋题：黑先最佳着手]AB[bc][bd][cb][ce][cf][db][df][ea][ef][fb]AW[be][bf][cc][cd][cg][de][eb][ec][fe][gc][ge])
(;N[781]C[死活题：黑先净活]AB[cb][cc][da][dc][ec][fc][gb][gc][ha][hb]AW[bb][bc][cd][dd][ea][eb][ed][fb][fd][gd][hc][ib][ic])
(;N[782]C[对杀题：黑先胜]AB[bb][bc][cd][db][dd][ed][fb][fc]AW[bd][be][cb][cc][cg][dc][ea][eb][ec])
(;N[783]C[死活题：黑先净活]AB[ah][be][ce][ch][ci][df][dg][di][eh][ei]AW[bf][bi][bj][cb][cd][cf][cj][de][dj][ee][ef][ej][fh][fi][gj])
(;N[784]C[死活题：黑先净活]AB[ac][ad][bb][bd][cc][cd]AW[ae][ba][be][ce][db][dc][dd][de])
(;N[785]C[死活题：黑先净活]AB[bb][bc][cb][cd][ce][da][db]AW[bd][bf][cc][cf][dc][dd][de][df][eb][ec])
(;N[786]C[死活题：黑先净杀]AB[ae][be][cb][ce][da][de][ea][eb][ec][ed]AW[ad][ba][bb][bd][cd][db][dc][dd])
(;N[787]C[死活题：黑先净杀]AB[ab][ae][af][ba][bf][cf][dc][eb][ec][ef][fc][fd][fe]AW[ad][bb][bc][be][cb][cc][cd][da][db][dd][ed])
(;N[788]C[死活题：黑先净杀]AB[bb][bd][ca][cc][ce][cg][dd][ef][fa][fb][ff][gf][ha][hb][hf][ib][ic][id][ie]AW[cb][dc][ec][ed][fc][fe][ga][gb][gc][gd][ge][hc][hd][he])
(;N[789]C[死活题：黑先净活]AB[ac][bc][cb][cc][dc][ea][eb]AW[aa][bb][bd][ca][cd][dd][ec][fa][fb][fc][gc])
(;N[790]C[手筋题：黑先最佳着手]AB[ab][ac][bb][cb][dc][ec][ee][fd]AW[ad][bc][cc][cd][db][eb][ed][fb])
(;N[791]C[对杀题：黑先胜]AB[ac][ba][be][ca][cb][cd][ce][dc][de][ea][eb][ec]AW[ad][bb][bc][bd][cc][db][dd][ed][fb][fc][fd])
(;N[792]C[死活题：黑先净杀]AB[ab][ac][af][bd][be][bg][cg][ci][dc][eb][ef][fa][fb][fc][fd][fe][ff]AW[bb][bc][bf][cc][cd][ce][cf][da][db][de][ea][ec][ed][ee])
(;N[793]C[死活题：黑先净杀]AB[ae][ai][bc][bg][bi][ca][cb][cg][ci][dc][dd][de][df][dg][dh][eb][ej]AW[af][ag][ah][ba][bb][bd][bf][bh][cc][cd][ce][cf][ch])
(;N[794]C[死活题：黑先净杀]AB[ba][bb][bc][bf][cf][de][df][eb][ec][ed]AW[bd][be][ca][cb][cc][ce][db][dc][dd])
(;N[795]C[死活题：黑先净杀]AB[bb][bf][cd][ce][eb][ed][ee][fb][fc][fd]AW[ab][ad][bc][cc][db][dc][ec])
(;N[796]C[死活题：黑先净杀]AB[bc][bd][cb][ce][cf][dc][df][ef][fd][ff][ge][ha][hb][hc][hd][he]AW[cd][da][db][de][ea][ec][ee][fb][fe][gb][gc][gd])
(;N[797]C[死活题：黑先净杀]AB[ba][bb][be][bg][ca][ce][ch][dd][fb][fd]AW[ab][ae][af][bc][bd][cb][da][db])
(;N[798]C[死活题：黑先劫杀]AB[bd][be][ca][ce][dd][ec][ed][fb][gc]AW[bc][cb][cc][cd][dc][ea][eb])
(;N[799]C[死活题：黑先净杀]AB[aa][ae][ba][be][ca][cd][dd][ed][fa][fb][fc][fd]AW[ab][ac][bb][bd][cb][ea][eb][ec])
(;N[800]C[死活题：黑先净杀]AB[bc][bd][be][bf][bg][cc][ch][db][dh][eb][eh][fb][fh][gb][gc][gg][hd][he][hf][hg]AW[cd][ce][cf][cg][dc][dd][dg][ec][eg][fc][fd][ff][fg][gd][ge][gf])
(;N[801]C[死活题：黑先净活]AB[ab][bb][cb][eb][fa][fb]AW[ac][ba][bc][ca][cc][dd][ec][fc][ga][gb][gc])
(;N[802]C[死活题：黑先净杀]AB[ad][bg][ca][cd][ce][cf][db][dc][ed]AW[ac][ba][bb][bd][cb][cc])
(;N[803]C[死活题：黑先净活]AB[ab][ad][bd][cb][dc][dd][ea][eb]AW[be][cc][cd][ce][de][ec][ed][ee][fa][fb])
(;N[804]C[死活题：黑先净杀]AB[ae][af][bf][cc][cd][ce][cf][db][ec]AW[ab][bc][bd][be][ca][cb])
(;N[805]C[死活题：黑先净杀]AB[ba][bb][bc][be][cd][dc][de][ea][ee][fa][fb][fe][gd][hb][hc][hd][jb]AW[ca][cb][cc][db][dd][eb][ed][fc][fd][gb][gc][ha])
(;N[806]C[死活题：黑先净杀]AB[ad][be][cd][dd][ec]AW[bb][bc][bd][cc])
(;N[807]C[死活题：黑先净杀]AB[ba][cd][cf][dc][dd][eb][fc]AW[bc][bd][cb][cc][da][db])
(;N[808]C[死活题：黑先劫活]AB[ac][bb][bd][cc][cd][dc]AW[ba][be][bg][cb][cf][db][dd][de][dg][ec])
(;N[809]C[对杀题：黑先胜]AB[bc][cb][cc][dd][ed][fb][fc]AW[ac][ae][bd][bf][cd][ce][db][dc][eb])
(;N[810]C[死活题：黑先净杀]AB[ae][bb][bc][be][ce][de][ea][ed][fa][fb][fc][fd]AW[ab][ad][bd][cc][cd][db][dd][eb][ec])
(;N[811]C[死活题：黑先净杀]AB[ad][bc][bf][ca][cf][da][db][dc][dd][de][df]AW[ae][ba][bb][be][cb][cc][cd][ce])
(;N[812]C[死活题：黑先净活]AB[ab][ad][bd][cb][cc][cd][db][ea]AW[ba][bb][be][ce][da][dc][dd][de][eb][fb])
(;N[813]C[对杀题：黑先胜]AB[bc][bd][ca][ce][dc][de][ea][eb][ee][fc][fd]AW[ba][bb][be][bf][cc][cd][cg][db][dd][ed])
(;N[814]C[对杀题：黑先胜]AB[bb][bc][bd][be][ce][db][dd][eb][ec][ed][fb]AW[ba][ca][cb][cc][cd][de][ee][fc][fd][fe][gb][ha][hc])
(;N[815]C[死活题：黑先净杀]AB[ac][bd][cd][da][dc][de][ec][gb][gc]AW[ab][bb][bc][cc][db][ea])
(;N[816]C[死活题：黑先净杀]AB[be][cc][cd][ce][dc][eb][ec]AW[ba][bc][bd][cb][db])
(;N[817]C[死活题：黑先净杀]AB[cb][cc][cd][de][dg][ef][gc][gf][ha][hb][hc][he][hf][ic]AW[db][dc][ec][ed][ee][fa][fc][fe][gb][gd][ge])
(;N[818]C[手筋题：黑先最佳着手]AB[ba][ca][cb][db][dc][ea][fb][gb][hc]AW[ab][bb][cc][cd][dd][eb][ec][fc][gc])
(;N[819]C[手筋题：黑先最佳着手]AB[bc][cc][cd][dd][ec][ee][fe][gd][hc]AW[bb][bd][be][ce][dc][de][ed][fc][fd][gc])
(;N[820]C[对杀题：黑先胜]AB[ac][ad][bd][cc][cd][db][eb][fb][ga]AW[ab][bb][bc][cb][dc][ec][fa][fc][gb][hb])
(;N[821]C[对杀题：黑先胜]AB[ad][ae][be][ce][de][eb][ec][ee][fb][fd][fe]AW[ac][bd][cc][cd][dd][ed][fa][fc][gb][gc])
(;N[822]C[死活题：黑先净活]AB[bc][be][cc][cd][db][dc]AW[aa][ab][bb][cb][cf][ch][da][dd][de][eb][ec][gc])
(;N[823]C[死活题：黑先净活]AB[bc][cc][eb][ec]AW[cd][cf][db][dd][ed][fb][fc])
(;N[824]C[死活题：黑先净活]AB[ad][bc][bf][bg][bh][cd][ce][cg]AW[ah][bb][bi][cc][cf][ch][db][dc][df][dg][di][ed])
(;N[825]C[死活题：黑先净活]AB[ac][ba][bb][bc][cc][dc][ec][fc]AW[ad][bd][ca][cd][db][dd][ed][fa][fd][gb][gc][gd])
(;N[826]C[死活题：黑先劫杀]AB[ab][ac][ad][ae][ba][bb][be][ce][de][ee][fa][fe][ga][gb][gc][gd]AW[bc][bd][ca][cb][cd][db][dc][dd][ea][ed][fc])
(;N[827]C[死活题：黑先净杀]AB[be][cd][ce][dc][ec]AW[ad][bd][cb][cc])
(;N[828]C[死活题：黑先净活]AB[ac][bc][cc][da][dc][ea][eb][ec]AW[ad][bd][cb][cd][dd][ed][fa][fb][fc][fd])
(;N[829]C[手筋题：黑先最佳着手]AB[ca][cb][cc][dd][de][ea]AW[bd][cd][da][db][dc][fb])
(;N[830]C[死活题：黑先净杀]AB[ad][bd][cd][dc][eb][ec][gc]AW[ab][bc][ca][cc][db])
(;N[831]C[死活题：黑先劫活]AB[ac][ad][bb][bd][cc][cd][dc][ea]AW[ae][ba][be][cb][ce][da][db][dd][de][ec][fa][fb])
(;N[832]C[手筋题：黑先最佳着手]AB[ac][af][bc][bd][bf][cc][dc][ec][fd][fe]AW[ad][ae][be][cd][ce][db][dd][eb][ed][eg][fc][gc])
(;N[833]C[死活题：黑先净活]AB[aa][ac][bb][bc][ca][cb][dc][ec][ed][fd][gc][gd][ib][ic][id]AW[bd][cc][cd][da][db][dd][ea][ee][fe][ga][ge][he][ia][ie][jb][jc][jd][je])
(;N[834]C[死活题：黑先净杀]AB[ba][bb][bd][cc][dd][de][ee][fa][fb][fe][gb][ge][hd][id][ja][jb][jc][jd]AW[db][dc][ea][eb][ed][fc][fd][gc][gd][hc][ia][ib][ic])
(;N[835]C[死活题：黑先净活]AB[cb][cc][cd][dd][eb][ed][fb][fc][fd][ga]AW[bb][bc][bd][ce][de][ee][fa][fe][gb][gc][gd][ib])
(;N[836]C[手筋题：黑先最佳着手]AB[bd][be][ca][cb][cc][cf][dh][eb][fb][gb][hc]AW[ba][bb][bc][cd][db][dd][ec][fc][fe][gc])
(;N[837]C[死活题：黑先净活]AB[bc][bd][ca][cd][da][dd][ea][eb][ec]AW[ac][ad][ae][ba][be][ce][db][de][ed][fa][fb][fc][fd])
(;N[838]C[死活题：黑先净杀]AB[ab][bb][bf][cc][cf][db][dc][de][df][eb][ed][fb][fc][fd]AW[ac][ad][ba][bc][be][cb][cd][ce][da][dd])
(;N[839]C[死活题：黑先净杀]AB[ab][bc][bd][cd][db][dd][eb][ed][fa][fe][ge][ha][hb][hc][hd][he]AW[bb][ca][cb][cc][dc][ec][fc][fd][ga][gb][gc][gd])
(;N[840]C[死活题：黑先净杀]AB[ae][ba][be][cb][cc][ce][da][de][ea][ec][ee][fb][fc]AW[aa][ad][bb][bc][bd][cd][db][dc][dd][eb])
(;N[841]C[对杀题：黑先胜]AB[bc][bd][be][ce][da][db][dd][de][ec][fa][fb][fc]AW[ac][bb][cb][cc][cd][dc][ed][fd][ga][gb][gc][gd])
(;N[842]C[手筋题：黑先最佳着手]AB[ba][bb][bc][bd][ca][cd][dd][gb][gc][gd]AW[ab][ac][ad][be][cb][cc][ce][dc][de][ec][ed][fd])
(;N[843]C[死活题：黑先劫杀]AB[ba][bc][bd][bh][ce][ci][db][dc][dd][de][eg][ei]AW[bb][be][bf][ca][cb][cc][cd][cg])
(;N[844]C[死活题：黑先净杀]AB[ae][ba][bc][be][cb][ce][de][ed][fa][fb][fc][fd]AW[ab][ac][ad][bd][cc][cd][da][db][dd][ea][eb][ec])
(;N[845]C[死活题：黑先净杀]AB[bd][be][cb][dd][ea][eb][ec][ed]AW[ab][bb][bc][cc][db][dc])
(;N[846]C[死活题：黑先净活]AB[ba][bb][bc][bd][cd][ce][db][dc][de][ec]AW[ab][be][bf][cb][cf][da][dd][eb][ed][eg][fb][fc][fd][ff])
(;N[847]C[手筋题：黑先最佳着手]AB[be][ce][cf][dd][dg][eh][fg][fh][gf]AW[bd][cb][cd][ch][dc][de][dh][ef][eg][ff][gd])
(;N[848]C[对杀题：黑先胜]AB[ae][be][cb][ce][da][db][dc][de][eb][ed][fd]AW[ad][ba][bb][bd][ca][cd][dd][ec][fb][fc])
(;N[849]C[死活题：黑先净活]AB[ab][ad][ba][bc][bd][cd][db][dc][eb]AW[be][cb][ce][da][dd][de][ea][ec][fb][fc])
(;N[850]C[对杀题：黑先胜]AB[ae][bc][be][cb][ce][dd][ec][ed]AW[ad][bb][bd][cc][dc][eb][fb][fc])
(;N[851]C[死活题：黑先劫活]AB[bc][cb][cc][cd][dc][ec][fa][fb][fc]AW[aa][ac][bb][bd][be][ce][dd][ed][fd][ga][gb][gc][gd])
(;N[852]C[死活题：黑先劫活]AB[ac][ad][ba][bd][cc][dc][dd][ec]AW[bb][bc][be][ca][cd][ce][de][ed][fb][fc][fd])
(;N[853]C[死活题：黑先净杀]AB[ba][be][cd][cf][db][dd][ed][fa][fb][fc][fd]AW[bc][ca][cb][dc][ea][eb][ec])
(;N[854]C[对杀题：黑先胜]AB[bb][cb][cc][dc][ed][fd][gb][gc][gd]AW[bc][bd][cd][db][dd][ec][fa][fb][fc])
(;N[855]C[死活题：黑先净杀]AB[bg][bh][cd][ce][cf][ci][db][dc][di][ed][ei][fb][fc][fi][gd][ge][gf][gg]AW[cg][ch][dd][de][df][dh][eb][ec][eg][eh][fd][fe][ff])
(;N[856]C[对杀题：黑先胜]AB[bd][cd][da][db][dc]AW[bc][ca][cb][cc][dd][ed][fb][gc])
(;N[857]C[死活题：黑先劫活]AB[bb][cc][dc][dd][de][ec][ee][fd][fe]AW[ba][bd][bg][cb][cd][cf][da][ef][fb][fc][ff][gd][ge][gf][hc])
(;N[858]C[死活题：黑先净杀]AB[ba][bb][be][cc][cd][ce][de][eb][ee][fe][gb][hc][he][ia][ic][jb]AW[ab][bc][bd][ca][cb][da][dc][dd][ec][fa][fc][ga][gc])
(;N[859]C[死活题：黑先净活]AB[ab][ad][ae][bd][ca][cb][cc][ch][dd][de][df][dg][dh]AW[ag][ba][bb][bf][bh][bj][ce][cf][cg][ci][db][ec][ei][fb][fc][fe][fg])
(;N[860]C[死活题：黑先净杀]AB[ab][bc][be][cb][cd][de][ee][fd][fe][gc][hb][hc]AW[ba][bb][cc][da][db][dd][ed][fa][fc][gb])
(;N[861]C[对杀题：黑先胜]AB[bd][cb][cd][db][dc][ed][fd][gb][gd][hc]AW[be][ca][cc][ce][dd][de][ea][eb][ec][fc])
(;N[862]C[死活题：黑先净活]AB[af][bd][bi][ce][cf][ci][df][dg][dh][di][dj][ef][eh][ff][fg][fh]AW[ai][aj][bc][be][bh][bj][cb][cd][cg][ch][cj][cl][dd][de][dk][ee][ei][ej][fe][fi][fk][ge][gf][gg][gh])
(;N[863]C[死活题：黑先净活]AB[ae][bc][be][cb][cd][ce]AW[ad][bb][bd][bg][cc][cg][dc][dd][de][df])
(;N[864]C[死活题：黑先净杀]AB[bc][bd][cb][ce][cf][dc][df][eb][ef][fd][ff][ge][ha][hb][hc][hd][he]AW[cd][da][db][de][ec][ee][fb][fe][ga][gb][gc][gd])
(;N[865]C[手筋题：黑先最佳着手]AB[ab][bb][bi][cc][cd][cg][ch][dc][de][df][dg]AW[ac][bc][bd][bg][bh][ce][cf][ci][cj][dd][ed][ei][fe][fg])
(;N[866]C[对杀题：黑先胜]AB[ad][ae][be][cd][ce][db][de][eb][ec][ed]AW[af][bf][cb][cc][cf][dc][dd][df][ee][fe])
(;N[867]C[死活题：黑先净活]AB[ca][da][db][dc][dd][ea][ed][fc][fd]AW[ab][ba][cb][cc][cd][ce][de][ee][fe][gc][ge][hc])
(;N[868]C[死活题：黑先净杀]AB[ad][ae][be][ca][ce][db][de][ec][ed][ee][fa][fb]AW[ab][ac][bb][bd][cb][cc][cd][dc][dd][ea][eb])
(;N[869]C[死活题：黑先净杀]AB[bb][bc][cb][cd][ce][dc][dd][fd][gd][hd][ic][id][ja][jb][kc]AW[ba][ca][db][ec][fb][gb][gc][ha][hc][ib])
(;N[870]C[手筋题：黑先最佳着手]AB[cd][ce][dc][de][ee][fe][ga][gb][gc][gd]AW[bc][bd][be][cb][cc][dd][ed][fa][fb][fc][fd])
(;N[871]C[死活题：黑先净杀]AB[ab][ae][bg][cb][cc][ch][dd][df][dg][ec][gc]AW[ad][ba][bb][bc][be][cd][ce][cf])
(;N[872]C[死活题：黑先净活]AB[ad][bb][bc][cb][cd][db][dc][dd]AW[ae][ba][bd][be][ca][ce][de][ea][eb][ec][ed])
(;N[873]C[手筋题：黑先最佳着手]AB[gd][hd][id][jd][jf][ke][kf][kh]AW[ec][fc][ge][hc][ic][ie][ij][jc][je][kc][kd][kj])
(;N[874]C[死活题：黑先净杀]AB[bc][bd][cd][dd][ed][fb][fc]AW[ab][bb][ca][cc][dc][ec])
(;N[875]C[对杀题：黑先胜]AB[af][ba][bf][cb][cf][da][db][dc][dd][df][ee][ef]AW[ad][ae][bb][be][cc][cd][ce][de][ed][fb][fd])
(;N[876]C[死活题：黑先劫活]AB[bd][be][cb][cc][cd]AW[ac][bf][ce][cg][db][dc][dd][de][fb])
(;N[877]C[死活题：黑先净杀]AB[bb][bc][cc][ce][ee][gc][ge][ha][hc][ib][ic]AW[cb][da][dc][eb][ec][fc][gb][hb])
(;N[878]C[死活题：黑先净活]AB[cd][da][db][de][ea][ec][ee][fa][fe][gb][gc][gd]AW[bc][bd][cb][ce][cf][dc][dd][df][ef][fb][ff][ga][ge][ha][hb][hc][hd][he])
(;N[879]C[死活题：黑先净杀]AB[ab][bc][cc][dc][de][ed][fe][ga][gb][ge][hb][he][id][jb][jc][je][kc]AW[bb][cb][db][eb][ec][fb][fd][gc][gd][ha][hc][hd][ib][ic])
(;N[880]C[手筋题：黑先最佳着手]AB[ca][cb][cc][dd][ed][fd][ff][gb][gc][gd]AW[bd][cd][cf][db][dc][ec][fb][ga][hb][hc][hd][he])
(;N[881]C[死活题：黑先劫活]AB[ac][bb][bc][cb][cc][dc][ec][fb][fc]AW[ad][ba][bd][cd][da][db][dd][eb][ed][fa][fd][gb][gc][gd])
(;N[882]C[死活题：黑先劫活]AB[cb][cc][da][dc][ea][eb]AW[ab][bd][cd][dd][ec][fa][fb][fc])
(;N[883]C[死活题：黑先净杀]AB[ae][bb][be][ca][cd][cf][dd][ec][ee][fb][fc][gc]AW[ab][bc][bd][cb][cc][db][dc][eb][ed])
(;N[884]C[对杀题：黑先胜]AB[bd][be][cd][cf][db][dc][eb][ed]AW[cb][cc][ce][dd][de][ec][ee][fb][gc])
(;N[885]C[死活题：黑先净活]AB[bb][bc][be][cd][ce][db][dc][dd]AW[ba][bf][cb][cc][cf][da][de][df][eb][ed][fa][fb][fd])
(;N[886]C[死活题：黑先净活]AB[ad][bd][ca][cb][cc]AW[bb][be][cd][ce][db][dc][ed])
(;N[887]C[死活题：黑先劫活]AB[bb][bc][cc][cd][ce][db][dc]AW[ac][bd][be][cf][dd][de][df][eb][ec])
(;N[888]C[死活题：黑先净杀]AB[ba][bb][cc][dc][de][ee][fe][ga][gd][ha][hd][he][hf][ib][id][ja][jb][jc][jd]AW[ca][cb][db][eb][ec][fa][fb][fd][gb][gc][hb][hc])
(;N[889]C[手筋题：黑先最佳着手]AB[ba][bb][bc][bd][ce][de][ed][ee][fb][fc][fe]AW[be][bf][cb][cc][cd][cf][dd][df][eb][fa][gb][gc][gd])
(;N[890]C[死活题：黑先净杀]AB[ab][bc][bd][cd][db][dd][eb][ee][fa][fe][gd][ha][hb][hc][hd]AW[ba][bb][cc][da][dc][ec][ed][fc][ga][gb][gc])
(;N[891]C[死活题：黑先净杀]AB[ac][ae][be][cb][ce][dd][de][ec][fa][fb][fc]AW[ad][ba][bb][bd][cc][cd][dc][ea][eb])
(;N[892]C[死活题：黑先净杀]AB[ab][ad][bd][cd][dd][ea][eb][ec]AW[aa][ac][bc][cc][da][db][dc])
(;N[893]C[死活题：黑先净杀]AB[ab][be][ca][ce][da][dc][df][ec][ef][fb][fc][gd][ge][hb][hc]AW[ac][bb][bc][cc][cd][db][dd][ea][ed][fd][gb][gc])
(;N[894]C[死活题：黑先净杀]AB[bb][bh][cc][cf][cg][ch][dc][dd][de]AW[ac][ad][ag][bc][bf][bg][cd][ce])
(;N[895]C[死活题：黑先净杀]AB[ab][be][cd][ce][dc][ea][eb][ed]AW[ad][ba][bb][bd][ca][cc][db])
(;N[896]C[手筋题：黑先最佳着手]AB[cc][cd][cf][db][dd][df][eb][gc]AW[bb][bc][bd][be][cb][dc][ec][fe][gb][ge][hb][hd])
(;N[897]C[死活题：黑先劫活]AB[ad][ba][bb][bc][be][cc][cd]AW[ae][af][bf][cb][ce][db][dc][de][ef])
(;N[898]C[死活题：黑先净杀]AB[ad][bc][bg][cb][cc][cg][dd][dg][eb][ec][ed][ee][ef]AW[ab][ac][bb][bd][be][bf][cd][cf][db][dc][de][df])
(;N[899]C[死活题：黑先净杀]AB[ad][ae][bc][be][ce][de][eb][ee][fb][fc][fd]AW[ab][ba][bd][cb][cd][da][db][dd][ec][ed])
(;N[900]C[死活题：黑先净活]AB[ce][dc][df][dg][ec][eg][fd][fe][ff]AW[bc][bf][cb][cf][ch][db][dh][eb][eh][fb][fc][fg][gd][ge][gf][gg])
(;N[901]C[死活题：黑先净活]AB[cb][cc][eb][ee][fb][fc][fd][fe]AW[bd][bf][cd][dc][de][df][ec][ed][ef][ff][gb][gc][gd][ge][gf])
(;N[902]C[死活题：黑先净活]AB[ba][bb][bc][cc][dc][ed][fa][fb][fc][fd][gc]AW[ab][ac][bd][cd][db][dd][eb][ee][fe][gd][ha][hb][hc][hd])
(;N[903]C[死活题：黑先净杀]AB[af][ba][bb][bg][cf][cg][da][db][dc][de][ec][ee]AW[ab][bc][be][bf][ca][cb][cc][ce])
(;N[904]C[死活题：黑先净活]AB[af][bb][bc][be][bf][ca][cc][cd][ce][dc]AW[ad][ae][ag][ba][bd][bg][cb][cf][db][dd][de][dg][eb][ec])
(;N[905]C[死活题：黑先劫杀]AB[ab][be][cd][ce][dc][ea][eb][ec]AW[bb][bc][bd][ca][cc][da][db])
(;N[906]C[死活题：黑先净杀]AB[bc][be][cd][de][ee][fa][fe][gb][gc][gd]AW[ba][bb][cc][db][dd][ed][fb][fc][fd])
(;N[907]C[死活题：黑先净杀]AB[bb][bc][cd][ce][de][eb][ef][ff][gb][gf][hb][hc][hd][he][hf]AW[cb][cc][dd][ed][ee][fa][fb][fc][fe][gc][gd][ge])
(;N[908]C[死活题：黑先净杀]AB[af][ba][bf][cb][cc][ce][cg][de][eb][ec][ed][ff]AW[ae][bb][bc][bd][be][cd][db][dc][dd])
(;N[909]C[死活题：黑先净活]AB[ab][bb][cc][dc][ea][eb]AW[ba][bc][bd][cd][da][dd][ed][fb][fc])
(;N[910]C[死活题：黑先劫活]AB[ab][bb][bc][cc][cd][da][dd][ec][fa][fb][fc]AW[ac][bd][be][ca][cb][ce][db][dc][de][ed][ee][ga][gb][gc][gd])
(;N[911]C[对杀题：黑先胜]AB[ba][bb][bc][ca][cd][ce][de][ee][fe][gc][gd]AW[ac][bd][be][bf][cb][cc][db][dd][ec][ed])
(;N[912]C[死活题：黑先劫活]AB[aa][ac][bc][cb][cc][da][db][dc][ea][eb][fa]AW[ba][bd][bf][cd][dd][ec][fb][fc][ga][gb])
(;N[913]C[手筋题：黑先最佳着手]AB[bc][bd][cb][ce][cf][db][df][eb]AW[be][bf][bg][cc][cd][de][ec][fe][gc])
(;N[914]C[死活题：黑先净活]AB[bc][ca][cc][db][eb]AW[bb][bd][bf][cd][dc][ec][fb][fc])
(;N[915]C[死活题：黑先净活]AB[bb][bc][bd][cc][db][dc]AW[be][ca][cd][cf][dd][eb][ec][ed][gb])
(;N[916]C[死活题：黑先净活]AB[ad][bb][bc][cc][cd][da][dc][eb]AW[ac][bd][be][bf][cb][ce][dd][ea][ec][ee][fa][fc][gb])
(;N[917]C[手筋题：黑先最佳着手]AB[bd][be][bg][cd][cg][db][dc][eb][fc][fd][fe][ff][fg]AW[bf][ce][cf][ch][de][dg][ec][ed][fb][fh][gb][gg][gh][hc][he])
(;N[918]C[手筋题：黑先最佳着手]AB[bc][bf][bg][cb][cc][ce][cf][dg][fe][ff][he]AW[bh][cg][ch][cj][db][dc][df][ee][ei][fc][fd][fh][hc][hg][id][jf])
(;N[919]C[手筋题：黑先最佳着手]AB[cd][dc][ec][ee][fb][gb][gc][hb][hd][hf][id][jf]AW[bc][cc][db][eb][fc][fd][gd][gf][hc][ic][jc][je][kc][ke])
(;N[920]C[死活题：黑先净活]AB[ac][ae][bc][be][bf][cb][cc][cd]AW[ba][bb][ca][ce][cf][cg][ci][db][dc][dd][fc])
(;N[921]C[死活题：黑先净杀]AB[ad][bc][bd][cd][cf][db][de][ec][ef][ff][ga][gb][gc][gd][ge]AW[ab][ac][bb][cb][cc][dc][dd][ea][ee][fc][fd][fe])
(;N[922]C[死活题：黑先净活]AB[ca][cb][cc][db][dc][dd][ec][fb][ga][gc][hb][hc][ib]AW[ba][bb][bc][cd][ce][df][ea][eb][ee][fc][fd][ff][gd][hd][ia][ic][jb][jc])
(;N[923]C[死活题：黑先净杀]AB[ab][ae][bc][be][ce][db][dd][de][eb][ec]AW[ad][bd][ca][cb][cc][cd][dc])
(;N[924]C[死活题：黑先净活]AB[ab][bb][bd][cc][cd][da][db][dd][ea][ee][fa][ff][he][hf][ib][ic][id]AW[ba][bc][ca][cb][dc][eb][ec][ed][fc][fe][gb][gd][hb][hc])
(;N[925]C[死活题：黑先净活]AB[cb][dc][ea][ec][fc][fe][ga][gb][ge][hc][hd][he]AW[bb][bd][cc][ce][cg][dd][ed][ef][fd][ff][gc][gf][ha][hb][hf][ib][ic][id][ie])
(;N[926]C[死活题：黑先净活]AB[ad][bc][cc][da][dc][eb][ec][fc]AW[ac][bd][bf][cd][dd][ea][ed][fa][gb][gc][gd])
(;N[927]C[死活题：黑先净杀]AB[ac][bc][bf][cd][ce][cf][db][dc][fb]AW[ab][bb][bd][be][cb][cc])
(;N[928]C[死活题：黑先劫杀]AB[bc][be][cd][ce][de][df][dg][eb][fa][fc][fh][gb][gc][gg][hb][hd][hf][hg][id]AW[ac][bb][cb][cc][db][dd][ec][ed][ee][ef][fd][ff][gd][gf])
(;N[929]C[死活题：黑先劫活]AB[ba][bc][bd][bf][cb][cd][dd][ec][ee]AW[ab][bb][bg][cc][cg][db][dc][df][ed][fc][fd][fg])
(;N[930]C[死活题：黑先净杀]AB[ab][bc][be][ca][cb][cd][de][ee][fe][gc][gd][ge][ha][hb]AW[ba][bb][cc][dc][dd][ea][fb][fc][fd][ga][gb])
(;N[931]C[死活题：黑先净杀]AB[ad][ae][bb][bd][bf][cf][df][eb][ef][fb][fc][fd][fe]AW[bc][be][ca][cb][cd][ce][db][dc][de][ec][ed][ee])
(;N[932]C[手筋题：黑先最佳着手]AB[bb][bf][bg][cc][cg][db][dg][ec][eg][fc][gb]AW[be][ce][dc][ee][fe][gd][hc][he])
(;N[933]C[死活题：黑先净杀]AB[ca][cb][cc][cd][de][ea][fd][gc][hc][ic][ja][jb][jc]AW[da][db][dc][ec][ga][gb][hb][ia][ib])
(;N[934]C[死活题：黑先净活]AB[ca][cb][cc][dc][ec][fc][gb][gc][ha][hb]AW[bb][bc][cd][dd][eb][ed][fa][fd][gd][hc][ia][ib][ic])
(;N[935]C[死活题：黑先净活]AB[ab][ba][bb][cc][dc][ec]AW[ac][bc][be][cb][cd][ed][fa][fb][fc][fd])
(;N[936]C[死活题：黑先劫杀]AB[ba][bc][bd][cd][da][dd][ed][fc][gb][gc]AW[ab][bb][cc][db][dc][ec][fa][fb])
(;N[937]C[死活题：黑先净杀]AB[ad][ba][be][bf][ca][cd][cf][dd][eb][ed][fa][fc][gc]AW[aa][ae][bb][bc][bd][cc][da][db][dc][ec])
(;N[938]C[死活题：黑先净活]AB[ab][ba][bb][bd][be][bf][cc]AW[ac][bc][bg][cb][cd][cf][cg][db][dd][ec])
(;N[939]C[手筋题：黑先最佳着手]AB[ai][aj][bi][ci][di][ej][ek]AW[ak][bh][bj][ch][cj][dj][eh][ei])
(;N[940]C[死活题：黑先净杀]AB[ac][ae][be][cd][ce][db][dd][ec][ed][fa][fb]AW[ad][bc][bd][cb][cc][dc][ea][eb])
(;N[941]C[死活题：黑先净杀]AB[bd][be][bh][cd][cg][dd][de][df][fa][ff][gb][gc][hd][he][ic]AW[aa][ad][ae][af][ba][bc][bf][cc][da][dc][ea][eb][ec][ed][fb][fd][gd])
(;N[942]C[对杀题：黑先胜]AB[bb][bc][cd][ce][de][ea][ee][fa][fb][fe][gb][gc][gd]AW[cc][da][db][eb][ed][fc][fd][ge][hb][hd][he])
(;N[943]C[死活题：黑先净活]AB[ca][cb][dc][ec][fc][ga][gb][gc][hc]AW[bb][bd][cc][ce][dd][eb][fa][fb][fe][he][ib][ic][id])
(;N[944]C[死活题：黑先净活]AB[ca][cb][dc][ea][ec][fc][gb]AW[ba][bb][bc][cc][dd][eb][ed][fd][gc][hb][hc])
(;N[945]C[手筋题：黑先最佳着手]AB[fc][gd][ge][gh][hc][hf][hg][ib][ic][jc][jg]AW[eg][ff][gf][hd][he][jb][jd][jf][kb][kc][kg][kh])
(;N[946]C[死活题：黑先净杀]AB[ec][fd][gd][hd][id][ja][jd][ka][kb][kc]AW[gc][hb][hc][ia][ic][jb][jc])
(;N[947]C[死活题：黑先净活]AB[bb][ca][db][eb][fc][ga][gc][hb][ib]AW[bc][cb][cc][ce][dc][ec][ee][fb][ge][hc][ic][jb][jc])
(;N[948]C[对杀题：黑先胜]AB[cb][cc][dc][eb][ec][fd][gd][hb][hc]AW[bb][bc][bd][cd][db][dd][ed][fa][fb][fc])
(;N[949]C[对杀题：黑先胜]AB[cc][db][dc][ed][fd][gb][gc]AW[bc][bd][cd][dd][eb][ec][fb])
(;N[950]C[死活题：黑先净活]AB[ah][bc][bd][be][bf][bh][cb][cf][cg][ch]AW[ac][ad][ae][ai][bb][bi][cc][cd][ce][ci][db][df][dg][dh][di])
(;N[951]C[死活题：黑先净活]AB[cb][cc][dc][ea][ec][fb][fc][gd][hb][hc]AW[bb][bc][be][cd][dd][ed][fd][ga][gc][gf][hd][he][ib][jc][je][kb])
(;N[952]C[死活题：黑先净活]AB[ae][ba][bc][bd][cc][db][dc]AW[ab][bb][be][bf][cd][dd][eb][ed][fc][gb])
(;N[953]C[死活题：黑先净活]AB[bc][bd][cc][da][db]AW[be][cd][cf][dc][dd][eb][fc])
(;N[954]C[死活题：黑先净杀]AB[ba][bb][bc][cd][dd][ec][ed][fd][gd][hc][ia][ib][ic]AW[ca][cb][cc][eb][fa][fb][fc][ga][gc][ha][hb])
(;N[955]C[对杀题：黑先劫]AB[ad][bd][bf][ca][cd][db][de][df][eb][ec][ed]AW[ac][ba][bc][cb][cc][dc][dd][ee][fb][fd][fe][gb])
(;N[956]C[手筋题：黑先最佳着手]AB[ab][bb][be][cc][ce][dc][dd][de][fd][fe][pp]AW[bc][bd][cb][cd][db][ec][gc][hc])
(;N[957]C[死活题：黑先净活]AB[bb][bc][bd][cd][da][dd][ed][fd][gd][hc][ib][ic]AW[ba][cb][cc][dc][ec][fa][fc][gb][gc][hb])
(;N[958]C[死活题：黑先净活]AB[ac][bc][cb][cc][da][dc][eb]AW[ba][bd][bf][cd][dd][ec][ed][fa][fb][gc])
(;N[959]C[死活题：黑先净活]AB[cb][cc][dd][de][df][ed][ef][fa][fb][fd][fe][gc][gd][hb]AW[bb][bc][ca][cd][ce][cf][da][dg][eb][ec][eg][fc][ff][fg][ge][he][ib][id][jc][je])
(;N[960]C[死活题：黑先净活]AB[ba][bd][cb][cc]AW[be][bf][cd][db][dc][de])
(;N[961]C[死活题：黑先净活]AB[aa][ab][ac][ba][bc][cc][dc][ec][fa][fb][gb][ha]AW[bb][bd][be][ca][cb][dd][df][ea][eb][ed][fc][fe][gc][hb][hc][jb])
(;N[962]C[死活题：黑先净活]AB[cb][cc][da][dc][dd][ec][fc][gb][gc][ha][hb]AW[ba][bb][bc][cd][ce][db][dg][eb][fa][fb][fd][ff][gd][hc][ib][ic])
(;N[963]C[死活题：黑先净活]AB[ab][bb][cc][db][dc][dd][eb][ed][ee][fc][fd]AW[bc][bd][ca][cd][cf][da][de][ea][ef][fb][fe][gb][gc][gd][ge])
(;N[964]C[死活题：黑先净杀]AB[ad][bd][cd][da][dd][ec][ed][fa][fb][fc]AW[ab][ac][ba][cc][db][dc][ea][eb])
(;N[965]C[死活题：黑先劫杀]AB[ab][af][bf][cf][db][dc][de][df][ec][ed][ee]AW[ac][ba][bd][be][cb][cc][ce][dd])
(;N[966]C[死活题：黑先净活]AB[af][bb][bc][bd][bf][cc][cd][ce][cf][dc][ea][ec][fb]AW[ac][ad][ae][ba][bg][cb][cg][db][dd][df][dg][eb][ed][fc][gb][gc])
(;N[967]C[死活题：黑先净活]AB[ae][bb][bd][be][cd][db][dd]AW[af][bf][cb][ce][cg][dc][de][eb][ec][ed][ff])
(;N[968]C[死活题：黑先净活]AB[ad][bb][bd][cb][ce][cg][dc][dd][df][dg][dh][di][ee]AW[ac][bc][be][bf][bg][ca][cf][ch][ci][cj][db][dj][eb][ec][ed][ej][fe][ff][fh])
(;N[969]C[死活题：黑先净活]AB[ac][af][bc][bg][cc][ce][cf][cg][dc][dd][de]AW[ab][ag][ah][bb][bd][be][bh][cb][cd][ch][db][df][dg][dh][ec][ed][ee])
(;N[970]C[死活题：黑先净杀]AB[bg][cb][cc][ce][cf][cg][dc][ed][ef]AW[ba][bb][bc][be][bf][cd])
(;N[971]C[死活题：黑先净杀]AB[ab][ac][bd][cd][dd][ee][fb][fe][gd][ha][hb][hc][hd]AW[ba][bb][bc][cc][dc][ed][fa][fc][fd][gb][gc])
(;N[972]C[对杀题：黑先胜]AB[be][cd][ce][db][dd][eb][ec]AW[bd][cb][cc][dc][ed][fb][fd][gc])
(;N[973]C[死活题：黑先净杀]AB[ae][ba][be][ce][db][dc][dd][de]AW[ac][bb][bd][ca][cc][cd])
(;N[974]C[手筋题：黑先最佳着手]AB[ca][cb][cc][cd][de][ee][fb][fd][fe][ga][gb]AW[ba][bb][bc][bd][be][ce][db][dd][ec][ed][fa])
(;N[975]C[死活题：黑先净杀]AB[bb][bc][bd][be][cf][df][ef][fc][ff][ga][gc][gd][ha][ib][ic]AW[cc][cd][ce][db][dc][de][ea][ec][ed][fb][fd][gb])
(;N[976]C[死活题：黑先净杀]AB[ab][ac][ce][de][ee][fa][fb][fc][fd][fe]AW[bc][cc][cd][dd][ea][eb][ec][ed])
(;N[977]C[手筋题：黑先最佳着手]AB[bc][bd][bg][cb][ce][cf][ci][ck][df][di][ef][ei]AW[be][bf][bh][cd][cg][dd][dh][ee][fe][ff][fg])
(;N[978]C[死活题：黑先净杀]AB[ab][af][be][bf][cb][cd][db][de][ea][ee][fa][fd][gb][gc][gd][ib]AW[ad][ae][ba][bb][bc][bd][cc][dc][eb][ec][fb][fc])
(;N[979]C[死活题：黑先净活]AB[ae][ag][bc][bd][bg][bh][cd][cf][cg][dc][dd][dg][ef]AW[ac][bb][be][bf][bi][cb][cc][ch][ci][db][df][ec][eg][ei][fc][fe][fg])
(;N[980]C[对杀题：黑先胜]AB[ba][bd][cd][dd][ea][eb][ec]AW[bb][bc][da][db][dc][ed][fd][gb][gc])
(;N[981]C[死活题：黑先净杀]AB[be][ca][cc][cd][ce][db][dc][ed][fd][gc][ha][hb][hc]AW[bb][bc][cb][da][ea][eb][ec][fb][ga][gb])
(;N[982]C[死活题：黑先净活]AB[ca][cb][cc][dc][ec][fc][gb][gc][ha][hb]AW[ba][bb][bc][cd][dd][eb][ed][fa][fd][gd][hc][ib][ic])
(;N[983]C[死活题：黑先净杀]AB[bb][bc][cd][dd][eb][ed][fb][fd][ga][gd][hd][ic][ja][jb][jd]AW[db][dc][ec][fc][gb][gc][hb][hc][ia][ib])
(;N[984]C[死活题：黑先净杀]AB[ac][bb][bd][bg][bi][cb][ch][ci][dc][ec][eh][fd][fe][fg]AW[bc][bf][bh][cc][cd][ce][cf][cg][dd][dg][ee][ef])
(;N[985]C[死活题：黑先净杀]AB[ba][bb][bc][bd][ca][ce][de][eb][ee][fa][fe][ge][hb][he][ia][ib][ic][id]AW[cb][cc][cd][da][db][dd][ed][fc][fd][ga][gb][gd][ha][hc][hd])
(;N[986]C[手筋题：黑先最佳着手]AB[da][db][dc][dd][ee][fe][gb][ge][hc][hd][ib][id]AW[ea][eb][ec][ed][fd][gc][gd][ha][hb][ic][ja][jb][jc][kd])
(;N[987]C[死活题：黑先净杀]AB[bb][bd][cc][dd][ec][ed][ef][fa][fb][gb][gf][he][ib][ic][id]AW[ca][cb][db][dc][eb][fc][ga][gd][ha][hb][hc])
(;N[988]C[死活题：黑先净杀]AB[ab][bb][bd][ca][cc][cd][dd][ea][ec][ed][fa][fb][fe][ge][hd][he][jc][je][kb][kc][kf]AW[ba][cb][db][dc][eb][fc][fd][gb][gc][gd][hb][hc][ia][ic][jb])
(;N[989]C[死活题：黑先净杀]AB[ac][ad][bd][ce][dc][df][eb][fb][fd][ff][gc][gd]AW[ab][bb][bc][db][dd][ec][ed][fc])
(;N[990]C[死活题：黑先净杀]AB[ad][bd][be][ce][da][de][ea][eb][ec][ed][ee]AW[bc][ca][cb][cd][db][dc][dd])
(;N[991]C[死活题：黑先净杀]AB[ac][ad][be][cd][dd][eb][ec][ed][fb]AW[ab][ba][bc][db][dc][ea])
(;N[992]C[对杀题：黑先胜]AB[bb][cb][cc][dd][de][df][ef][fc][fd][fe][ff][gc][hb][hc]AW[ab][ad][ba][bc][be][cd][ce][cf][dc][ea][ec][ed][ee][fb][gb])
(;N[993]C[死活题：黑先净杀]AB[bd][ca][cd][dd][ed][fa][fd][ga][gb][gc]AW[aa][ba][bc][da][dc][ea][ec][fb][fc])
(;N[994]C[死活题：黑先净杀]AB[ae][bb][be][cb][ce][db][dd][de][ee][fb][fc][fd]AW[aa][ab][ad][bd][ca][cc][dc][ea][eb][ec][ed])
(;N[995]C[死活题：黑先净杀]AB[be][cc][ce][dc][eb][ec]AW[ab][bc][bd][cb][da][db])
(;N[996]C[死活题：黑先净活]AB[ab][bc][cc][cd][db]AW[ac][ad][bd][bf][ce][dc][de][eb][ec][ee])
(;N[997]C[死活题：黑先净杀]AB[af][bg][bi][cb][cc][ce][cf][cg][dc][ed][ef]AW[ab][ba][bb][bc][be][bf][cd])
(;N[998]C[死活题：黑先净活]AB[ab][bb][bc][bd][cc][cd][dc][ea][eb][ec]AW[ac][ad][ba][be][bg][ca][ce][da][db][dd][ed][fa][fb][fc][fd])
(;N[999]C[死活题：黑先净活]AB[ab][af][ag][bb][bg][cc][cd][cg][dc][de][df][ec][ed]AW[ac][ae][ba][bc][bd][bf][bh][cb][cf][ch][db][dg][eb][eg][fc][fd][fe])
(;N[1000]C[死活题：黑先净杀]AB[da][db][ec][ed][fd][gd][hd][id][ja][jd][ka][kb][kc]AW[ea][eb][fc][gb][gc][hb][hc][ia][ic][jb])
(;N[1001]C[死活题：黑先净杀]AB[cb][cc][cd][ce][cf][cg][dd][dh][eh][fb][fc][fh][ge][gf][gg][hc][hd][jc]AW[db][dc][de][df][dg][ed][eg][fd][fe][ff][fg][gb][gc][gd])
(;N[1002]C[手筋题：黑先最佳着手]AB[ac][ad][bd][ca][cd][da][dd][eb][ec][ed]AW[bb][bc][cc][db][dc][ea][fa][fb][gc][gd])
(;N[1003]C[手筋题：黑先最佳着手]AB[bh][bi][ch][cj][dh][dj][ej][fi][fj]AW[bj][bk][ci][ck][di][dk][eh][ei][ek][gi][gk][hg][hi][hk])
(;N[1004]C[手筋题：黑先最佳着手]AB[bg][cg][ci][de][df][ec][ef][ei][fc][ff][gb][hb][ib][jb]AW[cc][cd][ce][cf][dg][ed][eg][fg][gc][gf][hc][he][ic])
(;N[1005]C[死活题：黑先劫杀]AB[de][eb][ed][fb][fe][ff][gb][gg][hb][hg][ib][if][jb][jf][kc][kd][ke]AW[fc][fd][gc][ge][hd][hf][ic][ie][jc][jd][je])
(;N[1006]C[手筋题：黑先最佳着手]AB[ba][bc][cc][dd][ec][ed][ee][fc]AW[ca][cd][ce][db][dc][de][dg][fa][gb][gc][gd])
(;N[1007]C[死活题：黑先净杀]AB[bb][bc][cd][dd][ed][fd][ga][gd][ha][hc][ib][ic]AW[ca][cb][cc][db][dc][ea][ec][gb][gc][hb])
(;N[1008]C[死活题：黑先净活]AB[cc][db][dc][dd][ea][ec][fa][fb][fc][fd][gd][hb][hc]AW[bb][bc][ca][cb][cd][ce][da][de][ee][gb][ge][ha][hd][he][ib][ic][jd])
(;N[1009]C[死活题：黑先净杀]AB[ab][bc][be][cd][de][ee][fd][gd][hb][hc][hd]AW[bb][ca][cb][cc][db][dd][ed][fa][fc][gc])
(;N[1010]C[死活题：黑先净杀]AB[ba][be][bf][cf][ch][dc][dg][ea][eb][ec][eh][fa][fd][fe][gb][gc][gg]AW[bb][bd][cc][cd][ce][da][db][dd][ed][ee][ef])
(;N[1011]C[死活题：黑先净活]AB[db][eb][fa][fb][ff][gc][gd][ha][hb][ib]AW[cb][cd][da][dc][ed][ge][hc][hd][jb][jc][je])
(;N[1012]C[死活题：黑先净杀]AB[cb][cc][dc][de][ed][fa][fd][gd][hc][ic][jb][kc]AW[da][db][ec][fc][ga][gc][hb][ia][ib])
(;N[1013]C[死活题：黑先净杀]AB[ac][bd][be][cb][ce][dd][ec][ed][fb][gc]AW[aa][bb][ca][cc][cd][dc][ea][eb])
(;N[1014]C[死活题：黑先净活]AB[db][dc][ed][fb][fc][fd][ga][gc][hb]AW[bb][bc][cb][cd][da][dd][eb][ee][fe][gd][hc][hd][ib][jc])
(;N[1015]C[死活题：黑先净活]AB[ac][ae][bc][bf][ca][cb][cc][cf][dd]AW[af][be][bg][cg][da][db][dc][df][ed][ee][eg][fc])
(;N[1016]C[死活题：黑先净杀]AB[bc][bd][be][bf][cc][db][dg][eb][ee][eg][fb][fg][gc][gf][hd][he][hf]AW[cd][ce][dc][de][ec][ef][fc][fe][gd][ge])
(;N[1017]C[死活题：黑先净杀]AB[ac][ad][ae][be][ce][dd][de][ec][fa][fb][fc]AW[ab][bb][bc][bd][cd][da][dc][ea][eb])
(;N[1018]C[死活题：黑先净杀]AB[ac][bb][bc][bf][cg][dc][dg][eg][fa][fb][fc][ff][gd][gf]AW[ae][be][ca][cc][cd][ce][db][de][ea][ed][ee])
(;N[1019]C[死活题：黑先劫活]AB[ab][ba][cb][db][dc][ec][fc][gb][hb][ib][jb]AW[bb][bc][ca][cc][ce][da][dd][ea][ed][fd][gc][hc][ic][jc][kb][kc])
)