((;N[1]C[死活题：黑先净杀]AB[ae][bb][bd][be][ce][de][ed][fa][fb][fc][fd]AW[ab][ac][ad][bc][cd][da][dc][dd][ea][ec])
(;N[2]C[对杀题：黑先胜]AB[ac][bd][be][cc][ce][da][db][dc][de]AW[ab][bb][bc][ca][cd][dd][ed][fb][fd])
(;N[3]C[死活题：黑先净杀]AB[bb][bd][cc][dd][de][ee][fe][ge][ha][hb][hc][hd]AW[ca][cb][dc][ed][fb][fd][ga][gb][gc][gd])
(;N[4]C[手筋题：黑先最佳着手]AB[bc][be][cd][dd][ec][ef][fc][fe]AW[ab][bb][cc][db][dc][de][eb][ed][ee][hc][he])
(;N[5]C[死活题：黑先净活]AB[ce][dc][de][ec][ed][ee][fe][gb][gc][gd][ha]AW[bc][bd][be][cb][cf][db][df][ef][fc][fd][ff][ge][hb][hc][he][ie][jb][jc])
(;N[6]C[对杀题：黑先胜]AB[cc][da][db][dc][ec][fc][gc][hb][ib][ic]AW[bc][be][cb][cd][dd][eb][ed][fb][fd][gb][gd][hc][hd])
(;N[7]C[手筋题：黑先最佳着手]AB[be][ce][cg][dc][df][ed][ef][fd][ff]AW[cc][cd][db][dd][de][gc][gd][ic])
(;N[8]C[死活题：黑先净活]AB[cc][dc][ec][ed][fb][fd][gb][hb]AW[bb][bc][bd][be][dd][de][ee][fc][fe][gc][gd][ib][ic][ie])
(;N[9]C[死活题：黑先劫杀]AB[af][bb][bc][bg][bl][cl][dc][dd][de][df][dh][di][dk][ek][fh]AW[ac][ae][bd][bk][cd][ce][cg][ch][ci][cj][ck])
(;N[10]C[死活题：黑先劫杀]AB[ab][bc][bd][ce][cf][ee][ef][fb][gb][gc][gf][hd][he][ic]AW[ba][bb][ca][cc][dd][eb][ed][fc][fd][gd])
(;N[11]C[死活题：黑先净活]AB[aa][ad][bb][bc][bd][cd][dd][ea][eb]AW[ab][ae][be][ce][db][de][ec][ed][fb][gc])
(;N[12]C[死活题：黑先净活]AB[bb][bc][bd][be][ce][de][ea][ec][ed][ee][fa][fb]AW[ab][ac][ad][ae][bf][cb][cc][cd][cf][df][ef][fc][fd][fe][ff][ga][gb])
(;N[13]C[对杀题：黑先胜]AB[ca][cd][ce][cf][db][dc][eb]AW[ba][cb][cc][dd][ed][fb][fc])
(;N[14]C[死活题：黑先净活]AB[ca][da][db][eb][ec][fc][hc][hd][he][ia][ib][jb]AW[ab][ba][cb][cc][dc][ed][fa][fd][gd][gf][ha][hf][if][ja][jc][je][kb][kc])
(;N[15]C[死活题：黑先净杀]AB[ba][bd][cd][dd][ec][fa][fb][fc]AW[ac][bc][ca][cc][da][dc][ea][eb])
(;N[16]C[手筋题：黑先最佳着手]AB[ce][dd][df][ed][fd][gb][gd][hb][hc][hf][id][ie]AW[cc][cd][dc][ec][ef][fc][gc][ge][hd][he][ib][ic])
(;N[17]C[手筋题：黑先最佳着手]AB[ba][bb][bc][cd][ce][de][ef][eg][fb][gb][ha][ia][ib][ic]AW[ca][cb][cc][dc][dd][ea][ee][fa][fe][ff][ga][gd][hb][hc][hd])
(;N[18]C[死活题：黑先劫杀]AB[ac][bd][cd][da][dc][de][ec][gb][gc]AW[ab][bb][bc][cc][db][eb])
(;N[19]C[死活题：黑先净杀]AB[ba][bc][bd][cd][da][dd][eb][ed][fd][gd][ha][hb][hc][hd]AW[bb][ca][cb][cc][db][ec][fc][ga][gb][gc])
(;N[20]C[死活题：黑先净杀]AB[bb][be][ce][de][ea][eb][ec][ed]AW[ab][ad][ba][bd][db][dc][dd])
(;N[21]C[对杀题：黑先胜]AB[ab][ac][ad][bc][be][ce][de][ed][ee][fb][fc]AW[ae][af][bd][bf][cd][cf][ch][da][db][dc][dd][ec])
(;N[22]C[死活题：黑先净杀]AB[bc][bf][ca][cd][ce][da][db][dc]AW[ab][ba][bb][bd][cb][cc])
(;N[23]C[死活题：黑先净杀]AB[ab][ac][bc][bd][cb][ce][da][de][ee][fa][fe][ge][ha][hb][hc][hd]AW[ba][bb][cc][db][dc][ec][fc][ga][gb][gc])
(;N[24]C[死活题：黑先净活]AB[cb][cc][dd][ed][fb][fc][fe][gc][gd][ge]AW[bb][bc][cd][ce][de][eb][ef][ff][gb][gf][hb][hc][hd][he][hf])
(;N[25]C[死活题：黑先净杀]AB[ab][af][bb][bf][ca][cg][db][dc][dg][ed][ee][ef]AW[ac][ae][bc][be][cb][cc][cf][dd][de][df])
(;N[26]C[对杀题：黑先胜]AB[ba][bb][bc][cd][ce][de][df][eb][fe][ff][gc][gd]AW[bd][be][cb][cc][cf][cg][db][dd][ec][ed])
(;N[27]C[死活题：黑先净杀]AB[ba][bb][bc][bd][be][cb][cf][df][ef][fa][fb][ff][gc][gd][ge][ib][ic][id][ja][kb]AW[ca][cc][cd][da][db][dd][eb][ec][ee][fc][gb][ha][hb][hc][ia])
(;N[28]C[死活题：黑先净杀]AB[ab][ae][bb][bh][cc][ci][db][dc][dg][dh][dj][ec][ee][fb]AW[ad][ba][bc][be][bg][cb][cd][ce][cf][cg])
(;N[29]C[死活题：黑先净杀]AB[bd][cc][cd][dd][ed][fa][fc][gb][gc][ib]AW[ab][bc][cb][ea][eb][ec][fb])
(;N[30]C[手筋题：黑先最佳着手]AB[ba][bb][bc][bd][ca][cc][dd][de][ee][fb][fe][ge]AW[ad][be][cb][cd][ce][cf][da][db][dc][ed][fc][hb][hc])
(;N[31]C[死活题：黑先净杀]AB[bb][bc][cb][cd][ce][cg][da][df][ef][ff][ge][hb][hd][he][ib][ic]AW[cc][db][dc][dd][de][ea][ee][fd][fe][gb][gc][gd][hc])
(;N[32]C[死活题：黑先净活]AB[ba][bb][bc][bg][cc][cd][ce][cg][dd][df][ed][ee][ef]AW[ab][ac][be][bf][bh][ca][cb][cf][ch][da][dc][dg][eb][ec][eh][fa][fd][fe][fh][gf][gg])
(;N[33]C[死活题：黑先净杀]AB[be][cc][ce][dc][de][eb][fc][gb]AW[ab][bc][bd][cb][db][ea])
(;N[34]C[死活题：黑先净杀]AB[ac][ae][be][ce][dd][de][ec][fc][ga][gb][gc]AW[ad][bc][bd][cd][db][eb][fa][fb])
(;N[35]C[死活题：黑先净杀]AB[ab][bc][cc][ce][dd][ee][fe][ge][ha][hb][hc][hd][he]AW[ba][bb][cb][dc][ed][fd][ga][gb][gc][gd])
(;N[36]C[死活题：黑先净活]AB[bc][ca][cc][dc][ea][eb]AW[ba][bb][bd][cd][dd][ec][fb][fc][gc])
(;N[37]C[死活题：黑先净活]AB[cb][cd][ce][db][dd][df][ec][ed][ee][ef][fb][ff]AW[ba][bb][bc][bd][be][cc][cf][cg][dc][dg][eg][fe][fg][ga][gb][gc][ge][gf])
(;N[38]C[死活题：黑先净活]AB[bc][cb][cc][dc][ec][fb][gb]AW[aa][ac][bb][bd][cd][dd][ed][fc][gc][hb][hc])
(;N[39]C[死活题：黑先净杀]AB[bg][bh][bi][cb][cc][ch][dd][de][df][dg][eb]AW[ag][bb][bc][bd][bf][ce][cf][cg])
(;N[40]C[对杀题：黑先劫]AB[bd][cb][cd][db][dd][eb][ec][fb]AW[bb][bc][ca][cc][dc][ed][ee][fc][gb][gc])
(;N[41]C[对杀题：黑先胜]AB[ac][ad][ba][bb][bd][cd][dc][ec][fb][fd]AW[ab][bc][bf][ca][cb][cc][ce][cf][dd][de][ea])
(;N[42]C[死活题：黑先净杀]AB[ad][bb][bf][bj][cb][cc][ch][ci][dg][dj][ec][ee]AW[ab][ae][bc][bd][bh][cd][ce][cf][cg])
(;N[43]C[死活题：黑先劫杀]AB[ba][bc][bd][cd][dd][ed][fc][gb][gc]AW[ac][bb][cc][db][dc][ec][fa][fb])
(;N[44]C[死活题：黑先净活]AB[bd][bf][cd][de][df]AW[cb][cc][cg][ch][cj][dd][ed][eg][fe])
(;N[45]C[死活题：黑先净杀]AB[bb][bd][be][ca][ce][de][ec][ed][fb][gc]AW[ab][bc][cd][db][dc][dd][eb])
(;N[46]C[对杀题：黑先胜]AB[ad][bb][bc][bd][cd][dd][ed][fe][gb][gc][gd][ge]AW[ae][be][ca][cc][ce][db][dc][de][ea][eb][ec][ee][fc][fd])
(;N[47]C[死活题：黑先净杀]AB[ad][af][bd][bf][cb][cd][cf][db][df][ea][ed][ee][ef][fa][fb][fc]AW[ab][ae][bc][be][cc][ce][da][dc][dd][de][eb][ec])
(;N[48]C[死活题：黑先净活]AB[fa][fb][fc][ja][jb][jc]AW[ea][eb][ec][ed][fe][gd][he][id][je][ka][kb][kc][kd])
(;N[49]C[对杀题：黑先胜]AB[bc][be][cb][ce][db][dd][df][eb][ef][eg][fc][fd]AW[bb][bd][cc][cf][cg][dc][dg][di][ec][fb][gb][hc][he])
(;N[50]C[死活题：黑先净活]AB[ca][cb][db][dc][ec][fc][fd][gc][hb][hc][ia][jb]AW[ba][bb][cc][cd][dd][eb][ee][fb][fe][gd][hd][ib][ic][id][kb][kd])
(;N[51]C[死活题：黑先净杀]AB[ac][af][bf][cc][cf][dc][df][eb][ed][ee][gb]AW[ae][bb][bc][be][cb][ce][db][de])
(;N[52]C[死活题：黑先净活]AB[ba][cb][da][db][dd][de][ea][ec][ee][fc][fe][gc][hb][ib]AW[bb][bc][cc][cd][ce][dc][df][eb][ef][fa][fb][ff][gf][hd][ic][jb][kc])
(;N[53]C[死活题：黑先净活]AB[bb][bc][ec][fb][fc][fd][gb]AW[ab][ad][bd][cd][dd][ed][ee][fe][gc][gd][ge][hb][ic])
(;N[54]C[死活题：黑先净杀]AB[bb][bd][cc][ce][cg][dd][ed][ef][fd][ff][gf][ha][hb][hf][ib][ic][id][ie]AW[cb][dc][ea][ec][fc][fe][ga][gb][gd][ge][hc][hd][he])
(;N[55]C[死活题：黑先净杀]AB[bd][be][bf][cd][cf][db][df][ea][ee][ef][fd][ga][gb][gc][gd]AW[cb][cc][ce][dc][dd][de][ec][ed][fa][fb][fc])
(;N[56]C[死活题：黑先净活]AB[bb][cb][db][dc][fb][fc][fd][gc]AW[ab][bc][cc][ce][dd][ee][fe][gb][gd][ge][hb][hc])
(;N[57]C[对杀题：黑先胜]AB[af][bf][ca][cb][cc][cd][cf][de][ee][fc][fe][gb]AW[ab][ad][ae][bb][be][ce][da][db][dc][dd])
(;N[58]C[死活题：黑先净杀]AB[ac][bd][be][ce][de][ee][fa][fb][fc][fd]AW[ba][bc][cc][cd][dd][ea][eb][ec][ed])
(;N[59]C[死活题：黑先净活]AB[ac][bb][bc][cc][db]AW[aa][be][ce][dc][dd][eb][fc])
(;N[60]C[死活题：黑先净杀]AB[ba][bc][be][bf][cb][cc][cf][ch][da][dc][dh][ed][ee][eh][fc][ff][ga][gb][gd]AW[ab][ac][ad][bb][bd][cd][ce][db][dd][de][df][dg][eb][ec][fb])
(;N[61]C[死活题：黑先净活]AB[cb][cc][dc][ec][fc][gb][gc][hb]AW[bb][bc][cd][dd][ed][fd][gd][ha][hc][ib][ic])
(;N[62]C[死活题：黑先劫活]AB[ae][bb][bd][cc][cd][dd][ec][ed][fb][fc][gc][hc]AW[ab][ba][be][bg][cb][ce][da][db][dc][de][eb][ee][fa][fe][gb][hb][he][ic][id])
(;N[63]C[死活题：黑先净活]AB[af][aj][bd][be][bh][bj][cd][cf][cg][ch][ci][cj]AW[ac][ad][ae][ag][ah][bc][bk][cb][ce][ck][dc][dd][de][df][dg][di][dj][ek])
(;N[64]C[死活题：黑先净杀]AB[ba][cb][cc][cd][ce][cf][df][ec][ef][fd][fe][ge][ha][hb][he][ic][id][jc][kc]AW[ca][db][dc][dd][de][fb][fc][ga][gc][gd][hc][hd][ib][jb])
(;N[65]C[死活题：黑先净活]AB[ba][cb][dc][eb][ec][ed][gb][ha][hb][hc]AW[ab][bb][bd][cc][cd][da][dd][ee][fd][ff][gc][he][hf][ib][ic][id])
(;N[66]C[死活题：黑先净活]AB[ab][ac][ag][ai][bb][bg][bh][cb][cc][cd][ce][cf]AW[ad][af][ba][bc][bd][bf][bi][bj][ca][cg][ch][ci][db][dd][df][eb][ed][ef])
(;N[67]C[死活题：黑先净杀]AB[bd][be][ce][da][de][eb][ed][fb][fc][fd]AW[ac][bc][ca][cd][db][dc][dd][ec])
(;N[68]C[对杀题：黑先胜]AB[bc][be][cd][dd][eb][ed][fb][fd][gb][gd][hc][hd]AW[bb][cc][da][dc][ec][fc][gc][hb][ib][ic])
(;N[69]C[死活题：黑先净杀]AB[af][bf][cd][ce][cf][dc][eb][ec][fa][gb]AW[bb][bc][bd][be][cc][da][db][ea])
(;N[70]C[死活题：黑先净活]AB[ca][cb][da][db][ec][fb][fc][gc][hb][hc]AW[ba][bb][cc][dc][de][eb][ed][gb][ge][ha][hd][ib][ic][id])
(;N[71]C[死活题：黑先净活]AB[ae][bd][bf][cd][de][df]AW[bg][cb][cc][cg][ch][dd][ed][eg][fe])
(;N[72]C[死活题：黑先净杀]AB[bd][bg][cc][cg][da][dc][df][ed][gc]AW[aa][ab][ac][ba][bc][bf][cb][cd][ce])
(;N[73]C[死活题：黑先净杀]AB[ab][bc][bd][cd][db][dd][ee][fe][gd][hb][hc][hd]AW[ba][bb][cc][dc][eb][ed][fb][fd][gc])
(;N[74]C[死活题：黑先净杀]AB[bb][bf][bg][ce][db][dc][dd][de][fb]AW[ab][af][bd][be][cb][cc][cd])
(;N[75]C[手筋题：黑先最佳着手]AB[ba][bc][be][cb][cc][cd][ce][ea][hb][hc][hd]AW[ab][ac][ad][ae][bb][bd][bf][ca][cf][df][eb][ec][ee][fc][fe])
(;N[76]C[死活题：黑先净活]AB[ca][cb][db][ea][ec][fc][gb][hb]AW[ba][bb][cc][dd][ed][fb][fd][gc][hc][ia][ib][ic])
(;N[77]C[死活题：黑先劫杀]AB[be][bf][cb][da][de][dg][eb][ed][ee][fc]AW[bb][bd][cc][cd][db][dc][dd])
(;N[78]C[对杀题：黑先劫]AB[ac][ad][bd][cc][cd][cf][db][de][eb]AW[ab][ba][bb][bc][cb][dc][dd][ea][fc][fe][gb])
(;N[79]C[死活题：黑先净杀]AB[bf][cb][cd][ce][cf][dd][eb][ec][ed]AW[ab][ad][ba][bb][bd][be][cc][dc])
(;N[80]C[死活题：黑先净活]AB[ad][ba][bc][bd][cc][da][dc][ec]AW[ab][bb][be][cb][cd][cf][dd][ea][ed][fb][fc][fd])
(;N[81]C[死活题：黑先净活]AB[af][bd][be][cb][cc][cd]AW[ae][bf][bg][ce][db][dc][dd][de][fb])
(;N[82]C[手筋题：黑先最佳着手]AB[ab][bb][cb][cc][dc][ed][fd][ff][hb][hd]AW[bc][bd][cd][db][dd][df][eb][ec][hc][ib][ic][id][ie])
(;N[83]C[死活题：黑先劫活]AB[aa][ac][bb][bd][cd][cf][dc][dd][de][df][dg][eb][ee][eg][fb][fd][fe][fg][ge]AW[bc][be][bf][bh][ca][cb][cc][ce][cg][db][dh][ec][ed][eh][fc][fh][gc][gd][gh][hd][he][hf][ic])
(;N[84]C[死活题：黑先净杀]AB[bd][cd][dd][ed][fc][ga][gb][gc]AW[bb][bc][ca][dc][eb][ec][fb])
(;N[85]C[死活题：黑先净杀]AB[bc][bd][ce][cf][df][ea][ef][fb][fc][fd][fe]AW[ab][bb][cc][cd][dc][de][ec][ed][ee])
(;N[86]C[手筋题：黑先最佳着手]AB[bd][cd][cg][dc][dd][eb][ed][fb][gc]AW[bb][bc][ca][cc][db][dg][ec][fc][fd][ic][ie])
(;N[87]C[死活题：黑先净活]AB[ac][ba][be][cb][cc][cd][ce]AW[ad][bb][bc][bf][cg][db][dc][dd][de][df])
(;N[88]C[对杀题：黑先胜]AB[ab][bb][bc][bd][be][ce][da][de][ed][fb][fc][fd]AW[ba][cb][cc][cd][dd][ea][eb][ec][ee][fe][gd][ge][hb][hc])
(;N[89]C[死活题：黑先劫活]AB[ab][bd][cd][db][dc][dd]AW[bb][bc][be][bg][ce][de][eb][ec][ed][ee][gb])
(;N[90]C[死活题：黑先净杀]AB[ae][af][bc][bf][cf][db][dc][dd][de][df][fb]AW[ab][ad][be][cb][cc][cd][ce])
(;N[91]C[对杀题：黑先胜]AB[ca][cb][cc][cd][de][ee][fc][fd][fe][gb][ha][hb]AW[ba][bb][bc][bd][ce][cf][dd][eb][ec][ed][ga])
(;N[92]C[对杀题：黑先胜]AB[ad][ba][bb][bd][cd][db][dc][eb][fb]AW[ab][bc][ca][cb][cc][dd][ec][ed][fc][gb][gc])
(;N[93]C[对杀题：黑先胜]AB[bb][bc][bd][cb][cd][db][dc][ed][fd][gb][gd][hc]AW[ad][ba][be][ca][ce][da][dd][de][ea][eb][ec][fc])
(;N[94]C[死活题：黑先净杀]AB[ad][bd][be][cb][ce][cg][df][ef][fa][fd][gb][gc][ge]AW[ac][bc][cc][cd][db][dd][de][ec])
(;N[95]C[对杀题：黑先胜]AB[cb][cf][db][df][eb][ec][ef][fd][fe]AW[bb][bf][bg][cc][ce][ed][ee][fb][fc][hc])
(;N[96]C[死活题：黑先净杀]AB[bb][bc][bd][ca][ce][db][dc][de][ea][ee][fe][ga][gb][gc][gd]AW[cb][cc][cd][dd][eb][ec][ed][fa][fb])
(;N[97]C[手筋题：黑先最佳着手]AB[bb][cc][cd][ce][cf][df][dh][eg][fg][gb][gf][hc][hd][hf][id][jf]AW[cb][db][dc][dd][de][ef][ff][gc][gd][gg][gh][hb][ib][ic][ih][jd][kd])
(;N[98]C[死活题：黑先净活]AB[ba][bb][cc][dc][eb][ec][fb][ga]AW[ab][bc][bd][ca][cd][cf][db][ee][fa][fc][fd][gb][hb])
(;N[99]C[死活题：黑先净杀]AB[bc][be][bg][ce][de][eb][ec][ed][ee]AW[ac][bd][cb][cd][dc][dd])
(;N[100]C[死活题：黑先净杀]AB[ab][ae][bd][be][ca][ce][db][dc][de][ed][fd][gb][gc]AW[ad][bb][cb][cc][cd][dd][eb][ec][fb])
(;N[101]C[死活题：黑先净杀]AB[bb][bc][cc][dc][ed][fd][gd][hc][ib][ic]AW[cb][db][ec][fa][fc][gb][hb])
(;N[102]C[死活题：黑先净活]AB[ba][bb][be][cb][cc][cd][da]AW[ab][bc][bf][bg][db][dc][dd][df][eg][fb])
(;N[103]C[死活题：黑先净杀]AB[ab][ba][cb][cc][dc][dd][ea][ed][fa][fd][gd][gf][ha][hf][if][ja][jc][je][kb][kc][lb]AW[ca][da][db][ec][fb][fc][ga][gc][hc][hd][he][ia][ib][jb])
(;N[104]C[死活题：黑先净杀]AB[ab][be][cd][cf][dd][ec][fa][fb][fc]AW[aa][ac][ad][bd][cc][db][dc][ea][eb])
(;N[105]C[死活题：黑先净杀]AB[be][ca][ce][da][dd][ed][fc][fd][ga][gb]AW[ba][cb][cd][dc][ea][ec][fb])
(;N[106]C[死活题：黑先净杀]AB[bc][be][cd][ce][de][ea][ee][fa][fd][ga][gb][gc][gd]AW[aa][bb][bd][cc][da][dd][eb][ed][fb][fc])
(;N[107]C[手筋题：黑先最佳着手]AB[bf][cb][cf][de][df][ec][ed][eg][eh][fh][gh][hi]AW[bd][bg][cd][cg][ci][dd][dg][ee][ef][fg][gc][gg][hd])
(;N[108]C[死活题：黑先净活]AB[bc][bd][cb][ce][db][df][eb][ec][ee][ef][fb][fe][gc][gd]AW[ac][ad][bb][be][bg][ca][cf][da][dg][ea][eg][fa][fd][ff][gb][ge][gf][hb][hc][hd])
(;N[109]C[死活题：黑先净杀]AB[ad][ae][ba][be][ce][da][de][ed][ee][fa][fb][fc]AW[ab][ac][bd][cd][db][dd][ea][eb][ec])
(;N[110]C[对杀题：黑先胜]AB[bb][bc][cc][dd][ec][ed][fb][gc]AW[ac][bd][cb][cd][ce][db][dc][de][eb])
(;N[111]C[对杀题：黑先胜]AB[bc][bd][cc][dc][ed][fc][fd][gb][hb][hd]AW[ba][be][cd][cf][db][dd][df][ea][eb][ec][fb])
(;N[112]C[手筋题：黑先最佳着手]AB[fd][gd][hc][ic][jc][kd][ke]AW[ec][gb][gc][ib][id][if][jb][jf][kb][kc][kg])
(;N[113]C[死活题：黑先净活]AB[ba][bc][cb][cc][cd]AW[ad][af][bd][bg][ca][ce][cf][cg][db][dc][dd][fb])
(;N[114]C[对杀题：黑先胜]AB[bb][cc][dc][dd][ea][eb][ec][fd][gd][hb]AW[bc][bd][ca][cb][cd][de][ed][ee][fa][fb][fc])
(;N[115]C[手筋题：黑先最佳着手]AB[ad][be][bf][cc][cd][cg][db][dc][ed][hb][hc][hd][he]AW[ab][bc][bd][ca][cb][ce][dd][de][ee][fd])
(;N[116]C[对杀题：黑先胜]AB[ad][ae][be][ce][dc][de][ea][eb][ec][ed]AW[bc][bd][cb][cd][da][db][dd][ee][ef][fb][fd][gb])
(;N[117]C[死活题：黑先净杀]AB[ab][ad][ae][bb][be][ce][de][ed][fb][fc][fd]AW[aa][ba][bd][ca][cb][cd][dd][ea][eb][ec])
(;N[118]C[手筋题：黑先最佳着手]AB[ac][bb][ca][cb][cc][cd][da][de][ea][ee]AW[ae][bc][bd][bf][ce][cf][dc][dd][eb][fa][hb][hc][hd])
(;N[119]C[死活题：黑先净活]AB[ad][ae][bc][bd][cc][db]AW[af][be][bf][cd][ce][dc][dd][eb][fd])
(;N[120]C[死活题：黑先劫杀]AB[bb][cc][dc][de][eb][ed][fe][ff][he][hf][ia][ja][jb][jc][jd][je]AW[db][fb][fc][fd][gb][gc][gd][ha][hc][hd][ib][ic][id])
(;N[121]C[手筋题：黑先最佳着手]AB[ba][bb][bc][cd][ce][de][ec][ee][fd]AW[bd][be][bf][ca][cb][cc][cf][ed][fb][fc])
(;N[122]C[死活题：黑先净杀]AB[ac][ad][ae][ba][be][ca][ce][de][ed][fa][fb][fc][fd]AW[ab][bb][bd][cd][dc][dd][ea][eb][ec])
(;N[123]C[死活题：黑先净活]AB[ab][bd][cb][cc][cd][dc]AW[ba][bb][bc][be][ce][cg][dd][ed][fc][hc])
(;N[124]C[死活题：黑先劫活]AB[ac][af][bb][bc][be][bf][cc][cd][ce][dc][eb][fb][gb]AW[ad][ag][ba][bg][cb][cf][da][db][dd][de][dg][ec][fc][ga][gc][hb][hc])
(;N[125]C[手筋题：黑先最佳着手]AB[be][bf][db][de][df][eb][ed][eg][fb][gb][hc][ic]AW[cb][cc][cd][ec][ee][fc][gd][gf][hd][hf])
(;N[126]C[死活题：黑先净杀]AB[ab][af][bg][ca][ce][cf][cg][da][db][dc][ed][eg][fc][ff]AW[ac][ad][ba][be][bf][cb][cc][cd][dd][de])
(;N[127]C[死活题：黑先劫杀]AB[ae][ba][bb][be][cc][cd][ce][de][ec][ee][fd][fe][hb][hc][hd]AW[ab][ad][bc][ca][cb][db][dc][eb][fb][gb])
(;N[128]C[死活题：黑先净杀]AB[ac][bf][bh][bj][ce][cf][cg][ci][db][ec][ei][fc][fe][fg]AW[ae][bb][bd][bg][cb][cc][ch][dd][de][df][dg][dh])
(;N[129]C[手筋题：黑先最佳着手]AB[ad][bc][cc][cf][dc][df][ec][fb][fe][ff][gb][gc][gd]AW[bb][be][cb][ce][db][dd][eb][ed][fc][fd])
(;N[130]C[死活题：黑先净活]AB[ab][ad][bc][bd][cc][db][dc][ea][ec]AW[aa][bb][be][ca][cd][cf][dd][eb][ed][fb][fc][gb])
(;N[131]C[对杀题：黑先胜]AB[bb][bc][cd][dd][eb][ec]AW[ac][bd][be][cb][cc][ce][db])
(;N[132]C[死活题：黑先净活]AB[ah][ba][bd][be][bg][bh][cb][cc][ce][cg][df][dg]AW[ad][af][bb][bc][bi][cd][ch][cj][db][dc][dd][de][dh][ef][eg])
(;N[133]C[死活题：黑先净活]AB[ba][bd][be][ca][cd][db][dc][dd][ec][fc][gc]AW[ab][bb][bc][bf][cb][ce][cg][de][eb][ed][ee][fb][gb][gd][hc][hd])
(;N[134]C[对杀题：黑先胜]AB[cc][db][dc][dd][eb][ee][fe][gc][gd][ge][hb][hc]AW[bb][bc][cb][cd][ce][de][ed][fb][fc][fd][gb])
(;N[135]C[对杀题：黑先胜]AB[bc][be][ce][dc][de][ea][ec][ed][ee][ef][fb][fg][gb][gc][gg][hb]AW[ae][bf][cb][cc][cd][cf][db][df][dg][eb][eg][fc][fd][fe][ff])
(;N[136]C[死活题：黑先净活]AB[ab][ad][bc][ca][cb][db][dc][fb][fc][gb]AW[ae][ba][bb][be][cc][cd][ce][dd][de][ec][ee][fd][fe][hb][hc][hd])
(;N[137]C[死活题：黑先净杀]AB[ad][bc][bd][bf][ca][ce][db][ee][fb][fd][gb][gc]AW[ab][ac][bb][cc][cd][da][ea][eb][ec][fc])
(;N[138]C[死活题：黑先净活]AB[cb][cc][cd][dd][eb][ed][fa][fb][fd][gb]AW[bb][bc][bd][ce][de][ee][fc][fe][ga][gc][gd][ge][hb][ic])
(;N[139]C[死活题：黑先净活]AB[ad][bb][bc][bd][cb]AW[ae][be][cc][cd][ce][da][db][dc])
(;N[140]C[死活题：黑先净杀]AB[aa][bb][bc][be][ca][ce][de][ed][ee][fa][fb][fc]AW[ac][bd][cb][cd][dc][dd][eb][ec])
(;N[141]C[手筋题：黑先最佳着手]AB[cd][ce][cf][cg][ch][db][dc][ed][eh][fb][fd][ge]AW[bc][bd][be][bf][cc][dd][de][ee][eg][fg][gb][gc][id][je][jg])
(;N[142]C[死活题：黑先净杀]AB[ba][bd][cd][dd][ec][fa][fb][fc]AW[ac][bb][bc][cc][da][dc][ea][eb])
(;N[143]C[死活题：黑先净杀]AB[bb][ca][cc][dc][de][ea][eb][ed][fd][gd][hd][id][jd][ka][kb][kc][kd]AW[cb][db][ec][fa][fb][fc][hc][ic][ja][jb][jc])
(;N[144]C[死活题：黑先净杀]AB[bb][bd][ca][cc][dd][de][ff][hc][hd][he][jc]AW[cb][db][dc][ea][ed][fb][fc][fd][gc][gd])
(;N[145]C[手筋题：黑先最佳着手]AB[bb][be][cc][cd][ce][db][de][ec][fa][fb][fc]AW[ba][bd][ca][cb][dc][dd][ed][fd][ga][gb][gc][gd])
(;N[146]C[死活题：黑先净杀]AB[bc][bd][ca][cb][cd][cf][da][de][eb][ec][fb][fe][gc][ge][hb]AW[ab][ba][bb][cc][db][dc][dd][ed][fa][fc][fd])
(;N[147]C[死活题：黑先劫杀]AB[bb][cc][dc][de][eb][ed][fe][ff][he][hf][ia][ja][jb][jc][jd][je]AW[db][ec][fc][fd][gb][gc][gd][ha][hc][hd][ib][ic][id])
(;N[148]C[死活题：黑先净杀]AB[ac][bb][bi][cb][cc][cf][ch][ci][db][df][ec][eg][ei][fc][fe][fg]AW[ae][ah][bc][bd][bf][bg][bh][cd][cg][dc][dd][dg])
(;N[149]C[死活题：黑先净活]AB[ac][bc][cc][da][dc][eb][ec]AW[ad][bd][ca][cd][dd][ea][ed][fa][fb][fc])
(;N[150]C[死活题：黑先净活]AB[bd][be][cb][cc][db]AW[ae][bf][cd][ce][cf][dc][eb][ec])
(;N[151]C[死活题：黑先净杀]AB[ab][be][bg][cb][cd][cf][ch][db][dd][df][ee]AW[ac][af][ba][bb][bc][bd][bf][ce])
(;N[152]C[对杀题：黑先胜]AB[bc][be][ce][db][dc][dd][fd]AW[bd][bg][cb][cc][cd][de][dg][ee])
(;N[153]C[死活题：黑先净杀]AB[bb][bc][bd][ce][db][de][ee][fd][fe][gc][ha][hb][hc]AW[cb][cc][cd][dd][ea][ed][fb][fc][ga][gb])
(;N[154]C[死活题：黑先净活]AB[ag][bb][bc][be][bf][cc][ce][dc][de][df][ed][ee]AW[af][ba][bg][bi][cb][cd][cf][cg][db][dg][ea][eb][ec][ef][eg][fd][fe])
(;N[155]C[死活题：黑先净活]AB[ba][ca][cb][dc][ed][fb][fd][ga][gc][ha][hb][hc]AW[bb][bc][cc][dd][de][ec][ee][fe][gd][hd][ia][ib][ic][id])
(;N[156]C[对杀题：黑先胜]AB[bc][cc][cd][de][ed][fc][fd][gb][hb]AW[bd][be][ce][cg][dc][dd][eb][ec][fb][hc][hd][he][ib][jc])
(;N[157]C[手筋题：黑先最佳着手]AB[be][cd][ce][cf][dc][dg][ec][eg][fc][fe][gc][gf][gg][hg]AW[ac][bd][cb][cc][dd][de][df][fd][ff][ge][hb][hc][hd][hf][if])
(;N[158]C[死活题：黑先净活]AB[ba][bb][bd][cb][cc]AW[ac][bg][ca][cd][ce][cf][db][dc][ed])
(;N[159]C[死活题：黑先净杀]AB[cb][cc][cd][ce][cf][cg][ci]AW[bb][bc][bd][be][bf])
(;N[160]C[对杀题：黑先胜]AB[ba][bb][bc][bd][be][ce][dd][eb][ed][fa][fd][gb][gc]AW[cb][cc][cd][da][db][de][ee][fe][ga][gd][ha][hb][hc][hd])
(;N[161]C[对杀题：黑先劫]AB[ad][ae][be][ce][da][dd][de][eb][ec][fb][gb][gc]AW[ac][bb][bc][bd][cd][db][dc][ed][fc][fd][gd][hb][hc][hd])
(;N[162]C[手筋题：黑先最佳着手]AB[bc][ca][cc][db][dc][ec][ed][fe][ge][hd][id]AW[bb][bd][cd][da][de][ea][eb][ee][fb][fd][gc][gd][ic][jc])
(;N[163]C[对杀题：黑先劫]AB[ad][bc][bd][ca][ce][dd][de][ea][eb][ec]AW[ac][bb][cb][cc][cd][da][db][dc][ed][fd][gb][gc])
(;N[164]C[手筋题：黑先最佳着手]AB[bb][ca][cc][cd][de][ef][fb][fc][gd]AW[cb][db][dc][ec][ee][fd][ge][hb][he][ic])
(;N[165]C[死活题：黑先净杀]AB[ba][bb][bc][cd][db][dd][ed][fc][fd][gd][hd][ia][ib][ic][id]AW[ca][cb][cc][da][dc][ec][fb][gc][ha][hb][hc])
(;N[166]C[对杀题：黑先劫]AB[bb][bd][bg][cc][cd][dd][dg][ec][fc][fd][fe][fg]AW[ba][be][cb][ce][db][dc][de][ed][ee])
(;N[167]C[死活题：黑先净活]AB[aa][bb][bd][be][ca][cb][cc]AW[ad][ae][bf][cd][ce][cf][da][db][dc][dd])
(;N[168]C[对杀题：黑先劫]AB[ad][bc][bd][cd][dc][ea][eb][ec]AW[ac][bb][bf][cb][cc][ce][da][db][dd][de])
(;N[169]C[死活题：黑先净杀]AB[ae][ai][bb][bd][bi][cb][cf][cg][ch][cj][dc][ec][ef][fd][fe]AW[ac][ad][ah][bc][bf][bg][bh][cc][ce][dd][de])
(;N[170]C[死活题：黑先净杀]AB[bb][bc][bd][be][cb][cf][da][dd][df][ea][ec][ef][fa][fd][fg][ga][gb][gg][hc][hd][he][hf]AW[cc][cd][ce][db][de][eb][ed][ee][fb][ff][gc][gd][ge][gf])
(;N[171]C[死活题：黑先劫活]AB[ba][cb][db][dc][eb][fc][fd][gc][gd][hb][hc][ia][ic][id][jb]AW[ab][bb][bd][cc][cd][dd][ea][ec][ed][fa][fb][fe][gb][ge][hd][he][jc][je][kb][kc][kf])
(;N[172]C[死活题：黑先净杀]AB[bb][bc][cd][dd][eb][ed][fa][fd][gd][hc][ib][ic]AW[ca][cb][da][dc][ea][ec][fc][gb][gc][hb])
(;N[173]C[手筋题：黑先最佳着手]AB[ba][bb][cc][dc][ec][fd][gb][gc][gd]AW[ab][bc][bd][cd][dd][eb][ed][fb][fc][hb][ic][ie])
(;N[174]C[死活题：黑先净活]AB[ca][cb][cc][dd][fa][fb][fc][fd]AW[ba][bb][bc][bd][ce][da][de][ea][ee][fe][ga][gb][gc][gd])
(;N[175]C[死活题：黑先净杀]AB[ad][bd][cd][da][db][dd][eb][ed][fa][fd][gb][gc][gd]AW[ac][bb][bc][cb][cc][dc][ec][fb][fc])
(;N[176]C[死活题：黑先净活]AB[ab][ba][be][cb][cc][cd][ce]AW[ac][ad][bb][bc][bf][cg][db][dc][dd][de][df])
(;N[177]C[手筋题：黑先最佳着手]AB[af][bf][cb][cc][cf][cg][dc][dd][de][dg][eg][fg]AW[ad][ae][bb][be][ca][ce][db][df][eb][ec][ef][fe][ff][gc])
(;N[178]C[死活题：黑先净杀]AB[ac][bc][cd][dd][ed][fc][fd][gb][hc]AW[ab][bb][ca][eb][ec][fa][fb])
(;N[179]C[死活题：黑先净杀]AB[bc][cb][dc][dd][de][ea][ef][gb][ge][hd][hf][id][ja][jb][jc][jd]AW[ec][ed][fb][fd][gc][gd][hc][ia][ib][ic])
(;N[180]C[死活题：黑先净活]AB[ab][ac][bb][bd][be][bg][bh][ce][cg][df][dg]AW[ad][ba][bc][bi][cb][cc][cd][ch][cj][dd][de][dh][ef][eg])
(;N[181]C[死活题：黑先净杀]AB[ad][ba][bb][bd][cd][dd][ed][fc][ga][gc][ha][hb][hc]AW[ab][bc][ca][cb][dc][ea][eb][ec][fb][gb])
(;N[182]C[死活题：黑先劫活]AB[bb][cb][cc][dc][de][ec][ee][fc][fe][gb][gd][ha][hd][he][ib][ie]AW[ab][bc][bd][bf][ce][db][df][eb][ef][fb][ff][gc][gf][hb][hc][hf][ic][id][if][jc][je][kb])
(;N[183]C[对杀题：黑先胜]AB[ae][ba][be][cb][ce][db][dd][eb][ed][fa][fc][fd]AW[bb][bd][ca][cc][dc][ec][fb][gb][gc][gd][hb])
(;N[184]C[死活题：黑先净活]AB[be][cb][cc][cd][ce]AW[ac][ae][bd][bf][cg][dc][de][df][ec][gb][gc][ge])
(;N[185]C[死活题：黑先净杀]AB[ab][bb][bd][ca][cc][cd][da][dd][ee][fd][fe][ff][he][hf][ib][ic][id]AW[ba][bc][cb][dc][eb][ec][ed][fc][gb][gd][ha][hb][hc])
(;N[186]C[死活题：黑先净杀]AB[ab][ad][be][ce][db][dc][de][ed][fb][fc][fd]AW[ba][bc][bd][cb][cd][da][dd][ea][eb][ec])
(;N[187]C[死活题：黑先劫杀]AB[ba][bc][bd][cd][dd][ed][fc][gb][gc]AW[ab][bb][cc][dc][ec][fa][fb])
(;N[188]C[死活题：黑先净杀]AB[bd][ca][cd][db][dd][ec][fb][fd]AW[ab][bc][cb][cc][da][dc])
(;N[189]C[死活题：黑先净活]AB[ac][bc][bd][bg][cd][ce][cf]AW[bb][bh][bj][cb][cc][cg][ch][dd][de][df])
(;N[190]C[死活题：黑先净活]AB[ba][bb][be][cb][cc][cd][dc]AW[ad][bc][bf][ca][cf][db][dd][de][eb][ec])
(;N[191]C[死活题：黑先净杀]AB[ba][bb][cc][cd][dd][ed][fd][gd][ha][hd][ia][ib][ic]AW[ca][cb][dc][eb][ec][fb][fc][ga][gc][hb])
(;N[192]C[死活题：黑先净活]AB[bb][cb][cc][ce][dc][dd][de][ed][fa][fb][fc]AW[bc][bd][be][cd][cf][db][df][eb][ee][ef][fd][ga][gb][gc][gd])
(;N[193]C[死活题：黑先净活]AB[cd][dd][eb][ed][fc][ga][gb]AW[bc][bd][be][cb][cf][de][ee][fd][fe][gc][ha][hb][hc])
(;N[194]C[死活题：黑先净活]AB[ca][cb][cc][cd][ce][de][ee][fa][fb][fd][fe]AW[ba][bb][bc][bd][be][cf][dd][df][ef][fc][ff][ga][gb][gc][gd][ge])
(;N[195]C[对杀题：黑先胜]AB[ad][ba][bd][bf][cc][ce][db][dc][df][ea][ec][fa][fb]AW[aa][bb][bc][cb][cd][dd][ed][fc][fd][ga][gb][hc])
(;N[196]C[死活题：黑先净活]AB[bd][be][ce][cf][ch][da][dc][dg][ec][fb][fc][ff][fg][hc][hd][he]AW[bb][bc][ca][cc][cd][db][dd][df][ed][ef][fd][gd])
(;N[197]C[死活题：黑先净杀]AB[ae][ba][be][cb][cc][ce][de][ec][ed][ee][fa][fb]AW[aa][ad][bc][bd][cd][db][dc][dd][eb])
(;N[198]C[手筋题：黑先最佳着手]AB[be][cd][ce][dc][dd][ea][ee][ef][fa][fb][fc][fd]AW[ab][bc][bd][bg][ca][cc][ch][db][eb][ec][ed][eh][fe][fg][ge])
(;N[199]C[手筋题：黑先最佳着手]AB[bg][cd][ce][cf][dc][dg][ec][eg][fc][gd][hd][id][ie]AW[bd][be][cb][cc][ci][dd][de][df][di][fe][fg][fh][he][hg][if])
(;N[200]C[死活题：黑先劫活]AB[aa][bb][bc][bd][cc][cd][dd][ed][fb][fc][fd]AW[be][cb][ce][da][dc][de][eb][ec][ee][fa][fe][gb][gc][gd][ge])
(;N[201]C[死活题：黑先净杀]AB[ac][bc][be][cd][de][ee][fd][ga][gb][gc][gd]AW[ab][bb][dc][dd][eb][ed][fa][fb][fc])
(;N[202]C[对杀题：黑先胜]AB[ad][bd][cb][cd][dd][eb][ec][ee][fb][gb]AW[ac][bc][cc][db][dc][ed][fc][fd][gc][hb][hc])
(;N[203]C[死活题：黑先净活]AB[ba][bb][bf][cc][cd][ce][cf][de]AW[bd][be][bg][ca][cb][cg][db][dc][dd][df][ee][ef])
(;N[204]C[死活题：黑先净活]AB[bb][bc][bd][bf][bg][bh]AW[ba][bi][cb][cc][cd][cf][cg][ch][ci])
(;N[205]C[死活题：黑先净杀]AB[bc][bf][cd][ce][db][df][ee][fa][fd][ga][gb][gc][gd]AW[ab][bb][cc][dc][ea][ec][fb][fc])
(;N[206]C[手筋题：黑先最佳着手]AB[ba][bd][be][cd][cf][da][db][dc][de][eb]AW[ab][ad][bc][cb][cc][dd][ec][ed][fb][fc])
(;N[207]C[死活题：黑先净杀]AB[bb][bc][cc][dc][ec][gb][gc][gd][he][ie][je][kb][kc][kd]AW[ba][cb][db][eb][fb][ga][hb][hc][ib][id][jb][jc][jd])
(;N[208]C[死活题：黑先净杀]AB[be][cc][cd][ce][da][db][ec]AW[ab][bc][bd][ca][cb])
(;N[209]C[手筋题：黑先最佳着手]AB[ad][bb][bc][cb][cd][ce][db][de][df][ef][fb]AW[bd][be][bf][cc][cf][cg][dc][dd][ee][fg][gc][gd][ge])
(;N[210]C[死活题：黑先净杀]AB[af][bf][ce][cg][db][dd][de][ec]AW[ad][ba][bb][be][cc][cd])
(;N[211]C[死活题：黑先净杀]AB[ab][ae][bf][bh][bj][ca][ce][cf][cg][ci][db][ec][ei][fc][fe][fg]AW[ad][ag][ba][bd][be][bg][cb][cc][ch][dd][de][df][dg][dh])
(;N[212]C[对杀题：黑先胜]AB[ac][bb][bg][cb][cc][cg][da][db][dd][de][df]AW[aa][ad][bc][bd][be][ca][cd][dc][ea][eb][ec][ed])
(;N[213]C[死活题：黑先净杀]AB[ad][ae][be][cf][da][de][ed][ef][fa][fb][fc][fd]AW[ab][ac][bd][cc][cd][dd][ea][eb][ec])
(;N[214]C[死活题：黑先净杀]AB[ba][bd][ce][de][ec][fa][fb][fc][fe]AW[ab][bc][bf][ca][cc][cd][da][dc][eb])
(;N[215]C[死活题：黑先净杀]AB[ba][bb][bc][bd][ce][cf][da][dc][df][ef][ff][ga][gc][gf][ha][hb][hc][hd][he]AW[ca][cb][cc][cd][de][eb][ee][fb][fc][fe][gb][gd][ge])
(;N[216]C[死活题：黑先净杀]AB[ah][bb][bf][bj][cb][cc][ch][ci][dg][dj][ec][ee]AW[ab][ae][ag][bc][bd][bg][bh][cd][ce][cf][cg])
(;N[217]C[死活题：黑先净活]AB[bc][ca][cc][dc][ea][eb]AW[ab][ad][ba][bd][cd][dd][ec][ed][fb][gc])
(;N[218]C[死活题：黑先净杀]AB[ba][bb][cc][cd][dd][ed][fd][gd][ha][hd][ia][ib][ic]AW[ca][cb][dc][eb][ec][fc][ga][gc][hb])
(;N[219]C[手筋题：黑先最佳着手]AB[dc][dd][eb][ee][ff][gd][ge][gf][hb][hc][id]AW[bc][cb][ce][db][df][ec][ef][fd][fe][gb][gc][ha][ib][jc])
(;N[220]C[死活题：黑先净杀]AB[ab][ac][bd][be][ce][de][ee][fd][ga][gb][gc][gd]AW[ad][ba][bc][ca][cc][cd][dd][ed][fa][fb][fc])
(;N[221]C[死活题：黑先净活]AB[bc][bd][be][ce][da][db][dd][ed][fa][fb][fc]AW[ac][ad][ae][bb][bf][ca][cb][cf][de][ec][ee][fd][ga][gb][gc][gd])
(;N[222]C[死活题：黑先净杀]AB[ba][bf][cb][cc][cf][da][de][df][ed][fb][fd][hd]AW[bb][bc][be][cd][ce][db][dc][dd])
(;N[223]C[对杀题：黑先胜]AB[ba][bc][cd][dd][eb][ec][fb]AW[ab][ad][cc][da][db][dc][ed][fd][gb][gc])
(;N[224]C[手筋题：黑先最佳着手]AB[bc][bd][bf][bg][cc][cg][dc][de][dg][ec][ef][eg][fd]AW[ad][af][be][cd][cf][dd][eb][ed][ee][fc][ff][gb][gd])
(;N[225]C[死活题：黑先净杀]AB[ab][bb][bd][bi][cb][cf][ch][ci][dc][dg][ec][ed][ee][ef]AW[bc][be][bg][bh][cc][ce][cg][dd][de][df])
(;N[226]C[死活题：黑先净杀]AB[ae][be][ca][cd][da][de][ee][fd][ga][gb][gc][gd]AW[ab][ad][bb][db][dd][eb][ed][fa][fb][fc])
(;N[227]C[死活题：黑先净杀]AB[ba][bb][bc][be][ce][de][eb][ec][ed]AW[ab][ac][bd][cd][da][db][dc])
(;N[228]C[死活题：黑先净杀]AB[bc][bd][cb][ce][cf][db][df][eb][fb][fg][gb][gc][gg][hd][he][hf]AW[cc][cd][dc][de][ec][ed][fc][ff][gd][ge])
(;N[229]C[手筋题：黑先最佳着手]AB[bc][bd][cd][ce][dc][de][ee][fd]AW[cb][cc][dd][ec][ed][fe][gd][ge][hb][hd])
(;N[230]C[死活题：黑先净杀]AB[ab][ba][cb][cc][dc][dd][ed][fd][gb][gd][gf][ha][hf][if][ja][jc][je][kb][kc]AW[ca][da][db][eb][ec][fc][gc][hc][hd][he][ia][ib][jb])
(;N[231]C[死活题：黑先净活]AB[cb][cc][dd][eb][ed][fb][fc][ga][gd][ha][hb][hd]AW[bb][bc][bd][ce][cf][dc][ee][ef][gb][gc][gf][hc][he][ib][ic][id])
(;N[232]C[死活题：黑先净活]AB[ab][ad][bd][cd][da][db][dc]AW[ae][ba][be][ca][cc][ce][dd][eb][ec][ed])
(;N[233]C[对杀题：黑先胜]AB[bb][cc][dc][eb][ec][fd][gd][hb][hc]AW[ab][bc][cb][cd][dd][ed][fb][fc][gb])
(;N[234]C[死活题：黑先净活]AB[bd][be][cb][cc][dd][de]AW[ae][bf][bh][ce][cg][db][df][dg][ee][ef][fd][gb][hb])
(;N[235]C[对杀题：黑先胜]AB[ba][bb][bc][cd][ce][dc][de][df][fe][ff][gc][gd]AW[bd][be][bf][cb][cc][cf][cg][db][dd][ed])
(;N[236]C[手筋题：黑先最佳着手]AB[bc][be][cd][dd][ec][ef][fc][fd][fe][hd]AW[bb][cb][cc][cf][ci][dc][de][eb][ed][ee][ei][fb][gc])
(;N[237]C[死活题：黑先净杀]AB[ba][bb][cc][cd][de][ee][fe][gd][ge][hc][ia][ib][ic]AW[ca][cb][da][dc][dd][ed][fc][fd][ga][gc][ha][hb])
(;N[238]C[死活题：黑先劫活]AB[bb][bc][cb][dc][ec][fc][gb]AW[bd][cc][cd][dd][ea][ed][fd][gc][hb][hc][ic])
(;N[239]C[死活题：黑先劫杀]AB[ac][bb][cc][dc][de][ed][gc][ge][hc][ib][jc]AW[ba][cb][db][ec][fa][fc][gb][hb])
(;N[240]C[手筋题：黑先最佳着手]AB[db][dc][dd][ee][fb][fe][gb][gd]AW[bb][bc][be][ca][ce][de][eb][ec][ed])
(;N[241]C[死活题：黑先净活]AB[cb][cc][da][dc][ec][fb][gb][gc][hb]AW[bb][bc][cd][dd][eb][ed][fc][fd][gd][hc][ib][ic])
(;N[242]C[死活题：黑先净活]AB[ae][bc][cc][cd][ce][dc][de][ed]AW[bb][be][bi][cb][cf][cg][ch][db][eb][ef][eg][fc][fd])
(;N[243]C[对杀题：黑先胜]AB[ad][bb][bd][cc][cd][dd][ec][fc][gb][gc]AW[aa][ae][ba][be][cb][ce][da][db][dc][de][eb][ed][ee])
(;N[244]C[死活题：黑先净杀]AB[af][bf][cb][cf][db][dc][dd][df]AW[ba][bb][be][cc][cd][ce])
(;N[245]C[死活题：黑先净杀]AB[ae][be][ce][dc][dd][ea][ed][fa][fb][fc][fd]AW[ab][ad][bb][bd][cd][da][db][eb][ec])
(;N[246]C[死活题：黑先净活]AB[ba][bb][cc][dc][ec][fb]AW[ab][bc][bd][cd][da][dd][ed][fc][gc][ic])
(;N[247]C[手筋题：黑先最佳着手]AB[bc][ca][cc][db][dc][dd][ec][ed][fe][gb][ge][hd][id]AW[bb][bd][cd][cf][da][de][ea][eb][ee][fb][fd][gc][gd][hb][ic][jc])
(;N[248]C[手筋题：黑先最佳着手]AB[bb][cc][cd][de][ef][fb][fc][gd]AW[cb][dc][ec][ee][fd][ge][hb][he][ic])
(;N[249]C[死活题：黑先净活]AB[cb][cc][cd][dd][ea][ed][fb][fc][ga][gb]AW[bb][bc][bd][ca][ce][db][de][ee][fd][fe][gc][ha][hb][hc])
(;N[250]C[死活题：黑先净杀]AB[bd][be][cc][ce][db][de][ea][ee][fe][gb][gd][ha][hc][ic]AW[bb][bc][cd][dd][eb][ed][fa][fb][fc][gc])
(;N[251]C[死活题：黑先净杀]AB[ba][bb][bc][cd][ce][da][de][ee][fb][fe][ge][ha][hb][hc][hd]AW[ca][cb][cc][dd][ea][ed][fa][fd][gb][gc][gd])
(;N[252]C[死活题：黑先净活]AB[ab][bb][bd][be][cb][cc][dc][dd][de][df][dg][ee]AW[ac][ad][ae][bf][cd][ce][cf][ch][db][dh][eb][ed][eh][fb][fd][ff][ge][gh])
(;N[253]C[对杀题：黑先胜]AB[ae][be][cb][ce][cf][db][dc][dd][df][eb]AW[ad][bb][bd][cc][cd][de][ec][ed][ee][fb][gc])
(;N[254]C[死活题：黑先净杀]AB[bb][be][cd][cf][ch][dd][ea][ec][fc][gb]AW[ab][bc][bd][ca][cc][dc])
(;N[255]C[死活题：黑先净活]AB[ae][bc][bd][cb][cc][da][db][dc]AW[aa][af][bb][be][bf][ca][cd][dd][eb][ed][fc])
(;N[256]C[死活题：黑先净杀]AB[ag][bc][bd][bg][ca][ce][cf][cg][db][dc][dd]AW[ab][ad][ba][bb][be][bf][cb][cc][cd])
(;N[257]C[死活题：黑先净活]AB[ab][bb][bd][bf][cb][cf][ch][db][dg][eb][ef]AW[ad][bc][be][dd][de][df][ea][ec][fb][fc][fe])
(;N[258]C[死活题：黑先净杀]AB[ab][ca][cb][cc][cg][ci][dd][dg][ec][ef]AW[ba][bb][bc][bd][ce][cf])
(;N[259]C[死活题：黑先净杀]AB[bc][bg][cc][ce][cf][cg][dd][ec][ed][fd]AW[bd][be][bf][cb][cd][db][dc])
(;N[260]C[死活题：黑先净杀]AB[ac][ba][bc][be][ca][cd][dd][ed][fa][fb][fd][gc][hc][ic][jb]AW[ab][bb][cc][da][dc][eb][ec][fc][ga][gb])
(;N[261]C[死活题：黑先净杀]AB[bb][bf][ce][cg][da][de][ea][eb][ed][eg][fb][fd][gc]AW[ae][bd][be][ca][cb][cc][cd][db][dd][ec])
(;N[262]C[死活题：黑先净活]AB[db][dc][ed][fc][fd][gc][hb]AW[bc][cb][cd][dd][ee][fe][gd][hc][hd][ib][jc])
(;N[263]C[死活题：黑先净杀]AB[ab][bc][cc][dc][de][ed][fc][fe][gb][ge][he][ia][id][jc][je][kc]AW[bb][cb][db][eb][ec][fd][gd][ha][hb][hc][hd][ic])
(;N[264]C[死活题：黑先净杀]AB[ad][ae][be][cd][ce][da][de][ea][ee][fa][fe][gb][gc][gd]AW[ac][ba][bc][bd][cc][dd][eb][ed][fb][fc][fd])
(;N[265]C[死活题：黑先净活]AB[ba][bb][be][cc][cd]AW[ac][bf][cb][cf][db][dc][dd][de])
(;N[266]C[死活题：黑先劫活]AB[ad][ba][be][cb][cc][cd][ce]AW[ac][ae][af][bf][ca][cf][db][dc][dd][de][df][fb])
(;N[267]C[死活题：黑先净杀]AB[ad][bb][bf][bg][bj][cb][cc][ch][ci][dg][dj][ec][ee]AW[ab][ae][ag][bc][bd][bh][cd][ce][cf][cg])
(;N[268]C[死活题：黑先净活]AB[ab][bc][ca][cb][cc][dc][ed]AW[ba][bd][ce][db][dd][eb][ec][gc])
(;N[269]C[死活题：黑先净杀]AB[ad][bb][bd][cb][cd][dd][ed][fb][fd][gc][hb]AW[ac][ba][bc][cc][dc][eb][ec])
(;N[270]C[死活题：黑先净杀]AB[bh][cb][cd][cg][ch][dd][dh][ec][eh][fc][fd][fg][gf]AW[bd][bg][ce][cf][de][dg][ed][ee][ef][eg])
(;N[271]C[死活题：黑先净杀]AB[bb][bd][cd][dd][ec][fa][fb][fc]AW[ab][bc][cc][dc][ea][eb])
(;N[272]C[对杀题：黑先胜]AB[ab][ad][bd][ce][db][dc][dd][de]AW[ae][be][bf][cb][cc][cd][cf][eb][ec][fd])
(;N[273]C[死活题：黑先净活]AB[ab][bc][cb][cc][dc][ec][fa][fb]AW[ac][ad][bd][ca][cd][da][dd][ed][fc][ga][gb][gc])
(;N[274]C[死活题：黑先净杀]AB[ab][ad][bb][bd][cd][dd][ec][fc][ga][gb][gc]AW[ac][ba][bc][cb][cc][dc][eb][fb])
(;N[275]C[手筋题：黑先最佳着手]AB[ad][bc][cc][dc][dd][ed][fa][gb][hc][ic][jd]AW[bd][bf][cd][de][ec][ee][fb][fc][fd][gc][ge][hd])
(;N[276]C[死活题：黑先净活]AB[ab][ac][bb][bd][cd][cf][dc][dd][de][df][dg][ee][eg][fb][fd][fe][fg][ge]AW[ba][bc][be][bf][bh][cb][cc][ce][cg][db][dh][ec][ed][eh][fc][fh][gc][gd][gh][hb][hd][he][hf][ic])
(;N[277]C[死活题：黑先净活]AB[bb][bc][bd][cd][da][dd][ea][eb][ec]AW[ac][ad][ae][ba][be][ce][db][de][ed][fa][fb][fc][fd])
(;N[278]C[死活题：黑先净活]AB[ad][bc][cc][da][dc][eb][ec][fc]AW[bd][bf][ca][cd][dd][ea][ed][fa][gb][gc][gd])
(;N[279]C[死活题：黑先净活]AB[ab][bb][bc][cd][dd][ea][eb][ec]AW[ac][ad][bd][be][ce][da][de][ed][fa][fb][fc][fd])
(;N[280]C[手筋题：黑先最佳着手]AB[be][bf][bh][cc][cd][cg][ci][db][dh][eb][gc][ge][gg][hc][hg][ib][jc]AW[ce][dc][di][dj][ec][ee][eg][eh][fb][fc][fi][gb][hb][hh])
(;N[281]C[死活题：黑先净活]AB[bb][be][cc][cd][dc]AW[bc][bd][bf][ce][cf][dd][ed][fc][hc])
(;N[282]C[死活题：黑先净杀]AB[ab][bd][be][ca][ce][de][ee][fa][fd][ga][gb][gc][gd]AW[ac][bb][cd][da][dc][dd][eb][ed][fb][fc])
(;N[283]C[死活题：黑先净杀]AB[ae][af][bc][bf][cf][db][dc][dd][de][df]AW[ad][bb][be][cb][cc][cd][ce])
(;N[284]C[死活题：黑先净杀]AB[ab][ae][bc][be][ce][da][de][eb][ec][ed][ee]AW[ac][ad][bd][cb][cd][db][dc][dd])
(;N[285]C[死活题：黑先净杀]AB[ac][af][bc][bj][cb][cd][ci][cj][dd][de][dg][ef][eg]AW[ae][ai][bd][bf][bg][bh][bi][ce][cf][df])
(;N[286]C[对杀题：黑先胜]AB[ab][bc][cb][cc][cf][dd][de]AW[ac][ad][bd][cd][db][dc][fc])
(;N[287]C[死活题：黑先净杀]AB[ab][ac][bd][be][ce][de][ea][ec][ee][fc][fe][gc][ha][hb][hc]AW[ba][bb][bc][cd][da][dc][dd][eb][ed][ga][gb])
(;N[288]C[死活题：黑先净杀]AB[ba][be][ca][cb][cd][ce][de][ee][fb][fc][fd]AW[ac][ad][bd][cc][da][db][dd][eb][ed])
(;N[289]C[对杀题：黑先胜]AB[be][cc][da][dc][dd][de][eb][fb]AW[aa][ac][ba][bc][cb][db][ec][ed][gc][gd][hb])
(;N[290]C[死活题：黑先净杀]AB[bd][cb][cd][dd][ea][ed][fa][gb][gc][gd]AW[ba][bc][cc][da][dc][eb][ec][fc])
(;N[291]C[死活题：黑先净活]AB[af][bb][bc][bd][bf][cc][cd][ce][cf][dc][ea][ec][fa][fb][gb]AW[ac][ad][ae][ba][bg][ca][cb][cg][db][dd][df][dg][eb][ed][fc][gc][ha][hb][hc])
(;N[292]C[死活题：黑先净杀]AB[bb][bc][bd][be][cf][df][eb][ef][fa][fe][ga][gb][gc][gd][ge]AW[cb][cc][cd][ce][da][dd][de][ec][ee][fb][fc][fd])
(;N[293]C[死活题：黑先净活]AB[ad][bb][bc][bd][cb][db]AW[be][cc][cd][ce][da][dc][eb][ec][gb])
(;N[294]C[死活题：黑先净杀]AB[bc][bd][bf][ca][cb][ce][cf][df][ef][fb][fc][fd][fe]AW[ab][ba][bb][be][cc][cd][dc][de][ec][ed][ee])
(;N[295]C[死活题：黑先净活]AB[ac][bc][cb][db]AW[bd][cc][ce][dc][eb][ec])
(;N[296]C[死活题：黑先净活]AB[da][db][dc][dd][ee][fe][gb][gc][gd][ge]AW[cb][cc][cd][ce][df][ea][ef][ff][ga][gf][hb][hc][hd][he][jb])
(;N[297]C[死活题：黑先净杀]AB[af][ag][al][bb][bc][bk][cj][cl][dc][df][dg][dh][di][dj][ec][fe]AW[ai][aj][ak][bd][bf][bg][bh][bj][cd][cg][ch][ci][dd])
(;N[298]C[死活题：黑先净杀]AB[bd][ca][ce][de][ea][ee][fa][fb][fc][fd][fe]AW[ac][bc][da][db][dd][eb][ec][ed])
(;N[299]C[死活题：黑先净活]AB[bc][bf][bg][bh][cc][ce][cf]AW[bb][bi][cb][cg][ch][ci][dc][dd][df][eg][fc])
(;N[300]C[死活题：黑先净活]AB[ad][ah][bd][be][bg][bi][cd][ce][cg][ch][de][df]AW[af][aj][bc][bj][cb][cc][ci][cj][dc][dd][dh][ee][ef][eg])
(;N[301]C[死活题：黑先净活]AB[ab][ad][ae][bc][cb][dc][ea][eb][ec]AW[af][ba][bd][be][bf][ca][cd][da][dd][fb][fc][fd][fe])
(;N[302]C[死活题：黑先净杀]AB[ad][bd][cd][dd][ec][fa][fb][fc]AW[ac][bb][bc][ca][dc][ea][eb])
(;N[303]C[死活题：黑先净活]AB[bb][cb][cc][dc][de][ec][ee][fc][fe][gb][gd][hd][he][ib][ie][ja]AW[ab][bc][bd][bf][ce][db][df][eb][ef][fb][ff][gf][ha][hb][hc][hf][ia][id][if][jc][je][kb])
(;N[304]C[死活题：黑先净杀]AB[ac][ah][bb][bf][bi][cb][cc][ch][ci][db][df][ec][eg][ei][fc][fe][fg]AW[ae][ag][bc][bd][bg][bh][cd][cf][cg][dc][dd][de][dg])
(;N[305]C[死活题：黑先净活]AB[cb][db][eb][fa][fc][fd][hb][hc]AW[ba][bb][cc][dc][de][ee][fe][gd][ha][hd][ib][id][ja][jb][jc][jd])
(;N[306]C[对杀题：黑先劫]AB[bd][be][cb][cc][cf][dc][eb][ec]AW[bb][bc][ca][cd][dd][ed][fa][fb][fc])
(;N[307]C[死活题：黑先净活]AB[cb][cc][dd][ed][fc][gc]AW[bb][bc][cd][ce][de][ee][fe][gd][hc][hd][jc])
(;N[308]C[死活题：黑先净杀]AB[ba][bd][be][ca][cd][dd][ed][fc][ga][gb][gc]AW[ad][bb][bc][cc][db][dc][ec][fa][fb])
(;N[309]C[死活题：黑先净杀]AB[ab][bb][bd][cc][cd][da][dd][df][ee][fa][fd][ff][he][hf][ib][id][jb][jd]AW[ba][bc][ca][cb][dc][de][ea][eb][ec][ed][ha][hb][hc])
(;N[310]C[对杀题：黑先劫]AB[ab][ac][bd][be][bf][de][df][ea][eb][ec][ed]AW[ba][bb][bc][cb][cd][dc][dd][ee][fb][fd][fe][gb][gd])
(;N[311]C[死活题：黑先劫杀]AB[ad][ae][ba][bb][be][ce][de][eb][ec][ed][ee][fb]AW[ac][bc][bd][ca][cd][db][dc][dd][ea])
(;N[312]C[死活题：黑先净活]AB[ab][bd][be][cb][cc][cd][db]AW[ba][bf][ce][cg][da][dc][dd][de][eb][fc])
(;N[313]C[死活题：黑先净杀]AB[aa][ba][bd][ca][cd][dd][ed][fc][ga][gb][gc]AW[ab][cc][dc][eb][ec][fa][fb])
(;N[314]C[死活题：黑先净活]AB[cb][dc][dd][de][ec][ee][fb][fd][fe][gb]AW[bb][bc][cc][ce][cf][df][ef][fc][ff][ga][gc][ge][gf][hb][hc])
(;N[315]C[死活题：黑先净活]AB[bb][bc][be][cc][ce][da][db][dd]AW[ae][af][ba][bd][bf][ca][cf][dc][df][ec][ed][ee][fb][gc])
(;N[316]C[手筋题：黑先最佳着手]AB[cc][cd][ce][db][df][eb][ef][ff][hc]AW[bb][bf][cb][cf][cg][dc][dd][de][ed][fe])
(;N[317]C[对杀题：黑先胜]AB[ad][ba][bb][cb][ce][cg][da][dd][de][ea][eb][ec]AW[ab][ac][bc][be][cc][cd][db][dc][ed][fd][gb])
(;N[318]C[死活题：黑先净活]AB[ba][bb][cc][db][dd][eb][ed][fc][fd][gc]AW[ab][bc][bd][ce][cf][da][ea][ee][ef][fb][gb][gd][ge][gf][hc][id])
(;N[319]C[手筋题：黑先最佳着手]AB[cb][cd][ce][dc][de][df][eb][ec][eg][fc][fg][gc][ge][gg][hb]AW[bb][bc][bf][cc][cg][da][db][dd][dg][ed][ef][fe][gf][hc][he][hf][ib][ic][ig])
(;N[320]C[死活题：黑先净杀]AB[ab][ae][bb][bd][be][cb][ce][de][ed][fd][ga][gb][gc][gd]AW[ac][ad][bc][ca][cc][cd][db][dc][dd][ec][fb][fc])
(;N[321]C[死活题：黑先净杀]AB[ab][ag][bg][ca][cf][da][db][dc][dd][de][dg]AW[ae][ba][bb][be][bf][cb][cd][ce])
(;N[322]C[死活题：黑先净杀]AB[ac][af][bb][bc][bd][bf][cf][df][eb][ed][ee][fb]AW[aa][ad][ae][ba][be][cd][ce][da][db][dd])
(;N[323]C[死活题：黑先净杀]AB[ab][bb][be][cb][cd][cf][dd][ed][fb][fc][fd]AW[ad][ba][bc][bd][cc][da][dc][ec])
(;N[324]C[死活题：黑先净杀]AB[bb][bd][cc][ce][dd][ec][ed][fb][gb][gd][hd][id][ja][jc][jd][ka][kb][kc][kd]AW[ba][cb][db][dc][ea][eb][fc][ga][gc][hc][ia][ib][ic][jb])
(;N[325]C[死活题：黑先净活]AB[ab][bb][cb][cc][db][dc][ea][ec][fb]AW[ac][bc][be][ca][cd][de][ee][fa][fc][fd][ga][gb][gc])
(;N[326]C[死活题：黑先净杀]AB[bb][bc][bd][ca][cb][ce][de][ee][fa][fb][fe][ge][ha][hd][ia][ib][ic][id]AW[cc][cd][da][db][dd][ed][fc][fd][ga][gb][gc][gd][hb][hc])
(;N[327]C[死活题：黑先净活]AB[ba][cb][db][dc][eb][fb][fc][fd][gd][ha][hc][ic][id][jb]AW[ab][bb][bd][cc][cd][dd][ec][ed][fe][ga][gb][ge][hd][he][ja][jc][je][kb][kc][kf])
(;N[328]C[死活题：黑先净活]AB[ca][cb][cc][dd][eb][ed][fb][fc][fd]AW[bb][bc][bd][ce][db][dc][de][ee][fe][gb][gc][gd])
(;N[329]C[对杀题：黑先胜]AB[ad][bd][cd][dd][eb][ec][fd][gc]AW[ae][be][cb][ce][dc][de][ed][ee])
(;N[330]C[死活题：黑先净活]AB[bb][cb][cc][eb][ec][ed]AW[ab][bc][be][cd][de][ee][fc][fd][hc][ic])
(;N[331]C[死活题：黑先净杀]AB[aa][ae][ba][bc][be][ca][cd][ce][da][ec][fa][fb][fd]AW[ad][bb][bd][cb][db][ea][eb])
(;N[332]C[死活题：黑先净杀]AB[ba][bb][bc][bd][ce][db][de][ed][ee][gd][ha][hb][hc][hd]AW[ca][cb][cc][cd][dd][eb][ec][fa][ga][gb][gc])
(;N[333]C[对杀题：黑先胜]AB[ab][ag][bb][cb][cf][cg][db][dd][de][ec][ed]AW[ac][bc][bf][cc][cd][ce][da][dc][eb][fc][gb])
(;N[334]C[死活题：黑先劫活]AB[aa][ac][bb][bc][cc][cd][db][dd][ed][fd]AW[be][ce][da][dc][df][eb][ec][ef][fa][fb][fc][ga][gd][ge][hb][hc])
(;N[335]C[死活题：黑先劫杀]AB[be][cd][ce][dc][eb][ec]AW[ac][bd][cb][cc][db])
(;N[336]C[死活题：黑先净杀]AB[ac][be][bf][ce][db][df][ea][eb][ef][fb][fc][fd][fe]AW[ab][ae][bc][bd][cd][da][dc][de][ec][ed][ee])
(;N[337]C[死活题：黑先净活]AB[ac][ba][bc][cc][da][eb][ec]AW[ab][ad][bd][cd][db][dd][ea][ed][fb][fd][gc][hb])
(;N[338]C[死活题：黑先净杀]AB[ae][bd][be][ce][de][ee][fa][fb][fc][fd]AW[aa][ab][ac][ad][cb][cd][dd][ea][eb][ec][ed])
(;N[339]C[死活题：黑先净活]AB[be][cc][cd]AW[bf][cb][cf][dc][dd][de])
(;N[340]C[死活题：黑先净活]AB[ad][ae][bc][cb][db][ea][eb]AW[af][bd][be][bf][cc][dc][ec][fa][fb][fc])
(;N[341]C[死活题：黑先净杀]AB[ab][ad][ae][be][ce][de][eb][ed][fb][fc][fd]AW[ac][bc][bd][cd][db][dc][dd][ec])
(;N[342]C[死活题：黑先净活]AB[ec][ed][ee][fb][fd][gc][gd][hc][ia][ib][ic]AW[bc][cb][dc][dd][de][ea][ef][fa][fe][gb][ge][hd][hf][id][ja][jb][jc][jd])
(;N[343]C[死活题：黑先净杀]AB[bb][bc][bd][be][ca][cf][df][eb][ef][fc][ff][ga][gc][gd][ib][ic]AW[ba][cb][cd][ce][db][dc][de][ec][ed][ee][fb][fd][gb])
(;N[344]C[对杀题：黑先胜]AB[be][bf][cc][ce][dd][ec][ed][fd]AW[bc][bd][bg][cd][cg][db][de][df])
(;N[345]C[死活题：黑先净活]AB[cb][cc][dc][dd][de][ec][ef][fa][fc][fd][fe][gc]AW[bb][bc][ca][cd][ce][cg][da][db][df][eg][gb][gd][ge][gg][hc][id][ie])
(;N[346]C[死活题：黑先净杀]AB[aa][bb][bc][cd][ce][cf][df][ed][ef][ff][ga][gb][gc][gd][ge]AW[cb][cc][dd][de][ee][fa][fb][fc][fd][fe])
(;N[347]C[死活题：黑先净活]AB[ac][bb][bc][cc][da][db][eb]AW[ad][bd][ca][cd][dc][ea][ec][fa][fb][fc])
(;N[348]C[对杀题：黑先胜]AB[ab][ba][bc][cc][dc][ed][ee][ge][hc][hd][ib]AW[ac][ad][bd][cb][cd][cf][dd][eb][ec][gb][gc])
(;N[349]C[死活题：黑先净杀]AB[ab][ba][bb][bd][be][ce][de][ee][fa][fb][fc][fd][fe]AW[ac][ad][bc][cb][cd][dd][ea][eb][ec][ed])
(;N[350]C[死活题：黑先净活]AB[bb][cb][cc][da][dd][de][ec][fc]AW[bc][bd][cd][ce][dc][df][dg][ee][fd][gb][gd][hc])
(;N[351]C[死活题：黑先净活]AB[cb][cc][dd][ec][ed][gb][gc]AW[bb][bc][cd][ce][de][ee][fd][gd][hb][hc][hd])
(;N[352]C[对杀题：黑先劫]AB[bc][bd][be][ce][dd][de][ec][fa][fb][fc]AW[bb][bf][cc][cd][cf][da][dc][df][eb][ed][ee][ef])
(;N[353]C[死活题：黑先净杀]AB[ad][ae][af][ag][bb][bc][bf][bh][cb][ch][ci][db][di][ec][ee][ei][fc][fd][fg][fh][ge][gf][gg]AW[bd][be][bg][cc][ce][cg][dc][dd][dh][ed][ef][eg][eh][fe][ff])
(;N[354]C[手筋题：黑先最佳着手]AB[bb][bc][bd][ca][cb][ce][de][ee][fb][fc][fe][gd][ge]AW[cc][cd][db][dd][eb][ed][fd][gb][gc][hc][hd])
(;N[355]C[手筋题：黑先最佳着手]AB[ce][dc][dd][de][eb][ee][fe][gc][gf][gg][he]AW[cb][cc][cd][db][ec][ed][fc][gd][ge][hc][hf][if][jd])
(;N[356]C[死活题：黑先净活]AB[ba][cc][cd][da][db][dc]AW[ad][be][ca][ce][dd][de][ea][eb][ec])
(;N[357]C[死活题：黑先净活]AB[ba][bb][bc][cd][ce][cf]AW[ae][bg][cb][cc][ch][dd][df][dg][ec][gc])
(;N[358]C[手筋题：黑先最佳着手]AB[bc][cb][cd][ce][ci][dc][dg][dk][eg][ei][hc][he][hg][ib][ic][ih][jc]AW[bf][cf][de][df][fb][fd][ff][fg][fh][gb][gi][gk][hb])
(;N[359]C[死活题：黑先净杀]AB[ah][ai][bb][bc][bi][cb][cg][ch][ci][db][df][eb][ef][fb][ff][gc][gd][ge]AW[af][bd][bg][bh][cd][ce][cf][dc][dd][ec][ee][fc][fd][fe])
(;N[360]C[对杀题：黑先胜]AB[bc][cb][cc][dd][ed][fb][fc][ga]AW[ba][bd][be][cd][cf][db][dc][de][fa])
(;N[361]C[死活题：黑先净杀]AB[ad][ba][bd][cd][dd][ed][fa][fb][fc]AW[ac][bc][cc][da][dc][ea][eb])
(;N[362]C[死活题：黑先净活]AB[cb][ec][fa][fc][gb]AW[bb][bd][cd][dd][ed][fd][gc][hb][hc][jc])
(;N[363]C[死活题：黑先净杀]AB[bc][cb][cd][dd][ec][ed][fb][gc]AW[bb][cc][da][db][dc][eb])
(;N[364]C[死活题：黑先净杀]AB[bc][bd][be][cc][cf][df][eb][fa][fd][ff][gd][gg][hc][ic]AW[cd][ce][db][dc][de][ed][ee][fc][gc][hb])
(;N[365]C[死活题：黑先净活]AB[cc][db][dc][dd][ed][ee][fe][gb][gc][gd]AW[bb][bc][cb][cd][ce][df][ef][fc][ff][ge][gf][hb][ic][ie])
(;N[366]C[死活题：黑先净杀]AB[ab][be][bg][cd][ce][db][dc][fb]AW[ac][ba][bb][bd][cb][cc])
(;N[367]C[手筋题：黑先最佳着手]AB[ad][be][cd][cf][dc][dd][df][eb][fb][ff][gb][hc]AW[bb][bc][bd][bg][ca][cc][db][dg][di][ec][ef][eg][fe][gc])
(;N[368]C[对杀题：黑先胜]AB[cb][cc][dc][ea][eb][ec][fd][gd][hb][hc]AW[bb][bc][bd][cd][db][dd][ed][fa][fb][fc])
(;N[369]C[死活题：黑先净杀]AB[bf][ce][cf][db][dc][dd]AW[ac][bb][be][cc][cd])
(;N[370]C[死活题：黑先净杀]AB[ab][bc][bd][ca][cd][da][db][dd][eb][ee][fa][fe][gb][gd][hb][hd]AW[ba][bb][cb][cc][dc][ec][ed][fb][fc][fd])
(;N[371]C[死活题：黑先净活]AB[bc][cb][cc][dc][ea][eb]AW[ad][bb][bd][cd][dd][ec][fa][fb][fc])
(;N[372]C[死活题：黑先净活]AB[ab][bc][cc][db]AW[ad][bd][cd][dc][eb][ec][gc])
(;N[373]C[死活题：黑先净活]AB[ab][ac][bb][cc][dc][eb][ec]AW[ad][ba][bc][bd][cd][dd][ed][fa][fb][fc])
(;N[374]C[死活题：黑先净活]AB[ac][bd][cb][cc]AW[ae][be][cd][ce][dc][ec][gc])
(;N[375]C[死活题：黑先净活]AB[cb][cc][cd][da][dd][ed][fc][fd][ga][gb][gd][ha][hc][hd]AW[ba][bb][bc][bd][ca][ce][de][ee][fa][fb][fe][ge][hb][he][ia][ib][ic][id])
(;N[376]C[死活题：黑先净杀]AB[ad][bc][bd][ca][cd][dd][df][fc][fd][gb][hc]AW[ab][ac][bb][cb][cc][dc][ec][fb])
(;N[377]C[死活题：黑先净活]AB[ad][ba][bb][bd][ca][cd][dd][ea][eb][ec]AW[ab][ae][bc][be][cb][cc][ce][de][ed][fa][fb][fc][fd])
(;N[378]C[死活题：黑先净杀]AB[ac][ae][bc][be][ce][da][de][ea][eb][ec][ed]AW[ab][ad][bd][cb][cd][db][dc][dd])
(;N[379]C[死活题：黑先净杀]AB[ad][ba][be][cc][cd][ce][de][ed][fd][gb][gc][gd]AW[ab][bb][bc][bd][cb][da][dc][dd][ec][fc])
(;N[380]C[手筋题：黑先最佳着手]AB[bb][bh][cc][cg][ci][dc][dg][ec][fg][fh][gc][gd][gh][hc]AW[bc][bg][cd][ce][cf][ed][fd][ge][gf][gg][ig])
(;N[381]C[死活题：黑先净杀]AB[ba][bb][bc][bd][ce][db][de][ed][ee][fe][ge][ha][hb][hc][hd]AW[ca][cb][cc][cd][dc][dd][ec][fa][fd][ga][gb][gc])
(;N[382]C[死活题：黑先净活]AB[ab][ba][bd][bf][cd][ce][cf][cg][db][dc][de][dg][ee]AW[ad][bc][be][bh][cb][cc][ci][da][dd][dh][ec][ed][ef][eh][fe][ff])
(;N[383]C[死活题：黑先净活]AB[cb][cc][dc][eb][ec][fc][gb][gc][hb]AW[bb][bc][ca][cd][dd][ed][fa][fd][gd][hc][ib][ic])
(;N[384]C[死活题：黑先净杀]AB[ab][ad][be][ce][db][de][ed][fb][fc][fd]AW[ba][bc][bd][cb][cd][dd][ea][eb][ec])
(;N[385]C[死活题：黑先净活]AB[cb][db][dc][dd][ee][fa][fb][fc][fd][fe]AW[bb][be][ca][cc][cd][cg][da][de][df][ff][gb][gd][ge][gf][hc])
(;N[386]C[死活题：黑先净杀]AB[bb][bc][bd][be][cc][cf][df][ef][fc][fd][fe][hc][jc]AW[cb][cd][ce][dc][de][ec][ed][ee][fb])
(;N[387]C[死活题：黑先净杀]AB[bc][bd][bh][ca][ce][ci][db][dc][dd][de][eg][ei]AW[ac][bb][be][bf][cb][cc][cd][cg])
(;N[388]C[死活题：黑先净活]AB[ab][bb][bc][be][ce][cf][db][dc][dd][df][ed][ee][ef]AW[ac][ad][ae][bd][bf][bh][cb][cc][cd][cg][ci][dg][eg][fa][fb][fc][fd][fe][ff])
(;N[389]C[死活题：黑先净杀]AB[ab][bc][bd][be][cf][dd][df][ef][fb][fd][fe][ff][ga][gb][gc]AW[ba][bb][cc][cd][ce][de][eb][ec][ed][ee][fa][fc])
(;N[390]C[对杀题：黑先胜]AB[bb][bd][cc][dd][ed][fb][fc][ga][gc][hb][hc]AW[db][dc][ea][ec][fd][gd][ha][hd][ia][ib][ic][id])
(;N[391]C[死活题：黑先净杀]AB[ab][ac][ag][bb][bg][cb][cg][dc][dg][ec][ed][ef][fe]AW[ad][af][bc][be][bf][cc][cd][dd][ee])
(;N[392]C[对杀题：黑先劫]AB[bb][bd][cb][cc][da][dc][ed][fd][gb][gc]AW[ac][ba][bc][be][cd][db][dd][eb][ec][fa][fb])
(;N[393]C[死活题：黑先净活]AB[cc][cd][ce][cf][dc][df][ec][ef][fc][ff][gc][gd][ge][gf]AW[bc][bd][be][bf][cb][cg][db][dg][eb][ee][eg][fb][fg][gb][gg][hc][hd][he][hf])
(;N[394]C[死活题：黑先劫杀]AB[bd][bg][cc][cg][db][dc][df][ed][fb]AW[aa][ac][ba][bc][bf][cb][cd][ce])
(;N[395]C[死活题：黑先净活]AB[ad][bc][bd][cb][cd][db][dc]AW[ba][bb][be][bg][ce][dd][eb][ec][ed][gb])
(;N[396]C[对杀题：黑先胜]AB[be][cb][cc][ce][dc][de][ea][eb][ee][fc][fd][fe]AW[ac][ba][bc][bd][cd][dd][ec][ed][fb][gb][gc][gd])
(;N[397]C[死活题：黑先净活]AB[ae][ag][bc][bd][bf][bg][bh][cd][cg][dc][dd][dg]AW[ac][bb][bi][cb][cc][ce][ch][ci][db][df][ec][eg][ei][fc][fe][fg])
(;N[398]C[对杀题：黑先胜]AB[ba][bb][cc][dc][ec][fb][fc][gc]AW[ab][ad][bc][be][cb][cd][db][eb][fa][gb])
(;N[399]C[死活题：黑先净杀]AB[bc][bd][cd][da][dd][ed][fc][gb][gc]AW[aa][bb][ca][cc][dc][ec][fa][fb])
(;N[400]C[死活题：黑先净杀]AB[ad][be][cd][cf][dd][eb][ed][fb][fc][gb]AW[ab][bd][ca][cc][db][dc][ea][ec])
(;N[401]C[死活题：黑先净杀]AB[ab][bc][bd][ce][da][de][ee][fe][ga][gb][gc][gd][ge]AW[ba][bb][cb][cd][dd][ea][ed][fa][fb][fc][fd])
(;N[402]C[死活题：黑先净杀]AB[ab][bc][bd][cd][dd][eb][ee][fa][fe][gd][ha][hb][hc][hd]AW[ba][bb][cc][dc][ec][ed][fc][fd][ga][gb][gc])
(;N[403]C[死活题：黑先净活]AB[ca][cb][cc][dd][ea][ec][gb][gc][hb]AW[bb][bc][cd][ce][db][dg][fd][ff][gd][ha][hc][ib][ic])
(;N[404]C[死活题：黑先净活]AB[ag][bd][bf][cd][cf][cg][dd][dg][dj][dk][ed][ee][ef][ei][ek][el][ff][fg][fh][fi][fj][fk]AW[ad][ah][bb][bc][be][bi][ce][ch][ci][cj][ck][cl][db][dc][df][dh][dl][eg][eh][em][fc][fl][ge][gf][gg][gh][gi][gj][gk][gl])
(;N[405]C[死活题：黑先净杀]AB[bf][ca][ce][cf][ch][da][dg][dh][eb][fb][fc][fe][fh][gd][gf][hc]AW[ba][bd][cd][cg][db][dd][df][ea][ec][ed][fd])
(;N[406]C[死活题：黑先净杀]AB[be][cc][ce][dc][eb][ee][fc]AW[ad][bb][bc][bd][cb][db])
(;N[407]C[死活题：黑先净活]AB[ab][ad][bc][be][bh][cd][ce][cg]AW[bb][bg][bi][cb][cc][ch][dd][df][dg][dh][ec])
(;N[408]C[对杀题：黑先胜]AB[ae][be][cb][ce][da][dc][dd][eb][ed]AW[ad][bb][bd][cc][cd][de][ee][fb][fc][fd][fe])
(;N[409]C[死活题：黑先净杀]AB[ab][bd][ca][ce][dd][ed][fa][fb][fc][fd]AW[bb][cc][cd][da][dc][eb][ec])
(;N[410]C[死活题：黑先净杀]AB[ab][ac][ae][be][ce][de][ec][ed][ee][fa][fb]AW[ad][ba][bd][cd][dc][dd][ea][eb])
(;N[411]C[死活题：黑先净杀]AB[ab][ad][bb][bd][cd][dd][ec][fc][ga][gb][gc]AW[ac][ba][bc][cc][db][dc][eb][fb])
(;N[412]C[死活题：黑先净杀]AB[bd][be][bf][cb][cc][cj][db][dg][eb][eg][fb][fg][gb][gd][gg][hc][hf][hg][id][ie]AW[cd][ce][dc][de][ec][ed][ef][fc][ff][gc][gf][he])
(;N[413]C[对杀题：黑先胜]AB[bb][cb][cc][cd][de][fc]AW[bd][ce][cf][db][dc][dd])
(;N[414]C[手筋题：黑先最佳着手]AB[cf][db][de][df][eb][ec][ed][ff]AW[bc][cb][cd][ce][dc][dd][ee][fe][id][if][jc])
(;N[415]C[死活题：黑先净杀]AB[bc][bd][be][cc][cf][cg][ch][db][dh][eb][eh][fb][fh][gb][gf][gg][gh][hc][hd][he]AW[cd][ce][dc][df][dg][ec][eg][fc][ff][fg][gc][gd][ge])
(;N[416]C[对杀题：黑先胜]AB[bb][bc][cc][dd][eb][ed][fc]AW[ac][bd][cb][cd][cf][db][dc])
(;N[417]C[对杀题：黑先胜]AB[bc][cb][cc][cf][dd][de]AW[bb][bd][cd][db][dc][fc])
(;N[418]C[死活题：黑先净杀]AB[bc][be][cd][da][de][df][ef][fb][ff][ga][gb][gc][gd][ge]AW[ab][bb][cc][dc][dd][eb][ee][fa][fc][fd][fe])
(;N[419]C[死活题：黑先净杀]AB[ae][be][ca][ce][da][de][ea][eb][ec][ed]AW[aa][ac][ad][ba][bd][cb][cd][db][dc][dd])
(;N[420]C[死活题：黑先劫活]AB[ba][bd][be][cb][cc][ce]AW[ab][bb][bc][cd][cf][cg][dd][de][ec][gc])
(;N[421]C[死活题：黑先净杀]AB[bb][be][cc][cd][ce][dd][fd][gb][gc]AW[ab][bc][bd][cb][db])
(;N[422]C[死活题：黑先净杀]AB[cb][cc][cd][ce][de][dg][ef][gc][gf][hb][hc][hd][he][hf][ic]AW[dc][dd][ec][ee][fa][fc][fe][gb][gd][ge][kc])
(;N[423]C[对杀题：黑先胜]AB[ab][ad][bd][cd][dd][ea][eb][ec][fc][fd]AW[ae][bc][be][ce][da][db][dc][de][ed][ee])
(;N[424]C[死活题：黑先净杀]AB[ab][ac][ad][be][ce][dc][de][ec][ee][fd][ga][gb][gc][gd]AW[bb][bc][bd][cd][db][dd][ea][ed][fa][fb][fc])
(;N[425]C[死活题：黑先净活]AB[ad][bc][bf][bg][bh][cd][ce][cg]AW[ab][ai][bb][bi][cc][cf][ch][dc][df][dg][di][ed])
(;N[426]C[死活题：黑先劫杀]AB[ad][ba][bd][cc][cd][db][dc][dd][ee][fa][fe][ga][ge][ha][hb][hc][hd][he]AW[ac][bb][bc][cb][da][ea][eb][ec][ed][fb][fd][gb][gc][gd])
(;N[427]C[对杀题：黑先劫]AB[bb][bc][ca][cc][da][dd][ed][fb][fc]AW[ac][bd][cb][cd][cf][db][dc][de][ea][eb])
(;N[428]C[死活题：黑先净杀]AB[bc][bd][be][cb][ce][db][df][dg][eb][ee][eg][fb][fg][gb][gg][hc][hf][ic][id][ie][if]AW[cc][cd][dc][de][ec][ed][ef][fc][ff][gc][gf][hd][he])
(;N[429]C[死活题：黑先净活]AB[cb][cc][cd][da][dd][ed][fb][fc][fd][gb]AW[bb][bc][bd][ca][ce][de][ea][ee][fe][gc][gd][ge][hb][ic])
(;N[430]C[死活题：黑先净活]AB[ab][bc][ca][cb][cc][dc][ec]AW[ac][ad][ba][bb][bd][cd][dd][ea][ed][fd][gc][hb][hd])
(;N[431]C[手筋题：黑先最佳着手]AB[bc][bf][cd][de][df][ec][ed][fb][fc][fe][gb][gd][hb][ic]AW[cb][db][dc][dd][eb][ee][ef][ff][gc][ge][hc][hd][ib][jb][jc])
(;N[432]C[死活题：黑先净杀]AB[ac][bd][be][ce][de][ee][fb][fc][fd][ga]AW[ab][bb][bc][cd][da][dd][ec][ed][fa])
(;N[433]C[死活题：黑先净杀]AB[ad][bc][bd][ca][cd][dd][df][fc][fd][gb][hc]AW[ab][ac][bb][cc][db][dc][ec][fb])
(;N[434]C[死活题：黑先净杀]AB[ac][ba][bc][be][ca][cd][de][fc][fd][gb][hc]AW[ab][bb][cb][cc][da][dc][ec][fb])
(;N[435]C[死活题：黑先净活]AB[bb][bd][be][bf][ca][cc]AW[bg][cb][cd][cf][cg][db][dd][ec])
(;N[436]C[手筋题：黑先最佳着手]AB[bc][bd][cd][dd][eb][ec][fc][fe]AW[ab][bb][cc][da][db][dc][ed][ee][fg][gb][gc][he][hg])
(;N[437]C[死活题：黑先净杀]AB[ac][bd][cd][da][db][dd][ea][ed][fc][ga][gb][gc]AW[ab][bc][cc][dc][eb][ec][fa][fb])
(;N[438]C[死活题：黑先净杀]AB[bg][bh][cb][cc][cd][cf][dd][df][ee]AW[ba][bb][bc][bd][bf][ce])
(;N[439]C[死活题：黑先净杀]AB[bc][be][cc][cd][de][ee][fc][fd][gb][hc]AW[bb][cb][dc][dd][eb][ec][ed][fb])
(;N[440]C[死活题：黑先劫活]AB[ba][bb][bc][bd][bf][ce]AW[af][bg][cb][cd][cf][ch][db][dd][df][ee])
(;N[441]C[死活题：黑先净杀]AB[ab][ba][bd][bg][cd][cf][eb][ef][fb][fc][ff][gd][ge][gf][hc]AW[bb][ca][da][db][dc][dd][de][ec][ee][fd][fe])
(;N[442]C[死活题：黑先净活]AB[ba][bb][cb][cc][dd][eb][ec][fb]AW[ab][bc][be][cd][de][ed][fc][fd][gb][hc])
(;N[443]C[对杀题：黑先胜]AB[ad][bb][bd][cb][cd][dd][de][eb][ec][ee][fb][gb]AW[ac][ba][bc][cc][da][db][dc][ed][fd][gc][hb][hc])
(;N[444]C[对杀题：黑先胜]AB[ab][ac][bd][be][bf][de][df][eb][ec][ed]AW[bb][bc][cb][cd][dc][dd][ee][fb][fd][fe][gb][gd])
(;N[445]C[对杀题：黑先胜]AB[ab][ad][bb][bd][cc][cd][da][dd][ee][fd][fe][gb][gc][gd]AW[ba][bc][be][ca][cb][ce][dc][de][df][eb][ec][ed][fc])
(;N[446]C[死活题：黑先净活]AB[ca][cb][cc][dc][ec][fa][fd][ga][gb][gc]AW[ba][bb][bc][cd][dd][ed][fc][fe][ge][ha][hb][hc][hd])
(;N[447]C[死活题：黑先净杀]AB[aa][ab][ac][bc][bd][bf][ce][de][ea][eb][ec][ee][fd][gd][hd][ia][ib][ic][id]AW[ba][bb][cc][cd][da][db][dd][ed][fb][fc][gc][ha][hb][hc])
(;N[448]C[死活题：黑先净活]AB[ca][cb][dc][eb][ec][fc][ga][gd][hb][hc][ic]AW[ba][bb][bd][cc][dd][ed][ef][fd][gb][gc][gf][hd][he][ib][jb][jc][jd])
(;N[449]C[死活题：黑先净杀]AB[ba][bb][cc][cd][cf][eb][ed][fb][fd][ga][gd][hd][ib][ic]AW[ca][cb][db][dc][ec][fc][gb][gc][hb])
(;N[450]C[死活题：黑先净杀]AB[ba][bd][cc][cd][dd][ed][fb][fc]AW[aa][ac][bc][cb][dc][ea][eb])
(;N[451]C[死活题：黑先净杀]AB[bb][bc][cd][ce][cf][ch][dc][dg][ed][ee][eg][fb][ff][ga][hc][he][ib][ic][id][if][jd]AW[ca][cb][cc][dd][de][df][eb][ec][fd][gb][gc][gd][ha][hb][hd])
(;N[452]C[对杀题：黑先胜]AB[bb][cb][dc][ec][fa][fb][fc][gd][hd][ib][ic]AW[bc][cc][cd][da][db][dd][ed][fd][ga][gb][gc])
(;N[453]C[死活题：黑先劫杀]AB[ba][bb][bd][cc][dd][de][ee][fa][fb][fe][gb][ge][hd][id][ja][jb][jc][jd]AW[db][dc][eb][ed][fc][fd][gc][gd][ha][hc][ia][ib][ic])
(;N[454]C[死活题：黑先净杀]AB[ab][ae][be][ce][db][dd][ed][fa][fb][fc][fd]AW[ac][ad][ba][bd][cd][da][dc][ea][eb][ec])
(;N[455]C[死活题：黑先净杀]AB[ac][bc][be][bf][da][de][ed][ef][fa][fb][fc][fd]AW[ab][bb][cc][cd][dd][ea][eb][ec])
(;N[456]C[死活题：黑先净活]AB[bd][cb][dc][ec][fb][fc][gb]AW[bc][be][cc][ce][dd][ed][fd][gc][hb][hc])
(;N[457]C[死活题：黑先净活]AB[ab][bb][be][cb][cd][ce][da][dc][dd]AW[ac][bc][bf][ca][cc][cf][ch][db][eb][ec][ed][ee])
(;N[458]C[手筋题：黑先最佳着手]AB[cd][ce][dc][ec][gd][ge][hc][ic][jc][je]AW[dd][df][fc][ff][gc][hb][hd][he][hf])
(;N[459]C[对杀题：黑先劫]AB[bd][be][cb][cc][cf][dc][eb][ec]AW[bb][bc][cd][da][dd][ed][fa][fb][fc])
(;N[460]C[死活题：黑先净杀]AB[ad][ae][af][ba][bb][bd][bf][cf][da][df][eb][ef][fb][ff][gf][hb][hc][hd][he]AW[ab][bc][be][ca][cb][cd][ce][db][de][ec][ee][fe][ge])
(;N[461]C[死活题：黑先净杀]AB[ae][bb][ca][cb][ce][df][ea][ed][ee][fa][fb][fc][hb]AW[ba][bd][cc][cd][da][db][dc][dd][eb][ec])
(;N[462]C[死活题：黑先净杀]AB[ae][ai][bb][bi][cb][ch][ci][dc][dd][df][dg][eh][fd]AW[ad][ag][ah][bc][bf][bh][cc][ce][cf][cg])
(;N[463]C[死活题：黑先净杀]AB[ad][bd][cd][da][db][dd][ed][fa][fb][fc][fd]AW[ba][bc][cc][dc][ea][eb][ec])
(;N[464]C[对杀题：黑先劫]AB[ac][ae][bd][bf][ce][db][dd][de][eb][ec][fb]AW[bc][ca][cb][cc][cd][dc][ed][fc][fd][gb][hc])
(;N[465]C[对杀题：黑先胜]AB[ac][ad][bb][bd][cd][cf][db][dc][eb]AW[ab][bc][ca][cb][cc][dd][ed][fb][fc])
(;N[466]C[死活题：黑先净活]AB[ac][bc][be][bh][cc][cd][cf][cg]AW[ad][bb][bd][bf][bi][cb][ce][ci][db][dc][de][df][dg][dh])
(;N[467]C[对杀题：黑先胜]AB[bb][bc][ce][de][eb][ec][ed][fa]AW[db][dc][dd][ee][fb][fe][gb][gd][hc])
(;N[468]C[死活题：黑先净杀]AB[ba][bd][be][cb][cc][ce][de][ed][fd][gb][gd][hc]AW[ab][ad][bb][bc][cd][dc][dd][ec][fc][gc])
(;N[469]C[死活题：黑先净杀]AB[bc][cc][ce][da][db][dd][ee][fe][ga][ge][ha][hb][hc][hd]AW[bb][cb][dc][eb][ec][ed][fa][fd][gb][gc][gd])
(;N[470]C[死活题：黑先净杀]AB[ae][be][cc][ce][de][ed][fa][fb][fc][fd]AW[aa][ac][ad][bb][cd][dc][dd][ea][ec])
(;N[471]C[死活题：黑先净活]AB[ac][ad][ae][ba][bd][cd][db][dc][dd][ea]AW[bb][bc][be][bg][cb][ce][da][de][eb][ec][ed][ee][gb])
(;N[472]C[死活题：黑先净活]AB[ad][be][cb][cc][cd][ce]AW[ac][ae][af][bf][cf][db][dc][dd][de][df])
(;N[473]C[死活题：黑先净杀]AB[bd][bf][cd][dc][ec][fa][fb][fc]AW[ab][ad][bb][bc][cc][da][db][ea][eb])
(;N[474]C[死活题：黑先净杀]AB[ca][cb][cc][cd][cf][dc][df][fa][ff][gb][gc][ge][hd][he][ic][jc][kb][kd]AW[da][db][dd][eb][ec][ed][fb][fd][gd][hb][hc][ib][jb])
(;N[475]C[死活题：黑先净活]AB[ab][ca][cc][dc][ec][fb][fc][gc]AW[ba][bd][cd][db][dd][ed][fa][fd][gb][gd][hb][hc])
(;N[476]C[死活题：黑先净活]AB[ad][be][cb][cc][cd][ce][da]AW[ae][af][bc][bf][cf][db][dc][dd][df][ee][fb])
(;N[477]C[手筋题：黑先最佳着手]AB[ab][bb][bc][bd][cb][cd][dd][ga][gb][gc][gd]AW[ac][ad][ae][be][cc][ce][dc][de][ed][ee][fb][fc])
(;N[478]C[死活题：黑先净活]AB[db][dc][eb][ed][fc][fe][gd][gf][he]AW[cb][cc][cd][de][df][eg][fb][fg][gb][gg][hc][hf][ib][id][ie])
(;N[479]C[死活题：黑先净杀]AB[ba][bf][cd][cg][dc][de][df][ec][gb][gc][ge]AW[ab][ad][bc][be][cb][cc][ce])
(;N[480]C[死活题：黑先净杀]AB[ac][ad][ba][bd][cb][cd][db][dd][ed][fa][fb][fc][fd]AW[ab][bb][bc][cc][dc][ea][eb][ec])
(;N[481]C[死活题：黑先净活]AB[ba][bb][cd][da][dd][ec][ed][fa][fb]AW[ab][ac][bc][bd][be][cc][ce][de][ee][fd][gb][gc])
(;N[482]C[死活题：黑先净杀]AB[ae][be][cd][db][dd][ec][ed][fd][gb][gc][gd]AW[ac][ad][bd][cb][cc][dc][ea][eb][fb][fc])
(;N[483]C[死活题：黑先净活]AB[bd][be][bf][bg][cb][cc]AW[bh][ca][cd][ce][cf][cg][ch][db][dc])
(;N[484]C[死活题：黑先净杀]AB[ab][ae][ca][cd][ce][cf][da][db][dc]AW[ac][ba][bb][bd][cb][cc])
(;N[485]C[死活题：黑先净杀]AB[bb][bf][bh][cb][ch][dc][dd][df][dg][dh][fd]AW[ae][ag][bc][bg][cd][ce][cf][cg])
(;N[486]C[死活题：黑先净杀]AB[ab][bc][be][cd][dd][ed][fc][gc][ha][hb][hc]AW[bb][cb][cc][da][dc][ea][ec][fb][gb])
(;N[487]C[死活题：黑先净杀]AB[be][cd][ce][de][ec][ed][ee][fa][fb]AW[ad][bc][bd][db][dc][dd][ea][eb])
(;N[488]C[死活题：黑先净活]AB[ba][cb][db][dc][eb][fc][fd][gc][gd][hc][ia][ic][jb]AW[ab][bb][bd][cc][cd][dd][ea][ec][ed][fa][fb][fe][ge][hd][he][jc][je][kb][kc][kf])
(;N[489]C[死活题：黑先净杀]AB[be][ca][ce][dd][ed][fa][fb][fc][fd]AW[ba][bb][bd][cd][ea][eb][ec])
(;N[490]C[手筋题：黑先最佳着手]AB[bb][bc][bd][cb][ce][cf][dd][dh][ee][ef][eh]AW[be][bf][cc][cd][ci][db][dc][de][di][ec][ei][gc])
(;N[491]C[死活题：黑先净活]AB[cd][db][dd][ec][fa][fb][fc]AW[bc][bd][ce][de][ed][fd][ga][gb][gc][gd])
(;N[492]C[死活题：黑先净活]AB[db][dc][ed][fb][fc][ga][gc][hb]AW[cb][cc][cd][da][de][eb][ee][fd][gd][hc][ib][ic])
(;N[493]C[手筋题：黑先最佳着手]AB[be][cb][db][dc][de][df][dh][eb][ef][eg][fc][fe][fh][gc][gd][gf]AW[bb][bd][bf][cc][cd][cg][dd][dg][di][ec][ed][ee][eh][ei][fd])
(;N[494]C[对杀题：黑先胜]AB[ab][af][bf][cf][db][dc][dd][de][eb]AW[ad][ae][ba][bb][be][cd][ce][df][dg][ec][ed][ee][fb][gc])
(;N[495]C[死活题：黑先净杀]AB[bb][bd][be][dd][ec][ee][fb][fc]AW[ac][bc][cc][dc][ea][eb])
(;N[496]C[死活题：黑先净活]AB[ab][bc][bd][cc][db][dc][ec]AW[ad][ba][bb][be][cd][ce][eb][ed][ee][fc][fd][hc][he])
(;N[497]C[死活题：黑先劫杀]AB[bb][bc][cd][ce][df][ef][ff][ga][gb][gc][gd][ge]AW[cb][cc][dc][dd][de][ec][ee][fb][fc][fd])
(;N[498]C[死活题：黑先净杀]AB[ba][bf][cc][cd][cf][dd][ed][fa][fb][fc][fd]AW[ab][bc][bd][be][cb][dc][ea][eb][ec])
(;N[499]C[死活题：黑先净活]AB[ac][bc][bd][ca][cb][cd][db]AW[ab][ad][ae][be][ce][da][dd][de][ea][eb][ec])
(;N[500]C[死活题：黑先净杀]AB[bb][be][bf][cf][db][dc][de][eb][ee][fc][fd][fe]AW[ab][ad][bd][cb][cd][ce][dd][ec][ed][fb])
(;N[501]C[死活题：黑先净杀]AB[ab][ad][bd][cb][cd][dc][ec][ee][fb]AW[ac][ba][bb][bc][ca][db][fc][gb][gc][ge])
(;N[502]C[死活题：黑先净杀]AB[be][cb][ce][dc][dd][fa][fb][fc][fe]AW[ac][ba][bb][cc][cd][db][eb])
(;N[503]C[死活题：黑先净杀]AB[ad][bd][ce][da][de][ec][ed][ee][fa][fb]AW[ac][bc][db][dc][dd][ea][eb])
(;N[504]C[死活题：黑先净杀]AB[ab][ad][ae][be][cb][ce][de][eb][ed][fb][fc][fd]AW[ac][ba][bc][bd][cd][db][dc][dd][ec])
(;N[505]C[死活题：黑先净杀]AB[bc][bd][cd][dd][ec][fa][fb][fc]AW[ab][ba][bb][cc][db][ea])
(;N[506]C[死活题：黑先净杀]AB[ab][bc][cc][ce][cf][da][ee][fe][gd][ha][hb][hc][hd]AW[ba][bb][cb][eb][ed][fb][fd][ga][gb][gc])
(;N[507]C[死活题：黑先净杀]AB[ad][ba][bb][be][ce][db][dc][de][ee][fd][gb][gd][hb][hc][hd]AW[ab][bc][bd][cb][cc][dd][ec][ed][fb][fc][gc])
(;N[508]C[死活题：黑先净杀]AB[ac][ad][bb][bd][cd][da][dd][ed][fd][gd][hb][hc]AW[ab][bc][cb][cc][dc][ea][ec][fa][fb][fc])
(;N[509]C[死活题：黑先净活]AB[bc][bd][cb][ce][cf][db][df][eb][ec][ef][fc][fd][fe][ff]AW[ac][ad][bb][be][bf][ca][cg][da][dd][de][dg][ea][eg][fb][fg][gb][gc][gd][ge][gf])
(;N[510]C[死活题：黑先净杀]AB[ad][bc][bd][cd][dd][ed][fa][fd][ga][gb][gc]AW[ab][ac][bb][cc][dc][ea][ec][fb][fc])
(;N[511]C[死活题：黑先净活]AB[ai][bc][bd][bg][bh][bi][cd][ce][cf][cg]AW[ae][ag][aj][bb][be][bf][bj][cc][ch][ci][cj][db][dd][de][df][dg])
(;N[512]C[死活题：黑先净杀]AB[bc][bd][be][bf][cb][cg][db][dd][dg][ea][ef][fa][ff][ga][gf][hb][hc][hd][he]AW[cc][cd][ce][cf][dc][df][eb][ee][fb][fd][gb][gc][gd][ge])
(;N[513]C[死活题：黑先净杀]AB[ab][ac][ba][bd][ca][cd][dd][ec][ed][ge][hd][ib][ic]AW[bb][bc][cb][cc][db][dc][ea][eb][fa][fc][gb][ha][hb])
(;N[514]C[手筋题：黑先最佳着手]AB[cd][ce][de][eb][ee][fe][ga][gb][gc][gd]AW[bc][bd][be][cc][db][ed][fb][fc][fd])
(;N[515]C[死活题：黑先净杀]AB[bb][cb][cd][dc][ed][fd][gd][hc][ia][ic][jb][jd]AW[da][db][eb][fc][ga][gc][hb][ib])
(;N[516]C[对杀题：黑先劫]AB[ba][bb][cc][cd][dd][ed][fb][fc][gb]AW[ca][cb][da][dc][eb][ec][fd][gc][gd][hc][ib])
(;N[517]C[死活题：黑先净活]AB[bc][cb][da][db][eb][ec][fa][fb]AW[ba][bb][bd][cd][dc][dd][ed][fc][gb][gc][ge])
(;N[518]C[对杀题：黑先胜]AB[bc][bd][cd][da][dd][ec][fb][fc][gb][hc][ic]AW[bb][bf][cc][ce][cf][db][dc][eb][ed][ef][fd][gc][gd][gf])
(;N[519]C[死活题：黑先劫活]AB[cb][db][eb][fa][fb][fd][gc][hb][hc]AW[ba][bb][cc][dc][de][ee][fc][fe][gd][ha][hd][ib][id][ja][jb][jc])
(;N[520]C[死活题：黑先净杀]AB[ab][be][ce][dc][dd][de][eb][fb]AW[bb][bd][cb][cc][cd][db][ea])
(;N[521]C[死活题：黑先净杀]AB[ac][ad][ae][af][ag][bd][bg][cf][dd][de][dg][ec][fc][ga][gc][hb][hc][jb][jc]AW[ba][bb][bc][be][bf][ca][cc][cd][ce][dc][eb][fa][fb][gb])
(;N[522]C[死活题：黑先净杀]AB[ac][ad][bd][be][ce][de][ee][fa][fb][fc][fd]AW[aa][ab][bc][cb][dd][ea][eb][ec][ed])
(;N[523]C[死活题：黑先净杀]AB[ab][bf][bh][ce][cf][db][dc][dd][de]AW[ad][be][ca][cb][cc][cd])
(;N[524]C[死活题：黑先净活]AB[bc][cb][cc][dc][ec][fb][gb]AW[ac][bb][bd][cd][dd][ed][fc][fd][gc][hb][ic])
(;N[525]C[手筋题：黑先最佳着手]AB[ab][bc][bd][bh][cg][ci][df][dg][ee][fe]AW[bb][bf][bg][cb][cc][cf][dd][de][ed][gc])
(;N[526]C[死活题：黑先净杀]AB[ba][bb][bc][bd][ca][ce][de][ee][fa][fe][gc][ge][ha][hd][ia][ib][ic][id]AW[cb][cc][cd][da][dd][ed][fb][fd][ga][gb][gd][hb][hc])
(;N[527]C[死活题：黑先净活]AB[bd][be][bg][bh][cf][df]AW[bc][cb][cd][ce][ci][cj][ck][de][dg][ef][eg])
(;N[528]C[死活题：黑先净杀]AB[bd][cb][cd][dd][ed][fc][ga][gb][gc]AW[ac][ba][ca][cc][dc][eb][ec][fb])
(;N[529]C[对杀题：黑先胜]AB[gc][hb][hc][hd][ie][je][kb][kd]AW[fb][fc][fd][ge][he][ib][ic][id])
(;N[530]C[手筋题：黑先最佳着手]AB[bc][cb][cc][cd][dd][ec][ed][fb][fe][fg][ge][hg]AW[bd][be][cf][db][dc][eb][ee][ef][fc][fd][gb][ic])
(;N[531]C[对杀题：黑先胜]AB[bb][bc][bd][cb][cd][db][dc][ed][fd][gb][gd][hc]AW[ad][ba][be][ce][da][dd][de][ea][eb][ec][fc])
(;N[532]C[对杀题：黑先胜]AB[bd][be][cb][cc][cf][dc][ec][fa][fb][fd][fe]AW[ba][bb][bc][ca][cd][dd][ed][fc][gb][gc][hb])
(;N[533]C[对杀题：黑先劫]AB[ac][ad][bd][cc][cd][cf][db][de][eb]AW[ab][ba][bb][bc][cb][da][dc][dd][ea][fc][fe][gb])
(;N[534]C[死活题：黑先净杀]AB[bc][bd][cd][dd][ec][fc][ga][gb][gc]AW[ab][ba][bb][cc][dc][eb][fb])
(;N[535]C[死活题：黑先净杀]AB[ac][af][bb][bj][cb][cc][ch][ci][cj][de][df][dg][ec]AW[ad][ai][bc][bd][bg][bh][bi][cd][cf][cg])
(;N[536]C[死活题：黑先净活]AB[be][cc][db][dd][de][ec][ed]AW[bd][ce][cf][df][eb][ee][fb][fc][fd])
(;N[537]C[死活题：黑先净活]AB[ab][bb][cb][db][dc][dd][de][eb]AW[bc][cd][cf][df][ea][ec][ed][ee][fb][gc])
(;N[538]C[手筋题：黑先最佳着手]AB[bb][bc][be][cd][dd][eb][ec]AW[ba][ca][cb][cc][ed][ee][fb][fc][gb][gd])
(;N[539]C[死活题：黑先净杀]AB[aj][bb][bd][bg][bh][bl][cd][ch][cl][dd][de][df][dj][dk][eg][eh][ei][el]AW[ad][ae][ai][be][bi][ce][cf][ci][cj][ck][dg][dh][di])
(;N[540]C[对杀题：黑先胜]AB[bb][be][dc][dd][de][eb][fb]AW[cb][cc][db][ec][ed][ff][gc][gd][gf][hb])
(;N[541]C[死活题：黑先净活]AB[ca][cb][dc][ec][fc][ga][gb][gc]AW[bb][bc][cd][da][dd][ed][fa][fd][gd][hd][ib][ic])
(;N[542]C[死活题：黑先净杀]AB[ad][ae][be][cc][ce][da][db][de][ee][fa][fb][fc][fd]AW[ab][ac][bd][cb][dc][dd][ea][eb][ec])
(;N[543]C[死活题：黑先劫活]AB[ad][af][be][cb][cc][cd][db]AW[aa][ac][bb][bf][bh][ce][cg][da][de][eb][ec])
(;N[544]C[死活题：黑先净活]AB[ca][cb][dc][ec][fc][gc][ha][hb]AW[ba][bb][bc][cc][dd][ed][fd][gd][hc][ib][ic])
(;N[545]C[手筋题：黑先最佳着手]AB[bd][be][bf][cd][cf][dc][dg][ec][eg][fc][fg]AW[cb][cc][ce][cg][ch][dd][de][df][ed][ef][fe][he])
(;N[546]C[死活题：黑先净杀]AB[be][bg][cc][cd][ce][dc][eb][ec][gb]AW[ad][bb][bc][bd][cb][db])
(;N[547]C[手筋题：黑先最佳着手]AB[cb][cd][ce][dc][df][eb][ec][fa][fd][gb][gc][hb]AW[bb][bc][bd][cc][da][db][dd][ed][ee][ha][hc][hd][ib][jc])
(;N[548]C[死活题：黑先净杀]AB[ad][bb][bd][be][ce][de][ee][fa][fc][fd][gb][hc]AW[ac][bc][cb][cd][db][dc][dd][eb][ed][fb])
(;N[549]C[死活题：黑先净杀]AB[ba][bb][bd][be][ce][de][ed][ee][fc][ga][gb][gc]AW[bc][cc][cd][db][dd][ec][fa][fb])
(;N[550]C[死活题：黑先净杀]AB[bc][bf][cd][ce][cf][dc][ec][fb][fc]AW[bb][be][cb][cc][db][ea][eb])
(;N[551]C[死活题：黑先净杀]AB[ad][bb][bc][bh][cb][cg][ci][dc][dd][dg][ee][ef]AW[ae][ag][bd][bf][bg][cc][cd][cf][df])
(;N[552]C[死活题：黑先劫活]AB[ad][ag][ba][be][bf][ca][cb][cc][cd][ce]AW[ab][af][bb][bc][bd][bg][bh][cf][da][db][dc][dd][de][dg])
(;N[553]C[手筋题：黑先最佳着手]AB[ca][cb][cc][cd][de][ee]AW[be][ce][cg][db][dc][dd][hb][hc][hd])
(;N[554]C[死活题：黑先净杀]AB[ab][be][ca][ce][dc][df][ec][ef][fb][fc][gd][ge][hb][hc]AW[bb][bc][cb][cd][db][dd][ea][ed][fd][gb][gc])
(;N[555]C[死活题：黑先净杀]AB[ad][bd][bf][ce][cg][da][db][df][ea][fa][fb][fc][fd][fe][ff]AW[bc][cb][cd][dc][de][eb][ec][ed][ee])
(;N[556]C[死活题：黑先净活]AB[ba][bc][cc][da][dc][eb][fb]AW[ab][ad][bd][cd][dd][ec][fa][fc][ga][gb][gc])
(;N[557]C[死活题：黑先净杀]AB[ba][bb][be][cb][ce][cf][ch][dg][eb][fb][fc][fe][fh][gd][gf][gg][hc][he]AW[ab][bd][ca][cd][da][db][dc][dd][df][ec][ed][ef][fd])
(;N[558]C[死活题：黑先净活]AB[ae][bb][bc][bd][be][cb][db]AW[ab][ac][ba][bf][cd][ce][cg][dc][eb][ec])
(;N[559]C[死活题：黑先净活]AB[ab][bc][bd][cc][db][dc][eb][ed]AW[ae][ba][bb][be][cd][cf][dd][ec][ee][fb][fc][gc])
(;N[560]C[死活题：黑先劫杀]AB[bd][cd][dd][ec][fa][fb][fc]AW[cb][cc][da][dc][ea][eb])
(;N[561]C[死活题：黑先净活]AB[bb][be][bf][cb][cc][cd][cg]AW[ab][bc][bd][bh][ce][ci][db][dc][dd][de][eg][ei])
(;N[562]C[死活题：黑先净杀]AB[bd][be][cc][ce][db][de][ee][fd][fe][gc][hb][hc]AW[ba][bb][bc][cd][dc][dd][ec][ed][fa][fc][ga][gb])
(;N[563]C[死活题：黑先净活]AB[bb][bc][cd][db][dc][dd][df][ec][ef][fd]AW[ac][ae][bd][bf][cb][cc][ce][cf][ch][dg][eb][fb][fc][fe][fg][gd][hc])
(;N[564]C[死活题：黑先净杀]AB[ad][be][bf][cd][cf][dd][eb][ed][fa][fc][gc]AW[ae][bb][bc][bd][cc][ce][db][dc][ec])
(;N[565]C[死活题：黑先净活]AB[dc][dd][ea][ec][ee][fc][fe][gc][ge][hb][hc][hd]AW[cb][cc][cd][cf][db][de][ef][fd][ff][gb][gf][ha][he][ib][ic][id][ie])
(;N[566]C[死活题：黑先净活]AB[ca][cb][cc][dc][ec][fc][ga][gc][hb][hc]AW[ba][bb][bc][bd][ce][da][db][eb][ee][fb][gd][ha][hd][ia][ib][ic][id])
(;N[567]C[死活题：黑先劫杀]AB[bb][bd][ca][cd][cf][db][de][ee][fb][fd][fe][gb][gc]AW[ab][bc][cc][da][dd][ea][eb][ec][ed][fc])
(;N[568]C[死活题：黑先净杀]AB[bd][be][cc][dd][de][eb][ec][fa][fd]AW[aa][ac][bb][bc][cd][db][dc][ea])
(;N[569]C[死活题：黑先净活]AB[bb][cc][db][dc][ec][fa][fb][fc]AW[ab][bc][bd][cb][cd][da][dd][ed][fd][ga][gb][gc])
(;N[570]C[对杀题：黑先胜]AB[ad][bb][bd][cd][dd][ec][fb][fc][fd][gc]AW[ae][be][cb][ce][db][dc][de][eb][ed][ee])
(;N[571]C[死活题：黑先净活]AB[ca][cb][dc][eb][ec][fc][gc][hb][hc][ia][ib]AW[bb][bd][be][cc][db][dd][ea][ed][fb][ga][ge][hd][ic][ie][ja][jb][jc])
(;N[572]C[基础题：黑先最佳着手]AB[ba][bb][bc][cd][ce][de][ea][ee][fb][fe][gb][gc][gd]AW[ac][bd][be][bf][cb][cc][cg][da][db][dd][eb][ec][ed][fc][fd])
(;N[573]C[死活题：黑先净杀]AB[ba][bc][be][cd][cf][dd][ec][fb][fd]AW[ab][ad][bb][cc][db][dc])
(;N[574]C[死活题：黑先净杀]AB[ba][bf][cd][ce][cf][db][dc][fb]AW[ac][bd][be][ca][cb][cc])
(;N[575]C[死活题：黑先净杀]AB[ad][cb][ce][da][db][dd][ed][fa][fb][fc][fd]AW[bc][ca][cc][cd][dc][ea][eb][ec])
(;N[576]C[死活题：黑先净活]AB[ad][bb][bd][be][ca][cb][cc][ce][db][eb][fa]AW[ab][ac][ae][bf][cd][cg][dc][de][df][ea][ec][fb][gb][gc][ge])
(;N[577]C[死活题：黑先净活]AB[ae][af][ai][ba][bc][bd][be][bf][bg][bh][ca][cb][db]AW[ab][ac][ad][bb][bi][bj][cc][cd][ce][cf][cg][ch][da][dc][di][ea][eb])
(;N[578]C[死活题：黑先净活]AB[ad][bb][bc][cc][da][dc][eb]AW[ac][bd][bf][cd][dd][ec][fa][fb][fc])
(;N[579]C[死活题：黑先净杀]AB[ba][bb][bc][cc][dc][ed][fb][fd][gd][ha][hd][ia][ib][ic]AW[ca][cb][db][eb][ec][fc][ga][gc][hb][hc])
(;N[580]C[死活题：黑先净杀]AB[ac][bc][cb][cc][dc][ea][ec][fd][gd][hc][ia][ib][ic]AW[ab][bb][ca][db][eb][fa][fc][gb][gc][hb])
(;N[581]C[死活题：黑先净杀]AB[bb][bc][cc][dd][ed][fd][gc][hc][ia][ib][ic]AW[cb][db][ea][ec][fa][fc][gb][hb])
(;N[582]C[死活题：黑先净活]AB[bb][cb][dc][ec]AW[cc][cd][cf][dd][ed][fb][gc])
(;N[583]C[死活题：黑先净活]AB[ba][bb][cb][cc][da][ec][ed][fc]AW[ab][bc][bd][cd][dc][de][ee][fd][gb][gd][hc])
(;N[584]C[死活题：黑先净活]AB[ad][ae][bb][bc][bd][cc][dc][ec][fb][fc]AW[af][be][bf][cb][cd][da][db][de][eb][ee][fa][fd][gb][gc][gd])
(;N[585]C[手筋题：黑先最佳着手]AB[cf][db][de][df][eb][ec][ed]AW[bc][cb][cd][ce][dc][dd][ee][id][if][jc])
(;N[586]C[死活题：黑先净杀]AB[ad][ba][bd][ca][cd][dd][ed][fa][fd][ga][gb][gc]AW[ac][bb][bc][cb][da][ea][ec][fb][fc])
(;N[587]C[死活题：黑先净杀]AB[ae][bb][be][cb][cc][ce][da][de][ec][ed][ee][fa][fb]AW[ab][bc][bd][cd][db][dc][dd][ea][eb])
(;N[588]C[死活题：黑先净活]AB[cc][cd][ce][de][ed][ee][fc][fd][ga][gb][gc]AW[bc][bd][be][cb][cf][dc][dd][df][ec][ef][fb][ff][ge][ha][hb][hc][hd])
(;N[589]C[死活题：黑先净杀]AB[ae][be][ca][cb][ce][dd][ed][fb][fc]AW[ac][ad][ba][bb][bd][cd][da][eb])
(;N[590]C[死活题：黑先净杀]AB[ad][bc][bd][ca][cd][cf][ed][fa][fc][fd][hb][hc][hd]AW[ab][ac][ba][bb][cc][da][dc][ec])
(;N[591]C[手筋题：黑先最佳着手]AB[bc][be][cf][ed][ef][fd][ff]AW[cd][dd][fb][gc][gd][ge])
(;N[592]C[死活题：黑先净活]AB[bf][bg][bh][cc][cd][cg][dd][de][df][ed][ef][fd][fe]AW[ai][bb][bd][be][bi][cb][ch][ci][dc][dg][ec][eg][ei][fc][ff][gd][ge][gg])
(;N[593]C[对杀题：黑先胜]AB[bb][bf][cc][cd][cf][dd][de][eb][ec]AW[ba][bc][be][cb][db][dc][ed][fd][gb][gc])
(;N[594]C[死活题：黑先净杀]AB[ba][bb][cc][cd][dd][ee][fc][fe][ge][hb][hd][ib][ic][id]AW[cb][da][dc][ec][ed][fd][gb][gc][gd][hc])
(;N[595]C[死活题：黑先净活]AB[bc][cc][db][eb][fa][fb]AW[ac][bd][cd][dc][ec][fc][ga][gb][gc])
(;N[596]C[死活题：黑先净活]AB[ab][bb][bd][bf][cc][cd][cg][ch][dd][df]AW[ba][bg][bh][cb][ce][ci][da][dc][dg][di][eb][ed][ee][eg])
(;N[597]C[死活题：黑先净杀]AB[ae][bg][cb][cc][cd][ce][cf][ch][eb]AW[ad][ba][bb][bc][bd][be])
(;N[598]C[手筋题：黑先最佳着手]AB[cb][dc][fa][ff][ga][gb][ge][gf][hc][hf][ib][id][ie]AW[bb][bd][cc][cd][dd][df][ea][eb][ef][fb][fe][gc][gd][hd][he])
(;N[599]C[死活题：黑先净活]AB[ae][bc][bd][bf][bg][ce][cf][cg][de][dg][ef]AW[ab][ac][ad][bb][bh][bj][cc][cd][ch][db][dd][dh][ed][eh][fe][ff][fg])
(;N[600]C[死活题：黑先净杀]AB[ah][bb][bf][bi][cb][cc][ch][ci][db][df][ec][eg][ei][fc][fe][fg]AW[ae][ag][bc][bd][bg][bh][cd][cf][cg][dc][dd][dg])
(;N[601]C[死活题：黑先净杀]AB[ab][ag][ba][bb][be][bf][bh][cd][ce][cg][ch][ec][eg][fb][fd][ff][gc][gd][hb]AW[ad][ae][bc][bd][cc][cf][db][dc][dd][de][df][ea][eb][fa])
(;N[602]C[死活题：黑先劫活]AB[ad][bc][cb][cc][cd][dd][eb][ec][ed][fb][ga]AW[ab][ac][bb][bd][be][bf][ca][ce][db][de][ea][ee][fd][gb][gc][ge][hb])
(;N[603]C[死活题：黑先净杀]AB[bb][bc][bd][cd][de][ee][fb][fe][ga][gd][hd][ic][id][kc]AW[cb][cc][dd][eb][ec][ed][fd][gc][hb][hc])
(;N[604]C[死活题：黑先净活]AB[ab][bb][bd][be][ca][cb][cc]AW[ad][ae][ba][bf][bg][cf][da][db][dc][dd][dg])
(;N[605]C[死活题：黑先净杀]AB[bd][cb][cc][ce][cg][de][ee][fc][fe][gd][hd]AW[bc][be][cd][dc][dd][ec][ed][fd])
(;N[606]C[死活题：黑先净活]AB[ba][bb][bc][cc][dc][ec][ed][fa][fc][fd][ga][gb][gc]AW[ab][ac][bd][cd][db][dd][ea][eb][ee][fb][fe][gd][hb][hc][hd])
(;N[607]C[死活题：黑先净杀]AB[ac][bc][be][ca][cd][dd][ed][fb][fd][gc][hc][ic][jb]AW[ab][bb][cc][da][dc][eb][ec][fc])
(;N[608]C[死活题：黑先净杀]AB[bc][bh][cc][cd][ce][cf][ch][db][df][dh][eb][ec][ee][ef][gc]AW[aa][ac][bb][bd][be][bf][bg][bk][ca][cb][da][dc][dd])
(;N[609]C[死活题：黑先净杀]AB[ab][be][ca][cd][ce][da][db][de][ea][ee][fe][ga][gb][gc][gd]AW[cc][dc][dd][eb][ed][fa][fb][fc][fd])
(;N[610]C[对杀题：黑先胜]AB[bb][bc][cd][dd][ed][fa][fb][fc]AW[bd][be][cb][cc][cf][dc][eb][ec])
(;N[611]C[手筋题：黑先最佳着手]AB[ac][ad][bd][cd][dc][ec][ed][ee][ef][fb]AW[ab][bc][bf][cc][cf][ch][db][dd][de][eb][fc][gb])
(;N[612]C[对杀题：黑先胜]AB[bb][bc][bd][cd][ce][de][ee][fa][fb][fc][fd]AW[cb][cc][dd][eb][ec][ed][fe][gb][gd][ge][hc])
(;N[613]C[死活题：黑先净杀]AB[ac][ae][be][cb][ce][dd][de][ec][fc][ga][gb][gc]AW[aa][ad][bc][bd][cd][db][dc][eb][fa][fb])
(;N[614]C[死活题：黑先净活]AB[ac][bc][bg][cd][ce][cf]AW[bb][bh][cb][cc][cg][ch][dd][de][df])
(;N[615]C[死活题：黑先净杀]AB[ab][bc][be][cd][db][de][eb][ee][fd][gd][hd][ia][ib][ic][id]AW[ba][bb][cb][cc][da][dc][ed][fc][ga][gc][ha][hb][hc])
(;N[616]C[死活题：黑先净杀]AB[ab][ac][ae][be][cd][db][dd][ed][fa][fd][ga][gb][gc]AW[aa][ad][bc][bd][cb][da][dc][ea][ec][fb][fc])
(;N[617]C[死活题：黑先劫杀]AB[bf][ce][cg][db][dc][dd][de][fb]AW[bd][be][ca][cb][cc][cd])
(;N[618]C[手筋题：黑先最佳着手]AB[ba][bb][bc][bd][ce][de][ed][ee][ef][fb]AW[be][bf][cb][cc][cd][cf][eb][fd][fe][gb][gc][hd])
(;N[619]C[死活题：黑先净杀]AB[ab][ad][be][ce][dc][de][ed][fb][fc][fd]AW[ba][bb][bc][bd][cd][dd][ea][eb][ec])
(;N[620]C[死活题：黑先净杀]AB[be][cb][cd][de][ee][fb][fe][ga][gb][gc][gd][ge]AW[aa][cc][da][dc][dd][ea][eb][ed][fa][fc][fd])
(;N[621]C[死活题：黑先净活]AB[ab][bc][cc][dc][dd][eb][ec][fa][fc]AW[ba][bb][bd][cb][cd][ce][da][db][de][ea][ee][fd][gb][gd][hc])
(;N[622]C[对杀题：黑先胜]AB[bb][ca][da][db][dc][ed][fd][gc][gd][hb]AW[cb][cc][cd][cf][dd][eb][ec][fa][fc][gb])
(;N[623]C[死活题：黑先净活]AB[dc][ec][fd][gb][gc][gd]AW[cc][cd][dd][ed][ef][fe][hb][he][ic][ie])
(;N[624]C[死活题：黑先净杀]AB[ab][ae][bd][ca][cd][dd][ed][fb][fc][fd]AW[ad][bb][cb][cc][da][dc][eb][ec])
(;N[625]C[死活题：黑先劫杀]AB[ab][ae][af][bf][cf][db][dc][dd][de][df][fb]AW[ad][bb][be][cb][cc][cd][ce][da])
(;N[626]C[死活题：黑先净杀]AB[ae][be][cd][dd][ea][eb][ec][ed]AW[ab][ad][ba][bd][da][db][dc])
(;N[627]C[死活题：黑先净杀]AB[ac][ad][ba][bb][be][ca][cb][ce][dd][de][ee][fa][fe][ga][gb][gc][gd]AW[ab][bc][bd][cc][cd][da][db][dc][ea][ed][fb][fc][fd])
(;N[628]C[死活题：黑先净活]AB[ca][cb][dc][ec][fb][fc][gc][ha][hb]AW[ba][bb][bc][cd][da][dd][eb][ed][fa][fd][ga][gd][hc][ia][ib][ic])
(;N[629]C[基础题：黑先最佳着手]AB[bb][bc][cd][dd][ed][fa][fb][fc]AW[bd][be][cb][cc][da][dc][ea][eb])
(;N[630]C[死活题：黑先净杀]AB[ab][ad][ae][be][ce][de][ed][fa][fb][fc][fd]AW[ac][ba][bc][bd][cd][dd][ea][eb][ec])
(;N[631]C[对杀题：黑先劫]AB[bb][bc][cd][dd][eb][ec][ed]AW[ac][ae][ba][bd][bf][cc][ce][da][db][dc])
(;N[632]C[手筋题：黑先最佳着手]AB[bc][bd][cc][db][dc][eb][ed]AW[ae][be][cd][cf][dd][ea][ec][ee][fb][fc][gc])
(;N[633]C[死活题：黑先净杀]AB[be][bf][cb][cc][cd][ce][cg][ch][eg][fc][fd][ff][gb][hc]AW[bb][bc][ca][cf][da][db][dc][dd][de][df][ec][fa][fb])
(;N[634]C[死活题：黑先净活]AB[bb][cb][cc][da][ec][ed][fa][fc][gb]AW[ab][bc][be][cd][dd][de][ee][fd][gc][ge][ha][hb][hc])
(;N[635]C[死活题：黑先净杀]AB[ab][be][ce][dc][dd][de][eb][fc]AW[bb][bd][cb][cc][cd][db])
(;N[636]C[死活题：黑先净活]AB[cb][cc][cd][ce][da][df][eb][ef][fc][fd][fe][ff]AW[ba][bb][bc][bd][be][ca][cf][cg][de][dg][ec][eg][fb][fg][gb][gc][gd][ge][gf])
(;N[637]C[死活题：黑先净活]AB[bb][cb][cd][dc][dd][de][ee][fb][fc][fd][fe]AW[ab][ba][bc][bd][bf][cc][ce][df][ef][ff][ga][gb][gc][gd][ge])
(;N[638]C[死活题：黑先净杀]AB[ac][bb][bc][bf][cg][dg][eg][fa][fb][fc][ff][gd][gf]AW[ae][be][ca][cd][ce][db][de][ea][ed][ee])
(;N[639]C[死活题：黑先净活]AB[da][dc][dd][de][eb][ee][fb][fe][ge][ha][hc][hd][he][ib]AW[bb][cb][cc][ce][cf][db][df][ec][ef][fa][fc][fd][gf][hf][ic][id][ie][if][ja][jb])
(;N[640]C[死活题：黑先净杀]AB[ac][af][bf][cc][cf][dc][df][eb][ed][ee][gb]AW[ae][bc][bd][be][cb][ce][db][de])
(;N[641]C[死活题：黑先净杀]AB[ab][bg][cb][cd][cf][ch][db][dd][df][ee]AW[af][ba][bb][bc][bd][bf][ce])
(;N[642]C[手筋题：黑先最佳着手]AB[bb][bc][cb][cd][dd][ee][fd]AW[bd][be][cc][cf][db][dc][ed][gb][gc][gd][ge])
(;N[643]C[死活题：黑先净杀]AB[bd][be][dd][df][eb][ec]AW[ad][bb][bc][cc][db])
(;N[644]C[手筋题：黑先最佳着手]AB[cd][dc][ec][fb][gb][gc][hb][hd][hf][id][jf]AW[bc][cc][db][eb][fc][fd][gd][hc][ic][jc][je][kc][ke])
(;N[645]C[死活题：黑先净杀]AB[ac][bg][ce][cf][ch][db][dc][dd]AW[ba][bb][bd][be][cc][cd])
(;N[646]C[死活题：黑先净活]AB[cb][db][dd][de][ec][ee][fb][fc][fd][fe]AW[bb][bd][cc][cd][ce][cg][df][ea][ef][ff][gb][gc][gd][ge])
(;N[647]C[死活题：黑先净杀]AB[ae][ba][bc][be][ca][ce][de][eb][ed][fb][fc][fd]AW[ad][bd][cc][cd][da][db][dd][ec])
(;N[648]C[死活题：黑先净杀]AB[bb][bc][cd][dd][ed][fd][gd][hb][hc][hd]AW[ca][cb][cc][dc][ec][fc][gb][gc])
(;N[649]C[死活题：黑先净杀]AB[ab][bc][bd][cd][da][db][dd][ee][fe][gd][hb][hc][hd]AW[ba][bb][cb][cc][dc][ed][fb][fd][gb][gc])
(;N[650]C[死活题：黑先净杀]AB[ba][bd][be][cf][dd][df][ef][fa][fb][fc][fd][fe]AW[ab][bb][cd][ce][de][ea][eb][ec][ed][ee])
(;N[651]C[死活题：黑先净杀]AB[ab][bc][bd][cc][ce][cf][df][ef][ff][ga][gb][gc][gd][ge]AW[ba][bb][cb][cd][dc][dd][de][ea][ee][fc][fd][fe])
(;N[652]C[对杀题：黑先胜]AB[cb][db][dc][dd][ee][ef][gb][ge][hb][hc][he][id][ie]AW[bb][cc][cd][de][df][dg][ec][ed][eg][fb][gc][gd][hd][ib][ic][jc][jd])
(;N[653]C[对杀题：黑先胜]AB[ba][bb][be][cb][cc][cf][dc][de][ed][ee]AW[ab][bc][bd][cd][da][db][dd][ec][fc][hc])
(;N[654]C[死活题：黑先净杀]AB[bb][bf][ce][cg][dc][dd][de]AW[bd][be][cb][cc][cd])
(;N[655]C[死活题：黑先净杀]AB[bb][bc][cd][ce][cg][db][df][ed][ee][ef][eg][gb][gd][ge][gg][hc][ia][ib][id][ie]AW[cb][cc][dc][dd][de][ec][fa][fc][fd][fe][ga][gc][ha][hb])
(;N[656]C[死活题：黑先净杀]AB[ab][bc][bd][cd][da][db][dd][ed][fa][fd][gd][ha][hb][hc][hd]AW[ba][bb][cb][cc][dc][ec][fc][ga][gb][gc])
(;N[657]C[对杀题：黑先胜]AB[ac][bb][bd][bg][cc][cd][dd][dg][ec][fc][fd][fe][fg]AW[ba][be][cb][ce][db][dc][de][ed][ee])
(;N[658]C[死活题：黑先净杀]AB[bb][bc][bd][be][cf][df][eb][ef][fc][ff][ga][gc][gd][ib][ic]AW[cc][cd][ce][dc][de][ea][ec][ed][fb][fd][gb])
(;N[659]C[死活题：黑先净活]AB[dd][de][ea][eb][fd][ga][gb][gc][gd][hb][hd][ib][ic]AW[bb][cc][cd][ce][cg][db][dg][ec][fb][fc][fe][fg][ge][he][ia][id][jb][jc][jd])
(;N[660]C[死活题：黑先净杀]AB[ab][bc][bd][ca][cd][db][dd][eb][ee][fa][fe][gb][gd][hb][hd]AW[ba][bb][cb][cc][dc][ea][ed][fb][fc][fd])
(;N[661]C[死活题：黑先净杀]AB[ab][bc][be][cb][cd][de][fa][fb][fd][ga][gd][hb][hd][ia][id][jb][jc]AW[ba][bb][cc][db][dc][ea][eb][ec][fc][gb][gc][hc])
(;N[662]C[死活题：黑先净杀]AB[ac][bb][bf][bi][cb][cc][ch][ci][db][df][ec][eg][ei][fc][fe][fg]AW[ae][bc][bd][be][bg][bh][cd][cf][cg][dc][dd][dg])
(;N[663]C[死活题：黑先净活]AB[ac][bc][bd][ca][cb][da][dc][dd][ec][fa][fb][fc][ga][gc]AW[ad][ae][ba][bb][be][cc][cd][ce][de][eb][ee][fe][gb][ha][hc][he][ia][ic][jb])
(;N[664]C[死活题：黑先净杀]AB[be][cd][dc][de][eb][ed]AW[ab][ad][bd][cc][da][db])
(;N[665]C[死活题：黑先净杀]AB[ac][ba][bd][cd][db][dd][ea][ed][fd][gc][ha][hb][hc]AW[ca][cb][cc][dc][eb][ec][fc][ga][gb])
(;N[666]C[手筋题：黑先最佳着手]AB[cc][cd][dd][de][eb][gc][gd]AW[be][ce][dc][df][ed][ef][fb][fd][ff])
(;N[667]C[对杀题：黑先胜]AB[ad][bc][bd][cc][db][dd][eb][fb][gb][hb]AW[ab][ac][bb][cb][da][dc][ea][ec][fc][gc][hc][ia][ib][ic])
(;N[668]C[死活题：黑先净活]AB[ae][bd][be][bf][bh][bi][bj][cf][ch][df][dg][dh][di][ei][ej]AW[ad][af][ag][ah][bc][bg][bk][cb][cd][ce][ci][cj][ck][dj][ed][ee][eg][ek][fh][fi][fj][fk])
(;N[669]C[手筋题：黑先最佳着手]AB[bf][cc][cd][dc][de][df][eg][fg][ge][gg][hf][ie][if][jb][jc][jd]AW[bc][cb][dg][dh][eb][ec][ef][fe][ff][gd][gf][hg][hh][ib][ic][id])
(;N[670]C[死活题：黑先净杀]AB[af][bf][cb][ce][cg][db][de][ec][ed][fb][ff]AW[ae][bb][bd][be][cc][cd][dd])
(;N[671]C[死活题：黑先净活]AB[bb][cc][cd][ce][dc][de][eb][ed][ee][fd]AW[ab][bc][bd][be][bg][cb][cf][df][ec][ef][fc][fe][gd][ge][hc])
(;N[672]C[死活题：黑先净杀]AB[ae][bc][bd][bf][ca][cb][ce][cf][db][ee][eg][fb][fc][ge][hc][he]AW[ab][ac][bb][cc][cd][da][dd][ea][eb][ec][ed][fd])
(;N[673]C[对杀题：黑先胜]AB[db][ec][fc][ga][gb][gc][gd][he][id][ie][jb][jc]AW[dc][dd][ea][eb][ed][fd][fe][ge][ha][hb][hc][hd])
(;N[674]C[死活题：黑先净杀]AB[ad][be][cd][ce][dc][ec][fb][fd][gb]AW[ba][bc][bd][cc][db][eb])
(;N[675]C[死活题：黑先净活]AB[bb][cb][cc][db][fb]AW[bc][bd][cd][dc][dd][fc][gc][ic])
(;N[676]C[死活题：黑先净活]AB[ab][ac][ba][bb][cb][cc][dc][ec]AW[ad][bc][bd][ca][cd][cf][eb][ed][fc][fd][gb])
(;N[677]C[死活题：黑先净杀]AB[ae][bb][bh][cb][cc][ch][dh][ec][ed][ee][ef][eg]AW[ac][bc][be][bf][bg][cd][ce][cg][dg])
(;N[678]C[死活题：黑先净活]AB[bc][cc][cd][dc][de][ed][fd][gc][hb][hc]AW[ae][bd][bf][ce][cf][dg][ec][eg][fc][ff][gb][gd][hd][hf][ib][ic])
(;N[679]C[对杀题：黑先胜]AB[ab][ac][bc][bd][be][ce][db][dd][eb][ec][ed]AW[bb][cb][cc][cd][de][ee][fb][fc][fd][fe])
(;N[680]C[死活题：黑先净杀]AB[aa][af][bb][bf][ca][cf][db][df][eb][ec][ee][fa][fe][gb][gc][gd][ge]AW[bc][bd][be][cb][cc][ce][dc][dd][de][ed][fb][fc][fd])
(;N[681]C[死活题：黑先净活]AB[ae][ba][bc][bd][cc][cf][da][db][dc][dd][de][df][eb][fa]AW[ab][ag][bb][be][bf][bh][cb][cd][ce][cg][ch][ec][eg][fb][fd][ff][gc][gd][hb])
(;N[682]C[死活题：黑先净杀]AB[bb][bc][bd][ce][da][db][de][ea][ee][fe][ge][hb][hc][hd]AW[ca][cb][cc][cd][dd][ed][fa][fd][ga][gc][gd])
(;N[683]C[死活题：黑先净杀]AB[af][bc][be][bf][cf][da][df][ea][ec][ef][fa][fb][fc][fd][fe]AW[ad][ae][ba][bd][ca][cd][ce][db][dc][de][eb][ed][ee])
(;N[684]C[手筋题：黑先最佳着手]AB[bc][bd][cb][ce][cf][db][df][dg][eb][ff]AW[be][bf][cc][cd][cg][ch][de][ec][fe][gc][ge])
(;N[685]C[对杀题：黑先胜]AB[aa][ba][be][cb][cd][ce][db][dd][eb][ed][fa][fc][fd]AW[ac][bb][bc][bd][ca][cc][dc][ec][fb][gb][gc][hb])
(;N[686]C[死活题：黑先净杀]AB[ba][bb][bc][cd][ce][dc][df][ef][ff][gc][gd][ge][gf][ha][hb]AW[ca][cb][cc][dd][de][ec][ee][fc][fd][fe][ga][gb])
(;N[687]C[对杀题：黑先劫]AB[ac][bc][be][cc][da][dc][dd][de][eb][fb]AW[ab][bb][ca][cb][db][ec][ed][gb][gc][gd])
(;N[688]C[死活题：黑先净活]AB[ac][bc][da][db][dc]AW[ad][bd][cd][dd][ea][eb][ec][ed])
(;N[689]C[死活题：黑先净活]AB[db][fc][fd][gb][gc][gd][ha][hc][hd][ib][ic][id]AW[bb][cc][dc][de][eb][ed][fe][ff][he][hf][ia][ja][jb][jc][jd][je])
(;N[690]C[死活题：黑先净杀]AB[af][bf][ca][ce][cf][da][db][dc][dd]AW[ad][ae][ba][bb][be][cb][cc][cd])
(;N[691]C[对杀题：黑先胜]AB[bb][bc][bd][ce][db][de][ea][ee][fb][fc][fd]AW[ba][be][bf][cb][cc][cd][dd][eb][ec][ed][fe][ff])
(;N[692]C[对杀题：黑先胜]AB[be][cc][cd][ce][db][de][eb][fb]AW[bb][bd][cb][dc][dd][fc][fd][gb][hc])
(;N[693]C[死活题：黑先净活]AB[ae][bd][cb][cd][da][db][dc][dd][ea]AW[ba][bb][bc][be][bf][de][eb][ec][ee][gb][gc])
(;N[694]C[死活题：黑先净活]AB[da][dc][dd][de][eb][ee][fb][fe][gb][ge][ha][hc][hd][he][ib]AW[bb][cb][cc][ce][cf][db][df][ec][ef][fa][fc][fd][gf][hf][ia][ic][id][ie][if][ja][jb])
(;N[695]C[死活题：黑先净杀]AB[ae][be][cb][cc][ce][da][dd][ed][fd][gb][gc]AW[aa][ab][ac][ad][ba][bd][ca][cd][db][dc][ec][fb])
(;N[696]C[死活题：黑先净活]AB[af][ag][be][bh][cd][ce][cg][de][dg][ee][ef]AW[ad][ae][ai][bb][bd][bi][cc][ch][ci][dc][df][ed][eg][eh][fe][ff])
(;N[697]C[死活题：黑先净杀]AB[ba][bf][cf][de][ea][eb][ec][ed][ef]AW[bb][be][ca][cb][cc][db][dc][dd])
(;N[698]C[死活题：黑先净杀]AB[ac][bc][bf][cc][cf][ch][db][eb][ec][ed][ee]AW[ab][bb][be][cb][cd][ce][da][dc][dd])
(;N[699]C[对杀题：黑先胜]AB[ab][ac][bd][db][dc][dd][ed][fb][fc][gb]AW[cb][da][ea][eb][ec][fd][gd][hb][hc])
(;N[700]C[死活题：黑先净活]AB[ba][bc][cb][dc][eb][ec][ed][fb][fc][gb][ha][hb][hc]AW[ab][bb][bd][ca][cc][cd][da][dd][ee][fa][fd][ff][gc][he][hf][ib][ic][id][kb])
(;N[701]C[死活题：黑先净杀]AB[ac][ad][ae][bc][bf][cb][cd][cf][db][df][eb][ef][fb][ff][gb][gf][hb][hc][hf][id][ie]AW[bd][be][cc][ce][dc][de][ec][fc][fe][gc][ge][hd][he])
(;N[702]C[死活题：黑先劫活]AB[cb][cc][da][dc][ea][eb]AW[bb][bd][cd][dd][ec][fa][fb][fc])
(;N[703]C[死活题：黑先净杀]AB[ba][bb][bc][be][cd][dc][de][ee][fa][fb][fe][gd][hb][hc][hd][jb]AW[ca][cb][cc][db][eb][ed][fc][fd][gb][gc][ha])
(;N[704]C[死活题：黑先净活]AB[ad][bb][be][cb][cd][ce][da][dc][dd]AW[ac][bc][bf][ca][cc][cf][ch][db][eb][ec][ed][ee])
(;N[705]C[对杀题：黑先胜]AB[bb][cb][cc][dd][ed][fb][fc]AW[ab][bc][cd][ce][cf][db][dc][eb])
(;N[706]C[对杀题：黑先胜]AB[eb][fc][fd][fe][fg][ge][hd][ia][ic][id][jb]AW[dc][de][dg][fb][ga][gc][gd][hb][hc][he][hf][ib][je][kc][ke])
(;N[707]C[死活题：黑先净杀]AB[ac][ad][be][bf][ca][cf][db][df][eb][eg][fc][fg][gb][gd][ge][gf]AW[bc][bd][cb][ce][dc][de][ec][ef][fd][fe][ff])
(;N[708]C[死活题：黑先净活]AB[ba][ca][db][dc][dd][eb][ee][fc][fe][gb][gd][ge]AW[bb][cb][cc][cd][ce][df][ea][ed][ef][ff][gc][gf][ha][hb][hc][hd][he])
(;N[709]C[死活题：黑先净活]AB[ae][bc][bd][bg][bh][cd][cf][cg][dc][dd][de][dg][ef]AW[ac][bb][be][bf][bi][cb][cc][ch][ci][db][ec][ee][eg][ei][fc][fe][fg])
(;N[710]C[死活题：黑先净杀]AB[af][bc][bf][ca][cb][cf][dc][dd][de][df][eb]AW[ac][ad][ae][ba][bb][be][cc][cd][ce])
(;N[711]C[死活题：黑先净杀]AB[ba][be][ca][cd][cf][dd][ed][fa][fb][fc][fd]AW[aa][bb][bc][cb][ea][eb][ec])
(;N[712]C[死活题：黑先净活]AB[ab][bc][cc][cd][dc][ea][eb][ec][ed][fb]AW[ba][bb][bd][be][cb][ce][db][de][ee][fc][fd][gb][hc])
(;N[713]C[死活题：黑先劫杀]AB[ac][bb][bd][be][bf][cf][ch][dg][eb][ec][eh][fa][fd][fe][gb][gc][gg]AW[ad][bc][cb][cc][cd][ce][cg][db][dc][dd][df][ed][ee][ef])
(;N[714]C[手筋题：黑先最佳着手]AB[ae][ba][bb][be][ca][ce][db][dd][eb][ed][fd]AW[af][bf][cb][cc][cd][cf][da][de][df][ea][fa][fb][gc][gd][ge])
(;N[715]C[死活题：黑先净杀]AB[ab][bc][cc][cd][db][dd][eb][ed][ge][hc][hd][ia][ib]AW[ba][bb][cb][dc][ec][fa][fc][gc][ha][hb])
(;N[716]C[死活题：黑先净杀]AB[ab][bb][bd][cc][cd][cf][de][ea][ef][ff][gb][gd][ge][gf][hb][hc]AW[ba][bc][cb][dc][dd][ec][ee][fa][fb][fc][fd][fe][gc])
(;N[717]C[死活题：黑先净活]AB[ae][bd][be][ca][cb][cc][cd][dc][dd]AW[ac][ba][bb][bc][bf][ce][cg][db][de][eb][ec][ee][fd])
(;N[718]C[死活题：黑先净杀]AB[bd][be][ce][db][de][ea][ee][fd][fe][gb][gd][ha][hc][ic]AW[bb][cb][cd][dd][eb][ed][fa][fb][fc][gc])
(;N[719]C[死活题：黑先净活]AB[cb][dc][ec][fc][ga][gc][hb]AW[bb][bc][cd][dd][ed][fd][gd][ha][hd][ia][ib][ic])
(;N[720]C[死活题：黑先净杀]AB[ac][bd][ce][dd][ec][ee][fa][fc][gb][gc]AW[ab][bc][cc][da][dc][eb][fb])
(;N[721]C[死活题：黑先净杀]AB[ae][be][ce][da][dd][ea][eb][ec][ed]AW[ac][ad][ba][bd][cc][cd][db][dc])
(;N[722]C[死活题：黑先净活]AB[ac][bc][da][dc][ea][eb][ec]AW[ab][ad][ba][bd][cd][dd][ed][fa][fb][fc][fd])
(;N[723]C[死活题：黑先劫活]AB[bb][cc][dc][ea][ec][fb]AW[ab][bc][bd][cd][dd][ed][fc][gb][gc])
(;N[724]C[死活题：黑先净活]AB[cb][db][ec][fc][gb][hb]AW[bb][bc][cc][dc][ed][fd][gd][hc][ib][ic])
(;N[725]C[对杀题：黑先胜]AB[ab][bb][cb][cf][db][de][ec][ed][ee]AW[bc][ca][cc][cd][ce][da][dc][dd][df][eb][fc][gb])
(;N[726]C[死活题：黑先净杀]AB[cb][cc][dc][ed][ee][fa][fe][gd][ge][hb][hc][id][jb][jd][kb]AW[da][db][ea][ec][fb][fc][fd][gc][ha][ib][ic][ja])
(;N[727]C[死活题：黑先净活]AB[ba][bc][cb][ce][dc][dd][de][ea][ec][fc][fd][gb]AW[ab][bb][bd][be][bf][cc][cd][cg][ed][ee][eg][fe][gc][ge][hb][hc][he])
(;N[728]C[死活题：黑先净杀]AB[bb][bf][ce][cg][db][dc][dd][de][fb]AW[ab][bd][be][cb][cc][cd])
(;N[729]C[死活题：黑先净杀]AB[af][ba][bd][bf][cf][da][dc][df][ec][ed][ee][fb][gc]AW[ae][bc][be][cc][ce][db][dd][ea])
(;N[730]C[死活题：黑先净杀]AB[ab][ba][bd][be][ce][de][ea][ed][ee][fa][fb][fc]AW[ac][bb][bc][ca][cd][da][dd][eb][ec])
(;N[731]C[死活题：黑先净活]AB[bb][cc][dd][eb][ed][fd][gb]AW[bc][bd][cb][cf][db][ee][eg][ge][hb][hc][he])
(;N[732]C[死活题：黑先净活]AB[cb][cc][cd][da][dd][ed][fb][fd][ga][gb][gd][hb][hc]AW[ba][bb][bc][bd][ca][ce][db][de][ee][fa][fe][gc][ge][ha][hd][ia][ib][ic][id])
(;N[733]C[死活题：黑先净活]AB[ad][ba][bb][bd][cd][dc][dd][ea][eb]AW[ab][ac][ae][be][cb][ce][db][de][ed][ee][fa][fb][fc])
(;N[734]C[手筋题：黑先最佳着手]AB[be][ce][de][eb][ec][ed][ef][ff][ge]AW[bd][cd][cg][dc][dd][df][ee][fc][fd][fe])
(;N[735]C[手筋题：黑先最佳着手]AB[bb][bc][ca][cc][ce][dd][de][eb][fc][fd][gb][ha]AW[bd][be][bf][cb][cd][cf][db][dc][ec][fa][fb][gc][hb][hc])
(;N[736]C[死活题：黑先净杀]AB[bb][bg][bh][cc][ch][ci][db][dd][de][di][ei][fe][fi][gf][gg][gh]AW[ac][ae][ag][bd][bf][ce][cg][df][dh][eg][fg])
(;N[737]C[死活题：黑先净活]AB[aa][ab][bc][ca][cb][db][ea][eb]AW[ac][ad][bb][bd][cd][dd][ec][fa][fb][fc])
(;N[738]C[死活题：黑先净活]AB[db][eb][ec][ed][gd][hb][hc][hd]AW[bc][cb][dc][dd][ee][fe][ge][he][ib][ic][id][ie])
(;N[739]C[死活题：黑先劫活]AB[ba][bd][ca][cd][db][dc][dd][ea]AW[ad][bb][be][bg][cb][ce][de][eb][ec][ed][ee][gb])
(;N[740]C[死活题：黑先净杀]AB[bc][bf][cd][ce][cg][dd][eb][ec][ed]AW[ae][bb][bd][be][cc][dc])
(;N[741]C[手筋题：黑先最佳着手]AB[ac][bb][bc][ca][cb][cd][dd][fd][gb]AW[aa][bd][be][cc][cf][db][dc][ef][fb][gc][hc])
(;N[742]C[死活题：黑先净杀]AB[ae][ba][be][ce][dd][eb][ed][fa][fc][fd]AW[ab][ad][bd][cb][cd][db][dc][ec])
(;N[743]C[对杀题：黑先胜]AB[bc][bf][cc][cd][cf][db][dc][dd][df][ee][fd][fe]AW[ac][ad][bb][bd][be][ce][de][ec][ed][fc][gc][gd])
(;N[744]C[死活题：黑先净杀]AB[ad][ae][be][ca][cb][cf][df][ea][eb][ef][fb][fc][fd][fe]AW[ab][ac][bd][cd][da][db][dc][de][ec][ed][ee])
(;N[745]C[手筋题：黑先最佳着手]AB[be][cc][cd][ce][dd][eb][ec][fb][gb]AW[bc][bd][cb][db][dc][ed][fd][gc][hb][hc])
(;N[746]C[对杀题：黑先胜]AB[ad][ba][bd][ca][cd][dd][ec][fa][fb][fc]AW[ab][bc][cb][cc][db][dc][ea][eb][ed][fd][gd][hb])
(;N[747]C[死活题：黑先净杀]AB[ab][ac][ad][be][ca][ce][dc][de][ec][ee][fd][ga][gb][gc][gd]AW[ba][bb][bc][bd][cd][db][dd][ea][ed][fa][fb][fc])
(;N[748]C[死活题：黑先净杀]AB[ad][bd][cc][cd][ec][fc][ga][gb][gc]AW[ab][ac][bc][cb][eb][fa][fb])
(;N[749]C[死活题：黑先净活]AB[cb][db][ea][ec][fc][gc][ha][hc][ib]AW[ba][bb][bc][ca][cc][dc][ed][fd][gd][hd][ic][ja][jb][jc])
(;N[750]C[死活题：黑先劫杀]AB[ad][bb][bc][bg][bl][cl][dc][dd][de][df][dh][di][dk][ek][fh]AW[ae][bd][bk][cd][ce][cg][ch][ci][cj][ck])
(;N[751]C[死活题：黑先劫杀]AB[bb][bc][cd][dd][eb][ed][fd][gd][hc][ib][ic]AW[ca][cb][cc][dc][ea][ec][fc][gb][hb])
(;N[752]C[死活题：黑先净杀]AB[af][bf][cb][cc][ce][cg][de][eb][ec][ed][ff]AW[ae][bb][bd][be][cd][db][dc][dd])
(;N[753]C[死活题：黑先净活]AB[aa][ad][ba][bd][ca][cc][cd][da][eb][ec]AW[ab][ac][ae][bb][be][ce][de][ea][ed][fa][fb][fc][fd])
(;N[754]C[死活题：黑先净杀]AB[bb][bc][cc][dd][ed][fd][gd][hc][ib][ic]AW[ca][cb][dc][ec][fc][gb][gc][hb])
(;N[755]C[手筋题：黑先最佳着手]AB[cd][ce][dc][de][df][eb][ec][eg][fc][fg][gc][gg][hb]AW[bb][bc][bf][cc][cg][da][db][dd][dg][ed][ef][fe][hc][he][hf][ib][ic][ig])
(;N[756]C[死活题：黑先净杀]AB[ab][bc][cc][dc][ea][ed][fd][gd][ha][hd][ia][ib][ic][id]AW[bb][cb][db][eb][fc][ga][gc][hb][hc])
(;N[757]C[死活题：黑先净活]AB[db][dc][dd][ea][ee][fe][gb][gc][gd][ge]AW[cb][cc][cd][ce][da][df][ec][ef][ff][gf][hb][hc][hd][he])
(;N[758]C[死活题：黑先净杀]AB[bc][be][cd][ce][db][dd][ec]AW[bf][cb][cc][cf][dc][de][df][ed][fb][fc][fd])
(;N[759]C[手筋题：黑先最佳着手]AB[ba][bb][bc][ca][cc][da][dd][de][ee][fa][gc]AW[bd][bf][cb][cd][cf][db][dc][ed][gb][gd][hb][hc][hd])
(;N[760]C[死活题：黑先净杀]AB[bb][cb][cc][ce][cf][db][df][ec][ef][fa][fc][fd][gf][hf][ic][id][ie][if][ja][jb]AW[dc][dd][de][ea][eb][ee][fb][fe][ge][ha][hc][hd][he][ib])
(;N[761]C[死活题：黑先净杀]AB[ac][ba][bh][cc][ch][da][db][dc][dd][de][df][dg][dh]AW[ad][ae][af][bc][be][bg][ca][cb][cd][ce][cf][cg])
(;N[762]C[死活题：黑先净杀]AB[bc][cd][da][dd][eb][ed][fb][fd][gd][hc][ia][ib][ic]AW[cb][cc][dc][ec][fc][gb][gc][ha][hb])
(;N[763]C[死活题：黑先净杀]AB[ab][bc][bd][cb][cd][de][fd][fe][hb][hc][hd][jb]AW[ba][bb][cc][db][dc][ec][gb][gc])
(;N[764]C[死活题：黑先净活]AB[ab][bc][cb][cc][dc][ec][fa][fb]AW[ac][ad][ba][bd][ca][cd][dd][ed][fc][ga][gb][gc])
(;N[765]C[死活题：黑先净杀]AB[ab][ba][cb][cc][dc][dd][ed][fd][gd][gf][ha][hf][if][ja][jc][je][kb][kc]AW[ca][da][db][eb][ec][fb][fc][ga][hc][hd][he][ia][ib][jb])
(;N[766]C[死活题：黑先净杀]AB[ab][ba][bg][ca][cb][cg][db][dd][df][dg][eb][ed][fc][gc][hb][hd]AW[ac][af][bb][bc][bd][be][bf][cc][cd][ce][cf][dc][ea][ec][fb][ga])
(;N[767]C[对杀题：黑先胜]AB[bc][bd][cb][cd][db][dd][ed][fe][ge][hd]AW[ab][ba][bb][cc][dc][ec][fb][fd][gd])
(;N[768]C[死活题：黑先净杀]AB[ac][bd][cb][cd][da][db][dd][ea][ed][fd][ga][gb][gc]AW[bb][bc][cc][dc][ec][fa][fb][fc])
(;N[769]C[死活题：黑先净杀]AB[ab][bc][bd][cd][dd][ee][fe][gb][gd][hb][hd]AW[ba][bb][cb][cc][dc][ec][ed][fb][fc][fd][ga])
(;N[770]C[手筋题：黑先最佳着手]AB[ab][ag][bc][bg][bh][cc][cf][ch][dc][df][dg][ed][ee]AW[ah][ai][bb][bi][cb][cd][ce][ci][db][dd][dh][ec][eh][fb][fd][fe])
(;N[771]C[死活题：黑先净活]AB[ad][ba][bc][cc][da][db][dc][ec]AW[ab][bb][bf][cb][cd][ce][eb][ed][ee][fb][fc][fd])
(;N[772]C[手筋题：黑先最佳着手]AB[ae][be][cb][ce][dc][de][ed][ee]AW[ad][bb][bd][cd][dd][eb][ec][fd][gc])
(;N[773]C[对杀题：黑先胜]AB[ba][bb][bc][cd][dd][ed][fb][fc]AW[bd][be][ca][cb][cc][cf][dc][eb][fa])
(;N[774]C[死活题：黑先净活]AB[cc][cd][dc][de][eb][ec][ee][fc][fe][gb][ge]AW[bb][bc][bd][cb][ce][cf][db][df][ef][fg][ga][gc][gf][hb][hf][id][if][jc])
(;N[775]C[死活题：黑先净杀]AB[ba][bb][bc][cd][ce][db][de][ea][eb][ef][fb][ff][gf][ha][hc][hd][ib][jc]AW[ca][cb][cc][da][dc][dd][ee][fa][fc][fd][fe][gb][gc][hb])
(;N[776]C[死活题：黑先净活]AB[ab][bb][bc][dd][ec][fa][fb][fc]AW[ac][ad][bd][cc][ce][dc][de][ea][eb][ee][ga][gb][gc][gd])
(;N[777]C[对杀题：黑先胜]AB[ba][bf][ce][da][de][ea][eb][ec][ed]AW[bc][db][dc][dd][ee][fb][fc][fd][fe])
(;N[778]C[死活题：黑先净杀]AB[bb][bf][ce][cg][db][de][eb][ed][ee][fa][fc][gb]AW[bc][bd][be][cb][cd][da][dc][dd][ec])
(;N[779]C[死活题：黑先净杀]AB[ab][ad][ae][be][cd][ce][de][ee][fb][fd][fe][gb]AW[ac][ba][bd][cc][da][dd][eb][ec][ed])
(;N[780]C[对杀题：黑先胜]AB[ba][bc][cb][db][dc][ed][fc][fd][gc][hb][hd]AW[ab][bb][bd][cc][cd][dd][eb][ec][fb][gb])
(;N[781]C[死活题：黑先净活]AB[bc][be][ca][cb][cd][ce][db][de][ec][ee][fe][ge]AW[ad][ae][af][ba][bb][bd][bf][cf][da][df][eb][ef][fb][ff][gf][hb][hc][hd][he])
(;N[782]C[死活题：黑先净杀]AB[aa][ae][ba][bd][be][ce][dd][ed][fa][fd][ga][gb][gc][gd]AW[ac][ad][bc][cd][dc][ea][ec][fb][fc])
(;N[783]C[手筋题：黑先最佳着手]AB[ac][bc][cc][cf][dc][df][eb][fb][gb]AW[ab][af][bb][cb][db][dd][de][ec][fc][fe])
(;N[784]C[对杀题：黑先胜]AB[ad][bd][cb][cc][cd][db][dd][ec][ed][fe][ff][gb][gd][hb]AW[ae][bb][bc][be][ca][ce][da][de][ea][eb][ee][fb][fc][fd])
(;N[785]C[手筋题：黑先最佳着手]AB[ba][bb][bc][bd][cd][gc][gd]AW[ad][be][cb][cc][ce][dd][ed][ef][fd])
(;N[786]C[死活题：黑先净杀]AB[cc][cd][db][de][ec][ed][fd][gb][gc][ge][he][ie][jc][je][kc][kd][lb]AW[bb][bc][bd][ce][cf][eb][fb][fc][ga][gd][hb][hd][ic][id][jd])
(;N[787]C[死活题：黑先净杀]AB[bb][bd][bf][cb][cd][dc][de][df][ec][ef][ff][gb][gc][gd][ge][gf]AW[ac][bc][cc][db][dd][eb][ee][fb][fc][fd][fe])
(;N[788]C[手筋题：黑先最佳着手]AB[ce][fe][ff][gb][gc][gd][gf][ha][if][jc][jd][je]AW[cc][fb][fc][fd][ge][hc][he][ib][ic][id])
(;N[789]C[死活题：黑先劫杀]AB[ad][ae][af][ba][bf][cf][dc][ea][eb][ec][ef][fc][fd][fe]AW[ac][bb][bd][be][cb][cc][cd][da][db][dd][ed])
(;N[790]C[手筋题：黑先最佳着手]AB[ce][cf][dd][dg][eb][ec][ed][fe]AW[bb][bd][cb][cd][db][dc][de][di][ee][ef][hc])
(;N[791]C[死活题：黑先净杀]AB[ba][ce][db][dd][eb][ec][gc]AW[ab][bc][ca][cb][cc][dc][ed])
(;N[792]C[对杀题：黑先胜]AB[bf][cc][ce][cf][dd][df][ea][eb][ec][ed]AW[ae][bc][bd][be][cd][db][dc][de][ee][fe][gb][gc][gd])
(;N[793]C[手筋题：黑先最佳着手]AB[bf][ce][dd][de][dh][di][ec][ef][eg][ej]AW[bd][be][cb][cd][cf][cg][dg][eh][fe][fg][fh][gc][gd][gh])
(;N[794]C[死活题：黑先净杀]AB[ad][bb][be][cd][ce][eb][ed][ee][fc][fd][hc][he]AW[bc][bd][cc][db][dc][ec][fb])
(;N[795]C[死活题：黑先劫杀]AB[bc][bd][be][bf][ce][dd][ec][ed][fa][fb][gc]AW[bb][ca][cc][cd][db][ea][eb])
(;N[796]C[死活题：黑先净杀]AB[bd][bf][bh][cf][db][dc][de][ee][fc][fe]AW[ac][ad][af][ba][bb][be][cb][cc][ce][dd])
(;N[797]C[手筋题：黑先最佳着手]AB[be][cf][dg][eg][fg][ge][gf]AW[ci][db][dd][df][ef][ei][fc][ff][gg][gh][hc])
(;N[798]C[死活题：黑先净活]AB[ac][ba][bc][bd][cd][db][dc][dd][ec]AW[ab][ad][ae][be][cb][ce][da][de][eb][ed][fb][fc][fd])
(;N[799]C[死活题：黑先净活]AB[ae][bd][be][ca][cb][cc]AW[bb][bf][cd][ce][cf][db][dc])
(;N[800]C[死活题：黑先净杀]AB[ba][bb][bc][cd][ce][de][ea][ee][fa][fb][ff][ga][gf][hb][hc][hd][he]AW[ca][cb][cc][eb][ec][ed][fc][fe][gb][gc][gd][ge])
(;N[801]C[基础题：黑先最佳着手]AB[ac][ad][ae][bc][be][ce][db][dd][de][ec][fa][fb][fc][ga][gc]AW[ab][bb][bd][cb][cc][cd][dc][ed][fd][gb][gd][ha][hb][hc][hd])
(;N[802]C[对杀题：黑先胜]AB[bd][cb][cc][da][dc][dd][ea][eb][ec][fd][gd][hb][hd]AW[bb][bc][be][cd][ce][de][ed][ee][fa][fb][fc])
(;N[803]C[死活题：黑先净活]AB[ab][ad][ba][bd][cd][db][dc][dd][ec]AW[ae][bc][be][ca][cb][ce][de][eb][ed][fb][fc][fd])
(;N[804]C[死活题：黑先净杀]AB[ad][ba][bd][cd][dd][ed][fa][fb][fc][fd]AW[ab][ac][bb][cc][dc][ea][eb][ec])
(;N[805]C[死活题：黑先净杀]AB[ad][ae][be][ca][ce][da][db][de][ed][fa][fb][fc][fd]AW[aa][bc][bd][cd][dc][dd][ea][eb][ec])
(;N[806]C[对杀题：黑先胜]AB[ab][ba][bb][bc][cd][dd][ec][ed][gb][gd]AW[ac][ad][bd][be][cb][cc][ce][da][dc][df])
(;N[807]C[死活题：黑先净杀]AB[ab][ad][bd][cd][da][db][dd][ed][ee][fe][gc][gd][ge][hb][ic]AW[ac][bb][bc][cb][dc][ec][fb][fc][fd][gb])
(;N[808]C[死活题：黑先净杀]AB[ad][bb][bi][cb][cf][cg][ch][db][ef][eg][fc][fd]AW[ae][bc][bd][cc][cd][ce][dc][de][ed])
(;N[809]C[对杀题：黑先胜]AB[bd][be][cb][cc][dc][ec][fb][fd][fe]AW[bb][bc][cd][dd][eb][ed][fc][gb][gc])
(;N[810]C[死活题：黑先净杀]AB[ab][be][cc][ce][dd][de][fa][fd][ga][gb][gc][gd]AW[bc][bd][cd][db][dc][ea][fb][fc])
(;N[811]C[死活题：黑先净杀]AB[ab][be][ca][cb][ce][dd][de][ea][eb][ec]AW[aa][ad][bc][cc][cd][da][db][dc])
(;N[812]C[死活题：黑先净活]AB[ae][ba][bb][be][cb][cd][db][dd][ec]AW[ab][ad][bf][ca][cf][ch][da][dc][eb][ed][ee][fb][gc])
(;N[813]C[死活题：黑先劫杀]AB[ba][bb][bc][bd][ca][cd][dd][ed][fd][gd][hc][ia][ib][ic]AW[cb][cc][da][dc][ec][fc][gb][gc][ha][hb])
(;N[814]C[死活题：黑先净杀]AB[ab][bc][bd][bh][ce][ci][db][dc][dd][de][eg][ei][fb]AW[ba][bb][be][bf][cb][cc][cd][cg][da])
(;N[815]C[死活题：黑先净活]AB[bb][bc][cb][cd][dd][ea][eb][ec]AW[ab][ac][ba][bd][be][ca][ce][de][ee][fa][fb][fc][fd])
(;N[816]C[死活题：黑先净活]AB[ab][bc][ca][cb][cc][dc][ec]AW[ac][ad][ba][bb][bd][cd][da][dd][ed][fd][gc][hb][hd])
(;N[817]C[死活题：黑先净杀]AB[bd][be][ce][dc][dd][de][eb][fb]AW[ba][bc][cb][cc][cd][db][ea])
(;N[818]C[死活题：黑先净活]AB[bc][cc][db][eb]AW[bd][bf][cd][dc][ec][fb][fc])
(;N[819]C[死活题：黑先净杀]AB[ad][bd][cd][db][dd][eb][ed][fd][ga][gb][gc][gd]AW[ac][bb][ca][cc][dc][ec][fa][fb][fc])
(;N[820]C[死活题：黑先净活]AB[ab][ac][bc][cc][dc][dd][ea][eb][ec][ed][fc]AW[ad][ba][bb][bd][cb][cd][ce][db][de][ee][fb][fd][gb][gd][hc][he])
(;N[821]C[死活题：黑先净杀]AB[ah][ba][bh][cb][cf][cg][ch][dc][de][eb][ee][fc]AW[ad][ae][bb][bc][bf][bg][cc][cd][ce])
(;N[822]C[死活题：黑先劫活]AB[bb][bd][cc][ce][dc][dd]AW[be][bf][cf][db][de][df][eb][ec][ed])
(;N[823]C[死活题：黑先净杀]AB[ad][ae][be][ca][ce][de][ee][fa][fb][fc][fd]AW[aa][ac][bd][cd][da][dc][dd][ea][eb][ec])
(;N[824]C[死活题：黑先净活]AB[ac][ba][bc][cc][dc][eb]AW[ad][bd][ca][cb][cd][dd][ec][ed][fb])
(;N[825]C[死活题：黑先净活]AB[bc][be][cc][cd]AW[bf][cb][ce][cf][dc][dd])
(;N[826]C[死活题：黑先净杀]AB[ab][ac][ad][be][cd][ce][cf][da][df][ed][ef][fa][ff][ga][gb][gc][gd][ge]AW[bb][bc][bd][dc][dd][de][ea][eb][ee][fb][fc][fd][fe])
(;N[827]C[死活题：黑先净杀]AB[ca][cb][cc][dd][de][df][ef][ff][gc][gf][ha][hb][hc][hd][he]AW[dc][eb][ec][ed][ee][fc][fe][ga][gb][gd][ge])
(;N[828]C[死活题：黑先净杀]AB[bb][bd][bg][cc][cg][da][dc][df][ed][gc]AW[aa][ac][ba][bc][bf][ca][cb][cd][ce])
(;N[829]C[死活题：黑先净杀]AB[bb][bc][cd][ce][de][ef][fb][ff][ga][gf][ha][hb][hc][hd][he]AW[cb][cc][da][dd][ed][ee][fa][fc][fe][gb][gc][gd][ge])
(;N[830]C[死活题：黑先净杀]AB[bc][be][ca][cd][ce][ed][fb][fc][fd]AW[ad][ba][bb][bd][cc][ec])
(;N[831]C[手筋题：黑先最佳着手]AB[bd][be][ce][cg][db][dc][dd][df][ea][gb][gc][ib]AW[ca][cb][cc][cd][de][eb][ee][fb][fd])
(;N[832]C[死活题：黑先净活]AB[bc][bd][bf][ce][cf][dd][df][ed][ee][ef]AW[ab][ag][bb][bg][cc][cd][cg][dc][dg][ec][eg][fd][fe][ff])
(;N[833]C[死活题：黑先净杀]AB[ba][bb][bc][bd][cd][ce][de][eb][ee][fe][ga][ge][ha][hd][ia][ib][ic][id]AW[ca][cb][cc][db][dd][ed][fb][fd][gb][gd][hb][hc])
(;N[834]C[死活题：黑先净活]AB[bd][be][cb][cc]AW[bb][bc][cd][cf][cg][dd][eb][ec])
(;N[835]C[对杀题：黑先胜]AB[bb][bc][bd][cd][dd][ec][fb][fc][ga]AW[ca][cc][dc][ea][ed][fd][gb][gc][gd][hb])
(;N[836]C[死活题：黑先净杀]AB[bb][bc][cc][dd][ea][ed][fd][gc][hc][jc]AW[ca][cb][dc][ec][fa][fc][gb])
(;N[837]C[死活题：黑先净杀]AB[bd][cb][cd][cf][dc][ec][fc][gc]AW[bb][bc][cc][db])
(;N[838]C[死活题：黑先劫杀]AB[ae][be][cd][ce][dc][ea][eb][ec]AW[ad][bb][bd][ca][cc][da][db])
(;N[839]C[死活题：黑先净杀]AB[bb][bd][cc][ce][cg][dd][ed][ef][ff][gc][gf][ha][hb][hf][ib][ic][id][ie]AW[cb][dc][ec][fc][fd][fe][ga][gb][ge][hc][hd][he])
(;N[840]C[死活题：黑先净活]AB[bd][cb][cc]AW[be][cd][ce][dc][ec][gc])
(;N[841]C[死活题：黑先净活]AB[bb][bc][be][bf][cc][cd][ce][dc][eb][fb][gb]AW[ad][ae][ag][bd][bg][cb][cf][db][dd][de][dg][ea][ec][fc][ga][gc][hb][hc])
(;N[842]C[死活题：黑先净杀]AB[bd][ca][ce][de][ee][fa][fb][fc][fd]AW[ab][cc][cd][dd][ea][eb][ec][ed])
(;N[843]C[对杀题：黑先胜]AB[ab][cb][cc][dd][ec][ed][fb]AW[ba][bd][be][cd][cf][da][db][dc][de])
(;N[844]C[死活题：黑先劫杀]AB[ad][bd][cc][cd][db][dc][dd][ee][fa][fe][ga][ge][ha][hb][hc][hd][he]AW[bb][bc][cb][da][ea][eb][ec][ed][fb][fd][gb][gc][gd])
(;N[845]C[死活题：黑先净杀]AB[ac][bb][bi][cb][ce][ci][dc][dd][de][df][dg][dh]AW[af][bc][be][bg][bh][cd][cf][cg])
(;N[846]C[死活题：黑先净杀]AB[ad][bc][bd][ca][cd][dd][df][fc][fd][gb][hc]AW[ab][ac][bb][cc][da][dc][ec][fb])
(;N[847]C[死活题：黑先净杀]AB[ba][bb][cc][cd][ce][de][ee][fe][gb][gd][hd][ib][ic][id]AW[cb][da][dc][dd][ed][fd][ga][gc][ha][hb][hc])
(;N[848]C[死活题：黑先净杀]AB[bd][cd][dd][ea][eb][ec][ed]AW[ba][bb][cc][da][db][dc])
(;N[849]C[死活题：黑先净活]AB[ab][ad][bd][cb][cc][cd][db][dd][ed][fd][gc][gd]AW[ae][ba][bb][be][ce][dc][de][eb][ec][ee][fa][fc][fe][gb][ge][hc][hd])
(;N[850]C[死活题：黑先净杀]AB[aa][ae][ba][bb][bd][be][ce][de][ed][ee][fc][gc][hb]AW[ab][ac][ad][bc][cc][cd][dd][ea][ec][fb])
(;N[851]C[死活题：黑先净杀]AB[ab][bb][bd][cc][cd][cf][de][ef][ff][gb][gd][ge][gf][hb][hc]AW[ba][bc][cb][dc][dd][ec][ee][fb][fc][fd][fe][gc])
(;N[852]C[死活题：黑先净杀]AB[bd][cb][cc][ce][df][ef][fb][fc][fd][ff][ge][hd][he][ic]AW[db][dc][ed][ee][fa][fe][gb][gc][gd])
(;N[853]C[死活题：黑先净杀]AB[ae][be][cd][dd][ed][fb][fc][fd]AW[ad][ba][bd][cc][dc][eb][ec])
(;N[854]C[死活题：黑先净杀]AB[ab][bb][be][ce][de][ed][fb][fc][fd]AW[aa][ba][ca][cb][cd][ea][eb][ec])
(;N[855]C[对杀题：黑先胜]AB[bd][be][cb][cc][ce][eb]AW[bb][bc][ca][cd][dd][ed][fc][gb][gd])
(;N[856]C[死活题：黑先净杀]AB[ae][bf][bg][ce][da][dc][dd][df][eb][fc]AW[af][bd][be][ca][cb][cc][cd][db])
(;N[857]C[对杀题：黑先胜]AB[ac][ba][bd][cb][cd][dd][ed][fa][fb][fc]AW[ab][bb][cc][db][ea][eb][ec][fd][gd][hb])
(;N[858]C[对杀题：黑先胜]AB[ac][bb][bd][ce][de][eb][ec][ed]AW[bc][db][dc][dd][ee][fc][fe][gb][gd])
(;N[859]C[对杀题：黑先胜]AB[cc][da][db][dc][ed][fd][gb][gc]AW[bc][bd][cb][cd][dd][eb][ec][fb])
(;N[860]C[死活题：黑先净活]AB[ad][bc][cb][cc][dc][ea][eb]AW[aa][bb][bd][bf][ca][cd][dd][ec][ed][fb][gc])
(;N[861]C[死活题：黑先净活]AB[ab][ba][cb][cc][cd]AW[bc][be][ca][ce][da][db][dc][dd][de])
(;N[862]C[手筋题：黑先最佳着手]AB[ba][bb][bc][bd][cd][eb][gc][gd]AW[be][cb][cc][ce][dd][ed][ef][fb][fd])
(;N[863]C[手筋题：黑先最佳着手]AB[ac][ad][bd][cc][cd][db][de][eb][fb]AW[ab][ae][bb][bc][bf][cb][dc][df][ec][ee])
(;N[864]C[对杀题：黑先胜]AB[ae][be][cb][ce][cf][cg][dc][dd][df][ea][eb][ec]AW[ab][ad][ba][bd][cd][da][de][ed][ee][fa][fb][fc][fd])
(;N[865]C[死活题：黑先净杀]AB[ac][ba][bf][ca][cg][da][dc][de][df][ea][ec][gb][gc][ge]AW[ad][be][cb][cc][cd][ce][db][eb][fa])
(;N[866]C[死活题：黑先净杀]AB[bb][cc][cd][ce][cg][db][dg][ec][fb][fe][fg][ge][he][id][jb][jc][jd]AW[dd][de][ea][eb][fd][gb][gc][gd][hb][hd][ib][ic])
(;N[867]C[死活题：黑先净活]AB[bc][bd][cb]AW[be][cc][cd][ce][dc][fc])
(;N[868]C[手筋题：黑先最佳着手]AB[ba][bb][bc][bd][cd][eb][gc][gd]AW[be][cb][cc][ce][dd][ec][ed][ef][fd])
(;N[869]C[死活题：黑先净杀]AB[bb][bc][cd][ce][de][eb][ee][fe][gd][hc][hd][ib][jc]AW[cb][cc][dd][ed][fb][fc][ga][gc][hb])
(;N[870]C[死活题：黑先净活]AB[ac][ad][bd][be][bg][cd][cg][db][dc][dd][df][dg][ec][ed][ef][fb][fd]AW[aa][ab][af][ag][bc][bf][bh][ca][cb][ce][cf][ch][da][dh][ea][eb][ei][fc][fg][fh][gc][gd][ge])
(;N[871]C[手筋题：黑先最佳着手]AB[be][ce][cf][dd][df][ec][ed][ef][fb][fc][fg][gc][ge][gg][ic]AW[bc][cc][cd][cg][ch][db][dc][de][eb][ee][eg][eh][fe][ff][gd][gf][id])
(;N[872]C[死活题：黑先劫活]AB[ab][bd][ca][cd][db][dc][dd]AW[bb][be][bg][cb][ce][da][de][eb][ec][ee][gb][gc])
(;N[873]C[死活题：黑先劫杀]AB[ad][ba][be][bf][ca][cd][dd][ec][ee][fa][fb][fc][gc]AW[ac][bb][bc][bd][cb][cc][da][dc][eb][ed])
(;N[874]C[死活题：黑先净杀]AB[ac][bd][ca][cd][db][dd][ea][eb][fe][ga][gb][gc][gd]AW[ba][bc][cc][dc][ec][fa][fb][fc])
(;N[875]C[手筋题：黑先最佳着手]AB[bb][bc][bd][ca][de][df][ea][fc][ff][ga][gc][hc][hf][id][ie]AW[cc][db][ec][ed][fb][fd][gd][hd][ic][jc])
(;N[876]C[死活题：黑先净活]AB[ab][ac][bc][cc][cd][dd][eb][ec][fa][fb]AW[ad][ba][bb][bd][be][cb][ce][da][de][ed][ee][fc][ga][gb][gc])
(;N[877]C[死活题：黑先净活]AB[ba][ca][cb][dc][ed][fb][fd][ga][gc][ha][hb][hc]AW[bb][bc][cc][db][dd][de][ee][fe][gd][hd][ia][ib][ic][id])
(;N[878]C[死活题：黑先净杀]AB[ab][bc][bd][bf][ce][dc][dd][de][fd][fe][ge][hb][hc][id][if][jc]AW[bb][cb][cc][cd][db][eb][ec][fc][gb][gc][gd][hd])
(;N[879]C[死活题：黑先净活]AB[bb][bc][bd][be][cb][cf][db][df][eb][ee][fb][fc][fd][fe]AW[ab][ac][ad][ae][ba][bf][bg][ca][cg][da][dc][de][dg][ea][ef][fa][ff][gb][gc][gd][ge])
(;N[880]C[死活题：黑先净杀]AB[ae][be][cd][ce][dc][ea][eb][ed]AW[ad][bb][bd][cb][cc][da][db])
(;N[881]C[手筋题：黑先最佳着手]AB[ae][bc][bd][cc][ce][de][di][ee][ef][eg][eh][ei]AW[be][bf][cd][ci][cj][db][dd][df][dg][dh][dj][ed][fd])
(;N[882]C[死活题：黑先劫杀]AB[bb][bc][ca][cd][db][dd][ed][fd][gc][hc][ic][jc][kb][kc]AW[cb][cc][dc][eb][ec][fc][gb][hb][ib][jb])
(;N[883]C[死活题：黑先净活]AB[cb][cc][ce][cf][cg][dg][ed][ee][ef][eg][fb][fc][fd]AW[bb][bc][bd][be][bf][bg][cd][ch][dh][eb][ec][eh][fe][ff][fg][gc][gd][ic])
(;N[884]C[死活题：黑先净活]AB[cb][cc][ec][fc][gc][hb][ib]AW[aa][bb][bc][be][cd][db][dd][ed][fd][gd][hd][ic][jb][kc])
(;N[885]C[死活题：黑先净活]AB[ab][bb][cc][dc][eb][fa]AW[bc][bd][cd][da][dd][ec][ed][fb][gb])
(;N[886]C[死活题：黑先净活]AB[cb][cc][dd][ed][fa][fb][fd][gc][gd]AW[bb][bc][cd][ce][de][eb][ee][fe][gb][ge][hb][hc][hd])
(;N[887]C[死活题：黑先净活]AB[cb][cc][cd][da][dd][ed][fb][fc][fd][gb]AW[bb][bc][bd][ca][ce][de][eb][ee][fe][gc][gd][ge][hb][ic])
(;N[888]C[死活题：黑先净杀]AB[ab][ag][bb][bh][bi][cd][cg][da][db][dc][dd][de][df][dh]AW[ae][af][ba][bc][bd][bf][bg][cb][cc][ce])
(;N[889]C[死活题：黑先净杀]AB[bd][be][cc][dd][de][eb][ec][fa][fb][fd]AW[ac][bb][bc][cd][da][db][dc][ea])
(;N[890]C[对杀题：黑先胜]AB[bb][bc][cd][dd][ec][fa][fb][fc]AW[ba][cb][cc][dc][ea][ed][fd][gb][gc][gd])
(;N[891]C[死活题：黑先净活]AB[ac][bb][cc][dc][ec]AW[bc][bd][cd][dd][df][fb][fc][fd])
(;N[892]C[死活题：黑先净杀]AB[ad][bc][bd][cd][dd][ec][fb][fc]AW[ab][ac][bb][cc][dc][ea][eb])
(;N[893]C[死活题：黑先净杀]AB[ac][ba][bd][be][ce][dd][de][fa][fb][fc][fd]AW[ab][bb][bc][ca][cc][cd][eb][ec])
(;N[894]C[死活题：黑先净活]AB[cc][cd][ce][dc][df][ec][ef][fc][ff][gd][ge][gf]AW[bc][bd][be][cb][cf][cg][db][dg][eb][ee][eg][fb][fg][gc][gg][hc][hd][he][hg][if])
(;N[895]C[死活题：黑先净杀]AB[ac][ad][bb][bf][bj][cb][cc][ch][ci][dg][dj][ec][ee]AW[ab][af][bc][bd][bg][bh][cd][ce][cf][cg])
(;N[896]C[死活题：黑先净活]AB[ba][bb][bc][bd][be][cd][dd][eb][ec][ed]AW[ad][ae][bf][ca][cb][ce][cg][de][ea][ee][fb][fc][fd][fe])
(;N[897]C[死活题：黑先净杀]AB[bb][bd][ca][cc][ce][de][ed][fa][fd][gd][hc][ic][jb][jc]AW[cb][db][dc][dd][eb][fc][gb][gc][hb][ia][ib])
(;N[898]C[对杀题：黑先胜]AB[aa][ac][ba][bc][cb][db][ec][ed][fd][gd][hb][hc]AW[cc][cf][da][dc][dd][de][ea][eb][fb][fc])
(;N[899]C[死活题：黑先净活]AB[ab][bb][ca][cc][cd][dd][ea][eb][ec][ed]AW[ac][bc][bd][be][cb][ce][db][de][ee][fa][fb][fc][fd][fe])
(;N[900]C[死活题：黑先劫杀]AB[ab][bc][cc][ce][db][dd][ee][fe][ge][ha][hb][hc][hd]AW[ba][bb][cb][dc][ec][ed][fd][ga][gb][gc][gd])
(;N[901]C[死活题：黑先净活]AB[ab][ac][bc][bd][cd][da][db][dc][dd]AW[ad][ae][bb][be][ca][cb][ce][de][eb][ed][ee][fb])
(;N[902]C[死活题：黑先净活]AB[ag][ba][bb][bc][be][bf][cd][dd]AW[af][bg][bi][cb][cc][ce][cf][cg][ec][ed][ee][gc])
(;N[903]C[死活题：黑先净杀]AB[ab][bc][cc][ce][dd][ee][fe][ga][gd][hb][hd][ib][ic][id]AW[ba][bb][cb][dc][ea][ed][fc][fd][gb][gc][hc])
(;N[904]C[死活题：黑先净活]AB[bb][cc][cd][ce][dc][de][ed][ee][fd]AW[ab][bc][bd][be][bg][cf][ec][ef][fc][fe][gd][ge][hc])
(;N[905]C[死活题：黑先净活]AB[bb][cb][cc][eb][ec][gb][gc]AW[bc][bd][cd][dc][de][ed][fd][gd][hb][hc])
(;N[906]C[死活题：黑先净杀]AB[bb][bc][bd][be][dd][de][ee][fc][fe][gc][gd][ib][ic][ie]AW[cb][cc][dc][eb][ed][fb][fd][gb][hb])
(;N[907]C[死活题：黑先净杀]AB[ae][ba][be][ca][ce][de][eb][ed][ee][fb]AW[ab][ac][ad][bd][cd][da][db][dd])
(;N[908]C[死活题：黑先净杀]AB[bc][bd][be][bf][cb][cg][db][dd][de][dg][eb][eg][fb][fg][gb][hc][hd][he][hf][hg]AW[cc][cd][ce][cf][dc][df][ef][fc][ff][gc][gd][ge][gf])
(;N[909]C[死活题：黑先净杀]AB[ba][bb][cc][cd][de][ee][fa][fe][gb][gd][hc][ib][ic]AW[ca][cb][db][dc][dd][ea][fc][fd][gc][ha][hb])
(;N[910]C[死活题：黑先净杀]AB[ad][ca][cd][da][dd][de][ee][fa][fe][ga][gb][gc][gd]AW[cc][db][dc][ea][eb][ed][fb][fc][fd])
(;N[911]C[死活题：黑先净活]AB[bb][bc][be][bf][cc][ce][dd][de]AW[ab][ba][bg][cb][cf][ch][dc][df][eb][ee][fc][fe])
(;N[912]C[对杀题：黑先胜]AB[ba][cb][db][dc][ed][ee][fc][gc][hb]AW[bb][bc][cc][dd][de][eb][ec][fb][gb])
(;N[913]C[死活题：黑先净杀]AB[bd][ca][cb][cd][dd][ec][fc][ga][gb][gc]AW[ac][ba][cc][db][dc][eb][fb])
(;N[914]C[死活题：黑先净杀]AB[ac][bd][be][ce][de][ed][fa][fb][fc][fd]AW[bb][bc][ca][cd][dd][ea][eb][ec])
(;N[915]C[对杀题：黑先胜]AB[cb][cc][dd][ed][fb][fd][ga][gc]AW[ba][bd][cd][db][dc][fa])
(;N[916]C[死活题：黑先净杀]AB[ab][ad][af][bb][bd][bf][cf][df][eb][ef][fb][fc][fd][fe]AW[ae][be][ca][cd][ce][dc][de][ec][ed][ee])
(;N[917]C[死活题：黑先净杀]AB[ae][bb][be][cd][db][dd][ed][fa][fb][fc][fd]AW[ac][bc][bd][cc][dc][ea][eb][ec])
(;N[918]C[死活题：黑先净活]AB[bb][bc][bd][cb][ce][db][de][df][eb][ef][fc][fd][fe]AW[ab][ac][ad][ba][be][bg][ca][cf][da][dd][dg][ea][eg][fb][ff][gb][gc][gd][ge])
(;N[919]C[死活题：黑先净杀]AB[ba][bb][bc][bd][be][cb][cf][df][ef][fb][ff][gd][ge][ib][ic][id][ja][kb]AW[ca][cc][cd][da][db][dd][ec][ee][fc][ha][hb][hc][ia])
(;N[920]C[对杀题：黑先劫]AB[ac][bb][bd][cc][cd][dc][ec][fb][gb][gc]AW[ae][ba][be][cb][ce][db][dd][eb][ed][fc][fd])
(;N[921]C[死活题：黑先净杀]AB[ac][bf][ce][cf][ch][db][dd][eb][ed][fc]AW[ae][bb][bd][be][cb][cd][dc])
(;N[922]C[死活题：黑先净杀]AB[bb][bc][cc][dd][ea][ed][fd][gd][hc][ia][ib][ic]AW[ca][cb][dc][eb][ec][fc][ga][gc][hb])
(;N[923]C[死活题：黑先劫杀]AB[bb][be][bg][ce][da][de][eb][ec][ed][ee][gb]AW[ab][bd][cb][cd][db][dc][dd])
(;N[924]C[死活题：黑先净活]AB[ac][ad][cb][cc][da][db]AW[ae][be][cd][dc][dd][ea][eb])
(;N[925]C[死活题：黑先净杀]AB[bb][bc][be][cb][cd][da][de][ee][fa][fe][gb][ge][if][jb][jc][jd]AW[cc][db][dc][dd][ea][eb][ed][fb][fd][hd][ib][ic])
(;N[926]C[死活题：黑先净活]AB[bc][bd][cc][db][dc][eb][ed]AW[ae][ba][be][cd][cf][dd][ec][ee][fb][fc][gc])
(;N[927]C[死活题：黑先净活]AB[ab][bd][cb][cd][db][dc][dd]AW[ba][bb][be][bg][ce][da][de][eb][ec][ed][ee][gb])
(;N[928]C[死活题：黑先净杀]AB[bc][ca][cc][cd][dd][ed][fb][fd][gb][gd][ha][hd][ib][ic]AW[ab][bb][cb][dc][ea][ec][fc][gc][hb][hc])
(;N[929]C[死活题：黑先净杀]AB[ab][bc][cd][da][dd][ed][fc][gc][hb][hd]AW[ba][bb][cb][dc][ea][ec][fb][gb])
(;N[930]C[死活题：黑先劫杀]AB[bb][be][bg][cd][ce][db][de][ea][ee][fb][fc][fd]AW[bc][bd][cb][cc][dc][dd][eb][ec][ed])
(;N[931]C[死活题：黑先净活]AB[ba][be][cb][cc][cd][ce]AW[bb][bc][bf][cg][db][dc][dd][de][df][fb])
(;N[932]C[对杀题：黑先胜]AB[bd][cd][dc][ea][ec][fb][fd]AW[bc][bf][cc][cf][db][dd][de][eb])
(;N[933]C[死活题：黑先净杀]AB[bc][bd][ce][db][de][ee][fd][ga][gb][gc][gd]AW[ab][ba][bb][cb][cc][cd][dd][ea][ed][fb][fc])
(;N[934]C[手筋题：黑先最佳着手]AB[df][ec][ee][fd][fe][gc][gf]AW[bc][be][dd][ed][fb][fc][gd][hd][ic])
(;N[935]C[基础题：黑先最佳着手]AB[ae][be][cb][ce][cg][da][dc][dd][ea][eb][ec]AW[ba][bb][bd][cc][cd][de][ed][ee][fa][fb][fc][gd])
(;N[936]C[死活题：黑先净杀]AB[bc][bd][bf][cd][db][de][df][ec][ef][ff][ga][gb][gc][gd][ge]AW[aa][ac][bb][ca][cc][dc][dd][ee][fa][fb][fc][fd][fe])
(;N[937]C[手筋题：黑先最佳着手]AB[cd][db][dd][gc][gd][ge]AW[be][cf][dc][ed][ef][fd][ff])
(;N[938]C[手筋题：黑先最佳着手]AB[aa][ab][ba][cc][cd][dd][ed][fa][fb][fc]AW[bc][bd][be][cb][ce][da][db][dc][eb][ec])
(;N[939]C[对杀题：黑先胜]AB[ab][bb][bc][bg][cc][cd][cf][ch][de][df]AW[ba][bd][be][bf][ca][cb][ce][dc][dd][fc])
(;N[940]C[死活题：黑先净杀]AB[ac][ad][be][cf][da][de][ea][ed][ee][fc][fd][ga][gb][gc]AW[bc][bd][ca][cd][dd][eb][ec][fa][fb])
(;N[941]C[死活题：黑先劫活]AB[bb][bd][cd][db][dc][dd]AW[ab][be][bf][cb][de][eb][ec][ed][ee])
(;N[942]C[死活题：黑先净杀]AB[ad][bf][cc][cf][da][dd][de][df][eb][ec]AW[ae][bb][be][cb][cd][ce][db][dc])
(;N[943]C[死活题：黑先净杀]AB[bc][bd][be][ce][da][de][eb][ed][fa][fb][fd][gd][ha][hb][hc][hd]AW[bb][cb][cc][cd][dc][dd][ec][fc][ga][gb][gc])
(;N[944]C[死活题：黑先净活]AB[ac][bc][bd][cc][dd][ea][eb][ec][ed]AW[ab][ad][ae][be][cd][ce][da][de][ee][fa][fb][fc][fd])
(;N[945]C[死活题：黑先净杀]AB[ba][bb][cc][cd][de][ee][fa][fe][gc][gd][ge][ha][hb]AW[ca][cb][dc][dd][eb][ed][fb][fd][ga][gb])
(;N[946]C[死活题：黑先净活]AB[ae][bc][bd][bg][bh][cd][cg][dc][dd][dg]AW[ac][bb][bi][cb][cc][ch][ci][db][df][ec][eg][ei][fc][fe][fg])
(;N[947]C[手筋题：黑先最佳着手]AB[ac][ba][bd][cd][dd][ed][fa][fb][fc]AW[ab][bb][db][ea][eb][ec][fd][gd][hb])
(;N[948]C[手筋题：黑先最佳着手]AB[bf][bg][cd][ce][ch][ci][dd][di][ec][fc][gc][hd][he]AW[cf][cg][db][dc][de][dg][dh][ed][ei][fd][fh][gd][gg][hc][ic][if][jd])
(;N[949]C[死活题：黑先净杀]AB[ab][ba][bd][bg][cd][cf][eb][ef][fb][fc][ff][gd][ge][gf][hc]AW[ac][bb][da][db][dc][dd][de][ec][ee][fd][fe])
(;N[950]C[对杀题：黑先胜]AB[bc][bd][cb][cd][db][dc][ed][fd][gb][gd][hc]AW[ba][be][ce][da][dd][de][ea][eb][ec][fc])
(;N[951]C[死活题：黑先净杀]AB[ab][bc][bd][cc][ce][de][ee][fc][fe][gd][hd][ia][ib][ic]AW[ba][bb][cb][cd][dc][dd][ed][fb][fd][gb][gc][ha][hb])
(;N[952]C[死活题：黑先净杀]AB[ae][bb][be][ce][dc][de][ed][fa][fb][fc][fd]AW[ac][bd][ca][cc][cd][db][ea][eb][ec])
(;N[953]C[死活题：黑先净活]AB[ab][bc][cc][cd][db][ea]AW[bd][be][ce][dc][dd][de][eb][fb])
(;N[954]C[对杀题：黑先胜]AB[ab][bc][be][cd][dd][ec][fa][fc][ga][gb][gc]AW[bb][ca][cb][cc][dc][ea][ed][fb][fd][gd][hb][hc][hd])
(;N[955]C[死活题：黑先净活]AB[ac][bc][cc][db][dc][eb][fb][ga][gb]AW[ad][bb][bd][cb][cd][da][dd][ea][ec][fc][gc][ha][hb][hc])
(;N[956]C[死活题：黑先净杀]AB[ad][ba][bd][ca][cd][dd][ea][eb][ec][ed]AW[ac][bb][bc][cc][da][db][dc])
(;N[957]C[死活题：黑先净活]AB[ac][bb][cc][dc][ec][fa][fb]AW[ab][bc][bd][cd][dd][ed][fc][gb][gc])
(;N[958]C[对杀题：黑先胜]AB[bb][bc][cc][cd][dd][ed][fb][fd][gb][gc]AW[ba][cb][db][dc][ec][fc][gd][hb][hc][hd])
(;N[959]C[死活题：黑先净活]AB[ae][bc][be][cb][ce][db][de]AW[af][bb][bf][cc][cf][dc][df][eb][ed][ee][gb])
(;N[960]C[死活题：黑先净杀]AB[ab][ac][bd][be][ce][dc][de][eb][ee][fd][gb][gc][gd]AW[ba][bb][bc][cd][dd][ec][ed][fa][fb][fc])
(;N[961]C[死活题：黑先净杀]AB[ae][be][ca][cb][cc][ce][da][db][de][ee][fa][fb][fc][fd]AW[aa][ac][bd][cd][dc][dd][ea][eb][ec])
(;N[962]C[死活题：黑先净活]AB[ba][bc][be][cb][cc][cd][ce][db][de][ec][ee][fc][fe][ge]AW[ab][ac][ad][ae][af][bb][bd][bf][cf][da][dc][df][eb][ef][fb][ff][gb][gf][hb][hc][hd][he])
(;N[963]C[死活题：黑先劫活]AB[ad][bd][ca][cb][cc]AW[ab][be][cd][ce][da][db][dc][ed])
(;N[964]C[对杀题：黑先胜]AB[be][ce][db][dd][df][eb][ef][eg][fc][fd]AW[cc][cf][cg][dc][dg][di][ec][fb][gb][hc][he])
(;N[965]C[死活题：黑先净杀]AB[bb][bc][cd][de][df][ef][fb][ff][ga][ha][hb][hc][hd][he][hf]AW[cb][cc][dc][ea][ee][fa][fc][fe][gb][gc][gd][ge])
(;N[966]C[死活题：黑先劫活]AB[ac][bb][bc][bd][cc][db][eb][ec][fb][fc]AW[ad][ae][ba][be][ca][cd][ce][dc][dd][ed][fa][fd][gb][gc])
(;N[967]C[死活题：黑先净活]AB[ab][bd][cc][db][dc]AW[ad][ae][be][cb][ce][dd][ea][eb][ec][ee])
(;N[968]C[死活题：黑先净活]AB[bb][bc][be][bf][ce][dd][de]AW[ba][bg][cb][cf][ch][dc][df][eb][ee][fc][fe])
(;N[969]C[死活题：黑先净杀]AB[ab][bc][bd][cc][ce][db][de][ee][fe][gd][hd][ia][ib][ic]AW[ba][bb][cb][cd][dc][dd][ec][ed][fb][fd][gb][gc][ha][hb])
(;N[970]C[死活题：黑先净活]AB[bc][cb][cd][ce][cf][dd][df][ed][ee]AW[bb][bg][cc][cg][db][dc][dg][eg][fc][fd][fe][ff])
(;N[971]C[死活题：黑先净杀]AB[bb][bd][bg][cb][cd][cf][ea][ee][fb][fd][gb][gc][gd]AW[ac][bc][cc][da][db][dd][eb][ec][fc])
(;N[972]C[死活题：黑先净活]AB[bc][bd][be][bg][bh][bi][cd][cf][cg]AW[af][bb][bj][cb][cc][ce][ch][ci][cj][de][df][dg][ec])
(;N[973]C[死活题：黑先净杀]AB[ad][bb][be][cb][ce][de][eb][ec][ed]AW[ab][bc][bd][cd][da][db][dc])
(;N[974]C[死活题：黑先净活]AB[cd][da][db][de][ec][ee][fa][fe][gb][gc][gd]AW[bc][bd][cb][ce][cf][dc][df][ef][fd][ff][ga][ge][ha][hb][hc][hd][he])
(;N[975]C[手筋题：黑先最佳着手]AB[ae][af][bb][bf][cf][dd][df][ea][ee][fa][fb][fc][fd]AW[ad][bc][be][cb][ce][da][de][eb][ec][ed])
(;N[976]C[死活题：黑先净活]AB[ab][bb][dc][dd][eb][ed][fb][fc][fd]AW[bd][ce][da][de][ea][ee][fa][fe][ga][gb][gc][gd])
(;N[977]C[死活题：黑先劫杀]AB[ab][bc][bd][cd][dd][ed][fc][ga][gb][gc]AW[ac][bb][cb][cc][da][dc][ea][ec][fa][fb])
(;N[978]C[手筋题：黑先最佳着手]AB[ce][cf][dd][dg][eb][ec][ed]AW[bd][be][cb][cd][db][dc][de][di][ee])
(;N[979]C[死活题：黑先净活]AB[bc][bf][bg][bh][cc][cd][ce][cf]AW[ae][bb][bi][cb][cg][ch][ci][dc][dd][df][eg][fd])
(;N[980]C[死活题：黑先净活]AB[ab][bd][be][cb][cc][cd][db]AW[ae][ba][bf][bg][ce][dc][dd][df][eb][fb])
(;N[981]C[死活题：黑先净活]AB[cb][cc][dc][ec][fa][fc][gb][hb]AW[bb][bc][cd][dd][eb][ed][fd][gc][hc][ib][ic])
(;N[982]C[死活题：黑先净活]AB[ab][ad][bc][cc][db][dc][ec]AW[aa][bb][bf][ca][cd][ce][eb][ed][ee][fb][fc][fd])
(;N[983]C[死活题：黑先净杀]AB[ae][bf][bg][cf][db][dc][de][ee][fc][fe]AW[ac][ad][af][bb][cb][cc][ce][dd])
(;N[984]C[死活题：黑先净活]AB[bc][bd][cb][db][eb][fb][gb]AW[ae][bb][be][cc][cd][ce][ec][fc][gc][hb][hc])
(;N[985]C[对杀题：黑先胜]AB[cd][ce][cf][db][dd][df][eb][ec][ef][fe]AW[bc][cc][dc][de][ed][ee][fb][fd][gc][gd])
(;N[986]C[死活题：黑先净活]AB[ad][bc][bd][cb][cd][dd][ea][eb]AW[ab][ac][ae][ba][be][ce][dc][de][ec][ed][ee][fa][fb])
(;N[987]C[死活题：黑先净杀]AB[ba][bg][bi][cb][cf][cg][db][dd][ec][ef]AW[ab][ae][bb][bc][bf][cc][cd][ce])
(;N[988]C[死活题：黑先净活]AB[ca][cb][cc][dc][ec][fc][gb][gc][hb]AW[bb][bc][cd][da][dd][ed][fa][fd][gd][hc][ib][ic])
(;N[989]C[对杀题：黑先胜]AB[bc][ca][cb][cc][cd][de][ed][ee][fa][gb][gd][hb]AW[ac][bb][bd][be][ce][cf][da][dc][dd][eb][ec][fb])
(;N[990]C[对杀题：黑先劫]AB[ac][bd][cd][dc][ec][fa][fb][fc]AW[bc][be][cc][db][dd][eb][ed][fd][gb][gc][gd])
(;N[991]C[死活题：黑先净杀]AB[ba][bb][bc][bd][be][cf][df][eb][ed][ef][ff][ga][gb][gc][gd][ge]AW[ca][cb][cd][ce][de][ea][ee][fb][fc][fd][fe])
(;N[992]C[死活题：黑先净杀]AB[bd][cb][ce][da][de][ee][fa][fe][ga][gb][gc][gd]AW[ab][bb][cc][dc][dd][eb][ed][fb][fc][fd])
(;N[993]C[死活题：黑先净杀]AB[bd][be][cb][ce][de][ee][fc][fd][fe][ga][gb]AW[bc][cc][cd][da][dd][ea][ec][ed][fa][fb])
(;N[994]C[死活题：黑先净活]AB[ba][bb][bd][bf][cc][ce]AW[bg][cb][cd][cg][db][dc][dd][de][df])
(;N[995]C[死活题：黑先净杀]AB[bc][bd][be][cc][cf][df][eb][fa][fd][ff][gb][gd][gg][hc][ic]AW[cd][ce][db][dc][de][ec][ed][ee][fc][gc][hb])
(;N[996]C[死活题：黑先净杀]AB[ac][ba][bd][be][cf][da][dd][df][ef][fa][fb][fc][fd][fe]AW[bb][bc][cd][ce][de][ea][eb][ec][ed][ee])
(;N[997]C[手筋题：黑先最佳着手]AB[ba][bb][bc][bd][cb][ce][de][fb][gc][gd][hb]AW[be][bf][ca][cc][cd][cf][da][db][df][ec][fc][ff])
(;N[998]C[死活题：黑先净杀]AB[bc][be][cc][cd][de][ee][fc][fd][gb][hc]AW[ab][bb][cb][dd][eb][ec][ed][fb])
(;N[999]C[对杀题：黑先胜]AB[bd][be][ce][da][db][dc][de][ec][ed]AW[aa][bf][ca][cb][cc][cd][cf][dd][df][ee][ef][fd])
(;N[1000]C[死活题：黑先劫活]AB[cb][dc][ea][ec][fb][gc][hc][ib]AW[bb][bc][cc][ce][ee][fc][fd][gb][ge][ha][ia][ie][jb][jc][jd])
(;N[1001]C[死活题：黑先净活]AB[ad][bc][be][cb][cc][cd][da][db][dd][ed]AW[ab][ac][ae][af][bb][bf][cf][dc][eb][ec][ef][fc][fd][fe])
(;N[1002]C[死活题：黑先净杀]AB[ab][bc][ca][cc][cd][ce][df][ef][fa][fb][ff][gb][gc][gd][ge]AW[bb][cb][da][dd][de][ea][eb][ec][ee][fc][fd][fe])
(;N[1003]C[手筋题：黑先最佳着手]AB[bd][be][cf][cg][db][dc][dd][de][gb]AW[cb][cc][cd][ce][da][df][eb][ef])
(;N[1004]C[死活题：黑先净活]AB[da][db][dd][ec][ed][fb][fc][fd][gd][hb][hc][ib][jb]AW[ca][cb][cc][cd][cf][dc][df][fa][ff][gb][ge][ha][hd][he][ic][jc][kb][kd])
(;N[1005]C[死活题：黑先净杀]AB[bb][cc][dc][de][ea][eb][ed][fa][fd][gd][ha][hd][id][jd][ka][kb][kc][kd]AW[cb][db][ec][fb][fc][hb][hc][ia][ic][ja][jb][jc])
(;N[1006]C[手筋题：黑先最佳着手]AB[bc][bg][cc][cg][dc][dh][ec][ef][eg][eh][fd][fe]AW[bb][bf][cb][cf][ch][ci][db][dd][df][dg][eb][ed][ee][fc][gc][hc])
(;N[1007]C[死活题：黑先劫杀]AB[ab][bd][cd][db][dd][ec][ed][ef][fe][ge][hb][hd]AW[ac][bc][cc][dc][eb][fb][fc][fd])
(;N[1008]C[对杀题：黑先胜]AB[ae][be][cb][ce][cg][db][dc][dd]AW[ad][bb][bd][cc][cd][de][eb][ec][ee][fd])
(;N[1009]C[手筋题：黑先最佳着手]AB[cc][db][dd][ed][ee][ff][fg][hg]AW[bb][bc][cd][ce][de][ef][eg][eh][fe][fh][ic])
(;N[1010]C[死活题：黑先净活]AB[cb][cc][da][dc][ec][ed][fb][fc][gc][gd][hb][jd][kb][kc][kd][kf]AW[ba][bb][bc][ca][cd][dd][df][ea][eb][fd][fe][ff][hc][hf][ib][id][ie][jb][jc])
(;N[1011]C[对杀题：黑先胜]AB[bc][bd][cd][da][dd][ec][fb][fc][gb][hc][ic]AW[af][bb][bf][cb][cc][ce][cf][dc][df][eb][ed][ef][fd][gc][gd][gf])
(;N[1012]C[对杀题：黑先胜]AB[bd][cd][ce][dc][de][ea][eb][ec]AW[bb][bc][cc][da][db][dd][ed][fd][gb][gc])
(;N[1013]C[死活题：黑先净杀]AB[bb][bc][cc][dc][ed][fd][gc][hc][ib][id][jb]AW[ba][cb][db][eb][ec][fc][gb][hb][ia])
(;N[1014]C[死活题：黑先净杀]AB[af][bf][cb][ce][db][dc][de][ef]AW[ad][ba][bb][be][cc][cd])
(;N[1015]C[死活题：黑先净活]AB[ac][bb][ca][db][dc][ec][fa][fb][fc]AW[ad][bd][cb][cc][cd][dd][eb][ed][fd][gd][hb][hc])
(;N[1016]C[死活题：黑先净活]AB[ba][bb][bc][cc][da][dc][ed][fa][fb][fc][fd][gc]AW[ab][ac][bd][cd][db][dd][ea][eb][ee][fe][ga][gd][ge][hb][hc])
(;N[1017]C[死活题：黑先劫活]AB[ab][bb][cc][db][dc][dd][eb][ed][ee][fc][fd]AW[ba][bc][bd][cd][cf][da][de][ea][ef][fb][fe][gb][gc][gd][ge])
(;N[1018]C[死活题：黑先净杀]AB[ba][bb][bc][bd][ce][de][ed][ee][gd][ha][hb][hc][hd]AW[ca][cb][cc][cd][dd][ec][fa][ga][gb][gc])
(;N[1019]C[死活题：黑先净活]AB[bb][bc][cc][da][db][eb][fb]AW[ad][ba][bd][cb][cd][dc][ec][fc][gb][hc])
(;N[1020]C[死活题：黑先净活]AB[bb][cc][cf][db][dd][de][df][ec]AW[ab][ad][bc][be][bf][cd][ce][cg][dg][ef][eg][fc][fd][hc])
(;N[1021]C[死活题：黑先净活]AB[ca][cb][dc][eb][ec][fc][gc][hb][hc][ic]AW[ba][bb][cc][cd][de][ea][fb][fe][gb][hd][ib][id][jb][jc][jd])
(;N[1022]C[死活题：黑先净杀]AB[bf][cc][cf][dc][dd][de][eb][fc]AW[bb][bc][cb][cd][ce][da][db])
(;N[1023]C[死活题：黑先净杀]AB[bb][bc][cd][db][dd][de][ee][fe][ga][gd][ha][hb][hc][hd]AW[ba][cb][dc][ec][ed][fa][fb][fd][gb][gc])
)